PLINK v1.90b6.4 64-bit (7 Aug 2018)
Options in effect:
  --allow-extra-chr
  --bfile /mnt/data/shahar/gwas_barley/morexV3_analysis/barley_for_publication_project/01_USED_GWAS_V2_pipeline/intermediates/morexV3_290
  --clump /mnt/data/shahar/gwas_barley/morexV3_analysis/barley_for_publication_project/01_USED_GWAS_V2_pipeline/results/00_FINAL_BLUP_3PC/01_assoc/fiber.assoc
  --clump-field P
  --clump-kb 2000
  --clump-p1 9.008e-07
  --clump-p2 1
  --clump-r2 0.5
  --clump-snp-field SNP
  --out /mnt/data/shahar/gwas_barley/morexV3_analysis/barley_for_publication_project/01_USED_GWAS_V2_pipeline/results/00_FINAL_BLUP_3PC/02_loci_FINAL/plink/fiber
  --silent

Hostname: fidel
Working directory: /mnt/data/shahar/gwas_barley/morexV3_analysis/barley_for_publication_project/01_USED_GWAS_V2_pipeline
Start time: Wed Sep  9 10:02:53 2026

Random number seed: 1788937373
1031921 MB RAM detected; reserving 515960 MB for main workspace.
7110996 variants loaded from .bim file.
290 people (0 males, 0 females, 290 ambiguous) loaded from .fam.
Ambiguous sex IDs written to
/mnt/data/shahar/gwas_barley/morexV3_analysis/barley_for_publication_project/01_USED_GWAS_V2_pipeline/results/00_FINAL_BLUP_3PC/02_loci_FINAL/plink/fiber.nosex
.
Using 1 thread (no multithreaded calculations invoked).
Before main variant filters, 290 founders and 0 nonfounders present.
Calculating allele frequencies... done.
Total genotyping rate is 0.817853.
7110996 variants and 290 people pass filters and QC.
Note: No phenotypes present.
--clump: 14 clumps formed from 24 top variants.
Results written to
/mnt/data/shahar/gwas_barley/morexV3_analysis/barley_for_publication_project/01_USED_GWAS_V2_pipeline/results/00_FINAL_BLUP_3PC/02_loci_FINAL/plink/fiber.clumped
.

End time: Wed Sep  9 10:03:01 2026
