
Reading TFAM file /mnt/data/shahar/gwas_barley/morexV3_analysis/barley_for_publication_project/01_USED_GWAS_V2_pipeline/intermediates/morexV3_gwas_genotypes.tfam ....


Reading kinship file /mnt/data/shahar/gwas_barley/morexV3_analysis/barley_for_publication_project/01_USED_GWAS_V2_pipeline/intermediates/morexV3_kinship.aIBS.kinf...

  290 rows and 290 columns were observed with 0 missing values.


Reading the phenotype file /mnt/data/shahar/gwas_barley/data/inputs/protein_corrected_V3.pheno...

  290 rows and 1 columns were observed with 0 missing values


Reading covariate file /mnt/data/shahar/gwas_barley/morexV3_analysis/barley_for_publication_project/01_USED_GWAS_V2_pipeline/intermediates/covariates/pca_pc10.cov...

  290 rows and 10 columns were observed with 0 missing values. Make sure that the intercept is included in the covariates

File reading - elapsed CPU time is 0.055689

eRvals[0] = 0.024519, eRvals[n-q-1] = 194.909085, eRvals[n-q] = 0.000000
eigen_R - elapsed CPU time is 0.077439
etas[0] = 0.165764, lambdas[0] = 0.024519
etas[1] = 0.431695, lambdas[1] = 0.028021
etas[2] = -0.767308, lambdas[2] = 0.029533
etas[3] = 0.795781, lambdas[3] = 0.029827
etas[4] = 1.051839, lambdas[4] = 0.030636
etas[5] = -1.160392, lambdas[5] = 0.031377
etas[6] = -0.244867, lambdas[6] = 0.032141
etas[7] = 1.049276, lambdas[7] = 0.032712
etas[8] = -0.330812, lambdas[8] = 0.032962
etas[9] = -0.014144, lambdas[9] = 0.033327
etas[10] = -0.591606, lambdas[10] = 0.033942
etas[11] = 0.265419, lambdas[11] = 0.034817
etas[12] = 0.566511, lambdas[12] = 0.035246
etas[13] = 0.016262, lambdas[13] = 0.035304
etas[14] = 0.502124, lambdas[14] = 0.036060
etas[15] = -0.188028, lambdas[15] = 0.037103
etas[16] = -0.672762, lambdas[16] = 0.037628
etas[17] = -0.141772, lambdas[17] = 0.038247
etas[18] = 0.083996, lambdas[18] = 0.038719
etas[19] = -0.688155, lambdas[19] = 0.039225
etas[20] = -0.470494, lambdas[20] = 0.039841
etas[21] = 0.028848, lambdas[21] = 0.040457
etas[22] = -0.448911, lambdas[22] = 0.040786
etas[23] = 0.076727, lambdas[23] = 0.041320
etas[24] = -0.401328, lambdas[24] = 0.041679
etas[25] = 0.251266, lambdas[25] = 0.042102
etas[26] = -0.456109, lambdas[26] = 0.042328
etas[27] = -0.193638, lambdas[27] = 0.042759
etas[28] = 0.431543, lambdas[28] = 0.043078
etas[29] = -0.097417, lambdas[29] = 0.043335
etas[30] = 0.392075, lambdas[30] = 0.044158
etas[31] = -0.082008, lambdas[31] = 0.044373
etas[32] = 0.504918, lambdas[32] = 0.044575
etas[33] = 0.034284, lambdas[33] = 0.044706
etas[34] = -0.459843, lambdas[34] = 0.044858
etas[35] = -0.120554, lambdas[35] = 0.045097
etas[36] = -0.873609, lambdas[36] = 0.045385
etas[37] = -0.582480, lambdas[37] = 0.045735
etas[38] = -0.359838, lambdas[38] = 0.045993
etas[39] = -0.069734, lambdas[39] = 0.046223
etas[40] = -0.022743, lambdas[40] = 0.046454
etas[41] = 0.132927, lambdas[41] = 0.046603
etas[42] = -0.542909, lambdas[42] = 0.046649
etas[43] = -0.157663, lambdas[43] = 0.047071
etas[44] = 0.128710, lambdas[44] = 0.047333
etas[45] = -0.657629, lambdas[45] = 0.047435
etas[46] = 0.047085, lambdas[46] = 0.047592
etas[47] = 0.161947, lambdas[47] = 0.048017
etas[48] = -0.236442, lambdas[48] = 0.048383
etas[49] = -0.144859, lambdas[49] = 0.049047
etas[50] = 0.200941, lambdas[50] = 0.049356
etas[51] = -0.107257, lambdas[51] = 0.049738
etas[52] = 0.047866, lambdas[52] = 0.049993
etas[53] = -0.205579, lambdas[53] = 0.050237
etas[54] = -0.720628, lambdas[54] = 0.050631
etas[55] = -0.151100, lambdas[55] = 0.050757
etas[56] = -0.477139, lambdas[56] = 0.051013
etas[57] = -0.414931, lambdas[57] = 0.051376
etas[58] = 0.021892, lambdas[58] = 0.051746
etas[59] = -0.080803, lambdas[59] = 0.052182
etas[60] = -0.381745, lambdas[60] = 0.052501
etas[61] = 0.501119, lambdas[61] = 0.052701
etas[62] = 0.406905, lambdas[62] = 0.054094
etas[63] = 0.702997, lambdas[63] = 0.054315
etas[64] = -0.011111, lambdas[64] = 0.054387
etas[65] = -0.191683, lambdas[65] = 0.054630
etas[66] = -0.105687, lambdas[66] = 0.055585
etas[67] = -0.425640, lambdas[67] = 0.058276
etas[68] = -0.136051, lambdas[68] = 0.059038
etas[69] = -0.089617, lambdas[69] = 0.060113
etas[70] = 0.626780, lambdas[70] = 0.060460
etas[71] = 0.006825, lambdas[71] = 0.071498
etas[72] = 0.415404, lambdas[72] = 0.080324
etas[73] = -0.482572, lambdas[73] = 0.092944
etas[74] = -0.134575, lambdas[74] = 0.095669
etas[75] = -0.232156, lambdas[75] = 0.096768
etas[76] = 0.254065, lambdas[76] = 0.097253
etas[77] = -0.636040, lambdas[77] = 0.098391
etas[78] = -0.432070, lambdas[78] = 0.099747
etas[79] = 1.624513, lambdas[79] = 0.117784
etas[80] = -0.623666, lambdas[80] = 0.126916
etas[81] = 0.480776, lambdas[81] = 0.130095
etas[82] = 0.484432, lambdas[82] = 0.132739
etas[83] = 0.087102, lambdas[83] = 0.138695
etas[84] = 0.438737, lambdas[84] = 0.142443
etas[85] = -0.853358, lambdas[85] = 0.146305
etas[86] = -1.240589, lambdas[86] = 0.149648
etas[87] = -0.287429, lambdas[87] = 0.149891
etas[88] = -0.324948, lambdas[88] = 0.154451
etas[89] = -1.076972, lambdas[89] = 0.155774
etas[90] = 0.512063, lambdas[90] = 0.156307
etas[91] = -0.266330, lambdas[91] = 0.159043
etas[92] = 0.066914, lambdas[92] = 0.160886
etas[93] = -0.734798, lambdas[93] = 0.163812
etas[94] = -0.641936, lambdas[94] = 0.166706
etas[95] = -0.054499, lambdas[95] = 0.167282
etas[96] = -1.167956, lambdas[96] = 0.167768
etas[97] = -0.703873, lambdas[97] = 0.170985
etas[98] = -0.884662, lambdas[98] = 0.171919
etas[99] = -0.546557, lambdas[99] = 0.173224
etas[100] = 1.139218, lambdas[100] = 0.173668
etas[101] = 0.252709, lambdas[101] = 0.174572
etas[102] = -0.375550, lambdas[102] = 0.178113
etas[103] = -0.757198, lambdas[103] = 0.178471
etas[104] = 0.931176, lambdas[104] = 0.179061
etas[105] = -0.977358, lambdas[105] = 0.179302
etas[106] = 0.638659, lambdas[106] = 0.180717
etas[107] = 0.364002, lambdas[107] = 0.181305
etas[108] = -0.962124, lambdas[108] = 0.182553
etas[109] = -0.073374, lambdas[109] = 0.184273
etas[110] = -1.264324, lambdas[110] = 0.185033
etas[111] = 0.068857, lambdas[111] = 0.186048
etas[112] = 0.388223, lambdas[112] = 0.186802
etas[113] = 1.206778, lambdas[113] = 0.187108
etas[114] = -0.612235, lambdas[114] = 0.188490
etas[115] = 1.636020, lambdas[115] = 0.189173
etas[116] = 0.987308, lambdas[116] = 0.189720
etas[117] = -0.942932, lambdas[117] = 0.191029
etas[118] = -2.067415, lambdas[118] = 0.191365
etas[119] = -0.455708, lambdas[119] = 0.191923
etas[120] = 0.909735, lambdas[120] = 0.193090
etas[121] = 1.613428, lambdas[121] = 0.193473
etas[122] = -0.222441, lambdas[122] = 0.194080
etas[123] = -0.965315, lambdas[123] = 0.194624
etas[124] = 0.584298, lambdas[124] = 0.195807
etas[125] = 1.057863, lambdas[125] = 0.196271
etas[126] = -0.488395, lambdas[126] = 0.197245
etas[127] = 0.649691, lambdas[127] = 0.197968
etas[128] = -0.717776, lambdas[128] = 0.198267
etas[129] = 0.060877, lambdas[129] = 0.198681
etas[130] = -0.260740, lambdas[130] = 0.199263
etas[131] = 0.891192, lambdas[131] = 0.199834
etas[132] = 0.429585, lambdas[132] = 0.200602
etas[133] = -1.195770, lambdas[133] = 0.201868
etas[134] = 0.404430, lambdas[134] = 0.202539
etas[135] = 1.044346, lambdas[135] = 0.202902
etas[136] = 1.174780, lambdas[136] = 0.203752
etas[137] = -1.144876, lambdas[137] = 0.204198
etas[138] = 0.684807, lambdas[138] = 0.204551
etas[139] = 0.248106, lambdas[139] = 0.205502
etas[140] = -0.649617, lambdas[140] = 0.206952
etas[141] = 0.007781, lambdas[141] = 0.207903
etas[142] = -0.288974, lambdas[142] = 0.208184
etas[143] = -0.955410, lambdas[143] = 0.208832
etas[144] = 0.000891, lambdas[144] = 0.209753
etas[145] = -0.461363, lambdas[145] = 0.210469
etas[146] = -0.958237, lambdas[146] = 0.211833
etas[147] = -1.178325, lambdas[147] = 0.212035
etas[148] = 0.454340, lambdas[148] = 0.213289
etas[149] = 0.194791, lambdas[149] = 0.213460
etas[150] = 0.620704, lambdas[150] = 0.214253
etas[151] = -0.679929, lambdas[151] = 0.214934
etas[152] = -0.605318, lambdas[152] = 0.215375
etas[153] = 0.349489, lambdas[153] = 0.215766
etas[154] = -0.670604, lambdas[154] = 0.216410
etas[155] = 0.720447, lambdas[155] = 0.217104
etas[156] = -0.141435, lambdas[156] = 0.217766
etas[157] = 0.898381, lambdas[157] = 0.218054
etas[158] = -1.597677, lambdas[158] = 0.219306
etas[159] = 0.782562, lambdas[159] = 0.219611
etas[160] = 0.327482, lambdas[160] = 0.220281
etas[161] = 0.022021, lambdas[161] = 0.221488
etas[162] = -0.114860, lambdas[162] = 0.222155
etas[163] = 1.422967, lambdas[163] = 0.222652
etas[164] = 2.253592, lambdas[164] = 0.223442
etas[165] = 0.655783, lambdas[165] = 0.225456
etas[166] = 0.436735, lambdas[166] = 0.225724
etas[167] = -0.250623, lambdas[167] = 0.226289
etas[168] = 1.108977, lambdas[168] = 0.226712
etas[169] = 0.835621, lambdas[169] = 0.227886
etas[170] = -0.310504, lambdas[170] = 0.228075
etas[171] = 0.368330, lambdas[171] = 0.229053
etas[172] = -1.394640, lambdas[172] = 0.229913
etas[173] = -0.898517, lambdas[173] = 0.230107
etas[174] = 0.337798, lambdas[174] = 0.230495
etas[175] = -1.046913, lambdas[175] = 0.231517
etas[176] = 1.882637, lambdas[176] = 0.232351
etas[177] = -0.881091, lambdas[177] = 0.232998
etas[178] = 0.724777, lambdas[178] = 0.233417
etas[179] = -0.946787, lambdas[179] = 0.234627
etas[180] = 0.073488, lambdas[180] = 0.235148
etas[181] = 0.501325, lambdas[181] = 0.236234
etas[182] = 1.323348, lambdas[182] = 0.237292
etas[183] = -0.891350, lambdas[183] = 0.237973
etas[184] = 0.038553, lambdas[184] = 0.239416
etas[185] = -0.651102, lambdas[185] = 0.240319
etas[186] = -0.505429, lambdas[186] = 0.240925
etas[187] = 0.153453, lambdas[187] = 0.241616
etas[188] = 0.299149, lambdas[188] = 0.241766
etas[189] = -0.868114, lambdas[189] = 0.242349
etas[190] = -0.239550, lambdas[190] = 0.244027
etas[191] = 0.000625, lambdas[191] = 0.244326
etas[192] = -0.045566, lambdas[192] = 0.245547
etas[193] = -0.365643, lambdas[193] = 0.245861
etas[194] = 1.184764, lambdas[194] = 0.246391
etas[195] = -0.344312, lambdas[195] = 0.247453
etas[196] = -0.777077, lambdas[196] = 0.248013
etas[197] = -1.515690, lambdas[197] = 0.248585
etas[198] = -1.453548, lambdas[198] = 0.249436
etas[199] = 0.669198, lambdas[199] = 0.250845
etas[200] = -0.567875, lambdas[200] = 0.251154
etas[201] = -0.036525, lambdas[201] = 0.253638
etas[202] = 0.712433, lambdas[202] = 0.253980
etas[203] = -0.037412, lambdas[203] = 0.254600
etas[204] = 2.034765, lambdas[204] = 0.255465
etas[205] = -0.349989, lambdas[205] = 0.255911
etas[206] = -0.286063, lambdas[206] = 0.257725
etas[207] = -0.269764, lambdas[207] = 0.258390
etas[208] = 0.282758, lambdas[208] = 0.258614
etas[209] = 0.968030, lambdas[209] = 0.258710
etas[210] = -0.402062, lambdas[210] = 0.260029
etas[211] = 0.213427, lambdas[211] = 0.260808
etas[212] = 0.876921, lambdas[212] = 0.262458
etas[213] = 1.397299, lambdas[213] = 0.263151
etas[214] = 0.551086, lambdas[214] = 0.263406
etas[215] = -0.354069, lambdas[215] = 0.264239
etas[216] = 0.226628, lambdas[216] = 0.265401
etas[217] = 0.506847, lambdas[217] = 0.266091
etas[218] = -1.695870, lambdas[218] = 0.267200
etas[219] = 2.004647, lambdas[219] = 0.268578
etas[220] = -0.126848, lambdas[220] = 0.270006
etas[221] = -1.331100, lambdas[221] = 0.272044
etas[222] = -1.020583, lambdas[222] = 0.272973
etas[223] = 0.068888, lambdas[223] = 0.274447
etas[224] = -0.444561, lambdas[224] = 0.277722
etas[225] = -0.180779, lambdas[225] = 0.279952
etas[226] = -1.157317, lambdas[226] = 0.281371
etas[227] = 1.368171, lambdas[227] = 0.283289
etas[228] = 0.549612, lambdas[228] = 0.284412
etas[229] = -0.206382, lambdas[229] = 0.286535
etas[230] = 1.866497, lambdas[230] = 0.286761
etas[231] = -0.343410, lambdas[231] = 0.287999
etas[232] = -0.309201, lambdas[232] = 0.290778
etas[233] = 0.372839, lambdas[233] = 0.291887
etas[234] = 0.853276, lambdas[234] = 0.293141
etas[235] = -2.360912, lambdas[235] = 0.296516
etas[236] = 1.925363, lambdas[236] = 0.300225
etas[237] = -0.676839, lambdas[237] = 0.301530
etas[238] = 1.509722, lambdas[238] = 0.304238
etas[239] = 1.222924, lambdas[239] = 0.308421
etas[240] = -1.055979, lambdas[240] = 0.318933
etas[241] = -0.712584, lambdas[241] = 0.323924
etas[242] = 0.029160, lambdas[242] = 0.329604
etas[243] = -1.842713, lambdas[243] = 0.332815
etas[244] = 0.586110, lambdas[244] = 0.337279
etas[245] = -0.514758, lambdas[245] = 0.339120
etas[246] = -2.653281, lambdas[246] = 0.345015
etas[247] = -0.039593, lambdas[247] = 0.352428
etas[248] = -0.804660, lambdas[248] = 0.360421
etas[249] = 1.608050, lambdas[249] = 0.365025
etas[250] = 0.008575, lambdas[250] = 0.394214
etas[251] = -1.927297, lambdas[251] = 0.405616
etas[252] = -0.181030, lambdas[252] = 0.410074
etas[253] = -1.446715, lambdas[253] = 0.418288
etas[254] = 1.294931, lambdas[254] = 0.428104
etas[255] = 1.580022, lambdas[255] = 0.435774
etas[256] = 2.005763, lambdas[256] = 0.444743
etas[257] = 1.032308, lambdas[257] = 0.449694
etas[258] = -0.159409, lambdas[258] = 0.471813
etas[259] = 1.488272, lambdas[259] = 0.483780
etas[260] = 1.894980, lambdas[260] = 0.492827
etas[261] = -1.461761, lambdas[261] = 0.500257
etas[262] = 1.179372, lambdas[262] = 0.520035
etas[263] = 1.223630, lambdas[263] = 0.562158
etas[264] = 0.372804, lambdas[264] = 0.577779
etas[265] = 0.251812, lambdas[265] = 0.588392
etas[266] = -0.964193, lambdas[266] = 0.606811
etas[267] = 1.070991, lambdas[267] = 0.618862
etas[268] = 0.997575, lambdas[268] = 0.639957
etas[269] = 0.788975, lambdas[269] = 0.653182
etas[270] = 1.120740, lambdas[270] = 0.656259
etas[271] = -0.350627, lambdas[271] = 0.724247
etas[272] = -0.371374, lambdas[272] = 0.743648
etas[273] = 0.887875, lambdas[273] = 0.756804
etas[274] = 0.827981, lambdas[274] = 0.850002
etas[275] = -0.443829, lambdas[275] = 0.855691
etas[276] = -0.553826, lambdas[276] = 0.908241
etas[277] = -0.545215, lambdas[277] = 1.019072
etas[278] = 0.091646, lambdas[278] = 1.025267
etas[279] = -1.395543, lambdas[279] = 194.909085
0	407.308816	406.971650	-329.404762
1	406.971650	406.560257	-329.400669
2	406.560257	406.058411	-329.395675
3	406.058411	405.446394	-329.389582
4	405.446394	404.700271	-329.382151
5	404.700271	403.791034	-329.373089
6	403.791034	402.683581	-329.362044
7	402.683581	401.335527	-329.348587
8	401.335527	399.695831	-329.332200
9	399.695831	397.703215	-329.312260
10	397.703215	395.284408	-329.288016
11	395.284408	392.352223	-329.258567
12	392.352223	388.803541	-329.222842
13	388.803541	384.517318	-329.179565
14	384.517318	379.352814	-329.127238
15	379.352814	373.148339	-329.064107
16	373.148339	365.720963	-328.988146
17	365.720963	356.867805	-328.897050
18	356.867805	346.369723	-328.788238
19	346.369723	333.998411	-328.658897
20	333.998411	319.528063	-328.506063
21	319.528063	302.752748	-328.326766
22	302.752748	283.510351	-328.118259
23	283.510351	261.713160	-327.878357
24	261.713160	237.383852	-327.605899
25	237.383852	210.693518	-327.301348
26	210.693518	181.995897	-326.967515
27	181.995897	151.849431	-326.610360
28	151.849431	121.017408	-326.239787
29	121.017408	90.437390	-325.870270
30	90.437390	61.155480	-325.521151
31	61.155480	34.228734	-325.216385
32	34.228734	10.608596	-324.983571
33	10.608596	-8.973654	-324.852205
34	-8.973654	-24.095367	-324.851229
35	-24.095367	-34.685050	-325.006152
36	-34.685050	-41.009914	-325.336154
37	-41.009914	-43.613278	-325.851656
38	-43.613278	-43.218467	-326.552786
39	-43.218467	-40.621747	-327.429021
40	-40.621747	-36.595613	-328.460029
41	-36.595613	-31.817007	-329.617535
42	-31.817007	-26.826252	-330.867874
43	-26.826252	-22.014645	-332.174804
44	-22.014645	-17.633788	-333.502219
45	-17.633788	-13.818100	-334.816462
46	-13.818100	-10.612727	-336.088076
47	-10.612727	-8.001141	-337.292926
48	-8.001141	-5.929044	-338.412728
49	-5.929044	-4.323091	-339.435064
50	-4.323091	-3.104308	-340.352976
51	-3.104308	-2.196807	-341.164292
52	-2.196807	-1.532758	-341.870771
53	-1.532758	-1.054607	-342.477200
54	-1.054607	-0.715450	-342.990499
55	-0.715450	-0.478291	-343.418936
56	-0.478291	-0.314735	-343.771453
57	-0.314735	-0.203486	-344.057142
58	-0.203486	-0.128893	-344.284862
59	-0.128893	-0.079648	-344.462981
60	-0.079648	-0.047705	-344.599225
61	-0.047705	-0.027419	-344.700607
62	-0.027419	-0.014877	-344.773419
63	-0.014877	-0.007398	-344.823261
64	-0.007398	-0.003165	-344.855092
65	-0.003165	-0.000960	-344.873293
66	-0.000960	0.000020	-344.881723
67	0.000020	0.000301	-344.883773
68	0.000301	0.000218	-344.882401
69	0.000218	-0.000020	-344.880148
70	-0.000020	-0.000289	-344.879141
71	-0.000289	-0.000523	-344.881075
72	-0.000523	-0.000689	-344.887197
73	-0.000689	-0.000780	-344.898280
74	-0.000780	-0.000803	-344.914621
75	-0.000803	-0.000771	-344.936058
76	-0.000771	-0.000702	-344.962029
77	-0.000702	-0.000612	-344.991650
78	-0.000612	-0.000513	-345.023833
79	-0.000513	-0.000416	-345.057407
80	-0.000416	-0.000329	-345.091231
81	-0.000329	-0.000253	-345.124295
82	-0.000253	-0.000191	-345.155778
83	-0.000191	-0.000141	-345.185077
84	-0.000141	-0.000103	-345.211809
85	-0.000103	-0.000074	-345.235783
86	-0.000074	-0.000053	-345.256971
87	-0.000053	-0.000037	-345.275463
88	-0.000037	-0.000026	-345.291430
89	-0.000026	-0.000018	-345.305094
90	-0.000018	-0.000012	-345.316700
91	-0.000012	-0.000008	-345.326494
92	-0.000008	-0.000006	-345.334716
93	-0.000006	-0.000004	-345.341589
94	-0.000004	-0.000003	-345.347312
95	-0.000003	-0.000002	-345.352064
96	-0.000002	-0.000001	-345.356000
97	-0.000001	-0.000001	-345.359252
98	-0.000001	-0.000001	-345.361936
99	-0.000001	-0.000000	-345.364148
REMLE (delta=0.036991, REML=-324.833694, REML0=-345.374296)- elapsed CPU time is 0.012197
eigen_L - elapsed CPU time is 0.046707


Reading TPED file /mnt/data/shahar/gwas_barley/morexV3_analysis/barley_for_publication_project/01_USED_GWAS_V2_pipeline/intermediates/morexV3_gwas_genotypes...

Reading 0-th SNP and testing association....

Reading 10000-th SNP and testing association....

Reading 20000-th SNP and testing association....

Reading 30000-th SNP and testing association....

Reading 40000-th SNP and testing association....

Reading 50000-th SNP and testing association....

Reading 60000-th SNP and testing association....

Reading 70000-th SNP and testing association....

Reading 80000-th SNP and testing association....

Reading 90000-th SNP and testing association....

Reading 100000-th SNP and testing association....

Reading 110000-th SNP and testing association....

Reading 120000-th SNP and testing association....

Reading 130000-th SNP and testing association....

Reading 140000-th SNP and testing association....

Reading 150000-th SNP and testing association....

Reading 160000-th SNP and testing association....

Reading 170000-th SNP and testing association....

Reading 180000-th SNP and testing association....

Reading 190000-th SNP and testing association....

Reading 200000-th SNP and testing association....

Reading 210000-th SNP and testing association....

Reading 220000-th SNP and testing association....

Reading 230000-th SNP and testing association....

Reading 240000-th SNP and testing association....

Reading 250000-th SNP and testing association....

Reading 260000-th SNP and testing association....

Reading 270000-th SNP and testing association....

Reading 280000-th SNP and testing association....

Reading 290000-th SNP and testing association....

Reading 300000-th SNP and testing association....

Reading 310000-th SNP and testing association....

Reading 320000-th SNP and testing association....

Reading 330000-th SNP and testing association....

Reading 340000-th SNP and testing association....

Reading 350000-th SNP and testing association....

Reading 360000-th SNP and testing association....

Reading 370000-th SNP and testing association....

Reading 380000-th SNP and testing association....

Reading 390000-th SNP and testing association....

Reading 400000-th SNP and testing association....

Reading 410000-th SNP and testing association....

Reading 420000-th SNP and testing association....

Reading 430000-th SNP and testing association....

Reading 440000-th SNP and testing association....

Reading 450000-th SNP and testing association....

Reading 460000-th SNP and testing association....

Reading 470000-th SNP and testing association....

Reading 480000-th SNP and testing association....

Reading 490000-th SNP and testing association....

Reading 500000-th SNP and testing association....

Reading 510000-th SNP and testing association....

Reading 520000-th SNP and testing association....

Reading 530000-th SNP and testing association....

Reading 540000-th SNP and testing association....

Reading 550000-th SNP and testing association....

Reading 560000-th SNP and testing association....

Reading 570000-th SNP and testing association....

Reading 580000-th SNP and testing association....

Reading 590000-th SNP and testing association....

Reading 600000-th SNP and testing association....

Reading 610000-th SNP and testing association....

Reading 620000-th SNP and testing association....

Reading 630000-th SNP and testing association....

Reading 640000-th SNP and testing association....

Reading 650000-th SNP and testing association....

Reading 660000-th SNP and testing association....

Reading 670000-th SNP and testing association....

Reading 680000-th SNP and testing association....

Reading 690000-th SNP and testing association....

Reading 700000-th SNP and testing association....

Reading 710000-th SNP and testing association....

Reading 720000-th SNP and testing association....

Reading 730000-th SNP and testing association....

Reading 740000-th SNP and testing association....

Reading 750000-th SNP and testing association....

Reading 760000-th SNP and testing association....

Reading 770000-th SNP and testing association....

Reading 780000-th SNP and testing association....

Reading 790000-th SNP and testing association....

Reading 800000-th SNP and testing association....

Reading 810000-th SNP and testing association....

Reading 820000-th SNP and testing association....

Reading 830000-th SNP and testing association....

Reading 840000-th SNP and testing association....

Reading 850000-th SNP and testing association....

Reading 860000-th SNP and testing association....

Reading 870000-th SNP and testing association....

Reading 880000-th SNP and testing association....

Reading 890000-th SNP and testing association....

Reading 900000-th SNP and testing association....

Reading 910000-th SNP and testing association....

Reading 920000-th SNP and testing association....

Reading 930000-th SNP and testing association....

Reading 940000-th SNP and testing association....

Reading 950000-th SNP and testing association....

Reading 960000-th SNP and testing association....

Reading 970000-th SNP and testing association....

Reading 980000-th SNP and testing association....

Reading 990000-th SNP and testing association....

Reading 1000000-th SNP and testing association....

Reading 1010000-th SNP and testing association....

Reading 1020000-th SNP and testing association....

Reading 1030000-th SNP and testing association....

Reading 1040000-th SNP and testing association....

Reading 1050000-th SNP and testing association....

Reading 1060000-th SNP and testing association....

Reading 1070000-th SNP and testing association....

Reading 1080000-th SNP and testing association....

Reading 1090000-th SNP and testing association....

Reading 1100000-th SNP and testing association....

Reading 1110000-th SNP and testing association....

Reading 1120000-th SNP and testing association....

Reading 1130000-th SNP and testing association....

Reading 1140000-th SNP and testing association....

Reading 1150000-th SNP and testing association....

Reading 1160000-th SNP and testing association....

Reading 1170000-th SNP and testing association....

Reading 1180000-th SNP and testing association....

Reading 1190000-th SNP and testing association....

Reading 1200000-th SNP and testing association....

Reading 1210000-th SNP and testing association....

Reading 1220000-th SNP and testing association....

Reading 1230000-th SNP and testing association....

Reading 1240000-th SNP and testing association....

Reading 1250000-th SNP and testing association....

Reading 1260000-th SNP and testing association....

Reading 1270000-th SNP and testing association....

Reading 1280000-th SNP and testing association....

Reading 1290000-th SNP and testing association....

Reading 1300000-th SNP and testing association....

Reading 1310000-th SNP and testing association....

Reading 1320000-th SNP and testing association....

Reading 1330000-th SNP and testing association....

Reading 1340000-th SNP and testing association....

Reading 1350000-th SNP and testing association....

Reading 1360000-th SNP and testing association....

Reading 1370000-th SNP and testing association....

Reading 1380000-th SNP and testing association....

Reading 1390000-th SNP and testing association....

Reading 1400000-th SNP and testing association....

Reading 1410000-th SNP and testing association....

Reading 1420000-th SNP and testing association....

Reading 1430000-th SNP and testing association....

Reading 1440000-th SNP and testing association....

Reading 1450000-th SNP and testing association....

Reading 1460000-th SNP and testing association....

Reading 1470000-th SNP and testing association....

Reading 1480000-th SNP and testing association....

Reading 1490000-th SNP and testing association....

Reading 1500000-th SNP and testing association....

Reading 1510000-th SNP and testing association....

Reading 1520000-th SNP and testing association....

Reading 1530000-th SNP and testing association....

Reading 1540000-th SNP and testing association....

Reading 1550000-th SNP and testing association....

Reading 1560000-th SNP and testing association....

Reading 1570000-th SNP and testing association....

Reading 1580000-th SNP and testing association....

Reading 1590000-th SNP and testing association....

Reading 1600000-th SNP and testing association....

Reading 1610000-th SNP and testing association....

Reading 1620000-th SNP and testing association....

Reading 1630000-th SNP and testing association....

Reading 1640000-th SNP and testing association....

Reading 1650000-th SNP and testing association....

Reading 1660000-th SNP and testing association....

Reading 1670000-th SNP and testing association....

Reading 1680000-th SNP and testing association....

Reading 1690000-th SNP and testing association....

Reading 1700000-th SNP and testing association....

Reading 1710000-th SNP and testing association....

Reading 1720000-th SNP and testing association....

Reading 1730000-th SNP and testing association....

Reading 1740000-th SNP and testing association....

Reading 1750000-th SNP and testing association....

Reading 1760000-th SNP and testing association....

Reading 1770000-th SNP and testing association....

Reading 1780000-th SNP and testing association....

Reading 1790000-th SNP and testing association....

Reading 1800000-th SNP and testing association....

Reading 1810000-th SNP and testing association....

Reading 1820000-th SNP and testing association....

Reading 1830000-th SNP and testing association....

Reading 1840000-th SNP and testing association....

Reading 1850000-th SNP and testing association....

Reading 1860000-th SNP and testing association....

Reading 1870000-th SNP and testing association....

Reading 1880000-th SNP and testing association....

Reading 1890000-th SNP and testing association....

Reading 1900000-th SNP and testing association....

Reading 1910000-th SNP and testing association....

Reading 1920000-th SNP and testing association....

Reading 1930000-th SNP and testing association....

Reading 1940000-th SNP and testing association....

Reading 1950000-th SNP and testing association....

Reading 1960000-th SNP and testing association....

Reading 1970000-th SNP and testing association....

Reading 1980000-th SNP and testing association....

Reading 1990000-th SNP and testing association....

Reading 2000000-th SNP and testing association....

Reading 2010000-th SNP and testing association....

Reading 2020000-th SNP and testing association....

Reading 2030000-th SNP and testing association....

Reading 2040000-th SNP and testing association....

Reading 2050000-th SNP and testing association....

Reading 2060000-th SNP and testing association....

Reading 2070000-th SNP and testing association....

Reading 2080000-th SNP and testing association....

Reading 2090000-th SNP and testing association....

Reading 2100000-th SNP and testing association....

Reading 2110000-th SNP and testing association....

Reading 2120000-th SNP and testing association....

Reading 2130000-th SNP and testing association....

Reading 2140000-th SNP and testing association....

Reading 2150000-th SNP and testing association....

Reading 2160000-th SNP and testing association....

Reading 2170000-th SNP and testing association....

Reading 2180000-th SNP and testing association....

Reading 2190000-th SNP and testing association....

Reading 2200000-th SNP and testing association....

Reading 2210000-th SNP and testing association....

Reading 2220000-th SNP and testing association....

Reading 2230000-th SNP and testing association....

Reading 2240000-th SNP and testing association....

Reading 2250000-th SNP and testing association....

Reading 2260000-th SNP and testing association....

Reading 2270000-th SNP and testing association....

Reading 2280000-th SNP and testing association....

Reading 2290000-th SNP and testing association....

Reading 2300000-th SNP and testing association....

Reading 2310000-th SNP and testing association....

Reading 2320000-th SNP and testing association....

Reading 2330000-th SNP and testing association....

Reading 2340000-th SNP and testing association....

Reading 2350000-th SNP and testing association....

Reading 2360000-th SNP and testing association....

Reading 2370000-th SNP and testing association....

Reading 2380000-th SNP and testing association....

Reading 2390000-th SNP and testing association....

Reading 2400000-th SNP and testing association....

Reading 2410000-th SNP and testing association....

Reading 2420000-th SNP and testing association....

Reading 2430000-th SNP and testing association....

Reading 2440000-th SNP and testing association....

Reading 2450000-th SNP and testing association....

Reading 2460000-th SNP and testing association....

Reading 2470000-th SNP and testing association....

Reading 2480000-th SNP and testing association....

Reading 2490000-th SNP and testing association....

Reading 2500000-th SNP and testing association....

Reading 2510000-th SNP and testing association....

Reading 2520000-th SNP and testing association....

Reading 2530000-th SNP and testing association....

Reading 2540000-th SNP and testing association....

Reading 2550000-th SNP and testing association....

Reading 2560000-th SNP and testing association....

Reading 2570000-th SNP and testing association....

Reading 2580000-th SNP and testing association....

Reading 2590000-th SNP and testing association....

Reading 2600000-th SNP and testing association....

Reading 2610000-th SNP and testing association....

Reading 2620000-th SNP and testing association....

Reading 2630000-th SNP and testing association....

Reading 2640000-th SNP and testing association....

Reading 2650000-th SNP and testing association....

Reading 2660000-th SNP and testing association....

Reading 2670000-th SNP and testing association....

Reading 2680000-th SNP and testing association....

Reading 2690000-th SNP and testing association....

Reading 2700000-th SNP and testing association....

Reading 2710000-th SNP and testing association....

Reading 2720000-th SNP and testing association....

Reading 2730000-th SNP and testing association....

Reading 2740000-th SNP and testing association....

Reading 2750000-th SNP and testing association....

Reading 2760000-th SNP and testing association....

Reading 2770000-th SNP and testing association....

Reading 2780000-th SNP and testing association....

Reading 2790000-th SNP and testing association....

Reading 2800000-th SNP and testing association....

Reading 2810000-th SNP and testing association....

Reading 2820000-th SNP and testing association....

Reading 2830000-th SNP and testing association....

Reading 2840000-th SNP and testing association....

Reading 2850000-th SNP and testing association....

Reading 2860000-th SNP and testing association....

Reading 2870000-th SNP and testing association....

Reading 2880000-th SNP and testing association....

Reading 2890000-th SNP and testing association....

Reading 2900000-th SNP and testing association....

Reading 2910000-th SNP and testing association....

Reading 2920000-th SNP and testing association....

Reading 2930000-th SNP and testing association....

Reading 2940000-th SNP and testing association....

Reading 2950000-th SNP and testing association....

Reading 2960000-th SNP and testing association....

Reading 2970000-th SNP and testing association....

Reading 2980000-th SNP and testing association....

Reading 2990000-th SNP and testing association....

Reading 3000000-th SNP and testing association....

Reading 3010000-th SNP and testing association....

Reading 3020000-th SNP and testing association....

Reading 3030000-th SNP and testing association....

Reading 3040000-th SNP and testing association....

Reading 3050000-th SNP and testing association....

Reading 3060000-th SNP and testing association....

Reading 3070000-th SNP and testing association....

Reading 3080000-th SNP and testing association....

Reading 3090000-th SNP and testing association....

Reading 3100000-th SNP and testing association....

Reading 3110000-th SNP and testing association....

Reading 3120000-th SNP and testing association....

Reading 3130000-th SNP and testing association....

Reading 3140000-th SNP and testing association....

Reading 3150000-th SNP and testing association....

Reading 3160000-th SNP and testing association....

Reading 3170000-th SNP and testing association....

Reading 3180000-th SNP and testing association....

Reading 3190000-th SNP and testing association....

Reading 3200000-th SNP and testing association....

Reading 3210000-th SNP and testing association....

Reading 3220000-th SNP and testing association....

Reading 3230000-th SNP and testing association....

Reading 3240000-th SNP and testing association....

Reading 3250000-th SNP and testing association....

Reading 3260000-th SNP and testing association....

Reading 3270000-th SNP and testing association....

Reading 3280000-th SNP and testing association....

Reading 3290000-th SNP and testing association....

Reading 3300000-th SNP and testing association....

Reading 3310000-th SNP and testing association....

Reading 3320000-th SNP and testing association....

Reading 3330000-th SNP and testing association....

Reading 3340000-th SNP and testing association....

Reading 3350000-th SNP and testing association....

Reading 3360000-th SNP and testing association....

Reading 3370000-th SNP and testing association....

Reading 3380000-th SNP and testing association....

Reading 3390000-th SNP and testing association....

Reading 3400000-th SNP and testing association....

Reading 3410000-th SNP and testing association....

Reading 3420000-th SNP and testing association....

Reading 3430000-th SNP and testing association....

Reading 3440000-th SNP and testing association....

Reading 3450000-th SNP and testing association....

Reading 3460000-th SNP and testing association....

Reading 3470000-th SNP and testing association....

Reading 3480000-th SNP and testing association....

Reading 3490000-th SNP and testing association....

Reading 3500000-th SNP and testing association....

Reading 3510000-th SNP and testing association....

Reading 3520000-th SNP and testing association....

Reading 3530000-th SNP and testing association....

Reading 3540000-th SNP and testing association....

Reading 3550000-th SNP and testing association....

Reading 3560000-th SNP and testing association....

Reading 3570000-th SNP and testing association....

Reading 3580000-th SNP and testing association....

Reading 3590000-th SNP and testing association....

Reading 3600000-th SNP and testing association....

Reading 3610000-th SNP and testing association....

Reading 3620000-th SNP and testing association....

Reading 3630000-th SNP and testing association....

Reading 3640000-th SNP and testing association....

Reading 3650000-th SNP and testing association....

Reading 3660000-th SNP and testing association....

Reading 3670000-th SNP and testing association....

Reading 3680000-th SNP and testing association....

Reading 3690000-th SNP and testing association....

Reading 3700000-th SNP and testing association....

Reading 3710000-th SNP and testing association....

Reading 3720000-th SNP and testing association....

Reading 3730000-th SNP and testing association....

Reading 3740000-th SNP and testing association....

Reading 3750000-th SNP and testing association....

Reading 3760000-th SNP and testing association....

Reading 3770000-th SNP and testing association....

Reading 3780000-th SNP and testing association....

Reading 3790000-th SNP and testing association....

Reading 3800000-th SNP and testing association....

Reading 3810000-th SNP and testing association....

Reading 3820000-th SNP and testing association....

Reading 3830000-th SNP and testing association....

Reading 3840000-th SNP and testing association....

Reading 3850000-th SNP and testing association....

Reading 3860000-th SNP and testing association....

Reading 3870000-th SNP and testing association....

Reading 3880000-th SNP and testing association....

Reading 3890000-th SNP and testing association....

Reading 3900000-th SNP and testing association....

Reading 3910000-th SNP and testing association....

Reading 3920000-th SNP and testing association....

Reading 3930000-th SNP and testing association....

Reading 3940000-th SNP and testing association....

Reading 3950000-th SNP and testing association....

Reading 3960000-th SNP and testing association....

Reading 3970000-th SNP and testing association....

Reading 3980000-th SNP and testing association....

Reading 3990000-th SNP and testing association....

Reading 4000000-th SNP and testing association....

Reading 4010000-th SNP and testing association....

Reading 4020000-th SNP and testing association....

Reading 4030000-th SNP and testing association....

Reading 4040000-th SNP and testing association....

Reading 4050000-th SNP and testing association....

Reading 4060000-th SNP and testing association....

Reading 4070000-th SNP and testing association....

Reading 4080000-th SNP and testing association....

Reading 4090000-th SNP and testing association....

Reading 4100000-th SNP and testing association....

Reading 4110000-th SNP and testing association....

Reading 4120000-th SNP and testing association....

Reading 4130000-th SNP and testing association....

Reading 4140000-th SNP and testing association....

Reading 4150000-th SNP and testing association....

Reading 4160000-th SNP and testing association....

Reading 4170000-th SNP and testing association....

Reading 4180000-th SNP and testing association....

Reading 4190000-th SNP and testing association....

Reading 4200000-th SNP and testing association....

Reading 4210000-th SNP and testing association....

Reading 4220000-th SNP and testing association....

Reading 4230000-th SNP and testing association....

Reading 4240000-th SNP and testing association....

Reading 4250000-th SNP and testing association....

Reading 4260000-th SNP and testing association....

Reading 4270000-th SNP and testing association....

Reading 4280000-th SNP and testing association....

Reading 4290000-th SNP and testing association....

Reading 4300000-th SNP and testing association....

Reading 4310000-th SNP and testing association....

Reading 4320000-th SNP and testing association....

Reading 4330000-th SNP and testing association....

Reading 4340000-th SNP and testing association....

Reading 4350000-th SNP and testing association....

Reading 4360000-th SNP and testing association....

Reading 4370000-th SNP and testing association....

Reading 4380000-th SNP and testing association....

Reading 4390000-th SNP and testing association....

Reading 4400000-th SNP and testing association....

Reading 4410000-th SNP and testing association....

Reading 4420000-th SNP and testing association....

Reading 4430000-th SNP and testing association....

Reading 4440000-th SNP and testing association....

Reading 4450000-th SNP and testing association....

Reading 4460000-th SNP and testing association....

Reading 4470000-th SNP and testing association....

Reading 4480000-th SNP and testing association....

Reading 4490000-th SNP and testing association....

Reading 4500000-th SNP and testing association....

Reading 4510000-th SNP and testing association....

Reading 4520000-th SNP and testing association....

Reading 4530000-th SNP and testing association....

Reading 4540000-th SNP and testing association....

Reading 4550000-th SNP and testing association....

Reading 4560000-th SNP and testing association....

Reading 4570000-th SNP and testing association....

Reading 4580000-th SNP and testing association....

Reading 4590000-th SNP and testing association....

Reading 4600000-th SNP and testing association....

Reading 4610000-th SNP and testing association....

Reading 4620000-th SNP and testing association....

Reading 4630000-th SNP and testing association....

Reading 4640000-th SNP and testing association....

Reading 4650000-th SNP and testing association....

Reading 4660000-th SNP and testing association....

Reading 4670000-th SNP and testing association....

Reading 4680000-th SNP and testing association....

Reading 4690000-th SNP and testing association....

Reading 4700000-th SNP and testing association....

Reading 4710000-th SNP and testing association....

Reading 4720000-th SNP and testing association....

Reading 4730000-th SNP and testing association....

Reading 4740000-th SNP and testing association....

Reading 4750000-th SNP and testing association....

Reading 4760000-th SNP and testing association....

Reading 4770000-th SNP and testing association....

Reading 4780000-th SNP and testing association....

Reading 4790000-th SNP and testing association....

Reading 4800000-th SNP and testing association....

Reading 4810000-th SNP and testing association....

Reading 4820000-th SNP and testing association....

Reading 4830000-th SNP and testing association....

Reading 4840000-th SNP and testing association....

Reading 4850000-th SNP and testing association....

Reading 4860000-th SNP and testing association....

Reading 4870000-th SNP and testing association....

Reading 4880000-th SNP and testing association....

Reading 4890000-th SNP and testing association....

Reading 4900000-th SNP and testing association....

Reading 4910000-th SNP and testing association....

Reading 4920000-th SNP and testing association....

Reading 4930000-th SNP and testing association....

Reading 4940000-th SNP and testing association....

Reading 4950000-th SNP and testing association....

Reading 4960000-th SNP and testing association....

Reading 4970000-th SNP and testing association....

Reading 4980000-th SNP and testing association....

Reading 4990000-th SNP and testing association....

Reading 5000000-th SNP and testing association....

Reading 5010000-th SNP and testing association....

Reading 5020000-th SNP and testing association....

Reading 5030000-th SNP and testing association....

Reading 5040000-th SNP and testing association....

Reading 5050000-th SNP and testing association....

Reading 5060000-th SNP and testing association....

Reading 5070000-th SNP and testing association....

Reading 5080000-th SNP and testing association....

Reading 5090000-th SNP and testing association....

Reading 5100000-th SNP and testing association....

Reading 5110000-th SNP and testing association....

Reading 5120000-th SNP and testing association....

Reading 5130000-th SNP and testing association....

Reading 5140000-th SNP and testing association....

Reading 5150000-th SNP and testing association....

Reading 5160000-th SNP and testing association....

Reading 5170000-th SNP and testing association....

Reading 5180000-th SNP and testing association....

Reading 5190000-th SNP and testing association....

Reading 5200000-th SNP and testing association....

Reading 5210000-th SNP and testing association....

Reading 5220000-th SNP and testing association....

Reading 5230000-th SNP and testing association....

Reading 5240000-th SNP and testing association....

Reading 5250000-th SNP and testing association....

Reading 5260000-th SNP and testing association....

Reading 5270000-th SNP and testing association....

Reading 5280000-th SNP and testing association....

Reading 5290000-th SNP and testing association....

Reading 5300000-th SNP and testing association....

Reading 5310000-th SNP and testing association....

Reading 5320000-th SNP and testing association....

Reading 5330000-th SNP and testing association....

Reading 5340000-th SNP and testing association....

Reading 5350000-th SNP and testing association....

Reading 5360000-th SNP and testing association....

Reading 5370000-th SNP and testing association....

Reading 5380000-th SNP and testing association....

Reading 5390000-th SNP and testing association....

Reading 5400000-th SNP and testing association....

Reading 5410000-th SNP and testing association....

Reading 5420000-th SNP and testing association....

Reading 5430000-th SNP and testing association....

Reading 5440000-th SNP and testing association....

Reading 5450000-th SNP and testing association....

Reading 5460000-th SNP and testing association....

Reading 5470000-th SNP and testing association....

Reading 5480000-th SNP and testing association....

Reading 5490000-th SNP and testing association....

Reading 5500000-th SNP and testing association....

Reading 5510000-th SNP and testing association....

Reading 5520000-th SNP and testing association....

Reading 5530000-th SNP and testing association....

Reading 5540000-th SNP and testing association....

Reading 5550000-th SNP and testing association....

Reading 5560000-th SNP and testing association....

Reading 5570000-th SNP and testing association....

Reading 5580000-th SNP and testing association....

Reading 5590000-th SNP and testing association....

Reading 5600000-th SNP and testing association....

Reading 5610000-th SNP and testing association....

Reading 5620000-th SNP and testing association....

Reading 5630000-th SNP and testing association....

Reading 5640000-th SNP and testing association....

Reading 5650000-th SNP and testing association....

Reading 5660000-th SNP and testing association....

Reading 5670000-th SNP and testing association....

Reading 5680000-th SNP and testing association....

Reading 5690000-th SNP and testing association....

Reading 5700000-th SNP and testing association....

Reading 5710000-th SNP and testing association....

Reading 5720000-th SNP and testing association....

Reading 5730000-th SNP and testing association....

Reading 5740000-th SNP and testing association....

Reading 5750000-th SNP and testing association....

Reading 5760000-th SNP and testing association....

Reading 5770000-th SNP and testing association....

Reading 5780000-th SNP and testing association....

Reading 5790000-th SNP and testing association....

Reading 5800000-th SNP and testing association....

Reading 5810000-th SNP and testing association....

Reading 5820000-th SNP and testing association....

Reading 5830000-th SNP and testing association....

Reading 5840000-th SNP and testing association....

Reading 5850000-th SNP and testing association....

Reading 5860000-th SNP and testing association....

Reading 5870000-th SNP and testing association....

Reading 5880000-th SNP and testing association....

Reading 5890000-th SNP and testing association....

Reading 5900000-th SNP and testing association....

Reading 5910000-th SNP and testing association....

Reading 5920000-th SNP and testing association....

Reading 5930000-th SNP and testing association....

Reading 5940000-th SNP and testing association....

Reading 5950000-th SNP and testing association....

Reading 5960000-th SNP and testing association....

Reading 5970000-th SNP and testing association....

Reading 5980000-th SNP and testing association....

Reading 5990000-th SNP and testing association....

Reading 6000000-th SNP and testing association....

Reading 6010000-th SNP and testing association....

Reading 6020000-th SNP and testing association....

Reading 6030000-th SNP and testing association....

Reading 6040000-th SNP and testing association....

Reading 6050000-th SNP and testing association....

Reading 6060000-th SNP and testing association....

Reading 6070000-th SNP and testing association....

Reading 6080000-th SNP and testing association....

Reading 6090000-th SNP and testing association....

Reading 6100000-th SNP and testing association....

Reading 6110000-th SNP and testing association....

Reading 6120000-th SNP and testing association....

Reading 6130000-th SNP and testing association....

Reading 6140000-th SNP and testing association....

Reading 6150000-th SNP and testing association....

Reading 6160000-th SNP and testing association....

Reading 6170000-th SNP and testing association....

Reading 6180000-th SNP and testing association....

Reading 6190000-th SNP and testing association....

Reading 6200000-th SNP and testing association....

Reading 6210000-th SNP and testing association....

Reading 6220000-th SNP and testing association....

Reading 6230000-th SNP and testing association....

Reading 6240000-th SNP and testing association....

Reading 6250000-th SNP and testing association....

Reading 6260000-th SNP and testing association....

Reading 6270000-th SNP and testing association....

Reading 6280000-th SNP and testing association....

Reading 6290000-th SNP and testing association....

Reading 6300000-th SNP and testing association....

Reading 6310000-th SNP and testing association....

Reading 6320000-th SNP and testing association....

Reading 6330000-th SNP and testing association....

Reading 6340000-th SNP and testing association....

Reading 6350000-th SNP and testing association....

Reading 6360000-th SNP and testing association....

Reading 6370000-th SNP and testing association....

Reading 6380000-th SNP and testing association....

Reading 6390000-th SNP and testing association....

Reading 6400000-th SNP and testing association....

Reading 6410000-th SNP and testing association....

Reading 6420000-th SNP and testing association....

Reading 6430000-th SNP and testing association....

Reading 6440000-th SNP and testing association....

Reading 6450000-th SNP and testing association....

Reading 6460000-th SNP and testing association....

Reading 6470000-th SNP and testing association....

Reading 6480000-th SNP and testing association....

Reading 6490000-th SNP and testing association....

Reading 6500000-th SNP and testing association....

Reading 6510000-th SNP and testing association....

Reading 6520000-th SNP and testing association....

Reading 6530000-th SNP and testing association....

Reading 6540000-th SNP and testing association....

Reading 6550000-th SNP and testing association....

Reading 6560000-th SNP and testing association....

Reading 6570000-th SNP and testing association....

Reading 6580000-th SNP and testing association....

Reading 6590000-th SNP and testing association....

Reading 6600000-th SNP and testing association....

Reading 6610000-th SNP and testing association....

Reading 6620000-th SNP and testing association....

Reading 6630000-th SNP and testing association....

Reading 6640000-th SNP and testing association....

Reading 6650000-th SNP and testing association....

Reading 6660000-th SNP and testing association....

Reading 6670000-th SNP and testing association....

Reading 6680000-th SNP and testing association....

Reading 6690000-th SNP and testing association....

Reading 6700000-th SNP and testing association....

Reading 6710000-th SNP and testing association....

Reading 6720000-th SNP and testing association....

Reading 6730000-th SNP and testing association....

Reading 6740000-th SNP and testing association....

Reading 6750000-th SNP and testing association....

Reading 6760000-th SNP and testing association....

Reading 6770000-th SNP and testing association....

Reading 6780000-th SNP and testing association....

Reading 6790000-th SNP and testing association....

Reading 6800000-th SNP and testing association....

Reading 6810000-th SNP and testing association....

Reading 6820000-th SNP and testing association....

Reading 6830000-th SNP and testing association....

Reading 6840000-th SNP and testing association....

Reading 6850000-th SNP and testing association....

Reading 6860000-th SNP and testing association....

Reading 6870000-th SNP and testing association....

Reading 6880000-th SNP and testing association....

Reading 6890000-th SNP and testing association....

Reading 6900000-th SNP and testing association....

Reading 6910000-th SNP and testing association....

Reading 6920000-th SNP and testing association....

Reading 6930000-th SNP and testing association....

Reading 6940000-th SNP and testing association....

Reading 6950000-th SNP and testing association....

Reading 6960000-th SNP and testing association....

Reading 6970000-th SNP and testing association....

Reading 6980000-th SNP and testing association....

Reading 6990000-th SNP and testing association....

Reading 7000000-th SNP and testing association....

Reading 7010000-th SNP and testing association....

Reading 7020000-th SNP and testing association....

Reading 7030000-th SNP and testing association....

Reading 7040000-th SNP and testing association....

Reading 7050000-th SNP and testing association....

Reading 7060000-th SNP and testing association....

Reading 7070000-th SNP and testing association....

Reading 7080000-th SNP and testing association....

Reading 7090000-th SNP and testing association....

Reading 7100000-th SNP and testing association....

Reading 7110000-th SNP and testing association....

GLS association - elapsed CPU time is 1453.118415

Breakdown for input file parsing : 534.266169

              matrix computation : 660.426781

             p-value computation : 34.928441

