
Reading TFAM file /mnt/data/shahar/gwas_barley/morexV3_analysis/barley_for_publication_project/01_USED_GWAS_V2_pipeline/intermediates/morexV3_gwas_genotypes.tfam ....


Reading kinship file /mnt/data/shahar/gwas_barley/morexV3_analysis/barley_for_publication_project/01_USED_GWAS_V2_pipeline/intermediates/morexV3_kinship.aIBS.kinf...

  290 rows and 290 columns were observed with 0 missing values.


Reading the phenotype file /mnt/data/shahar/gwas_barley/data/inputs/BLUE_starch_V3.pheno...

  290 rows and 1 columns were observed with 0 missing values


Reading covariate file /mnt/data/shahar/gwas_barley/morexV3_analysis/barley_for_publication_project/01_USED_GWAS_V2_pipeline/intermediates/covariates/pca_pc10.cov...

  290 rows and 10 columns were observed with 0 missing values. Make sure that the intercept is included in the covariates

File reading - elapsed CPU time is 0.055773

eRvals[0] = 0.024519, eRvals[n-q-1] = 194.909085, eRvals[n-q] = 0.000000
eigen_R - elapsed CPU time is 0.091096
etas[0] = 1.641695, lambdas[0] = 0.024519
etas[1] = 0.823272, lambdas[1] = 0.028021
etas[2] = -1.020722, lambdas[2] = 0.029533
etas[3] = 0.463031, lambdas[3] = 0.029827
etas[4] = -0.574100, lambdas[4] = 0.030636
etas[5] = 2.215359, lambdas[5] = 0.031377
etas[6] = 0.810209, lambdas[6] = 0.032141
etas[7] = -0.690414, lambdas[7] = 0.032712
etas[8] = -1.162234, lambdas[8] = 0.032962
etas[9] = -0.651830, lambdas[9] = 0.033327
etas[10] = 1.318179, lambdas[10] = 0.033942
etas[11] = 2.448925, lambdas[11] = 0.034817
etas[12] = 1.407878, lambdas[12] = 0.035246
etas[13] = 2.279676, lambdas[13] = 0.035304
etas[14] = 0.297532, lambdas[14] = 0.036060
etas[15] = -0.215552, lambdas[15] = 0.037103
etas[16] = -2.195427, lambdas[16] = 0.037628
etas[17] = 0.663973, lambdas[17] = 0.038247
etas[18] = 0.013038, lambdas[18] = 0.038719
etas[19] = 0.248595, lambdas[19] = 0.039225
etas[20] = -2.039938, lambdas[20] = 0.039841
etas[21] = 0.545736, lambdas[21] = 0.040457
etas[22] = -2.680459, lambdas[22] = 0.040786
etas[23] = 0.787090, lambdas[23] = 0.041320
etas[24] = -2.975866, lambdas[24] = 0.041679
etas[25] = 1.004432, lambdas[25] = 0.042102
etas[26] = 0.590081, lambdas[26] = 0.042328
etas[27] = -2.641362, lambdas[27] = 0.042759
etas[28] = -3.515827, lambdas[28] = 0.043078
etas[29] = -0.020318, lambdas[29] = 0.043335
etas[30] = 0.599314, lambdas[30] = 0.044158
etas[31] = -0.504597, lambdas[31] = 0.044373
etas[32] = -0.987635, lambdas[32] = 0.044575
etas[33] = -1.114709, lambdas[33] = 0.044706
etas[34] = 1.102364, lambdas[34] = 0.044858
etas[35] = -0.218900, lambdas[35] = 0.045097
etas[36] = -1.842098, lambdas[36] = 0.045385
etas[37] = 1.533286, lambdas[37] = 0.045735
etas[38] = -1.737193, lambdas[38] = 0.045993
etas[39] = 0.202859, lambdas[39] = 0.046223
etas[40] = 2.324568, lambdas[40] = 0.046454
etas[41] = -1.936530, lambdas[41] = 0.046603
etas[42] = -0.341499, lambdas[42] = 0.046649
etas[43] = 0.052658, lambdas[43] = 0.047071
etas[44] = 1.126024, lambdas[44] = 0.047333
etas[45] = 1.371161, lambdas[45] = 0.047435
etas[46] = 0.758679, lambdas[46] = 0.047592
etas[47] = -1.124265, lambdas[47] = 0.048017
etas[48] = 2.517931, lambdas[48] = 0.048383
etas[49] = -1.202063, lambdas[49] = 0.049047
etas[50] = 0.639215, lambdas[50] = 0.049356
etas[51] = -1.476202, lambdas[51] = 0.049738
etas[52] = -0.400294, lambdas[52] = 0.049993
etas[53] = -1.406313, lambdas[53] = 0.050237
etas[54] = 2.063608, lambdas[54] = 0.050631
etas[55] = -2.050389, lambdas[55] = 0.050757
etas[56] = 2.136005, lambdas[56] = 0.051013
etas[57] = 1.661584, lambdas[57] = 0.051376
etas[58] = 0.815445, lambdas[58] = 0.051746
etas[59] = -4.051477, lambdas[59] = 0.052182
etas[60] = 2.158489, lambdas[60] = 0.052501
etas[61] = 1.295738, lambdas[61] = 0.052701
etas[62] = 0.868455, lambdas[62] = 0.054094
etas[63] = -0.239090, lambdas[63] = 0.054315
etas[64] = 3.134829, lambdas[64] = 0.054387
etas[65] = -3.431183, lambdas[65] = 0.054630
etas[66] = -0.526105, lambdas[66] = 0.055585
etas[67] = 1.134552, lambdas[67] = 0.058276
etas[68] = 0.020745, lambdas[68] = 0.059038
etas[69] = 1.949386, lambdas[69] = 0.060113
etas[70] = 1.735680, lambdas[70] = 0.060460
etas[71] = -1.846297, lambdas[71] = 0.071498
etas[72] = -0.093242, lambdas[72] = 0.080324
etas[73] = -0.979965, lambdas[73] = 0.092944
etas[74] = -0.901000, lambdas[74] = 0.095669
etas[75] = -2.154551, lambdas[75] = 0.096768
etas[76] = 0.468096, lambdas[76] = 0.097253
etas[77] = 6.509897, lambdas[77] = 0.098391
etas[78] = -2.610257, lambdas[78] = 0.099747
etas[79] = 3.853381, lambdas[79] = 0.117784
etas[80] = 1.548625, lambdas[80] = 0.126916
etas[81] = -4.615321, lambdas[81] = 0.130095
etas[82] = -4.926177, lambdas[82] = 0.132739
etas[83] = -1.199527, lambdas[83] = 0.138695
etas[84] = -2.868048, lambdas[84] = 0.142443
etas[85] = 0.458081, lambdas[85] = 0.146305
etas[86] = -0.778907, lambdas[86] = 0.149648
etas[87] = 1.402206, lambdas[87] = 0.149891
etas[88] = -0.840184, lambdas[88] = 0.154451
etas[89] = 5.626676, lambdas[89] = 0.155774
etas[90] = -2.215722, lambdas[90] = 0.156307
etas[91] = 5.121131, lambdas[91] = 0.159043
etas[92] = 2.367103, lambdas[92] = 0.160886
etas[93] = -3.831738, lambdas[93] = 0.163812
etas[94] = -0.891258, lambdas[94] = 0.166706
etas[95] = -2.147431, lambdas[95] = 0.167282
etas[96] = 1.528672, lambdas[96] = 0.167768
etas[97] = -3.370208, lambdas[97] = 0.170985
etas[98] = -0.087500, lambdas[98] = 0.171919
etas[99] = 4.658075, lambdas[99] = 0.173224
etas[100] = -1.538674, lambdas[100] = 0.173668
etas[101] = -0.100029, lambdas[101] = 0.174572
etas[102] = 2.260261, lambdas[102] = 0.178113
etas[103] = -5.419311, lambdas[103] = 0.178471
etas[104] = -4.288609, lambdas[104] = 0.179061
etas[105] = -0.089528, lambdas[105] = 0.179302
etas[106] = 4.936158, lambdas[106] = 0.180717
etas[107] = -0.872838, lambdas[107] = 0.181305
etas[108] = 2.522374, lambdas[108] = 0.182553
etas[109] = 0.298724, lambdas[109] = 0.184273
etas[110] = 0.062418, lambdas[110] = 0.185033
etas[111] = 0.132413, lambdas[111] = 0.186048
etas[112] = -0.651560, lambdas[112] = 0.186802
etas[113] = -0.898355, lambdas[113] = 0.187108
etas[114] = 6.612995, lambdas[114] = 0.188490
etas[115] = -3.048652, lambdas[115] = 0.189173
etas[116] = -1.236672, lambdas[116] = 0.189720
etas[117] = -0.086165, lambdas[117] = 0.191029
etas[118] = 8.330658, lambdas[118] = 0.191365
etas[119] = -2.278097, lambdas[119] = 0.191923
etas[120] = 7.126667, lambdas[120] = 0.193090
etas[121] = 2.604890, lambdas[121] = 0.193473
etas[122] = -5.622260, lambdas[122] = 0.194080
etas[123] = 6.151627, lambdas[123] = 0.194624
etas[124] = -0.375580, lambdas[124] = 0.195807
etas[125] = -3.878670, lambdas[125] = 0.196271
etas[126] = 4.889668, lambdas[126] = 0.197245
etas[127] = -0.620388, lambdas[127] = 0.197968
etas[128] = 3.950119, lambdas[128] = 0.198267
etas[129] = -7.751403, lambdas[129] = 0.198681
etas[130] = 3.036356, lambdas[130] = 0.199263
etas[131] = -0.502656, lambdas[131] = 0.199834
etas[132] = 1.281703, lambdas[132] = 0.200602
etas[133] = 4.831280, lambdas[133] = 0.201868
etas[134] = -6.944360, lambdas[134] = 0.202539
etas[135] = -6.109608, lambdas[135] = 0.202902
etas[136] = 2.708636, lambdas[136] = 0.203752
etas[137] = -0.914567, lambdas[137] = 0.204198
etas[138] = -2.502528, lambdas[138] = 0.204551
etas[139] = 0.559690, lambdas[139] = 0.205502
etas[140] = 0.827838, lambdas[140] = 0.206952
etas[141] = -5.348434, lambdas[141] = 0.207903
etas[142] = 2.078131, lambdas[142] = 0.208184
etas[143] = 0.325200, lambdas[143] = 0.208832
etas[144] = -0.107589, lambdas[144] = 0.209753
etas[145] = 5.711310, lambdas[145] = 0.210469
etas[146] = 1.576883, lambdas[146] = 0.211833
etas[147] = -0.991290, lambdas[147] = 0.212035
etas[148] = 0.925947, lambdas[148] = 0.213289
etas[149] = 3.509023, lambdas[149] = 0.213460
etas[150] = 1.021038, lambdas[150] = 0.214253
etas[151] = 1.513269, lambdas[151] = 0.214934
etas[152] = 0.789960, lambdas[152] = 0.215375
etas[153] = 0.534417, lambdas[153] = 0.215766
etas[154] = -0.747006, lambdas[154] = 0.216410
etas[155] = 1.579388, lambdas[155] = 0.217104
etas[156] = 3.414658, lambdas[156] = 0.217766
etas[157] = -0.528451, lambdas[157] = 0.218054
etas[158] = 5.208029, lambdas[158] = 0.219306
etas[159] = -5.717791, lambdas[159] = 0.219611
etas[160] = -1.361962, lambdas[160] = 0.220281
etas[161] = 0.756509, lambdas[161] = 0.221488
etas[162] = 5.238977, lambdas[162] = 0.222155
etas[163] = -3.809078, lambdas[163] = 0.222652
etas[164] = -6.989860, lambdas[164] = 0.223442
etas[165] = 0.218226, lambdas[165] = 0.225456
etas[166] = 0.055371, lambdas[166] = 0.225724
etas[167] = 0.994906, lambdas[167] = 0.226289
etas[168] = -4.618024, lambdas[168] = 0.226712
etas[169] = -1.789526, lambdas[169] = 0.227886
etas[170] = 1.026918, lambdas[170] = 0.228075
etas[171] = -1.268549, lambdas[171] = 0.229053
etas[172] = 0.576382, lambdas[172] = 0.229913
etas[173] = 5.505506, lambdas[173] = 0.230107
etas[174] = -3.673179, lambdas[174] = 0.230495
etas[175] = 7.839296, lambdas[175] = 0.231517
etas[176] = -12.456548, lambdas[176] = 0.232351
etas[177] = -3.965715, lambdas[177] = 0.232998
etas[178] = -5.735632, lambdas[178] = 0.233417
etas[179] = 2.713327, lambdas[179] = 0.234627
etas[180] = 1.393917, lambdas[180] = 0.235148
etas[181] = -2.142516, lambdas[181] = 0.236234
etas[182] = -8.710247, lambdas[182] = 0.237292
etas[183] = -0.303153, lambdas[183] = 0.237973
etas[184] = 5.362418, lambdas[184] = 0.239416
etas[185] = -0.490801, lambdas[185] = 0.240319
etas[186] = 1.974764, lambdas[186] = 0.240925
etas[187] = 0.170123, lambdas[187] = 0.241616
etas[188] = -1.993973, lambdas[188] = 0.241766
etas[189] = 0.831210, lambdas[189] = 0.242349
etas[190] = 3.206127, lambdas[190] = 0.244027
etas[191] = -2.281225, lambdas[191] = 0.244326
etas[192] = -6.740846, lambdas[192] = 0.245547
etas[193] = 1.761985, lambdas[193] = 0.245861
etas[194] = -0.762667, lambdas[194] = 0.246391
etas[195] = -4.291508, lambdas[195] = 0.247453
etas[196] = -2.989836, lambdas[196] = 0.248013
etas[197] = 0.394279, lambdas[197] = 0.248585
etas[198] = -0.020704, lambdas[198] = 0.249436
etas[199] = 1.528212, lambdas[199] = 0.250845
etas[200] = -3.756943, lambdas[200] = 0.251154
etas[201] = -4.628358, lambdas[201] = 0.253638
etas[202] = -1.454189, lambdas[202] = 0.253980
etas[203] = 2.932626, lambdas[203] = 0.254600
etas[204] = -10.506229, lambdas[204] = 0.255465
etas[205] = 6.568763, lambdas[205] = 0.255911
etas[206] = -8.041270, lambdas[206] = 0.257725
etas[207] = 10.239224, lambdas[207] = 0.258390
etas[208] = -0.274613, lambdas[208] = 0.258614
etas[209] = -1.105511, lambdas[209] = 0.258710
etas[210] = 1.470104, lambdas[210] = 0.260029
etas[211] = -2.955052, lambdas[211] = 0.260808
etas[212] = -9.930059, lambdas[212] = 0.262458
etas[213] = -3.025195, lambdas[213] = 0.263151
etas[214] = -9.542210, lambdas[214] = 0.263406
etas[215] = 5.580309, lambdas[215] = 0.264239
etas[216] = 3.241592, lambdas[216] = 0.265401
etas[217] = -5.011318, lambdas[217] = 0.266091
etas[218] = -0.573792, lambdas[218] = 0.267200
etas[219] = -8.046464, lambdas[219] = 0.268578
etas[220] = -6.603292, lambdas[220] = 0.270006
etas[221] = -1.891932, lambdas[221] = 0.272044
etas[222] = 6.903186, lambdas[222] = 0.272973
etas[223] = 5.729723, lambdas[223] = 0.274447
etas[224] = -2.783473, lambdas[224] = 0.277722
etas[225] = 3.737241, lambdas[225] = 0.279952
etas[226] = 5.387364, lambdas[226] = 0.281371
etas[227] = 0.127469, lambdas[227] = 0.283289
etas[228] = -4.607260, lambdas[228] = 0.284412
etas[229] = 5.462530, lambdas[229] = 0.286535
etas[230] = 0.630270, lambdas[230] = 0.286761
etas[231] = 6.166444, lambdas[231] = 0.287999
etas[232] = -3.272397, lambdas[232] = 0.290778
etas[233] = -2.450936, lambdas[233] = 0.291887
etas[234] = 0.266990, lambdas[234] = 0.293141
etas[235] = 5.883058, lambdas[235] = 0.296516
etas[236] = 0.963277, lambdas[236] = 0.300225
etas[237] = 2.733898, lambdas[237] = 0.301530
etas[238] = 0.837776, lambdas[238] = 0.304238
etas[239] = 2.376607, lambdas[239] = 0.308421
etas[240] = 7.542242, lambdas[240] = 0.318933
etas[241] = 6.698536, lambdas[241] = 0.323924
etas[242] = -0.828261, lambdas[242] = 0.329604
etas[243] = 4.136085, lambdas[243] = 0.332815
etas[244] = -2.623678, lambdas[244] = 0.337279
etas[245] = 4.747713, lambdas[245] = 0.339120
etas[246] = 5.024869, lambdas[246] = 0.345015
etas[247] = 6.714393, lambdas[247] = 0.352428
etas[248] = 10.256288, lambdas[248] = 0.360421
etas[249] = -0.618730, lambdas[249] = 0.365025
etas[250] = -3.140743, lambdas[250] = 0.394214
etas[251] = 2.219765, lambdas[251] = 0.405616
etas[252] = 14.544831, lambdas[252] = 0.410074
etas[253] = -2.085025, lambdas[253] = 0.418288
etas[254] = -5.939074, lambdas[254] = 0.428104
etas[255] = -2.448463, lambdas[255] = 0.435774
etas[256] = -4.866087, lambdas[256] = 0.444743
etas[257] = 0.888029, lambdas[257] = 0.449694
etas[258] = 0.105429, lambdas[258] = 0.471813
etas[259] = -4.495577, lambdas[259] = 0.483780
etas[260] = -2.918877, lambdas[260] = 0.492827
etas[261] = 6.274846, lambdas[261] = 0.500257
etas[262] = 6.136683, lambdas[262] = 0.520035
etas[263] = -1.894718, lambdas[263] = 0.562158
etas[264] = -7.953318, lambdas[264] = 0.577779
etas[265] = -6.485217, lambdas[265] = 0.588392
etas[266] = 9.758542, lambdas[266] = 0.606811
etas[267] = -5.390226, lambdas[267] = 0.618862
etas[268] = -2.261174, lambdas[268] = 0.639957
etas[269] = -3.564027, lambdas[269] = 0.653182
etas[270] = -5.622308, lambdas[270] = 0.656259
etas[271] = -6.386274, lambdas[271] = 0.724247
etas[272] = -2.354721, lambdas[272] = 0.743648
etas[273] = -5.421522, lambdas[273] = 0.756804
etas[274] = -15.490609, lambdas[274] = 0.850002
etas[275] = 2.306769, lambdas[275] = 0.855691
etas[276] = 13.401770, lambdas[276] = 0.908241
etas[277] = -4.862184, lambdas[277] = 1.019072
etas[278] = 1.480739, lambdas[278] = 1.025267
etas[279] = 0.506107, lambdas[279] = 194.909085
0	-119.017227	-119.077936	-737.490762
1	-119.077936	-119.151976	-737.491958
2	-119.151976	-119.242244	-737.493421
3	-119.242244	-119.352253	-737.495208
4	-119.352253	-119.486254	-737.497393
5	-119.486254	-119.649382	-737.500065
6	-119.649382	-119.847821	-737.503332
7	-119.847821	-120.088999	-737.507328
8	-120.088999	-120.381800	-737.512218
9	-120.381800	-120.736798	-737.518204
10	-120.736798	-121.166501	-737.525535
11	-121.166501	-121.685593	-737.534519
12	-121.685593	-122.311137	-737.545534
13	-122.311137	-123.062718	-737.559052
14	-123.062718	-123.962440	-737.575656
15	-123.962440	-125.034701	-737.596072
16	-125.034701	-126.305619	-737.621208
17	-126.305619	-127.801933	-737.652198
18	-127.801933	-129.549171	-737.690467
19	-129.549171	-131.568837	-737.737806
20	-131.568837	-133.874342	-737.796473
21	-133.874342	-136.465478	-737.869319
22	-136.465478	-139.321310	-737.959938
23	-139.321310	-142.391698	-738.072856
24	-142.391698	-145.588033	-738.213746
25	-145.588033	-148.774460	-738.389671
26	-148.774460	-151.761546	-738.609327
27	-151.761546	-154.305067	-738.883267
28	-154.305067	-156.112856	-739.224046
29	-156.112856	-156.862219	-739.646225
30	-156.862219	-156.228849	-740.166153
31	-156.228849	-153.925515	-740.801443
32	-153.925515	-149.745445	-741.570082
33	-149.745445	-143.602320	-742.489177
34	-143.602320	-135.557559	-743.573391
35	-135.557559	-125.826964	-744.833240
36	-125.826964	-114.763154	-746.273478
37	-114.763154	-102.816140	-747.891848
38	-102.816140	-90.479979	-749.678426
39	-90.479979	-78.236612	-751.615729
40	-78.236612	-66.507682	-753.679561
41	-66.507682	-55.621904	-755.840494
42	-55.621904	-45.800849	-758.065715
43	-45.800849	-37.161483	-760.320973
44	-37.161483	-29.730852	-762.572373
45	-29.730852	-23.467186	-764.787831
46	-23.467186	-18.282219	-766.938153
47	-18.282219	-14.061077	-768.997748
48	-14.061077	-10.677872	-770.945077
49	-10.677872	-8.006645	-772.762913
50	-8.006645	-5.928320	-774.438495
51	-5.928320	-4.334647	-775.963565
52	-4.334647	-3.130127	-777.334275
53	-3.130127	-2.232642	-778.550935
54	-2.232642	-1.573222	-779.617564
55	-1.573222	-1.095264	-780.541294
56	-1.095264	-0.753347	-781.331645
57	-0.753347	-0.511811	-781.999772
58	-0.511811	-0.343247	-782.557739
59	-0.343247	-0.226991	-783.017882
60	-0.226991	-0.147747	-783.392299
61	-0.147747	-0.094376	-783.692479
62	-0.094376	-0.058886	-783.929049
63	-0.058886	-0.035618	-784.111647
64	-0.035618	-0.020613	-784.248870
65	-0.020613	-0.011132	-784.348294
66	-0.011132	-0.005299	-784.416530
67	-0.005299	-0.001840	-784.459307
68	-0.001840	0.000099	-784.481567
69	0.000099	0.001088	-784.487558
70	0.001088	0.001499	-784.480919
71	0.001499	0.001576	-784.464763
72	0.001576	0.001473	-784.441739
73	0.001473	0.001286	-784.414088
74	0.001286	0.001071	-784.383682
75	0.001071	0.000862	-784.352059
76	0.000862	0.000675	-784.320452
77	0.000675	0.000517	-784.289816
78	0.000517	0.000388	-784.260848
79	0.000388	0.000287	-784.234024
80	0.000287	0.000209	-784.209624
81	0.000209	0.000150	-784.187770
82	0.000150	0.000107	-784.168457
83	0.000107	0.000075	-784.151587
84	0.000075	0.000053	-784.136999
85	0.000053	0.000037	-784.124493
86	0.000037	0.000025	-784.113853
87	0.000025	0.000017	-784.104856
88	0.000017	0.000012	-784.097290
89	0.000012	0.000008	-784.090956
90	0.000008	0.000005	-784.085673
91	0.000005	0.000004	-784.081282
92	0.000004	0.000003	-784.077641
93	0.000003	0.000002	-784.074629
94	0.000002	0.000001	-784.072142
95	0.000001	0.000001	-784.070091
96	0.000001	0.000001	-784.068403
97	0.000001	0.000000	-784.067013
98	0.000000	0.000000	-784.065872
99	0.000000	0.000000	-784.064934
REMLE (delta=0.000045, REML=-737.490762, REML0=-784.060664)- elapsed CPU time is 0.012710
eigen_L - elapsed CPU time is 0.048104


Reading TPED file /mnt/data/shahar/gwas_barley/morexV3_analysis/barley_for_publication_project/01_USED_GWAS_V2_pipeline/intermediates/morexV3_gwas_genotypes...

Reading 0-th SNP and testing association....

Reading 10000-th SNP and testing association....

Reading 20000-th SNP and testing association....

Reading 30000-th SNP and testing association....

Reading 40000-th SNP and testing association....

Reading 50000-th SNP and testing association....

Reading 60000-th SNP and testing association....

Reading 70000-th SNP and testing association....

Reading 80000-th SNP and testing association....

Reading 90000-th SNP and testing association....

Reading 100000-th SNP and testing association....

Reading 110000-th SNP and testing association....

Reading 120000-th SNP and testing association....

Reading 130000-th SNP and testing association....

Reading 140000-th SNP and testing association....

Reading 150000-th SNP and testing association....

Reading 160000-th SNP and testing association....

Reading 170000-th SNP and testing association....

Reading 180000-th SNP and testing association....

Reading 190000-th SNP and testing association....

Reading 200000-th SNP and testing association....

Reading 210000-th SNP and testing association....

Reading 220000-th SNP and testing association....

Reading 230000-th SNP and testing association....

Reading 240000-th SNP and testing association....

Reading 250000-th SNP and testing association....

Reading 260000-th SNP and testing association....

Reading 270000-th SNP and testing association....

Reading 280000-th SNP and testing association....

Reading 290000-th SNP and testing association....

Reading 300000-th SNP and testing association....

Reading 310000-th SNP and testing association....

Reading 320000-th SNP and testing association....

Reading 330000-th SNP and testing association....

Reading 340000-th SNP and testing association....

Reading 350000-th SNP and testing association....

Reading 360000-th SNP and testing association....

Reading 370000-th SNP and testing association....

Reading 380000-th SNP and testing association....

Reading 390000-th SNP and testing association....

Reading 400000-th SNP and testing association....

Reading 410000-th SNP and testing association....

Reading 420000-th SNP and testing association....

Reading 430000-th SNP and testing association....

Reading 440000-th SNP and testing association....

Reading 450000-th SNP and testing association....

Reading 460000-th SNP and testing association....

Reading 470000-th SNP and testing association....

Reading 480000-th SNP and testing association....

Reading 490000-th SNP and testing association....

Reading 500000-th SNP and testing association....

Reading 510000-th SNP and testing association....

Reading 520000-th SNP and testing association....

Reading 530000-th SNP and testing association....

Reading 540000-th SNP and testing association....

Reading 550000-th SNP and testing association....

Reading 560000-th SNP and testing association....

Reading 570000-th SNP and testing association....

Reading 580000-th SNP and testing association....

Reading 590000-th SNP and testing association....

Reading 600000-th SNP and testing association....

Reading 610000-th SNP and testing association....

Reading 620000-th SNP and testing association....

Reading 630000-th SNP and testing association....

Reading 640000-th SNP and testing association....

Reading 650000-th SNP and testing association....

Reading 660000-th SNP and testing association....

Reading 670000-th SNP and testing association....

Reading 680000-th SNP and testing association....

Reading 690000-th SNP and testing association....

Reading 700000-th SNP and testing association....

Reading 710000-th SNP and testing association....

Reading 720000-th SNP and testing association....

Reading 730000-th SNP and testing association....

Reading 740000-th SNP and testing association....

Reading 750000-th SNP and testing association....

Reading 760000-th SNP and testing association....

Reading 770000-th SNP and testing association....

Reading 780000-th SNP and testing association....

Reading 790000-th SNP and testing association....

Reading 800000-th SNP and testing association....

Reading 810000-th SNP and testing association....

Reading 820000-th SNP and testing association....

Reading 830000-th SNP and testing association....

Reading 840000-th SNP and testing association....

Reading 850000-th SNP and testing association....

Reading 860000-th SNP and testing association....

Reading 870000-th SNP and testing association....

Reading 880000-th SNP and testing association....

Reading 890000-th SNP and testing association....

Reading 900000-th SNP and testing association....

Reading 910000-th SNP and testing association....

Reading 920000-th SNP and testing association....

Reading 930000-th SNP and testing association....

Reading 940000-th SNP and testing association....

Reading 950000-th SNP and testing association....

Reading 960000-th SNP and testing association....

Reading 970000-th SNP and testing association....

Reading 980000-th SNP and testing association....

Reading 990000-th SNP and testing association....

Reading 1000000-th SNP and testing association....

Reading 1010000-th SNP and testing association....

Reading 1020000-th SNP and testing association....

Reading 1030000-th SNP and testing association....

Reading 1040000-th SNP and testing association....

Reading 1050000-th SNP and testing association....

Reading 1060000-th SNP and testing association....

Reading 1070000-th SNP and testing association....

Reading 1080000-th SNP and testing association....

Reading 1090000-th SNP and testing association....

Reading 1100000-th SNP and testing association....

Reading 1110000-th SNP and testing association....

Reading 1120000-th SNP and testing association....

Reading 1130000-th SNP and testing association....

Reading 1140000-th SNP and testing association....

Reading 1150000-th SNP and testing association....

Reading 1160000-th SNP and testing association....

Reading 1170000-th SNP and testing association....

Reading 1180000-th SNP and testing association....

Reading 1190000-th SNP and testing association....

Reading 1200000-th SNP and testing association....

Reading 1210000-th SNP and testing association....

Reading 1220000-th SNP and testing association....

Reading 1230000-th SNP and testing association....

Reading 1240000-th SNP and testing association....

Reading 1250000-th SNP and testing association....

Reading 1260000-th SNP and testing association....

Reading 1270000-th SNP and testing association....

Reading 1280000-th SNP and testing association....

Reading 1290000-th SNP and testing association....

Reading 1300000-th SNP and testing association....

Reading 1310000-th SNP and testing association....

Reading 1320000-th SNP and testing association....

Reading 1330000-th SNP and testing association....

Reading 1340000-th SNP and testing association....

Reading 1350000-th SNP and testing association....

Reading 1360000-th SNP and testing association....

Reading 1370000-th SNP and testing association....

Reading 1380000-th SNP and testing association....

Reading 1390000-th SNP and testing association....

Reading 1400000-th SNP and testing association....

Reading 1410000-th SNP and testing association....

Reading 1420000-th SNP and testing association....

Reading 1430000-th SNP and testing association....

Reading 1440000-th SNP and testing association....

Reading 1450000-th SNP and testing association....

Reading 1460000-th SNP and testing association....

Reading 1470000-th SNP and testing association....

Reading 1480000-th SNP and testing association....

Reading 1490000-th SNP and testing association....

Reading 1500000-th SNP and testing association....

Reading 1510000-th SNP and testing association....

Reading 1520000-th SNP and testing association....

Reading 1530000-th SNP and testing association....

Reading 1540000-th SNP and testing association....

Reading 1550000-th SNP and testing association....

Reading 1560000-th SNP and testing association....

Reading 1570000-th SNP and testing association....

Reading 1580000-th SNP and testing association....

Reading 1590000-th SNP and testing association....

Reading 1600000-th SNP and testing association....

Reading 1610000-th SNP and testing association....

Reading 1620000-th SNP and testing association....

Reading 1630000-th SNP and testing association....

Reading 1640000-th SNP and testing association....

Reading 1650000-th SNP and testing association....

Reading 1660000-th SNP and testing association....

Reading 1670000-th SNP and testing association....

Reading 1680000-th SNP and testing association....

Reading 1690000-th SNP and testing association....

Reading 1700000-th SNP and testing association....

Reading 1710000-th SNP and testing association....

Reading 1720000-th SNP and testing association....

Reading 1730000-th SNP and testing association....

Reading 1740000-th SNP and testing association....

Reading 1750000-th SNP and testing association....

Reading 1760000-th SNP and testing association....

Reading 1770000-th SNP and testing association....

Reading 1780000-th SNP and testing association....

Reading 1790000-th SNP and testing association....

Reading 1800000-th SNP and testing association....

Reading 1810000-th SNP and testing association....

Reading 1820000-th SNP and testing association....

Reading 1830000-th SNP and testing association....

Reading 1840000-th SNP and testing association....

Reading 1850000-th SNP and testing association....

Reading 1860000-th SNP and testing association....

Reading 1870000-th SNP and testing association....

Reading 1880000-th SNP and testing association....

Reading 1890000-th SNP and testing association....

Reading 1900000-th SNP and testing association....

Reading 1910000-th SNP and testing association....

Reading 1920000-th SNP and testing association....

Reading 1930000-th SNP and testing association....

Reading 1940000-th SNP and testing association....

Reading 1950000-th SNP and testing association....

Reading 1960000-th SNP and testing association....

Reading 1970000-th SNP and testing association....

Reading 1980000-th SNP and testing association....

Reading 1990000-th SNP and testing association....

Reading 2000000-th SNP and testing association....

Reading 2010000-th SNP and testing association....

Reading 2020000-th SNP and testing association....

Reading 2030000-th SNP and testing association....

Reading 2040000-th SNP and testing association....

Reading 2050000-th SNP and testing association....

Reading 2060000-th SNP and testing association....

Reading 2070000-th SNP and testing association....

Reading 2080000-th SNP and testing association....

Reading 2090000-th SNP and testing association....

Reading 2100000-th SNP and testing association....

Reading 2110000-th SNP and testing association....

Reading 2120000-th SNP and testing association....

Reading 2130000-th SNP and testing association....

Reading 2140000-th SNP and testing association....

Reading 2150000-th SNP and testing association....

Reading 2160000-th SNP and testing association....

Reading 2170000-th SNP and testing association....

Reading 2180000-th SNP and testing association....

Reading 2190000-th SNP and testing association....

Reading 2200000-th SNP and testing association....

Reading 2210000-th SNP and testing association....

Reading 2220000-th SNP and testing association....

Reading 2230000-th SNP and testing association....

Reading 2240000-th SNP and testing association....

Reading 2250000-th SNP and testing association....

Reading 2260000-th SNP and testing association....

Reading 2270000-th SNP and testing association....

Reading 2280000-th SNP and testing association....

Reading 2290000-th SNP and testing association....

Reading 2300000-th SNP and testing association....

Reading 2310000-th SNP and testing association....

Reading 2320000-th SNP and testing association....

Reading 2330000-th SNP and testing association....

Reading 2340000-th SNP and testing association....

Reading 2350000-th SNP and testing association....

Reading 2360000-th SNP and testing association....

Reading 2370000-th SNP and testing association....

Reading 2380000-th SNP and testing association....

Reading 2390000-th SNP and testing association....

Reading 2400000-th SNP and testing association....

Reading 2410000-th SNP and testing association....

Reading 2420000-th SNP and testing association....

Reading 2430000-th SNP and testing association....

Reading 2440000-th SNP and testing association....

Reading 2450000-th SNP and testing association....

Reading 2460000-th SNP and testing association....

Reading 2470000-th SNP and testing association....

Reading 2480000-th SNP and testing association....

Reading 2490000-th SNP and testing association....

Reading 2500000-th SNP and testing association....

Reading 2510000-th SNP and testing association....

Reading 2520000-th SNP and testing association....

Reading 2530000-th SNP and testing association....

Reading 2540000-th SNP and testing association....

Reading 2550000-th SNP and testing association....

Reading 2560000-th SNP and testing association....

Reading 2570000-th SNP and testing association....

Reading 2580000-th SNP and testing association....

Reading 2590000-th SNP and testing association....

Reading 2600000-th SNP and testing association....

Reading 2610000-th SNP and testing association....

Reading 2620000-th SNP and testing association....

Reading 2630000-th SNP and testing association....

Reading 2640000-th SNP and testing association....

Reading 2650000-th SNP and testing association....

Reading 2660000-th SNP and testing association....

Reading 2670000-th SNP and testing association....

Reading 2680000-th SNP and testing association....

Reading 2690000-th SNP and testing association....

Reading 2700000-th SNP and testing association....

Reading 2710000-th SNP and testing association....

Reading 2720000-th SNP and testing association....

Reading 2730000-th SNP and testing association....

Reading 2740000-th SNP and testing association....

Reading 2750000-th SNP and testing association....

Reading 2760000-th SNP and testing association....

Reading 2770000-th SNP and testing association....

Reading 2780000-th SNP and testing association....

Reading 2790000-th SNP and testing association....

Reading 2800000-th SNP and testing association....

Reading 2810000-th SNP and testing association....

Reading 2820000-th SNP and testing association....

Reading 2830000-th SNP and testing association....

Reading 2840000-th SNP and testing association....

Reading 2850000-th SNP and testing association....

Reading 2860000-th SNP and testing association....

Reading 2870000-th SNP and testing association....

Reading 2880000-th SNP and testing association....

Reading 2890000-th SNP and testing association....

Reading 2900000-th SNP and testing association....

Reading 2910000-th SNP and testing association....

Reading 2920000-th SNP and testing association....

Reading 2930000-th SNP and testing association....

Reading 2940000-th SNP and testing association....

Reading 2950000-th SNP and testing association....

Reading 2960000-th SNP and testing association....

Reading 2970000-th SNP and testing association....

Reading 2980000-th SNP and testing association....

Reading 2990000-th SNP and testing association....

Reading 3000000-th SNP and testing association....

Reading 3010000-th SNP and testing association....

Reading 3020000-th SNP and testing association....

Reading 3030000-th SNP and testing association....

Reading 3040000-th SNP and testing association....

Reading 3050000-th SNP and testing association....

Reading 3060000-th SNP and testing association....

Reading 3070000-th SNP and testing association....

Reading 3080000-th SNP and testing association....

Reading 3090000-th SNP and testing association....

Reading 3100000-th SNP and testing association....

Reading 3110000-th SNP and testing association....

Reading 3120000-th SNP and testing association....

Reading 3130000-th SNP and testing association....

Reading 3140000-th SNP and testing association....

Reading 3150000-th SNP and testing association....

Reading 3160000-th SNP and testing association....

Reading 3170000-th SNP and testing association....

Reading 3180000-th SNP and testing association....

Reading 3190000-th SNP and testing association....

Reading 3200000-th SNP and testing association....

Reading 3210000-th SNP and testing association....

Reading 3220000-th SNP and testing association....

Reading 3230000-th SNP and testing association....

Reading 3240000-th SNP and testing association....

Reading 3250000-th SNP and testing association....

Reading 3260000-th SNP and testing association....

Reading 3270000-th SNP and testing association....

Reading 3280000-th SNP and testing association....

Reading 3290000-th SNP and testing association....

Reading 3300000-th SNP and testing association....

Reading 3310000-th SNP and testing association....

Reading 3320000-th SNP and testing association....

Reading 3330000-th SNP and testing association....

Reading 3340000-th SNP and testing association....

Reading 3350000-th SNP and testing association....

Reading 3360000-th SNP and testing association....

Reading 3370000-th SNP and testing association....

Reading 3380000-th SNP and testing association....

Reading 3390000-th SNP and testing association....

Reading 3400000-th SNP and testing association....

Reading 3410000-th SNP and testing association....

Reading 3420000-th SNP and testing association....

Reading 3430000-th SNP and testing association....

Reading 3440000-th SNP and testing association....

Reading 3450000-th SNP and testing association....

Reading 3460000-th SNP and testing association....

Reading 3470000-th SNP and testing association....

Reading 3480000-th SNP and testing association....

Reading 3490000-th SNP and testing association....

Reading 3500000-th SNP and testing association....

Reading 3510000-th SNP and testing association....

Reading 3520000-th SNP and testing association....

Reading 3530000-th SNP and testing association....

Reading 3540000-th SNP and testing association....

Reading 3550000-th SNP and testing association....

Reading 3560000-th SNP and testing association....

Reading 3570000-th SNP and testing association....

Reading 3580000-th SNP and testing association....

Reading 3590000-th SNP and testing association....

Reading 3600000-th SNP and testing association....

Reading 3610000-th SNP and testing association....

Reading 3620000-th SNP and testing association....

Reading 3630000-th SNP and testing association....

Reading 3640000-th SNP and testing association....

Reading 3650000-th SNP and testing association....

Reading 3660000-th SNP and testing association....

Reading 3670000-th SNP and testing association....

Reading 3680000-th SNP and testing association....

Reading 3690000-th SNP and testing association....

Reading 3700000-th SNP and testing association....

Reading 3710000-th SNP and testing association....

Reading 3720000-th SNP and testing association....

Reading 3730000-th SNP and testing association....

Reading 3740000-th SNP and testing association....

Reading 3750000-th SNP and testing association....

Reading 3760000-th SNP and testing association....

Reading 3770000-th SNP and testing association....

Reading 3780000-th SNP and testing association....

Reading 3790000-th SNP and testing association....

Reading 3800000-th SNP and testing association....

Reading 3810000-th SNP and testing association....

Reading 3820000-th SNP and testing association....

Reading 3830000-th SNP and testing association....

Reading 3840000-th SNP and testing association....

Reading 3850000-th SNP and testing association....

Reading 3860000-th SNP and testing association....

Reading 3870000-th SNP and testing association....

Reading 3880000-th SNP and testing association....

Reading 3890000-th SNP and testing association....

Reading 3900000-th SNP and testing association....

Reading 3910000-th SNP and testing association....

Reading 3920000-th SNP and testing association....

Reading 3930000-th SNP and testing association....

Reading 3940000-th SNP and testing association....

Reading 3950000-th SNP and testing association....

Reading 3960000-th SNP and testing association....

Reading 3970000-th SNP and testing association....

Reading 3980000-th SNP and testing association....

Reading 3990000-th SNP and testing association....

Reading 4000000-th SNP and testing association....

Reading 4010000-th SNP and testing association....

Reading 4020000-th SNP and testing association....

Reading 4030000-th SNP and testing association....

Reading 4040000-th SNP and testing association....

Reading 4050000-th SNP and testing association....

Reading 4060000-th SNP and testing association....

Reading 4070000-th SNP and testing association....

Reading 4080000-th SNP and testing association....

Reading 4090000-th SNP and testing association....

Reading 4100000-th SNP and testing association....

Reading 4110000-th SNP and testing association....

Reading 4120000-th SNP and testing association....

Reading 4130000-th SNP and testing association....

Reading 4140000-th SNP and testing association....

Reading 4150000-th SNP and testing association....

Reading 4160000-th SNP and testing association....

Reading 4170000-th SNP and testing association....

Reading 4180000-th SNP and testing association....

Reading 4190000-th SNP and testing association....

Reading 4200000-th SNP and testing association....

Reading 4210000-th SNP and testing association....

Reading 4220000-th SNP and testing association....

Reading 4230000-th SNP and testing association....

Reading 4240000-th SNP and testing association....

Reading 4250000-th SNP and testing association....

Reading 4260000-th SNP and testing association....

Reading 4270000-th SNP and testing association....

Reading 4280000-th SNP and testing association....

Reading 4290000-th SNP and testing association....

Reading 4300000-th SNP and testing association....

Reading 4310000-th SNP and testing association....

Reading 4320000-th SNP and testing association....

Reading 4330000-th SNP and testing association....

Reading 4340000-th SNP and testing association....

Reading 4350000-th SNP and testing association....

Reading 4360000-th SNP and testing association....

Reading 4370000-th SNP and testing association....

Reading 4380000-th SNP and testing association....

Reading 4390000-th SNP and testing association....

Reading 4400000-th SNP and testing association....

Reading 4410000-th SNP and testing association....

Reading 4420000-th SNP and testing association....

Reading 4430000-th SNP and testing association....

Reading 4440000-th SNP and testing association....

Reading 4450000-th SNP and testing association....

Reading 4460000-th SNP and testing association....

Reading 4470000-th SNP and testing association....

Reading 4480000-th SNP and testing association....

Reading 4490000-th SNP and testing association....

Reading 4500000-th SNP and testing association....

Reading 4510000-th SNP and testing association....

Reading 4520000-th SNP and testing association....

Reading 4530000-th SNP and testing association....

Reading 4540000-th SNP and testing association....

Reading 4550000-th SNP and testing association....

Reading 4560000-th SNP and testing association....

Reading 4570000-th SNP and testing association....

Reading 4580000-th SNP and testing association....

Reading 4590000-th SNP and testing association....

Reading 4600000-th SNP and testing association....

Reading 4610000-th SNP and testing association....

Reading 4620000-th SNP and testing association....

Reading 4630000-th SNP and testing association....

Reading 4640000-th SNP and testing association....

Reading 4650000-th SNP and testing association....

Reading 4660000-th SNP and testing association....

Reading 4670000-th SNP and testing association....

Reading 4680000-th SNP and testing association....

Reading 4690000-th SNP and testing association....

Reading 4700000-th SNP and testing association....

Reading 4710000-th SNP and testing association....

Reading 4720000-th SNP and testing association....

Reading 4730000-th SNP and testing association....

Reading 4740000-th SNP and testing association....

Reading 4750000-th SNP and testing association....

Reading 4760000-th SNP and testing association....

Reading 4770000-th SNP and testing association....

Reading 4780000-th SNP and testing association....

Reading 4790000-th SNP and testing association....

Reading 4800000-th SNP and testing association....

Reading 4810000-th SNP and testing association....

Reading 4820000-th SNP and testing association....

Reading 4830000-th SNP and testing association....

Reading 4840000-th SNP and testing association....

Reading 4850000-th SNP and testing association....

Reading 4860000-th SNP and testing association....

Reading 4870000-th SNP and testing association....

Reading 4880000-th SNP and testing association....

Reading 4890000-th SNP and testing association....

Reading 4900000-th SNP and testing association....

Reading 4910000-th SNP and testing association....

Reading 4920000-th SNP and testing association....

Reading 4930000-th SNP and testing association....

Reading 4940000-th SNP and testing association....

Reading 4950000-th SNP and testing association....

Reading 4960000-th SNP and testing association....

Reading 4970000-th SNP and testing association....

Reading 4980000-th SNP and testing association....

Reading 4990000-th SNP and testing association....

Reading 5000000-th SNP and testing association....

Reading 5010000-th SNP and testing association....

Reading 5020000-th SNP and testing association....

Reading 5030000-th SNP and testing association....

Reading 5040000-th SNP and testing association....

Reading 5050000-th SNP and testing association....

Reading 5060000-th SNP and testing association....

Reading 5070000-th SNP and testing association....

Reading 5080000-th SNP and testing association....

Reading 5090000-th SNP and testing association....

Reading 5100000-th SNP and testing association....

Reading 5110000-th SNP and testing association....

Reading 5120000-th SNP and testing association....

Reading 5130000-th SNP and testing association....

Reading 5140000-th SNP and testing association....

Reading 5150000-th SNP and testing association....

Reading 5160000-th SNP and testing association....

Reading 5170000-th SNP and testing association....

Reading 5180000-th SNP and testing association....

Reading 5190000-th SNP and testing association....

Reading 5200000-th SNP and testing association....

Reading 5210000-th SNP and testing association....

Reading 5220000-th SNP and testing association....

Reading 5230000-th SNP and testing association....

Reading 5240000-th SNP and testing association....

Reading 5250000-th SNP and testing association....

Reading 5260000-th SNP and testing association....

Reading 5270000-th SNP and testing association....

Reading 5280000-th SNP and testing association....

Reading 5290000-th SNP and testing association....

Reading 5300000-th SNP and testing association....

Reading 5310000-th SNP and testing association....

Reading 5320000-th SNP and testing association....

Reading 5330000-th SNP and testing association....

Reading 5340000-th SNP and testing association....

Reading 5350000-th SNP and testing association....

Reading 5360000-th SNP and testing association....

Reading 5370000-th SNP and testing association....

Reading 5380000-th SNP and testing association....

Reading 5390000-th SNP and testing association....

Reading 5400000-th SNP and testing association....

Reading 5410000-th SNP and testing association....

Reading 5420000-th SNP and testing association....

Reading 5430000-th SNP and testing association....

Reading 5440000-th SNP and testing association....

Reading 5450000-th SNP and testing association....

Reading 5460000-th SNP and testing association....

Reading 5470000-th SNP and testing association....

Reading 5480000-th SNP and testing association....

Reading 5490000-th SNP and testing association....

Reading 5500000-th SNP and testing association....

Reading 5510000-th SNP and testing association....

Reading 5520000-th SNP and testing association....

Reading 5530000-th SNP and testing association....

Reading 5540000-th SNP and testing association....

Reading 5550000-th SNP and testing association....

Reading 5560000-th SNP and testing association....

Reading 5570000-th SNP and testing association....

Reading 5580000-th SNP and testing association....

Reading 5590000-th SNP and testing association....

Reading 5600000-th SNP and testing association....

Reading 5610000-th SNP and testing association....

Reading 5620000-th SNP and testing association....

Reading 5630000-th SNP and testing association....

Reading 5640000-th SNP and testing association....

Reading 5650000-th SNP and testing association....

Reading 5660000-th SNP and testing association....

Reading 5670000-th SNP and testing association....

Reading 5680000-th SNP and testing association....

Reading 5690000-th SNP and testing association....

Reading 5700000-th SNP and testing association....

Reading 5710000-th SNP and testing association....

Reading 5720000-th SNP and testing association....

Reading 5730000-th SNP and testing association....

Reading 5740000-th SNP and testing association....

Reading 5750000-th SNP and testing association....

Reading 5760000-th SNP and testing association....

Reading 5770000-th SNP and testing association....

Reading 5780000-th SNP and testing association....

Reading 5790000-th SNP and testing association....

Reading 5800000-th SNP and testing association....

Reading 5810000-th SNP and testing association....

Reading 5820000-th SNP and testing association....

Reading 5830000-th SNP and testing association....

Reading 5840000-th SNP and testing association....

Reading 5850000-th SNP and testing association....

Reading 5860000-th SNP and testing association....

Reading 5870000-th SNP and testing association....

Reading 5880000-th SNP and testing association....

Reading 5890000-th SNP and testing association....

Reading 5900000-th SNP and testing association....

Reading 5910000-th SNP and testing association....

Reading 5920000-th SNP and testing association....

Reading 5930000-th SNP and testing association....

Reading 5940000-th SNP and testing association....

Reading 5950000-th SNP and testing association....

Reading 5960000-th SNP and testing association....

Reading 5970000-th SNP and testing association....

Reading 5980000-th SNP and testing association....

Reading 5990000-th SNP and testing association....

Reading 6000000-th SNP and testing association....

Reading 6010000-th SNP and testing association....

Reading 6020000-th SNP and testing association....

Reading 6030000-th SNP and testing association....

Reading 6040000-th SNP and testing association....

Reading 6050000-th SNP and testing association....

Reading 6060000-th SNP and testing association....

Reading 6070000-th SNP and testing association....

Reading 6080000-th SNP and testing association....

Reading 6090000-th SNP and testing association....

Reading 6100000-th SNP and testing association....

Reading 6110000-th SNP and testing association....

Reading 6120000-th SNP and testing association....

Reading 6130000-th SNP and testing association....

Reading 6140000-th SNP and testing association....

Reading 6150000-th SNP and testing association....

Reading 6160000-th SNP and testing association....

Reading 6170000-th SNP and testing association....

Reading 6180000-th SNP and testing association....

Reading 6190000-th SNP and testing association....

Reading 6200000-th SNP and testing association....

Reading 6210000-th SNP and testing association....

Reading 6220000-th SNP and testing association....

Reading 6230000-th SNP and testing association....

Reading 6240000-th SNP and testing association....

Reading 6250000-th SNP and testing association....

Reading 6260000-th SNP and testing association....

Reading 6270000-th SNP and testing association....

Reading 6280000-th SNP and testing association....

Reading 6290000-th SNP and testing association....

Reading 6300000-th SNP and testing association....

Reading 6310000-th SNP and testing association....

Reading 6320000-th SNP and testing association....

Reading 6330000-th SNP and testing association....

Reading 6340000-th SNP and testing association....

Reading 6350000-th SNP and testing association....

Reading 6360000-th SNP and testing association....

Reading 6370000-th SNP and testing association....

Reading 6380000-th SNP and testing association....

Reading 6390000-th SNP and testing association....

Reading 6400000-th SNP and testing association....

Reading 6410000-th SNP and testing association....

Reading 6420000-th SNP and testing association....

Reading 6430000-th SNP and testing association....

Reading 6440000-th SNP and testing association....

Reading 6450000-th SNP and testing association....

Reading 6460000-th SNP and testing association....

Reading 6470000-th SNP and testing association....

Reading 6480000-th SNP and testing association....

Reading 6490000-th SNP and testing association....

Reading 6500000-th SNP and testing association....

Reading 6510000-th SNP and testing association....

Reading 6520000-th SNP and testing association....

Reading 6530000-th SNP and testing association....

Reading 6540000-th SNP and testing association....

Reading 6550000-th SNP and testing association....

Reading 6560000-th SNP and testing association....

Reading 6570000-th SNP and testing association....

Reading 6580000-th SNP and testing association....

Reading 6590000-th SNP and testing association....

Reading 6600000-th SNP and testing association....

Reading 6610000-th SNP and testing association....

Reading 6620000-th SNP and testing association....

Reading 6630000-th SNP and testing association....

Reading 6640000-th SNP and testing association....

Reading 6650000-th SNP and testing association....

Reading 6660000-th SNP and testing association....

Reading 6670000-th SNP and testing association....

Reading 6680000-th SNP and testing association....

Reading 6690000-th SNP and testing association....

Reading 6700000-th SNP and testing association....

Reading 6710000-th SNP and testing association....

Reading 6720000-th SNP and testing association....

Reading 6730000-th SNP and testing association....

Reading 6740000-th SNP and testing association....

Reading 6750000-th SNP and testing association....

Reading 6760000-th SNP and testing association....

Reading 6770000-th SNP and testing association....

Reading 6780000-th SNP and testing association....

Reading 6790000-th SNP and testing association....

Reading 6800000-th SNP and testing association....

Reading 6810000-th SNP and testing association....

Reading 6820000-th SNP and testing association....

Reading 6830000-th SNP and testing association....

Reading 6840000-th SNP and testing association....

Reading 6850000-th SNP and testing association....

Reading 6860000-th SNP and testing association....

Reading 6870000-th SNP and testing association....

Reading 6880000-th SNP and testing association....

Reading 6890000-th SNP and testing association....

Reading 6900000-th SNP and testing association....

Reading 6910000-th SNP and testing association....

Reading 6920000-th SNP and testing association....

Reading 6930000-th SNP and testing association....

Reading 6940000-th SNP and testing association....

Reading 6950000-th SNP and testing association....

Reading 6960000-th SNP and testing association....

Reading 6970000-th SNP and testing association....

Reading 6980000-th SNP and testing association....

Reading 6990000-th SNP and testing association....

Reading 7000000-th SNP and testing association....

Reading 7010000-th SNP and testing association....

Reading 7020000-th SNP and testing association....

Reading 7030000-th SNP and testing association....

Reading 7040000-th SNP and testing association....

Reading 7050000-th SNP and testing association....

Reading 7060000-th SNP and testing association....

Reading 7070000-th SNP and testing association....

Reading 7080000-th SNP and testing association....

Reading 7090000-th SNP and testing association....

Reading 7100000-th SNP and testing association....

Reading 7110000-th SNP and testing association....

GLS association - elapsed CPU time is 1396.393554

Breakdown for input file parsing : 516.126619

              matrix computation : 672.014817

             p-value computation : 26.531181

