
Reading TFAM file /mnt/data/shahar/gwas_barley/morexV3_analysis/barley_for_publication_project/01_USED_GWAS_V2_pipeline/intermediates/morexV3_gwas_genotypes.tfam ....


Reading kinship file /mnt/data/shahar/gwas_barley/morexV3_analysis/barley_for_publication_project/01_USED_GWAS_V2_pipeline/intermediates/morexV3_kinship.aIBS.kinf...

  290 rows and 290 columns were observed with 0 missing values.


Reading the phenotype file /mnt/data/shahar/gwas_barley/data/inputs/starch_corrected_V3.pheno...

  290 rows and 1 columns were observed with 0 missing values


Reading covariate file /mnt/data/shahar/gwas_barley/morexV3_analysis/barley_for_publication_project/01_USED_GWAS_V2_pipeline/intermediates/covariates/pca_pc3.cov...

  290 rows and 3 columns were observed with 0 missing values. Make sure that the intercept is included in the covariates

File reading - elapsed CPU time is 0.054334

eRvals[0] = 0.024260, eRvals[n-q-1] = 194.919044, eRvals[n-q] = 0.000000
eigen_R - elapsed CPU time is 0.079783
etas[0] = 1.531606, lambdas[0] = 0.024260
etas[1] = -0.561157, lambdas[1] = 0.028012
etas[2] = 1.076414, lambdas[2] = 0.029349
etas[3] = -0.335928, lambdas[3] = 0.029685
etas[4] = 0.707389, lambdas[4] = 0.030250
etas[5] = -1.869413, lambdas[5] = 0.031062
etas[6] = 0.875044, lambdas[6] = 0.032120
etas[7] = 0.998899, lambdas[7] = 0.032463
etas[8] = 1.233057, lambdas[8] = 0.032705
etas[9] = -0.713494, lambdas[9] = 0.033161
etas[10] = -1.010396, lambdas[10] = 0.033914
etas[11] = -2.114805, lambdas[11] = 0.034581
etas[12] = -1.339651, lambdas[12] = 0.034932
etas[13] = 2.416082, lambdas[13] = 0.035258
etas[14] = 0.127962, lambdas[14] = 0.035632
etas[15] = -0.402132, lambdas[15] = 0.037092
etas[16] = 2.029215, lambdas[16] = 0.037619
etas[17] = -0.309145, lambdas[17] = 0.038082
etas[18] = 0.103025, lambdas[18] = 0.038669
etas[19] = -0.452793, lambdas[19] = 0.039170
etas[20] = -1.985383, lambdas[20] = 0.039653
etas[21] = -0.787892, lambdas[21] = 0.040239
etas[22] = 2.844615, lambdas[22] = 0.040520
etas[23] = 0.069836, lambdas[23] = 0.041180
etas[24] = 0.344021, lambdas[24] = 0.041463
etas[25] = 3.698161, lambdas[25] = 0.041825
etas[26] = -1.040111, lambdas[26] = 0.041969
etas[27] = 1.476791, lambdas[27] = 0.042254
etas[28] = 2.905998, lambdas[28] = 0.042448
etas[29] = -0.942259, lambdas[29] = 0.043254
etas[30] = -0.854537, lambdas[30] = 0.043752
etas[31] = -0.680075, lambdas[31] = 0.043932
etas[32] = 0.680291, lambdas[32] = 0.044270
etas[33] = 1.434897, lambdas[33] = 0.044491
etas[34] = -1.046042, lambdas[34] = 0.044741
etas[35] = -0.273015, lambdas[35] = 0.045007
etas[36] = 1.637185, lambdas[36] = 0.045273
etas[37] = -1.506245, lambdas[37] = 0.045708
etas[38] = 1.340631, lambdas[38] = 0.045954
etas[39] = 0.051349, lambdas[39] = 0.046077
etas[40] = 1.225716, lambdas[40] = 0.046260
etas[41] = 2.683487, lambdas[41] = 0.046463
etas[42] = 0.936777, lambdas[42] = 0.046590
etas[43] = 0.105300, lambdas[43] = 0.047040
etas[44] = -1.294236, lambdas[44] = 0.047273
etas[45] = 0.776339, lambdas[45] = 0.047366
etas[46] = -0.510921, lambdas[46] = 0.047463
etas[47] = 0.316656, lambdas[47] = 0.047935
etas[48] = -2.371311, lambdas[48] = 0.048190
etas[49] = 1.703636, lambdas[49] = 0.048584
etas[50] = 0.803041, lambdas[50] = 0.048767
etas[51] = 1.989449, lambdas[51] = 0.049458
etas[52] = 1.411699, lambdas[52] = 0.049683
etas[53] = 1.473080, lambdas[53] = 0.049964
etas[54] = -1.309148, lambdas[54] = 0.050489
etas[55] = 2.792707, lambdas[55] = 0.050613
etas[56] = -0.403782, lambdas[56] = 0.050799
etas[57] = 1.092953, lambdas[57] = 0.051002
etas[58] = -2.834748, lambdas[58] = 0.051252
etas[59] = 1.549941, lambdas[59] = 0.051781
etas[60] = -1.004202, lambdas[60] = 0.052313
etas[61] = -1.658367, lambdas[61] = 0.052603
etas[62] = 0.685839, lambdas[62] = 0.053507
etas[63] = -2.557061, lambdas[63] = 0.054069
etas[64] = -0.535103, lambdas[64] = 0.054200
etas[65] = 3.070646, lambdas[65] = 0.054556
etas[66] = 0.807839, lambdas[66] = 0.055528
etas[67] = 0.242039, lambdas[67] = 0.056656
etas[68] = -1.413762, lambdas[68] = 0.057829
etas[69] = -1.580727, lambdas[69] = 0.059866
etas[70] = -1.392259, lambdas[70] = 0.060192
etas[71] = 2.267294, lambdas[71] = 0.066667
etas[72] = -0.027137, lambdas[72] = 0.080309
etas[73] = 0.875933, lambdas[73] = 0.092885
etas[74] = 0.770704, lambdas[74] = 0.095636
etas[75] = 0.593858, lambdas[75] = 0.096461
etas[76] = 0.304941, lambdas[76] = 0.096948
etas[77] = -6.498870, lambdas[77] = 0.098023
etas[78] = -1.914524, lambdas[78] = 0.099519
etas[79] = -3.473384, lambdas[79] = 0.117756
etas[80] = -1.416214, lambdas[80] = 0.126786
etas[81] = 4.211354, lambdas[81] = 0.130090
etas[82] = 4.442958, lambdas[82] = 0.132676
etas[83] = 1.092957, lambdas[83] = 0.138672
etas[84] = 2.695390, lambdas[84] = 0.142430
etas[85] = 0.021057, lambdas[85] = 0.145815
etas[86] = -0.690426, lambdas[86] = 0.149577
etas[87] = 0.991836, lambdas[87] = 0.149834
etas[88] = 0.435015, lambdas[88] = 0.154063
etas[89] = 5.615493, lambdas[89] = 0.155408
etas[90] = 1.219525, lambdas[90] = 0.156186
etas[91] = 4.715212, lambdas[91] = 0.158992
etas[92] = 2.055583, lambdas[92] = 0.160842
etas[93] = -3.409405, lambdas[93] = 0.163790
etas[94] = -1.440749, lambdas[94] = 0.166532
etas[95] = -1.877849, lambdas[95] = 0.167180
etas[96] = 1.581288, lambdas[96] = 0.167688
etas[97] = 3.082489, lambdas[97] = 0.170962
etas[98] = -0.641803, lambdas[98] = 0.171721
etas[99] = -4.333180, lambdas[99] = 0.173140
etas[100] = -1.290936, lambdas[100] = 0.173647
etas[101] = -0.300960, lambdas[101] = 0.174515
etas[102] = -2.179572, lambdas[102] = 0.178095
etas[103] = 5.115407, lambdas[103] = 0.178423
etas[104] = 3.278731, lambdas[104] = 0.178963
etas[105] = 1.496159, lambdas[105] = 0.179234
etas[106] = -4.599257, lambdas[106] = 0.180636
etas[107] = 1.078575, lambdas[107] = 0.181244
etas[108] = 2.225603, lambdas[108] = 0.182516
etas[109] = -0.149077, lambdas[109] = 0.183875
etas[110] = -0.503315, lambdas[110] = 0.184300
etas[111] = -0.184923, lambdas[111] = 0.185829
etas[112] = -0.096757, lambdas[112] = 0.186669
etas[113] = -1.809655, lambdas[113] = 0.187019
etas[114] = -6.015302, lambdas[114] = 0.188205
etas[115] = 3.295119, lambdas[115] = 0.188856
etas[116] = 1.559715, lambdas[116] = 0.189369
etas[117] = -3.174339, lambdas[117] = 0.190896
etas[118] = 6.787650, lambdas[118] = 0.191161
etas[119] = -0.207538, lambdas[119] = 0.191779
etas[120] = 7.227957, lambdas[120] = 0.193039
etas[121] = 2.475544, lambdas[121] = 0.193311
etas[122] = -6.160813, lambdas[122] = 0.194000
etas[123] = 4.807159, lambdas[123] = 0.194478
etas[124] = 0.954545, lambdas[124] = 0.195600
etas[125] = 3.262301, lambdas[125] = 0.196220
etas[126] = 4.743930, lambdas[126] = 0.197160
etas[127] = -1.412605, lambdas[127] = 0.197891
etas[128] = 1.571082, lambdas[128] = 0.197959
etas[129] = 7.280564, lambdas[129] = 0.198581
etas[130] = -2.815850, lambdas[130] = 0.199157
etas[131] = 0.624627, lambdas[131] = 0.199776
etas[132] = 1.381152, lambdas[132] = 0.200349
etas[133] = 2.824977, lambdas[133] = 0.201771
etas[134] = 6.643610, lambdas[134] = 0.202281
etas[135] = 6.817236, lambdas[135] = 0.202816
etas[136] = 1.428641, lambdas[136] = 0.203484
etas[137] = 0.063636, lambdas[137] = 0.204127
etas[138] = 2.862423, lambdas[138] = 0.204388
etas[139] = -0.426266, lambdas[139] = 0.205450
etas[140] = -0.778917, lambdas[140] = 0.206805
etas[141] = 4.075963, lambdas[141] = 0.207800
etas[142] = -2.998332, lambdas[142] = 0.208111
etas[143] = 0.301856, lambdas[143] = 0.208788
etas[144] = -0.489834, lambdas[144] = 0.209704
etas[145] = -5.336787, lambdas[145] = 0.210428
etas[146] = -1.514306, lambdas[146] = 0.211797
etas[147] = 0.790012, lambdas[147] = 0.212004
etas[148] = 1.474270, lambdas[148] = 0.213189
etas[149] = 2.855580, lambdas[149] = 0.213416
etas[150] = -0.544012, lambdas[150] = 0.214154
etas[151] = -1.813445, lambdas[151] = 0.214870
etas[152] = -0.723532, lambdas[152] = 0.215258
etas[153] = 0.431674, lambdas[153] = 0.215711
etas[154] = -0.719897, lambdas[154] = 0.216341
etas[155] = 1.144037, lambdas[155] = 0.217000
etas[156] = -2.961541, lambdas[156] = 0.217696
etas[157] = 0.370839, lambdas[157] = 0.217933
etas[158] = 5.650346, lambdas[158] = 0.219226
etas[159] = 4.463910, lambdas[159] = 0.219522
etas[160] = -2.029577, lambdas[160] = 0.220127
etas[161] = 0.463283, lambdas[161] = 0.221317
etas[162] = -4.863941, lambdas[162] = 0.222125
etas[163] = 3.595411, lambdas[163] = 0.222611
etas[164] = 6.310172, lambdas[164] = 0.223420
etas[165] = 0.462816, lambdas[165] = 0.225432
etas[166] = 0.174379, lambdas[166] = 0.225686
etas[167] = -1.258942, lambdas[167] = 0.226155
etas[168] = 4.067314, lambdas[168] = 0.226601
etas[169] = 1.742008, lambdas[169] = 0.227819
etas[170] = -0.959728, lambdas[170] = 0.227993
etas[171] = 0.773163, lambdas[171] = 0.228986
etas[172] = -1.745391, lambdas[172] = 0.229859
etas[173] = 4.818194, lambdas[173] = 0.230018
etas[174] = 2.398102, lambdas[174] = 0.230418
etas[175] = 7.581633, lambdas[175] = 0.231485
etas[176] = -11.746177, lambdas[176] = 0.232308
etas[177] = -2.196330, lambdas[177] = 0.232828
etas[178] = 5.703797, lambdas[178] = 0.233380
etas[179] = 2.480813, lambdas[179] = 0.234614
etas[180] = -1.309523, lambdas[180] = 0.235109
etas[181] = -1.907163, lambdas[181] = 0.236166
etas[182] = 8.035124, lambdas[182] = 0.237265
etas[183] = 0.192743, lambdas[183] = 0.237873
etas[184] = -4.900155, lambdas[184] = 0.239395
etas[185] = -0.537905, lambdas[185] = 0.240269
etas[186] = -1.780141, lambdas[186] = 0.240861
etas[187] = -0.651718, lambdas[187] = 0.241511
etas[188] = 1.853563, lambdas[188] = 0.241737
etas[189] = -0.823242, lambdas[189] = 0.242264
etas[190] = 2.906161, lambdas[190] = 0.243888
etas[191] = -2.031431, lambdas[191] = 0.244293
etas[192] = 6.168873, lambdas[192] = 0.245443
etas[193] = -1.790506, lambdas[193] = 0.245737
etas[194] = 1.174321, lambdas[194] = 0.246314
etas[195] = 3.847497, lambdas[195] = 0.247403
etas[196] = 2.903466, lambdas[196] = 0.247958
etas[197] = -0.457862, lambdas[197] = 0.248539
etas[198] = -0.059269, lambdas[198] = 0.249388
etas[199] = -1.176194, lambdas[199] = 0.250799
etas[200] = 3.392375, lambdas[200] = 0.250925
etas[201] = 4.018560, lambdas[201] = 0.253531
etas[202] = -1.662439, lambdas[202] = 0.253957
etas[203] = -1.323105, lambdas[203] = 0.254492
etas[204] = 10.238563, lambdas[204] = 0.255347
etas[205] = -5.643190, lambdas[205] = 0.255870
etas[206] = -7.696689, lambdas[206] = 0.257696
etas[207] = 9.377871, lambdas[207] = 0.258348
etas[208] = -0.784912, lambdas[208] = 0.258523
etas[209] = 0.186806, lambdas[209] = 0.258666
etas[210] = 1.219785, lambdas[210] = 0.259935
etas[211] = -2.793691, lambdas[211] = 0.260634
etas[212] = 9.160015, lambdas[212] = 0.262406
etas[213] = -2.439270, lambdas[213] = 0.263085
etas[214] = -8.742923, lambdas[214] = 0.263368
etas[215] = -4.585862, lambdas[215] = 0.264189
etas[216] = -3.067719, lambdas[216] = 0.265374
etas[217] = 5.138267, lambdas[217] = 0.265989
etas[218] = -0.069288, lambdas[218] = 0.267079
etas[219] = 7.901675, lambdas[219] = 0.268230
etas[220] = 5.460821, lambdas[220] = 0.269888
etas[221] = -1.207980, lambdas[221] = 0.271952
etas[222] = -5.736061, lambdas[222] = 0.272659
etas[223] = 3.022813, lambdas[223] = 0.274146
etas[224] = 4.490370, lambdas[224] = 0.277201
etas[225] = 3.484834, lambdas[225] = 0.279836
etas[226] = -5.013541, lambdas[226] = 0.281303
etas[227] = 0.310653, lambdas[227] = 0.283196
etas[228] = -4.353352, lambdas[228] = 0.284193
etas[229] = -4.728473, lambdas[229] = 0.286465
etas[230] = -1.305376, lambdas[230] = 0.286696
etas[231] = -5.480564, lambdas[231] = 0.287974
etas[232] = 3.081229, lambdas[232] = 0.290693
etas[233] = 2.324096, lambdas[233] = 0.291832
etas[234] = -0.571491, lambdas[234] = 0.293082
etas[235] = -5.544132, lambdas[235] = 0.296440
etas[236] = -0.946250, lambdas[236] = 0.300196
etas[237] = -2.516059, lambdas[237] = 0.301455
etas[238] = -0.636824, lambdas[238] = 0.304126
etas[239] = -2.255705, lambdas[239] = 0.308258
etas[240] = -6.857204, lambdas[240] = 0.318900
etas[241] = -6.177053, lambdas[241] = 0.323696
etas[242] = -0.901753, lambdas[242] = 0.329568
etas[243] = -4.154714, lambdas[243] = 0.332646
etas[244] = 2.234975, lambdas[244] = 0.337231
etas[245] = -4.460425, lambdas[245] = 0.339015
etas[246] = -4.444262, lambdas[246] = 0.344884
etas[247] = -6.274878, lambdas[247] = 0.352159
etas[248] = 9.669520, lambdas[248] = 0.360261
etas[249] = 0.583404, lambdas[249] = 0.364910
etas[250] = 2.919817, lambdas[250] = 0.394015
etas[251] = 2.621890, lambdas[251] = 0.405418
etas[252] = 13.287629, lambdas[252] = 0.409897
etas[253] = -1.929268, lambdas[253] = 0.418070
etas[254] = -5.526915, lambdas[254] = 0.428056
etas[255] = 2.258065, lambdas[255] = 0.435557
etas[256] = 4.553584, lambdas[256] = 0.444575
etas[257] = -0.682216, lambdas[257] = 0.448919
etas[258] = -0.099231, lambdas[258] = 0.471784
etas[259] = 3.941039, lambdas[259] = 0.482764
etas[260] = 2.594025, lambdas[260] = 0.492819
etas[261] = -5.776539, lambdas[261] = 0.500117
etas[262] = -5.649237, lambdas[262] = 0.520012
etas[263] = 1.626655, lambdas[263] = 0.561475
etas[264] = 7.344060, lambdas[264] = 0.577673
etas[265] = 5.986937, lambdas[265] = 0.588074
etas[266] = -9.011260, lambdas[266] = 0.606532
etas[267] = 4.972879, lambdas[267] = 0.618411
etas[268] = 2.209731, lambdas[268] = 0.638991
etas[269] = -1.972727, lambdas[269] = 0.652849
etas[270] = -5.325523, lambdas[270] = 0.654533
etas[271] = -5.605014, lambdas[271] = 0.723663
etas[272] = -1.432834, lambdas[272] = 0.742652
etas[273] = -5.067173, lambdas[273] = 0.756600
etas[274] = -14.297063, lambdas[274] = 0.849408
etas[275] = 1.086187, lambdas[275] = 0.854678
etas[276] = 11.475349, lambdas[276] = 0.902962
etas[277] = -5.146987, lambdas[277] = 1.010361
etas[278] = -1.661913, lambdas[278] = 1.018749
etas[279] = -0.472907, lambdas[279] = 1.107579
etas[280] = -14.942080, lambdas[280] = 1.151074
etas[281] = 0.882507, lambdas[281] = 1.284806
etas[282] = 2.906515, lambdas[282] = 1.450214
etas[283] = -6.428449, lambdas[283] = 1.538245
etas[284] = 7.739877, lambdas[284] = 1.655926
etas[285] = -8.009491, lambdas[285] = 1.732079
etas[286] = 0.577451, lambdas[286] = 194.919044
0	-88.687328	-88.763073	-739.649029
1	-88.763073	-88.855461	-739.649921
2	-88.855461	-88.968117	-739.651011
3	-88.968117	-89.105435	-739.652345
4	-89.105435	-89.272738	-739.653975
5	-89.272738	-89.476462	-739.655971
6	-89.476462	-89.724369	-739.658413
7	-89.724369	-90.025793	-739.661403
8	-90.025793	-90.391920	-739.665066
9	-90.391920	-90.836096	-739.669558
10	-90.836096	-91.374153	-739.675068
11	-91.374153	-92.024749	-739.681834
12	-92.024749	-92.809673	-739.690153
13	-92.809673	-93.754093	-739.700393
14	-93.754093	-94.886662	-739.713017
15	-94.886662	-96.239388	-739.728608
16	-96.239388	-97.847123	-739.747903
17	-97.847123	-99.746483	-739.771834
18	-99.746483	-101.973950	-739.801592
19	-101.973950	-104.562873	-739.838699
20	-104.562873	-107.539050	-739.885105
21	-107.539050	-110.914624	-739.943315
22	-110.914624	-114.680144	-740.016546
23	-114.680144	-118.794956	-740.108921
24	-118.794956	-123.176545	-740.225699
25	-123.176545	-127.690165	-740.373536
26	-127.690165	-132.140905	-740.560764
27	-132.140905	-136.271141	-740.797645
28	-136.271141	-139.766661	-741.096561
29	-139.766661	-142.274343	-741.472070
30	-142.274343	-143.432595	-741.940729
31	-143.432595	-142.912838	-742.520613
32	-142.912838	-140.466646	-743.230449
33	-140.466646	-135.969823	-744.088376
34	-135.969823	-129.453212	-745.110379
35	-129.453212	-121.111553	-746.308569
36	-121.111553	-111.286363	-747.689564
37	-111.286363	-100.425260	-749.253235
38	-100.425260	-89.026214	-750.992073
39	-89.026214	-77.578604	-752.891322
40	-77.578604	-66.512637	-754.929857
41	-66.512637	-56.165191	-757.081657
42	-56.165191	-46.765107	-759.317607
43	-46.765107	-38.436102	-761.607297
44	-38.436102	-31.212365	-763.920585
45	-31.212365	-25.060652	-766.228722
46	-25.060652	-19.903359	-768.505034
47	-19.903359	-15.638640	-770.725221
48	-15.638640	-12.155631	-772.867443
49	-12.155631	-9.344510	-774.912350
50	-9.344510	-7.102224	-776.843184
51	-7.102224	-5.335174	-778.646006
52	-5.335174	-3.960079	-780.310005
53	-3.960079	-2.903946	-781.827804
54	-2.903946	-2.103676	-783.195668
55	-2.103676	-1.505537	-784.413509
56	-1.505537	-1.064550	-785.484670
57	-1.064550	-0.743773	-786.415489
58	-0.743773	-0.513472	-787.214701
59	-0.513472	-0.350209	-787.892763
60	-0.350209	-0.235879	-788.461170
61	-0.235879	-0.156765	-788.931835
62	-0.156765	-0.102661	-789.316574
63	-0.102661	-0.066103	-789.626716
64	-0.066103	-0.041708	-789.872835
65	-0.041708	-0.025653	-790.064590
66	-0.025653	-0.015250	-790.210656
67	-0.015250	-0.008635	-790.318721
68	-0.008635	-0.004526	-790.395528
69	-0.004526	-0.002054	-790.446941
70	-0.002054	-0.000630	-790.478026
71	-0.000630	0.000135	-790.493133
72	0.000135	0.000499	-790.495974
73	0.000499	0.000627	-790.489694
74	0.000627	0.000627	-790.476929
75	0.000627	0.000562	-790.459859
76	0.000562	0.000473	-790.440251
77	0.000473	0.000380	-790.419503
78	0.000380	0.000296	-790.398683
79	0.000296	0.000225	-790.378569
80	0.000225	0.000167	-790.359695
81	0.000167	0.000122	-790.342390
82	0.000122	0.000088	-790.326820
83	0.000088	0.000062	-790.313029
84	0.000062	0.000044	-790.300972
85	0.000044	0.000031	-790.290547
86	0.000031	0.000021	-790.281615
87	0.000021	0.000015	-790.274022
88	0.000015	0.000010	-790.267608
89	0.000010	0.000007	-790.262219
90	0.000007	0.000005	-790.257712
91	0.000005	0.000003	-790.253956
92	0.000003	0.000002	-790.250837
93	0.000002	0.000001	-790.248252
94	0.000001	0.000001	-790.246115
95	0.000001	0.000001	-790.244351
96	0.000001	0.000000	-790.242898
97	0.000000	0.000000	-790.241701
98	0.000000	0.000000	-790.240717
99	0.000000	0.000000	-790.239908
REMLE (delta=0.000045, REML=-739.649029, REML0=-790.236222)- elapsed CPU time is 0.043906
eigen_L - elapsed CPU time is 0.038370


Reading TPED file /mnt/data/shahar/gwas_barley/morexV3_analysis/barley_for_publication_project/01_USED_GWAS_V2_pipeline/intermediates/morexV3_gwas_genotypes...

Reading 0-th SNP and testing association....

Reading 10000-th SNP and testing association....

Reading 20000-th SNP and testing association....

Reading 30000-th SNP and testing association....

Reading 40000-th SNP and testing association....

Reading 50000-th SNP and testing association....

Reading 60000-th SNP and testing association....

Reading 70000-th SNP and testing association....

Reading 80000-th SNP and testing association....

Reading 90000-th SNP and testing association....

Reading 100000-th SNP and testing association....

Reading 110000-th SNP and testing association....

Reading 120000-th SNP and testing association....

Reading 130000-th SNP and testing association....

Reading 140000-th SNP and testing association....

Reading 150000-th SNP and testing association....

Reading 160000-th SNP and testing association....

Reading 170000-th SNP and testing association....

Reading 180000-th SNP and testing association....

Reading 190000-th SNP and testing association....

Reading 200000-th SNP and testing association....

Reading 210000-th SNP and testing association....

Reading 220000-th SNP and testing association....

Reading 230000-th SNP and testing association....

Reading 240000-th SNP and testing association....

Reading 250000-th SNP and testing association....

Reading 260000-th SNP and testing association....

Reading 270000-th SNP and testing association....

Reading 280000-th SNP and testing association....

Reading 290000-th SNP and testing association....

Reading 300000-th SNP and testing association....

Reading 310000-th SNP and testing association....

Reading 320000-th SNP and testing association....

Reading 330000-th SNP and testing association....

Reading 340000-th SNP and testing association....

Reading 350000-th SNP and testing association....

Reading 360000-th SNP and testing association....

Reading 370000-th SNP and testing association....

Reading 380000-th SNP and testing association....

Reading 390000-th SNP and testing association....

Reading 400000-th SNP and testing association....

Reading 410000-th SNP and testing association....

Reading 420000-th SNP and testing association....

Reading 430000-th SNP and testing association....

Reading 440000-th SNP and testing association....

Reading 450000-th SNP and testing association....

Reading 460000-th SNP and testing association....

Reading 470000-th SNP and testing association....

Reading 480000-th SNP and testing association....

Reading 490000-th SNP and testing association....

Reading 500000-th SNP and testing association....

Reading 510000-th SNP and testing association....

Reading 520000-th SNP and testing association....

Reading 530000-th SNP and testing association....

Reading 540000-th SNP and testing association....

Reading 550000-th SNP and testing association....

Reading 560000-th SNP and testing association....

Reading 570000-th SNP and testing association....

Reading 580000-th SNP and testing association....

Reading 590000-th SNP and testing association....

Reading 600000-th SNP and testing association....

Reading 610000-th SNP and testing association....

Reading 620000-th SNP and testing association....

Reading 630000-th SNP and testing association....

Reading 640000-th SNP and testing association....

Reading 650000-th SNP and testing association....

Reading 660000-th SNP and testing association....

Reading 670000-th SNP and testing association....

Reading 680000-th SNP and testing association....

Reading 690000-th SNP and testing association....

Reading 700000-th SNP and testing association....

Reading 710000-th SNP and testing association....

Reading 720000-th SNP and testing association....

Reading 730000-th SNP and testing association....

Reading 740000-th SNP and testing association....

Reading 750000-th SNP and testing association....

Reading 760000-th SNP and testing association....

Reading 770000-th SNP and testing association....

Reading 780000-th SNP and testing association....

Reading 790000-th SNP and testing association....

Reading 800000-th SNP and testing association....

Reading 810000-th SNP and testing association....

Reading 820000-th SNP and testing association....

Reading 830000-th SNP and testing association....

Reading 840000-th SNP and testing association....

Reading 850000-th SNP and testing association....

Reading 860000-th SNP and testing association....

Reading 870000-th SNP and testing association....

Reading 880000-th SNP and testing association....

Reading 890000-th SNP and testing association....

Reading 900000-th SNP and testing association....

Reading 910000-th SNP and testing association....

Reading 920000-th SNP and testing association....

Reading 930000-th SNP and testing association....

Reading 940000-th SNP and testing association....

Reading 950000-th SNP and testing association....

Reading 960000-th SNP and testing association....

Reading 970000-th SNP and testing association....

Reading 980000-th SNP and testing association....

Reading 990000-th SNP and testing association....

Reading 1000000-th SNP and testing association....

Reading 1010000-th SNP and testing association....

Reading 1020000-th SNP and testing association....

Reading 1030000-th SNP and testing association....

Reading 1040000-th SNP and testing association....

Reading 1050000-th SNP and testing association....

Reading 1060000-th SNP and testing association....

Reading 1070000-th SNP and testing association....

Reading 1080000-th SNP and testing association....

Reading 1090000-th SNP and testing association....

Reading 1100000-th SNP and testing association....

Reading 1110000-th SNP and testing association....

Reading 1120000-th SNP and testing association....

Reading 1130000-th SNP and testing association....

Reading 1140000-th SNP and testing association....

Reading 1150000-th SNP and testing association....

Reading 1160000-th SNP and testing association....

Reading 1170000-th SNP and testing association....

Reading 1180000-th SNP and testing association....

Reading 1190000-th SNP and testing association....

Reading 1200000-th SNP and testing association....

Reading 1210000-th SNP and testing association....

Reading 1220000-th SNP and testing association....

Reading 1230000-th SNP and testing association....

Reading 1240000-th SNP and testing association....

Reading 1250000-th SNP and testing association....

Reading 1260000-th SNP and testing association....

Reading 1270000-th SNP and testing association....

Reading 1280000-th SNP and testing association....

Reading 1290000-th SNP and testing association....

Reading 1300000-th SNP and testing association....

Reading 1310000-th SNP and testing association....

Reading 1320000-th SNP and testing association....

Reading 1330000-th SNP and testing association....

Reading 1340000-th SNP and testing association....

Reading 1350000-th SNP and testing association....

Reading 1360000-th SNP and testing association....

Reading 1370000-th SNP and testing association....

Reading 1380000-th SNP and testing association....

Reading 1390000-th SNP and testing association....

Reading 1400000-th SNP and testing association....

Reading 1410000-th SNP and testing association....

Reading 1420000-th SNP and testing association....

Reading 1430000-th SNP and testing association....

Reading 1440000-th SNP and testing association....

Reading 1450000-th SNP and testing association....

Reading 1460000-th SNP and testing association....

Reading 1470000-th SNP and testing association....

Reading 1480000-th SNP and testing association....

Reading 1490000-th SNP and testing association....

Reading 1500000-th SNP and testing association....

Reading 1510000-th SNP and testing association....

Reading 1520000-th SNP and testing association....

Reading 1530000-th SNP and testing association....

Reading 1540000-th SNP and testing association....

Reading 1550000-th SNP and testing association....

Reading 1560000-th SNP and testing association....

Reading 1570000-th SNP and testing association....

Reading 1580000-th SNP and testing association....

Reading 1590000-th SNP and testing association....

Reading 1600000-th SNP and testing association....

Reading 1610000-th SNP and testing association....

Reading 1620000-th SNP and testing association....

Reading 1630000-th SNP and testing association....

Reading 1640000-th SNP and testing association....

Reading 1650000-th SNP and testing association....

Reading 1660000-th SNP and testing association....

Reading 1670000-th SNP and testing association....

Reading 1680000-th SNP and testing association....

Reading 1690000-th SNP and testing association....

Reading 1700000-th SNP and testing association....

Reading 1710000-th SNP and testing association....

Reading 1720000-th SNP and testing association....

Reading 1730000-th SNP and testing association....

Reading 1740000-th SNP and testing association....

Reading 1750000-th SNP and testing association....

Reading 1760000-th SNP and testing association....

Reading 1770000-th SNP and testing association....

Reading 1780000-th SNP and testing association....

Reading 1790000-th SNP and testing association....

Reading 1800000-th SNP and testing association....

Reading 1810000-th SNP and testing association....

Reading 1820000-th SNP and testing association....

Reading 1830000-th SNP and testing association....

Reading 1840000-th SNP and testing association....

Reading 1850000-th SNP and testing association....

Reading 1860000-th SNP and testing association....

Reading 1870000-th SNP and testing association....

Reading 1880000-th SNP and testing association....

Reading 1890000-th SNP and testing association....

Reading 1900000-th SNP and testing association....

Reading 1910000-th SNP and testing association....

Reading 1920000-th SNP and testing association....

Reading 1930000-th SNP and testing association....

Reading 1940000-th SNP and testing association....

Reading 1950000-th SNP and testing association....

Reading 1960000-th SNP and testing association....

Reading 1970000-th SNP and testing association....

Reading 1980000-th SNP and testing association....

Reading 1990000-th SNP and testing association....

Reading 2000000-th SNP and testing association....

Reading 2010000-th SNP and testing association....

Reading 2020000-th SNP and testing association....

Reading 2030000-th SNP and testing association....

Reading 2040000-th SNP and testing association....

Reading 2050000-th SNP and testing association....

Reading 2060000-th SNP and testing association....

Reading 2070000-th SNP and testing association....

Reading 2080000-th SNP and testing association....

Reading 2090000-th SNP and testing association....

Reading 2100000-th SNP and testing association....

Reading 2110000-th SNP and testing association....

Reading 2120000-th SNP and testing association....

Reading 2130000-th SNP and testing association....

Reading 2140000-th SNP and testing association....

Reading 2150000-th SNP and testing association....

Reading 2160000-th SNP and testing association....

Reading 2170000-th SNP and testing association....

Reading 2180000-th SNP and testing association....

Reading 2190000-th SNP and testing association....

Reading 2200000-th SNP and testing association....

Reading 2210000-th SNP and testing association....

Reading 2220000-th SNP and testing association....

Reading 2230000-th SNP and testing association....

Reading 2240000-th SNP and testing association....

Reading 2250000-th SNP and testing association....

Reading 2260000-th SNP and testing association....

Reading 2270000-th SNP and testing association....

Reading 2280000-th SNP and testing association....

Reading 2290000-th SNP and testing association....

Reading 2300000-th SNP and testing association....

Reading 2310000-th SNP and testing association....

Reading 2320000-th SNP and testing association....

Reading 2330000-th SNP and testing association....

Reading 2340000-th SNP and testing association....

Reading 2350000-th SNP and testing association....

Reading 2360000-th SNP and testing association....

Reading 2370000-th SNP and testing association....

Reading 2380000-th SNP and testing association....

Reading 2390000-th SNP and testing association....

Reading 2400000-th SNP and testing association....

Reading 2410000-th SNP and testing association....

Reading 2420000-th SNP and testing association....

Reading 2430000-th SNP and testing association....

Reading 2440000-th SNP and testing association....

Reading 2450000-th SNP and testing association....

Reading 2460000-th SNP and testing association....

Reading 2470000-th SNP and testing association....

Reading 2480000-th SNP and testing association....

Reading 2490000-th SNP and testing association....

Reading 2500000-th SNP and testing association....

Reading 2510000-th SNP and testing association....

Reading 2520000-th SNP and testing association....

Reading 2530000-th SNP and testing association....

Reading 2540000-th SNP and testing association....

Reading 2550000-th SNP and testing association....

Reading 2560000-th SNP and testing association....

Reading 2570000-th SNP and testing association....

Reading 2580000-th SNP and testing association....

Reading 2590000-th SNP and testing association....

Reading 2600000-th SNP and testing association....

Reading 2610000-th SNP and testing association....

Reading 2620000-th SNP and testing association....

Reading 2630000-th SNP and testing association....

Reading 2640000-th SNP and testing association....

Reading 2650000-th SNP and testing association....

Reading 2660000-th SNP and testing association....

Reading 2670000-th SNP and testing association....

Reading 2680000-th SNP and testing association....

Reading 2690000-th SNP and testing association....

Reading 2700000-th SNP and testing association....

Reading 2710000-th SNP and testing association....

Reading 2720000-th SNP and testing association....

Reading 2730000-th SNP and testing association....

Reading 2740000-th SNP and testing association....

Reading 2750000-th SNP and testing association....

Reading 2760000-th SNP and testing association....

Reading 2770000-th SNP and testing association....

Reading 2780000-th SNP and testing association....

Reading 2790000-th SNP and testing association....

Reading 2800000-th SNP and testing association....

Reading 2810000-th SNP and testing association....

Reading 2820000-th SNP and testing association....

Reading 2830000-th SNP and testing association....

Reading 2840000-th SNP and testing association....

Reading 2850000-th SNP and testing association....

Reading 2860000-th SNP and testing association....

Reading 2870000-th SNP and testing association....

Reading 2880000-th SNP and testing association....

Reading 2890000-th SNP and testing association....

Reading 2900000-th SNP and testing association....

Reading 2910000-th SNP and testing association....

Reading 2920000-th SNP and testing association....

Reading 2930000-th SNP and testing association....

Reading 2940000-th SNP and testing association....

Reading 2950000-th SNP and testing association....

Reading 2960000-th SNP and testing association....

Reading 2970000-th SNP and testing association....

Reading 2980000-th SNP and testing association....

Reading 2990000-th SNP and testing association....

Reading 3000000-th SNP and testing association....

Reading 3010000-th SNP and testing association....

Reading 3020000-th SNP and testing association....

Reading 3030000-th SNP and testing association....

Reading 3040000-th SNP and testing association....

Reading 3050000-th SNP and testing association....

Reading 3060000-th SNP and testing association....

Reading 3070000-th SNP and testing association....

Reading 3080000-th SNP and testing association....

Reading 3090000-th SNP and testing association....

Reading 3100000-th SNP and testing association....

Reading 3110000-th SNP and testing association....

Reading 3120000-th SNP and testing association....

Reading 3130000-th SNP and testing association....

Reading 3140000-th SNP and testing association....

Reading 3150000-th SNP and testing association....

Reading 3160000-th SNP and testing association....

Reading 3170000-th SNP and testing association....

Reading 3180000-th SNP and testing association....

Reading 3190000-th SNP and testing association....

Reading 3200000-th SNP and testing association....

Reading 3210000-th SNP and testing association....

Reading 3220000-th SNP and testing association....

Reading 3230000-th SNP and testing association....

Reading 3240000-th SNP and testing association....

Reading 3250000-th SNP and testing association....

Reading 3260000-th SNP and testing association....

Reading 3270000-th SNP and testing association....

Reading 3280000-th SNP and testing association....

Reading 3290000-th SNP and testing association....

Reading 3300000-th SNP and testing association....

Reading 3310000-th SNP and testing association....

Reading 3320000-th SNP and testing association....

Reading 3330000-th SNP and testing association....

Reading 3340000-th SNP and testing association....

Reading 3350000-th SNP and testing association....

Reading 3360000-th SNP and testing association....

Reading 3370000-th SNP and testing association....

Reading 3380000-th SNP and testing association....

Reading 3390000-th SNP and testing association....

Reading 3400000-th SNP and testing association....

Reading 3410000-th SNP and testing association....

Reading 3420000-th SNP and testing association....

Reading 3430000-th SNP and testing association....

Reading 3440000-th SNP and testing association....

Reading 3450000-th SNP and testing association....

Reading 3460000-th SNP and testing association....

Reading 3470000-th SNP and testing association....

Reading 3480000-th SNP and testing association....

Reading 3490000-th SNP and testing association....

Reading 3500000-th SNP and testing association....

Reading 3510000-th SNP and testing association....

Reading 3520000-th SNP and testing association....

Reading 3530000-th SNP and testing association....

Reading 3540000-th SNP and testing association....

Reading 3550000-th SNP and testing association....

Reading 3560000-th SNP and testing association....

Reading 3570000-th SNP and testing association....

Reading 3580000-th SNP and testing association....

Reading 3590000-th SNP and testing association....

Reading 3600000-th SNP and testing association....

Reading 3610000-th SNP and testing association....

Reading 3620000-th SNP and testing association....

Reading 3630000-th SNP and testing association....

Reading 3640000-th SNP and testing association....

Reading 3650000-th SNP and testing association....

Reading 3660000-th SNP and testing association....

Reading 3670000-th SNP and testing association....

Reading 3680000-th SNP and testing association....

Reading 3690000-th SNP and testing association....

Reading 3700000-th SNP and testing association....

Reading 3710000-th SNP and testing association....

Reading 3720000-th SNP and testing association....

Reading 3730000-th SNP and testing association....

Reading 3740000-th SNP and testing association....

Reading 3750000-th SNP and testing association....

Reading 3760000-th SNP and testing association....

Reading 3770000-th SNP and testing association....

Reading 3780000-th SNP and testing association....

Reading 3790000-th SNP and testing association....

Reading 3800000-th SNP and testing association....

Reading 3810000-th SNP and testing association....

Reading 3820000-th SNP and testing association....

Reading 3830000-th SNP and testing association....

Reading 3840000-th SNP and testing association....

Reading 3850000-th SNP and testing association....

Reading 3860000-th SNP and testing association....

Reading 3870000-th SNP and testing association....

Reading 3880000-th SNP and testing association....

Reading 3890000-th SNP and testing association....

Reading 3900000-th SNP and testing association....

Reading 3910000-th SNP and testing association....

Reading 3920000-th SNP and testing association....

Reading 3930000-th SNP and testing association....

Reading 3940000-th SNP and testing association....

Reading 3950000-th SNP and testing association....

Reading 3960000-th SNP and testing association....

Reading 3970000-th SNP and testing association....

Reading 3980000-th SNP and testing association....

Reading 3990000-th SNP and testing association....

Reading 4000000-th SNP and testing association....

Reading 4010000-th SNP and testing association....

Reading 4020000-th SNP and testing association....

Reading 4030000-th SNP and testing association....

Reading 4040000-th SNP and testing association....

Reading 4050000-th SNP and testing association....

Reading 4060000-th SNP and testing association....

Reading 4070000-th SNP and testing association....

Reading 4080000-th SNP and testing association....

Reading 4090000-th SNP and testing association....

Reading 4100000-th SNP and testing association....

Reading 4110000-th SNP and testing association....

Reading 4120000-th SNP and testing association....

Reading 4130000-th SNP and testing association....

Reading 4140000-th SNP and testing association....

Reading 4150000-th SNP and testing association....

Reading 4160000-th SNP and testing association....

Reading 4170000-th SNP and testing association....

Reading 4180000-th SNP and testing association....

Reading 4190000-th SNP and testing association....

Reading 4200000-th SNP and testing association....

Reading 4210000-th SNP and testing association....

Reading 4220000-th SNP and testing association....

Reading 4230000-th SNP and testing association....

Reading 4240000-th SNP and testing association....

Reading 4250000-th SNP and testing association....

Reading 4260000-th SNP and testing association....

Reading 4270000-th SNP and testing association....

Reading 4280000-th SNP and testing association....

Reading 4290000-th SNP and testing association....

Reading 4300000-th SNP and testing association....

Reading 4310000-th SNP and testing association....

Reading 4320000-th SNP and testing association....

Reading 4330000-th SNP and testing association....

Reading 4340000-th SNP and testing association....

Reading 4350000-th SNP and testing association....

Reading 4360000-th SNP and testing association....

Reading 4370000-th SNP and testing association....

Reading 4380000-th SNP and testing association....

Reading 4390000-th SNP and testing association....

Reading 4400000-th SNP and testing association....

Reading 4410000-th SNP and testing association....

Reading 4420000-th SNP and testing association....

Reading 4430000-th SNP and testing association....

Reading 4440000-th SNP and testing association....

Reading 4450000-th SNP and testing association....

Reading 4460000-th SNP and testing association....

Reading 4470000-th SNP and testing association....

Reading 4480000-th SNP and testing association....

Reading 4490000-th SNP and testing association....

Reading 4500000-th SNP and testing association....

Reading 4510000-th SNP and testing association....

Reading 4520000-th SNP and testing association....

Reading 4530000-th SNP and testing association....

Reading 4540000-th SNP and testing association....

Reading 4550000-th SNP and testing association....

Reading 4560000-th SNP and testing association....

Reading 4570000-th SNP and testing association....

Reading 4580000-th SNP and testing association....

Reading 4590000-th SNP and testing association....

Reading 4600000-th SNP and testing association....

Reading 4610000-th SNP and testing association....

Reading 4620000-th SNP and testing association....

Reading 4630000-th SNP and testing association....

Reading 4640000-th SNP and testing association....

Reading 4650000-th SNP and testing association....

Reading 4660000-th SNP and testing association....

Reading 4670000-th SNP and testing association....

Reading 4680000-th SNP and testing association....

Reading 4690000-th SNP and testing association....

Reading 4700000-th SNP and testing association....

Reading 4710000-th SNP and testing association....

Reading 4720000-th SNP and testing association....

Reading 4730000-th SNP and testing association....

Reading 4740000-th SNP and testing association....

Reading 4750000-th SNP and testing association....

Reading 4760000-th SNP and testing association....

Reading 4770000-th SNP and testing association....

Reading 4780000-th SNP and testing association....

Reading 4790000-th SNP and testing association....

Reading 4800000-th SNP and testing association....

Reading 4810000-th SNP and testing association....

Reading 4820000-th SNP and testing association....

Reading 4830000-th SNP and testing association....

Reading 4840000-th SNP and testing association....

Reading 4850000-th SNP and testing association....

Reading 4860000-th SNP and testing association....

Reading 4870000-th SNP and testing association....

Reading 4880000-th SNP and testing association....

Reading 4890000-th SNP and testing association....

Reading 4900000-th SNP and testing association....

Reading 4910000-th SNP and testing association....

Reading 4920000-th SNP and testing association....

Reading 4930000-th SNP and testing association....

Reading 4940000-th SNP and testing association....

Reading 4950000-th SNP and testing association....

Reading 4960000-th SNP and testing association....

Reading 4970000-th SNP and testing association....

Reading 4980000-th SNP and testing association....

Reading 4990000-th SNP and testing association....

Reading 5000000-th SNP and testing association....

Reading 5010000-th SNP and testing association....

Reading 5020000-th SNP and testing association....

Reading 5030000-th SNP and testing association....

Reading 5040000-th SNP and testing association....

Reading 5050000-th SNP and testing association....

Reading 5060000-th SNP and testing association....

Reading 5070000-th SNP and testing association....

Reading 5080000-th SNP and testing association....

Reading 5090000-th SNP and testing association....

Reading 5100000-th SNP and testing association....

Reading 5110000-th SNP and testing association....

Reading 5120000-th SNP and testing association....

Reading 5130000-th SNP and testing association....

Reading 5140000-th SNP and testing association....

Reading 5150000-th SNP and testing association....

Reading 5160000-th SNP and testing association....

Reading 5170000-th SNP and testing association....

Reading 5180000-th SNP and testing association....

Reading 5190000-th SNP and testing association....

Reading 5200000-th SNP and testing association....

Reading 5210000-th SNP and testing association....

Reading 5220000-th SNP and testing association....

Reading 5230000-th SNP and testing association....

Reading 5240000-th SNP and testing association....

Reading 5250000-th SNP and testing association....

Reading 5260000-th SNP and testing association....

Reading 5270000-th SNP and testing association....

Reading 5280000-th SNP and testing association....

Reading 5290000-th SNP and testing association....

Reading 5300000-th SNP and testing association....

Reading 5310000-th SNP and testing association....

Reading 5320000-th SNP and testing association....

Reading 5330000-th SNP and testing association....

Reading 5340000-th SNP and testing association....

Reading 5350000-th SNP and testing association....

Reading 5360000-th SNP and testing association....

Reading 5370000-th SNP and testing association....

Reading 5380000-th SNP and testing association....

Reading 5390000-th SNP and testing association....

Reading 5400000-th SNP and testing association....

Reading 5410000-th SNP and testing association....

Reading 5420000-th SNP and testing association....

Reading 5430000-th SNP and testing association....

Reading 5440000-th SNP and testing association....

Reading 5450000-th SNP and testing association....

Reading 5460000-th SNP and testing association....

Reading 5470000-th SNP and testing association....

Reading 5480000-th SNP and testing association....

Reading 5490000-th SNP and testing association....

Reading 5500000-th SNP and testing association....

Reading 5510000-th SNP and testing association....

Reading 5520000-th SNP and testing association....

Reading 5530000-th SNP and testing association....

Reading 5540000-th SNP and testing association....

Reading 5550000-th SNP and testing association....

Reading 5560000-th SNP and testing association....

Reading 5570000-th SNP and testing association....

Reading 5580000-th SNP and testing association....

Reading 5590000-th SNP and testing association....

Reading 5600000-th SNP and testing association....

Reading 5610000-th SNP and testing association....

Reading 5620000-th SNP and testing association....

Reading 5630000-th SNP and testing association....

Reading 5640000-th SNP and testing association....

Reading 5650000-th SNP and testing association....

Reading 5660000-th SNP and testing association....

Reading 5670000-th SNP and testing association....

Reading 5680000-th SNP and testing association....

Reading 5690000-th SNP and testing association....

Reading 5700000-th SNP and testing association....

Reading 5710000-th SNP and testing association....

Reading 5720000-th SNP and testing association....

Reading 5730000-th SNP and testing association....

Reading 5740000-th SNP and testing association....

Reading 5750000-th SNP and testing association....

Reading 5760000-th SNP and testing association....

Reading 5770000-th SNP and testing association....

Reading 5780000-th SNP and testing association....

Reading 5790000-th SNP and testing association....

Reading 5800000-th SNP and testing association....

Reading 5810000-th SNP and testing association....

Reading 5820000-th SNP and testing association....

Reading 5830000-th SNP and testing association....

Reading 5840000-th SNP and testing association....

Reading 5850000-th SNP and testing association....

Reading 5860000-th SNP and testing association....

Reading 5870000-th SNP and testing association....

Reading 5880000-th SNP and testing association....

Reading 5890000-th SNP and testing association....

Reading 5900000-th SNP and testing association....

Reading 5910000-th SNP and testing association....

Reading 5920000-th SNP and testing association....

Reading 5930000-th SNP and testing association....

Reading 5940000-th SNP and testing association....

Reading 5950000-th SNP and testing association....

Reading 5960000-th SNP and testing association....

Reading 5970000-th SNP and testing association....

Reading 5980000-th SNP and testing association....

Reading 5990000-th SNP and testing association....

Reading 6000000-th SNP and testing association....

Reading 6010000-th SNP and testing association....

Reading 6020000-th SNP and testing association....

Reading 6030000-th SNP and testing association....

Reading 6040000-th SNP and testing association....

Reading 6050000-th SNP and testing association....

Reading 6060000-th SNP and testing association....

Reading 6070000-th SNP and testing association....

Reading 6080000-th SNP and testing association....

Reading 6090000-th SNP and testing association....

Reading 6100000-th SNP and testing association....

Reading 6110000-th SNP and testing association....

Reading 6120000-th SNP and testing association....

Reading 6130000-th SNP and testing association....

Reading 6140000-th SNP and testing association....

Reading 6150000-th SNP and testing association....

Reading 6160000-th SNP and testing association....

Reading 6170000-th SNP and testing association....

Reading 6180000-th SNP and testing association....

Reading 6190000-th SNP and testing association....

Reading 6200000-th SNP and testing association....

Reading 6210000-th SNP and testing association....

Reading 6220000-th SNP and testing association....

Reading 6230000-th SNP and testing association....

Reading 6240000-th SNP and testing association....

Reading 6250000-th SNP and testing association....

Reading 6260000-th SNP and testing association....

Reading 6270000-th SNP and testing association....

Reading 6280000-th SNP and testing association....

Reading 6290000-th SNP and testing association....

Reading 6300000-th SNP and testing association....

Reading 6310000-th SNP and testing association....

Reading 6320000-th SNP and testing association....

Reading 6330000-th SNP and testing association....

Reading 6340000-th SNP and testing association....

Reading 6350000-th SNP and testing association....

Reading 6360000-th SNP and testing association....

Reading 6370000-th SNP and testing association....

Reading 6380000-th SNP and testing association....

Reading 6390000-th SNP and testing association....

Reading 6400000-th SNP and testing association....

Reading 6410000-th SNP and testing association....

Reading 6420000-th SNP and testing association....

Reading 6430000-th SNP and testing association....

Reading 6440000-th SNP and testing association....

Reading 6450000-th SNP and testing association....

Reading 6460000-th SNP and testing association....

Reading 6470000-th SNP and testing association....

Reading 6480000-th SNP and testing association....

Reading 6490000-th SNP and testing association....

Reading 6500000-th SNP and testing association....

Reading 6510000-th SNP and testing association....

Reading 6520000-th SNP and testing association....

Reading 6530000-th SNP and testing association....

Reading 6540000-th SNP and testing association....

Reading 6550000-th SNP and testing association....

Reading 6560000-th SNP and testing association....

Reading 6570000-th SNP and testing association....

Reading 6580000-th SNP and testing association....

Reading 6590000-th SNP and testing association....

Reading 6600000-th SNP and testing association....

Reading 6610000-th SNP and testing association....

Reading 6620000-th SNP and testing association....

Reading 6630000-th SNP and testing association....

Reading 6640000-th SNP and testing association....

Reading 6650000-th SNP and testing association....

Reading 6660000-th SNP and testing association....

Reading 6670000-th SNP and testing association....

Reading 6680000-th SNP and testing association....

Reading 6690000-th SNP and testing association....

Reading 6700000-th SNP and testing association....

Reading 6710000-th SNP and testing association....

Reading 6720000-th SNP and testing association....

Reading 6730000-th SNP and testing association....

Reading 6740000-th SNP and testing association....

Reading 6750000-th SNP and testing association....

Reading 6760000-th SNP and testing association....

Reading 6770000-th SNP and testing association....

Reading 6780000-th SNP and testing association....

Reading 6790000-th SNP and testing association....

Reading 6800000-th SNP and testing association....

Reading 6810000-th SNP and testing association....

Reading 6820000-th SNP and testing association....

Reading 6830000-th SNP and testing association....

Reading 6840000-th SNP and testing association....

Reading 6850000-th SNP and testing association....

Reading 6860000-th SNP and testing association....

Reading 6870000-th SNP and testing association....

Reading 6880000-th SNP and testing association....

Reading 6890000-th SNP and testing association....

Reading 6900000-th SNP and testing association....

Reading 6910000-th SNP and testing association....

Reading 6920000-th SNP and testing association....

Reading 6930000-th SNP and testing association....

Reading 6940000-th SNP and testing association....

Reading 6950000-th SNP and testing association....

Reading 6960000-th SNP and testing association....

Reading 6970000-th SNP and testing association....

Reading 6980000-th SNP and testing association....

Reading 6990000-th SNP and testing association....

Reading 7000000-th SNP and testing association....

Reading 7010000-th SNP and testing association....

Reading 7020000-th SNP and testing association....

Reading 7030000-th SNP and testing association....

Reading 7040000-th SNP and testing association....

Reading 7050000-th SNP and testing association....

Reading 7060000-th SNP and testing association....

Reading 7070000-th SNP and testing association....

Reading 7080000-th SNP and testing association....

Reading 7090000-th SNP and testing association....

Reading 7100000-th SNP and testing association....

Reading 7110000-th SNP and testing association....

GLS association - elapsed CPU time is 1317.767728

Breakdown for input file parsing : 776.768334

              matrix computation : 279.714513

             p-value computation : 40.305426

