
Reading TFAM file /mnt/data/shahar/gwas_barley/morexV3_analysis/barley_for_publication_project/01_USED_GWAS_V2_pipeline/intermediates/morexV3_gwas_genotypes.tfam ....


Reading kinship file /mnt/data/shahar/gwas_barley/morexV3_analysis/barley_for_publication_project/01_USED_GWAS_V2_pipeline/intermediates/morexV3_kinship.aIBS.kinf...

  290 rows and 290 columns were observed with 0 missing values.


Reading the phenotype file /mnt/data/shahar/gwas_barley/data/inputs/BLUE_protein_V3.pheno...

  290 rows and 1 columns were observed with 0 missing values


Reading covariate file /mnt/data/shahar/gwas_barley/morexV3_analysis/barley_for_publication_project/01_USED_GWAS_V2_pipeline/intermediates/covariates/pca_pc3.cov...

  290 rows and 3 columns were observed with 0 missing values. Make sure that the intercept is included in the covariates

File reading - elapsed CPU time is 0.022615

eRvals[0] = 0.024260, eRvals[n-q-1] = 194.919044, eRvals[n-q] = 0.000000
eigen_R - elapsed CPU time is 0.087829
etas[0] = 0.218805, lambdas[0] = 0.024260
etas[1] = -0.543684, lambdas[1] = 0.028012
etas[2] = 0.792742, lambdas[2] = 0.029349
etas[3] = -0.858785, lambdas[3] = 0.029685
etas[4] = -1.699813, lambdas[4] = 0.030250
etas[5] = 1.065532, lambdas[5] = 0.031062
etas[6] = -0.278006, lambdas[6] = 0.032120
etas[7] = 0.967778, lambdas[7] = 0.032463
etas[8] = -0.895037, lambdas[8] = 0.032705
etas[9] = 0.234976, lambdas[9] = 0.033161
etas[10] = 0.809457, lambdas[10] = 0.033914
etas[11] = -0.346982, lambdas[11] = 0.034581
etas[12] = -0.268303, lambdas[12] = 0.034932
etas[13] = 0.372441, lambdas[13] = 0.035258
etas[14] = -0.896880, lambdas[14] = 0.035632
etas[15] = -0.302211, lambdas[15] = 0.037092
etas[16] = 0.814759, lambdas[16] = 0.037619
etas[17] = 0.102997, lambdas[17] = 0.038082
etas[18] = 0.019131, lambdas[18] = 0.038669
etas[19] = 0.878800, lambdas[19] = 0.039170
etas[20] = -0.779388, lambdas[20] = 0.039653
etas[21] = 0.075319, lambdas[21] = 0.040239
etas[22] = 0.740841, lambdas[22] = 0.040520
etas[23] = -0.225743, lambdas[23] = 0.041180
etas[24] = 0.751717, lambdas[24] = 0.041463
etas[25] = -0.214012, lambdas[25] = 0.041825
etas[26] = -0.037836, lambdas[26] = 0.041969
etas[27] = 0.525048, lambdas[27] = 0.042254
etas[28] = -0.077603, lambdas[28] = 0.042448
etas[29] = 0.058867, lambdas[29] = 0.043254
etas[30] = 0.229984, lambdas[30] = 0.043752
etas[31] = -0.361864, lambdas[31] = 0.043932
etas[32] = 0.030743, lambdas[32] = 0.044270
etas[33] = -0.503490, lambdas[33] = 0.044491
etas[34] = 0.564600, lambdas[34] = 0.044741
etas[35] = -0.308933, lambdas[35] = 0.045007
etas[36] = 1.109069, lambdas[36] = 0.045273
etas[37] = 0.568744, lambdas[37] = 0.045708
etas[38] = 0.258635, lambdas[38] = 0.045954
etas[39] = -0.026309, lambdas[39] = 0.046077
etas[40] = 0.518861, lambdas[40] = 0.046260
etas[41] = -0.387433, lambdas[41] = 0.046463
etas[42] = 0.451854, lambdas[42] = 0.046590
etas[43] = 0.275368, lambdas[43] = 0.047040
etas[44] = 0.040529, lambdas[44] = 0.047273
etas[45] = -0.850953, lambdas[45] = 0.047366
etas[46] = 0.039472, lambdas[46] = 0.047463
etas[47] = -0.206206, lambdas[47] = 0.047935
etas[48] = 0.171453, lambdas[48] = 0.048190
etas[49] = -0.029578, lambdas[49] = 0.048584
etas[50] = 0.129362, lambdas[50] = 0.048767
etas[51] = 0.508921, lambdas[51] = 0.049458
etas[52] = 0.085145, lambdas[52] = 0.049683
etas[53] = 0.207518, lambdas[53] = 0.049964
etas[54] = -0.416385, lambdas[54] = 0.050489
etas[55] = -0.617486, lambdas[55] = 0.050613
etas[56] = 0.538371, lambdas[56] = 0.050799
etas[57] = -0.564911, lambdas[57] = 0.051002
etas[58] = 0.433253, lambdas[58] = 0.051252
etas[59] = 0.030783, lambdas[59] = 0.051781
etas[60] = 0.685550, lambdas[60] = 0.052313
etas[61] = -0.256694, lambdas[61] = 0.052603
etas[62] = 0.155952, lambdas[62] = 0.053507
etas[63] = -0.338744, lambdas[63] = 0.054069
etas[64] = 0.937777, lambdas[64] = 0.054200
etas[65] = 0.109669, lambdas[65] = 0.054556
etas[66] = 0.124805, lambdas[66] = 0.055528
etas[67] = 0.104285, lambdas[67] = 0.056656
etas[68] = 0.183374, lambdas[68] = 0.057829
etas[69] = 0.129873, lambdas[69] = 0.059866
etas[70] = -0.896866, lambdas[70] = 0.060192
etas[71] = 0.034973, lambdas[71] = 0.066667
etas[72] = -0.536454, lambdas[72] = 0.080309
etas[73] = 0.593642, lambdas[73] = 0.092885
etas[74] = 0.207299, lambdas[74] = 0.095636
etas[75] = 0.313813, lambdas[75] = 0.096461
etas[76] = -0.432389, lambdas[76] = 0.096948
etas[77] = 0.561096, lambdas[77] = 0.098023
etas[78] = -0.690065, lambdas[78] = 0.099519
etas[79] = -1.914519, lambdas[79] = 0.117756
etas[80] = 0.668625, lambdas[80] = 0.126786
etas[81] = -0.628934, lambdas[81] = 0.130090
etas[82] = -0.647284, lambdas[82] = 0.132676
etas[83] = -0.081960, lambdas[83] = 0.138672
etas[84] = -0.530210, lambdas[84] = 0.142430
etas[85] = -1.100131, lambdas[85] = 0.145815
etas[86] = -1.492473, lambdas[86] = 0.149577
etas[87] = -0.421068, lambdas[87] = 0.149834
etas[88] = -0.680812, lambdas[88] = 0.154063
etas[89] = -1.191346, lambdas[89] = 0.155408
etas[90] = -0.353919, lambdas[90] = 0.156186
etas[91] = -0.399411, lambdas[91] = 0.158992
etas[92] = -0.011616, lambdas[92] = 0.160842
etas[93] = -0.870375, lambdas[93] = 0.163790
etas[94] = -0.893564, lambdas[94] = 0.166532
etas[95] = 0.038794, lambdas[95] = 0.167180
etas[96] = -1.429802, lambdas[96] = 0.167688
etas[97] = 0.837664, lambdas[97] = 0.170962
etas[98] = -0.922750, lambdas[98] = 0.171721
etas[99] = 0.871331, lambdas[99] = 0.173140
etas[100] = 1.391216, lambdas[100] = 0.173647
etas[101] = 0.258587, lambdas[101] = 0.174515
etas[102] = 0.352197, lambdas[102] = 0.178095
etas[103] = 0.801747, lambdas[103] = 0.178423
etas[104] = -1.531296, lambdas[104] = 0.178963
etas[105] = 0.876384, lambdas[105] = 0.179234
etas[106] = -0.703689, lambdas[106] = 0.180636
etas[107] = -0.367142, lambdas[107] = 0.181244
etas[108] = -1.244276, lambdas[108] = 0.182516
etas[109] = 0.553080, lambdas[109] = 0.183875
etas[110] = 1.110034, lambdas[110] = 0.184300
etas[111] = 0.025846, lambdas[111] = 0.185829
etas[112] = -0.075829, lambdas[112] = 0.186669
etas[113] = 1.534662, lambdas[113] = 0.187019
etas[114] = 0.270892, lambdas[114] = 0.188205
etas[115] = -2.190662, lambdas[115] = 0.188856
etas[116] = -1.395740, lambdas[116] = 0.189369
etas[117] = 2.030462, lambdas[117] = 0.190896
etas[118] = -1.691738, lambdas[118] = 0.191161
etas[119] = 1.222272, lambdas[119] = 0.191779
etas[120] = 1.382632, lambdas[120] = 0.193039
etas[121] = 1.853530, lambdas[121] = 0.193311
etas[122] = -0.027551, lambdas[122] = 0.194000
etas[123] = -1.313321, lambdas[123] = 0.194478
etas[124] = -0.824511, lambdas[124] = 0.195600
etas[125] = -1.184391, lambdas[125] = 0.196220
etas[126] = -0.782110, lambdas[126] = 0.197160
etas[127] = 1.169230, lambdas[127] = 0.197891
etas[128] = -0.413785, lambdas[128] = 0.197959
etas[129] = -0.100228, lambdas[129] = 0.198581
etas[130] = 0.284806, lambdas[130] = 0.199157
etas[131] = -1.045494, lambdas[131] = 0.199776
etas[132] = 0.358273, lambdas[132] = 0.200349
etas[133] = -1.361002, lambdas[133] = 0.201771
etas[134] = -0.746817, lambdas[134] = 0.202281
etas[135] = -0.977559, lambdas[135] = 0.202816
etas[136] = 1.789306, lambdas[136] = 0.203484
etas[137] = -1.516724, lambdas[137] = 0.204127
etas[138] = -0.286204, lambdas[138] = 0.204388
etas[139] = -0.212994, lambdas[139] = 0.205450
etas[140] = 0.824825, lambdas[140] = 0.206805
etas[141] = 0.151586, lambdas[141] = 0.207800
etas[142] = 0.439789, lambdas[142] = 0.208111
etas[143] = -1.192644, lambdas[143] = 0.208788
etas[144] = 0.066746, lambdas[144] = 0.209704
etas[145] = 0.621176, lambdas[145] = 0.210428
etas[146] = 1.045273, lambdas[146] = 0.211797
etas[147] = 1.590483, lambdas[147] = 0.212004
etas[148] = 0.735989, lambdas[148] = 0.213189
etas[149] = 0.170927, lambdas[149] = 0.213416
etas[150] = -0.905119, lambdas[150] = 0.214154
etas[151] = 0.803005, lambdas[151] = 0.214870
etas[152] = 0.548087, lambdas[152] = 0.215258
etas[153] = 0.503566, lambdas[153] = 0.215711
etas[154] = -0.781231, lambdas[154] = 0.216341
etas[155] = 0.886720, lambdas[155] = 0.217000
etas[156] = 0.215299, lambdas[156] = 0.217696
etas[157] = 0.976802, lambdas[157] = 0.217933
etas[158] = -1.962062, lambdas[158] = 0.219226
etas[159] = -0.652925, lambdas[159] = 0.219522
etas[160] = 0.782668, lambdas[160] = 0.220127
etas[161] = 0.069261, lambdas[161] = 0.221317
etas[162] = 0.143010, lambdas[162] = 0.222125
etas[163] = -1.790005, lambdas[163] = 0.222611
etas[164] = -2.700291, lambdas[164] = 0.223420
etas[165] = 0.703427, lambdas[165] = 0.225432
etas[166] = 0.618095, lambdas[166] = 0.225686
etas[167] = 0.339789, lambdas[167] = 0.226155
etas[168] = -1.318046, lambdas[168] = 0.226601
etas[169] = -0.987493, lambdas[169] = 0.227819
etas[170] = 0.319127, lambdas[170] = 0.227993
etas[171] = -0.445289, lambdas[171] = 0.228986
etas[172] = 2.053537, lambdas[172] = 0.229859
etas[173] = -0.779989, lambdas[173] = 0.230018
etas[174] = -0.280742, lambdas[174] = 0.230418
etas[175] = -1.275843, lambdas[175] = 0.231485
etas[176] = 2.222607, lambdas[176] = 0.232308
etas[177] = -1.414689, lambdas[177] = 0.232828
etas[178] = -0.810188, lambdas[178] = 0.233380
etas[179] = -1.153510, lambdas[179] = 0.234614
etas[180] = -0.076788, lambdas[180] = 0.235109
etas[181] = 0.596705, lambdas[181] = 0.236166
etas[182] = -1.660400, lambdas[182] = 0.237265
etas[183] = 1.058626, lambdas[183] = 0.237873
etas[184] = 0.017485, lambdas[184] = 0.239395
etas[185] = -0.830051, lambdas[185] = 0.240269
etas[186] = 0.623851, lambdas[186] = 0.240861
etas[187] = -0.054507, lambdas[187] = 0.241511
etas[188] = -0.406564, lambdas[188] = 0.241737
etas[189] = 0.994737, lambdas[189] = 0.242264
etas[190] = -0.409125, lambdas[190] = 0.243888
etas[191] = -0.001571, lambdas[191] = 0.244293
etas[192] = 0.204341, lambdas[192] = 0.245443
etas[193] = 0.411385, lambdas[193] = 0.245737
etas[194] = -1.501020, lambdas[194] = 0.246314
etas[195] = 0.400653, lambdas[195] = 0.247403
etas[196] = 1.052638, lambdas[196] = 0.247958
etas[197] = 1.907313, lambdas[197] = 0.248539
etas[198] = 1.761282, lambdas[198] = 0.249388
etas[199] = -0.738884, lambdas[199] = 0.250799
etas[200] = 0.722116, lambdas[200] = 0.250925
etas[201] = 0.192389, lambdas[201] = 0.253531
etas[202] = 0.887077, lambdas[202] = 0.253957
etas[203] = -0.177906, lambdas[203] = 0.254492
etas[204] = -2.396993, lambdas[204] = 0.255347
etas[205] = 0.390800, lambdas[205] = 0.255870
etas[206] = -0.297334, lambdas[206] = 0.257696
etas[207] = -0.383120, lambdas[207] = 0.258348
etas[208] = -0.343051, lambdas[208] = 0.258523
etas[209] = -1.116277, lambdas[209] = 0.258666
etas[210] = -0.459610, lambdas[210] = 0.259935
etas[211] = 0.338835, lambdas[211] = 0.260634
etas[212] = -1.126358, lambdas[212] = 0.262406
etas[213] = 1.720065, lambdas[213] = 0.263085
etas[214] = 0.728096, lambdas[214] = 0.263368
etas[215] = 0.372146, lambdas[215] = 0.264189
etas[216] = -0.192551, lambdas[216] = 0.265374
etas[217] = -0.784335, lambdas[217] = 0.265989
etas[218] = 2.466177, lambdas[218] = 0.267079
etas[219] = -2.348644, lambdas[219] = 0.268230
etas[220] = 0.251281, lambdas[220] = 0.269888
etas[221] = -1.644340, lambdas[221] = 0.271952
etas[222] = 0.800769, lambdas[222] = 0.272659
etas[223] = 0.334532, lambdas[223] = 0.274146
etas[224] = 0.273262, lambdas[224] = 0.277201
etas[225] = -0.285198, lambdas[225] = 0.279836
etas[226] = 1.495414, lambdas[226] = 0.281303
etas[227] = -1.705071, lambdas[227] = 0.283196
etas[228] = 0.453951, lambdas[228] = 0.284193
etas[229] = 0.613156, lambdas[229] = 0.286465
etas[230] = -2.373847, lambdas[230] = 0.286696
etas[231] = 0.606361, lambdas[231] = 0.287974
etas[232] = 0.366777, lambdas[232] = 0.290693
etas[233] = -0.382242, lambdas[233] = 0.291832
etas[234] = -1.111671, lambdas[234] = 0.293082
etas[235] = 2.953224, lambdas[235] = 0.296440
etas[236] = -2.365904, lambdas[236] = 0.300196
etas[237] = 0.872835, lambdas[237] = 0.301455
etas[238] = -1.856251, lambdas[238] = 0.304126
etas[239] = -1.489985, lambdas[239] = 0.308258
etas[240] = 1.311608, lambdas[240] = 0.318900
etas[241] = 0.913585, lambdas[241] = 0.323696
etas[242] = -0.004027, lambdas[242] = 0.329568
etas[243] = 2.183796, lambdas[243] = 0.332646
etas[244] = -0.707154, lambdas[244] = 0.337231
etas[245] = 0.671112, lambdas[245] = 0.339015
etas[246] = 3.247047, lambdas[246] = 0.344884
etas[247] = 0.070267, lambdas[247] = 0.352159
etas[248] = -0.924730, lambdas[248] = 0.360261
etas[249] = -2.039939, lambdas[249] = 0.364910
etas[250] = -0.034745, lambdas[250] = 0.394015
etas[251] = -2.339425, lambdas[251] = 0.405418
etas[252] = -0.137302, lambdas[252] = 0.409897
etas[253] = -1.800274, lambdas[253] = 0.418070
etas[254] = 1.614090, lambdas[254] = 0.428056
etas[255] = -1.907844, lambdas[255] = 0.435557
etas[256] = -2.408354, lambdas[256] = 0.444575
etas[257] = -1.178905, lambdas[257] = 0.448919
etas[258] = 0.163482, lambdas[258] = 0.471784
etas[259] = -1.767600, lambdas[259] = 0.482764
etas[260] = -2.363406, lambdas[260] = 0.492819
etas[261] = 1.712260, lambdas[261] = 0.500117
etas[262] = -1.422442, lambdas[262] = 0.520012
etas[263] = -1.662947, lambdas[263] = 0.561475
etas[264] = -0.517748, lambdas[264] = 0.577673
etas[265] = -0.383863, lambdas[265] = 0.588074
etas[266] = 1.173967, lambdas[266] = 0.606532
etas[267] = -1.255638, lambdas[267] = 0.618411
etas[268] = -1.399075, lambdas[268] = 0.638991
etas[269] = 0.428837, lambdas[269] = 0.652849
etas[270] = 1.958295, lambdas[270] = 0.654533
etas[271] = -0.287628, lambdas[271] = 0.723663
etas[272] = -0.247645, lambdas[272] = 0.742652
etas[273] = 1.027733, lambdas[273] = 0.756600
etas[274] = 0.952223, lambdas[274] = 0.849408
etas[275] = -0.463029, lambdas[275] = 0.854678
etas[276] = -1.418060, lambdas[276] = 0.902962
etas[277] = -1.570669, lambdas[277] = 1.010361
etas[278] = -0.956327, lambdas[278] = 1.018749
etas[279] = 2.513844, lambdas[279] = 1.107579
etas[280] = -5.556429, lambdas[280] = 1.151074
etas[281] = -2.192653, lambdas[281] = 1.284806
etas[282] = 3.650675, lambdas[282] = 1.450214
etas[283] = 2.504008, lambdas[283] = 1.538245
etas[284] = -1.601394, lambdas[284] = 1.655926
etas[285] = -5.867251, lambdas[285] = 1.732079
etas[286] = -1.449113, lambdas[286] = 194.919044
0	388.160854	387.817751	-408.838767
1	387.817751	387.399120	-408.834867
2	387.399120	386.888449	-408.830108
3	386.888449	386.265679	-408.824303
4	386.265679	385.506460	-408.817223
5	385.506460	384.581283	-408.808590
6	384.581283	383.454444	-408.798070
7	383.454444	382.082835	-408.785254
8	382.082835	380.414551	-408.769652
9	380.414551	378.387287	-408.750671
10	378.387287	375.926561	-408.727600
11	375.926561	372.943765	-408.699587
12	372.943765	369.334132	-408.665620
13	369.334132	364.974736	-408.624498
14	364.974736	359.722717	-408.574810
15	359.722717	353.414054	-408.514917
16	353.414054	345.863337	-408.442930
17	345.863337	336.865160	-408.356715
18	336.865160	326.197987	-408.253906
19	326.197987	313.631507	-408.131955
20	313.631507	298.938665	-407.988229
21	298.938665	281.913513	-407.820171
22	281.913513	262.395727	-407.625550
23	262.395727	240.301848	-407.402825
24	240.301848	215.661882	-407.151633
25	215.661882	188.657818	-406.873428
26	188.657818	159.657998	-406.572242
27	159.657998	129.238808	-406.255526
28	129.238808	98.183775	-405.934986
29	98.183775	67.451268	-405.627257
30	67.451268	38.106496	-405.354232
31	38.106496	11.221547	-405.142842
32	11.221547	-12.243128	-405.024128
33	-12.243128	-31.554214	-405.031517
34	-31.554214	-46.293575	-405.198426
35	-46.293575	-56.398983	-405.555433
36	-56.398983	-62.148928	-406.127457
37	-62.148928	-64.097050	-406.931400
38	-64.097050	-62.973614	-407.974685
39	-62.973614	-59.577210	-409.254900
40	-59.577210	-54.678246	-410.760553
41	-54.678246	-48.948755	-412.472710
42	-48.948755	-42.923929	-414.367097
43	-42.923929	-36.992753	-416.416259
44	-36.992753	-31.410222	-418.591369
45	-31.410222	-26.321940	-420.863462
46	-26.321940	-21.792855	-423.204031
47	-21.792855	-17.834132	-425.585079
48	-17.834132	-14.424782	-427.978865
49	-14.424782	-11.526938	-430.357643
50	-11.526938	-9.095273	-432.693629
51	-9.095273	-7.081981	-434.959414
52	-7.081981	-5.438989	-437.128813
53	-5.438989	-4.118880	-439.178052
54	-4.118880	-3.075499	-441.087052
55	-3.075499	-2.264705	-442.840547
56	-2.264705	-1.645292	-444.428794
57	-1.645292	-1.179929	-445.847779
58	-1.179929	-0.835875	-447.098889
59	-0.835875	-0.585340	-448.188168
60	-0.585340	-0.405475	-449.125323
61	-0.405475	-0.278038	-449.922619
62	-0.278038	-0.188843	-450.593841
63	-0.188843	-0.127123	-451.153385
64	-0.127123	-0.084871	-451.615546
65	-0.084871	-0.056239	-451.994001
66	-0.056239	-0.037027	-452.301471
67	-0.037027	-0.024258	-452.549525
68	-0.024258	-0.015849	-452.748495
69	-0.015849	-0.010358	-452.907466
70	-0.010358	-0.006799	-453.034308
71	-0.006799	-0.004504	-453.135735
72	-0.004504	-0.003027	-453.217380
73	-0.003027	-0.002071	-453.283870
74	-0.002071	-0.001447	-453.338907
75	-0.001447	-0.001031	-453.385365
76	-0.001031	-0.000746	-453.425390
77	-0.000746	-0.000547	-453.460513
78	-0.000547	-0.000403	-453.491769
79	-0.000403	-0.000297	-453.519821
80	-0.000297	-0.000218	-453.545074
81	-0.000218	-0.000159	-453.567770
82	-0.000159	-0.000115	-453.588067
83	-0.000115	-0.000083	-453.606088
84	-0.000083	-0.000059	-453.621956
85	-0.000059	-0.000042	-453.635809
86	-0.000042	-0.000029	-453.647803
87	-0.000029	-0.000020	-453.658105
88	-0.000020	-0.000014	-453.666891
89	-0.000014	-0.000010	-453.674338
90	-0.000010	-0.000007	-453.680614
91	-0.000007	-0.000005	-453.685879
92	-0.000005	-0.000003	-453.690278
93	-0.000003	-0.000002	-453.693941
94	-0.000002	-0.000001	-453.696981
95	-0.000001	-0.000001	-453.699500
96	-0.000001	-0.000001	-453.701581
97	-0.000001	-0.000000	-453.703299
98	-0.000000	-0.000000	-453.704714
99	-0.000000	-0.000000	-453.705879
REMLE (delta=0.029945, REML=-405.009813, REML0=-453.711211)- elapsed CPU time is 0.012551
eigen_L - elapsed CPU time is 0.045250


Reading TPED file /mnt/data/shahar/gwas_barley/morexV3_analysis/barley_for_publication_project/01_USED_GWAS_V2_pipeline/intermediates/morexV3_gwas_genotypes...

Reading 0-th SNP and testing association....

Reading 10000-th SNP and testing association....

Reading 20000-th SNP and testing association....

Reading 30000-th SNP and testing association....

Reading 40000-th SNP and testing association....

Reading 50000-th SNP and testing association....

Reading 60000-th SNP and testing association....

Reading 70000-th SNP and testing association....

Reading 80000-th SNP and testing association....

Reading 90000-th SNP and testing association....

Reading 100000-th SNP and testing association....

Reading 110000-th SNP and testing association....

Reading 120000-th SNP and testing association....

Reading 130000-th SNP and testing association....

Reading 140000-th SNP and testing association....

Reading 150000-th SNP and testing association....

Reading 160000-th SNP and testing association....

Reading 170000-th SNP and testing association....

Reading 180000-th SNP and testing association....

Reading 190000-th SNP and testing association....

Reading 200000-th SNP and testing association....

Reading 210000-th SNP and testing association....

Reading 220000-th SNP and testing association....

Reading 230000-th SNP and testing association....

Reading 240000-th SNP and testing association....

Reading 250000-th SNP and testing association....

Reading 260000-th SNP and testing association....

Reading 270000-th SNP and testing association....

Reading 280000-th SNP and testing association....

Reading 290000-th SNP and testing association....

Reading 300000-th SNP and testing association....

Reading 310000-th SNP and testing association....

Reading 320000-th SNP and testing association....

Reading 330000-th SNP and testing association....

Reading 340000-th SNP and testing association....

Reading 350000-th SNP and testing association....

Reading 360000-th SNP and testing association....

Reading 370000-th SNP and testing association....

Reading 380000-th SNP and testing association....

Reading 390000-th SNP and testing association....

Reading 400000-th SNP and testing association....

Reading 410000-th SNP and testing association....

Reading 420000-th SNP and testing association....

Reading 430000-th SNP and testing association....

Reading 440000-th SNP and testing association....

Reading 450000-th SNP and testing association....

Reading 460000-th SNP and testing association....

Reading 470000-th SNP and testing association....

Reading 480000-th SNP and testing association....

Reading 490000-th SNP and testing association....

Reading 500000-th SNP and testing association....

Reading 510000-th SNP and testing association....

Reading 520000-th SNP and testing association....

Reading 530000-th SNP and testing association....

Reading 540000-th SNP and testing association....

Reading 550000-th SNP and testing association....

Reading 560000-th SNP and testing association....

Reading 570000-th SNP and testing association....

Reading 580000-th SNP and testing association....

Reading 590000-th SNP and testing association....

Reading 600000-th SNP and testing association....

Reading 610000-th SNP and testing association....

Reading 620000-th SNP and testing association....

Reading 630000-th SNP and testing association....

Reading 640000-th SNP and testing association....

Reading 650000-th SNP and testing association....

Reading 660000-th SNP and testing association....

Reading 670000-th SNP and testing association....

Reading 680000-th SNP and testing association....

Reading 690000-th SNP and testing association....

Reading 700000-th SNP and testing association....

Reading 710000-th SNP and testing association....

Reading 720000-th SNP and testing association....

Reading 730000-th SNP and testing association....

Reading 740000-th SNP and testing association....

Reading 750000-th SNP and testing association....

Reading 760000-th SNP and testing association....

Reading 770000-th SNP and testing association....

Reading 780000-th SNP and testing association....

Reading 790000-th SNP and testing association....

Reading 800000-th SNP and testing association....

Reading 810000-th SNP and testing association....

Reading 820000-th SNP and testing association....

Reading 830000-th SNP and testing association....

Reading 840000-th SNP and testing association....

Reading 850000-th SNP and testing association....

Reading 860000-th SNP and testing association....

Reading 870000-th SNP and testing association....

Reading 880000-th SNP and testing association....

Reading 890000-th SNP and testing association....

Reading 900000-th SNP and testing association....

Reading 910000-th SNP and testing association....

Reading 920000-th SNP and testing association....

Reading 930000-th SNP and testing association....

Reading 940000-th SNP and testing association....

Reading 950000-th SNP and testing association....

Reading 960000-th SNP and testing association....

Reading 970000-th SNP and testing association....

Reading 980000-th SNP and testing association....

Reading 990000-th SNP and testing association....

Reading 1000000-th SNP and testing association....

Reading 1010000-th SNP and testing association....

Reading 1020000-th SNP and testing association....

Reading 1030000-th SNP and testing association....

Reading 1040000-th SNP and testing association....

Reading 1050000-th SNP and testing association....

Reading 1060000-th SNP and testing association....

Reading 1070000-th SNP and testing association....

Reading 1080000-th SNP and testing association....

Reading 1090000-th SNP and testing association....

Reading 1100000-th SNP and testing association....

Reading 1110000-th SNP and testing association....

Reading 1120000-th SNP and testing association....

Reading 1130000-th SNP and testing association....

Reading 1140000-th SNP and testing association....

Reading 1150000-th SNP and testing association....

Reading 1160000-th SNP and testing association....

Reading 1170000-th SNP and testing association....

Reading 1180000-th SNP and testing association....

Reading 1190000-th SNP and testing association....

Reading 1200000-th SNP and testing association....

Reading 1210000-th SNP and testing association....

Reading 1220000-th SNP and testing association....

Reading 1230000-th SNP and testing association....

Reading 1240000-th SNP and testing association....

Reading 1250000-th SNP and testing association....

Reading 1260000-th SNP and testing association....

Reading 1270000-th SNP and testing association....

Reading 1280000-th SNP and testing association....

Reading 1290000-th SNP and testing association....

Reading 1300000-th SNP and testing association....

Reading 1310000-th SNP and testing association....

Reading 1320000-th SNP and testing association....

Reading 1330000-th SNP and testing association....

Reading 1340000-th SNP and testing association....

Reading 1350000-th SNP and testing association....

Reading 1360000-th SNP and testing association....

Reading 1370000-th SNP and testing association....

Reading 1380000-th SNP and testing association....

Reading 1390000-th SNP and testing association....

Reading 1400000-th SNP and testing association....

Reading 1410000-th SNP and testing association....

Reading 1420000-th SNP and testing association....

Reading 1430000-th SNP and testing association....

Reading 1440000-th SNP and testing association....

Reading 1450000-th SNP and testing association....

Reading 1460000-th SNP and testing association....

Reading 1470000-th SNP and testing association....

Reading 1480000-th SNP and testing association....

Reading 1490000-th SNP and testing association....

Reading 1500000-th SNP and testing association....

Reading 1510000-th SNP and testing association....

Reading 1520000-th SNP and testing association....

Reading 1530000-th SNP and testing association....

Reading 1540000-th SNP and testing association....

Reading 1550000-th SNP and testing association....

Reading 1560000-th SNP and testing association....

Reading 1570000-th SNP and testing association....

Reading 1580000-th SNP and testing association....

Reading 1590000-th SNP and testing association....

Reading 1600000-th SNP and testing association....

Reading 1610000-th SNP and testing association....

Reading 1620000-th SNP and testing association....

Reading 1630000-th SNP and testing association....

Reading 1640000-th SNP and testing association....

Reading 1650000-th SNP and testing association....

Reading 1660000-th SNP and testing association....

Reading 1670000-th SNP and testing association....

Reading 1680000-th SNP and testing association....

Reading 1690000-th SNP and testing association....

Reading 1700000-th SNP and testing association....

Reading 1710000-th SNP and testing association....

Reading 1720000-th SNP and testing association....

Reading 1730000-th SNP and testing association....

Reading 1740000-th SNP and testing association....

Reading 1750000-th SNP and testing association....

Reading 1760000-th SNP and testing association....

Reading 1770000-th SNP and testing association....

Reading 1780000-th SNP and testing association....

Reading 1790000-th SNP and testing association....

Reading 1800000-th SNP and testing association....

Reading 1810000-th SNP and testing association....

Reading 1820000-th SNP and testing association....

Reading 1830000-th SNP and testing association....

Reading 1840000-th SNP and testing association....

Reading 1850000-th SNP and testing association....

Reading 1860000-th SNP and testing association....

Reading 1870000-th SNP and testing association....

Reading 1880000-th SNP and testing association....

Reading 1890000-th SNP and testing association....

Reading 1900000-th SNP and testing association....

Reading 1910000-th SNP and testing association....

Reading 1920000-th SNP and testing association....

Reading 1930000-th SNP and testing association....

Reading 1940000-th SNP and testing association....

Reading 1950000-th SNP and testing association....

Reading 1960000-th SNP and testing association....

Reading 1970000-th SNP and testing association....

Reading 1980000-th SNP and testing association....

Reading 1990000-th SNP and testing association....

Reading 2000000-th SNP and testing association....

Reading 2010000-th SNP and testing association....

Reading 2020000-th SNP and testing association....

Reading 2030000-th SNP and testing association....

Reading 2040000-th SNP and testing association....

Reading 2050000-th SNP and testing association....

Reading 2060000-th SNP and testing association....

Reading 2070000-th SNP and testing association....

Reading 2080000-th SNP and testing association....

Reading 2090000-th SNP and testing association....

Reading 2100000-th SNP and testing association....

Reading 2110000-th SNP and testing association....

Reading 2120000-th SNP and testing association....

Reading 2130000-th SNP and testing association....

Reading 2140000-th SNP and testing association....

Reading 2150000-th SNP and testing association....

Reading 2160000-th SNP and testing association....

Reading 2170000-th SNP and testing association....

Reading 2180000-th SNP and testing association....

Reading 2190000-th SNP and testing association....

Reading 2200000-th SNP and testing association....

Reading 2210000-th SNP and testing association....

Reading 2220000-th SNP and testing association....

Reading 2230000-th SNP and testing association....

Reading 2240000-th SNP and testing association....

Reading 2250000-th SNP and testing association....

Reading 2260000-th SNP and testing association....

Reading 2270000-th SNP and testing association....

Reading 2280000-th SNP and testing association....

Reading 2290000-th SNP and testing association....

Reading 2300000-th SNP and testing association....

Reading 2310000-th SNP and testing association....

Reading 2320000-th SNP and testing association....

Reading 2330000-th SNP and testing association....

Reading 2340000-th SNP and testing association....

Reading 2350000-th SNP and testing association....

Reading 2360000-th SNP and testing association....

Reading 2370000-th SNP and testing association....

Reading 2380000-th SNP and testing association....

Reading 2390000-th SNP and testing association....

Reading 2400000-th SNP and testing association....

Reading 2410000-th SNP and testing association....

Reading 2420000-th SNP and testing association....

Reading 2430000-th SNP and testing association....

Reading 2440000-th SNP and testing association....

Reading 2450000-th SNP and testing association....

Reading 2460000-th SNP and testing association....

Reading 2470000-th SNP and testing association....

Reading 2480000-th SNP and testing association....

Reading 2490000-th SNP and testing association....

Reading 2500000-th SNP and testing association....

Reading 2510000-th SNP and testing association....

Reading 2520000-th SNP and testing association....

Reading 2530000-th SNP and testing association....

Reading 2540000-th SNP and testing association....

Reading 2550000-th SNP and testing association....

Reading 2560000-th SNP and testing association....

Reading 2570000-th SNP and testing association....

Reading 2580000-th SNP and testing association....

Reading 2590000-th SNP and testing association....

Reading 2600000-th SNP and testing association....

Reading 2610000-th SNP and testing association....

Reading 2620000-th SNP and testing association....

Reading 2630000-th SNP and testing association....

Reading 2640000-th SNP and testing association....

Reading 2650000-th SNP and testing association....

Reading 2660000-th SNP and testing association....

Reading 2670000-th SNP and testing association....

Reading 2680000-th SNP and testing association....

Reading 2690000-th SNP and testing association....

Reading 2700000-th SNP and testing association....

Reading 2710000-th SNP and testing association....

Reading 2720000-th SNP and testing association....

Reading 2730000-th SNP and testing association....

Reading 2740000-th SNP and testing association....

Reading 2750000-th SNP and testing association....

Reading 2760000-th SNP and testing association....

Reading 2770000-th SNP and testing association....

Reading 2780000-th SNP and testing association....

Reading 2790000-th SNP and testing association....

Reading 2800000-th SNP and testing association....

Reading 2810000-th SNP and testing association....

Reading 2820000-th SNP and testing association....

Reading 2830000-th SNP and testing association....

Reading 2840000-th SNP and testing association....

Reading 2850000-th SNP and testing association....

Reading 2860000-th SNP and testing association....

Reading 2870000-th SNP and testing association....

Reading 2880000-th SNP and testing association....

Reading 2890000-th SNP and testing association....

Reading 2900000-th SNP and testing association....

Reading 2910000-th SNP and testing association....

Reading 2920000-th SNP and testing association....

Reading 2930000-th SNP and testing association....

Reading 2940000-th SNP and testing association....

Reading 2950000-th SNP and testing association....

Reading 2960000-th SNP and testing association....

Reading 2970000-th SNP and testing association....

Reading 2980000-th SNP and testing association....

Reading 2990000-th SNP and testing association....

Reading 3000000-th SNP and testing association....

Reading 3010000-th SNP and testing association....

Reading 3020000-th SNP and testing association....

Reading 3030000-th SNP and testing association....

Reading 3040000-th SNP and testing association....

Reading 3050000-th SNP and testing association....

Reading 3060000-th SNP and testing association....

Reading 3070000-th SNP and testing association....

Reading 3080000-th SNP and testing association....

Reading 3090000-th SNP and testing association....

Reading 3100000-th SNP and testing association....

Reading 3110000-th SNP and testing association....

Reading 3120000-th SNP and testing association....

Reading 3130000-th SNP and testing association....

Reading 3140000-th SNP and testing association....

Reading 3150000-th SNP and testing association....

Reading 3160000-th SNP and testing association....

Reading 3170000-th SNP and testing association....

Reading 3180000-th SNP and testing association....

Reading 3190000-th SNP and testing association....

Reading 3200000-th SNP and testing association....

Reading 3210000-th SNP and testing association....

Reading 3220000-th SNP and testing association....

Reading 3230000-th SNP and testing association....

Reading 3240000-th SNP and testing association....

Reading 3250000-th SNP and testing association....

Reading 3260000-th SNP and testing association....

Reading 3270000-th SNP and testing association....

Reading 3280000-th SNP and testing association....

Reading 3290000-th SNP and testing association....

Reading 3300000-th SNP and testing association....

Reading 3310000-th SNP and testing association....

Reading 3320000-th SNP and testing association....

Reading 3330000-th SNP and testing association....

Reading 3340000-th SNP and testing association....

Reading 3350000-th SNP and testing association....

Reading 3360000-th SNP and testing association....

Reading 3370000-th SNP and testing association....

Reading 3380000-th SNP and testing association....

Reading 3390000-th SNP and testing association....

Reading 3400000-th SNP and testing association....

Reading 3410000-th SNP and testing association....

Reading 3420000-th SNP and testing association....

Reading 3430000-th SNP and testing association....

Reading 3440000-th SNP and testing association....

Reading 3450000-th SNP and testing association....

Reading 3460000-th SNP and testing association....

Reading 3470000-th SNP and testing association....

Reading 3480000-th SNP and testing association....

Reading 3490000-th SNP and testing association....

Reading 3500000-th SNP and testing association....

Reading 3510000-th SNP and testing association....

Reading 3520000-th SNP and testing association....

Reading 3530000-th SNP and testing association....

Reading 3540000-th SNP and testing association....

Reading 3550000-th SNP and testing association....

Reading 3560000-th SNP and testing association....

Reading 3570000-th SNP and testing association....

Reading 3580000-th SNP and testing association....

Reading 3590000-th SNP and testing association....

Reading 3600000-th SNP and testing association....

Reading 3610000-th SNP and testing association....

Reading 3620000-th SNP and testing association....

Reading 3630000-th SNP and testing association....

Reading 3640000-th SNP and testing association....

Reading 3650000-th SNP and testing association....

Reading 3660000-th SNP and testing association....

Reading 3670000-th SNP and testing association....

Reading 3680000-th SNP and testing association....

Reading 3690000-th SNP and testing association....

Reading 3700000-th SNP and testing association....

Reading 3710000-th SNP and testing association....

Reading 3720000-th SNP and testing association....

Reading 3730000-th SNP and testing association....

Reading 3740000-th SNP and testing association....

Reading 3750000-th SNP and testing association....

Reading 3760000-th SNP and testing association....

Reading 3770000-th SNP and testing association....

Reading 3780000-th SNP and testing association....

Reading 3790000-th SNP and testing association....

Reading 3800000-th SNP and testing association....

Reading 3810000-th SNP and testing association....

Reading 3820000-th SNP and testing association....

Reading 3830000-th SNP and testing association....

Reading 3840000-th SNP and testing association....

Reading 3850000-th SNP and testing association....

Reading 3860000-th SNP and testing association....

Reading 3870000-th SNP and testing association....

Reading 3880000-th SNP and testing association....

Reading 3890000-th SNP and testing association....

Reading 3900000-th SNP and testing association....

Reading 3910000-th SNP and testing association....

Reading 3920000-th SNP and testing association....

Reading 3930000-th SNP and testing association....

Reading 3940000-th SNP and testing association....

Reading 3950000-th SNP and testing association....

Reading 3960000-th SNP and testing association....

Reading 3970000-th SNP and testing association....

Reading 3980000-th SNP and testing association....

Reading 3990000-th SNP and testing association....

Reading 4000000-th SNP and testing association....

Reading 4010000-th SNP and testing association....

Reading 4020000-th SNP and testing association....

Reading 4030000-th SNP and testing association....

Reading 4040000-th SNP and testing association....

Reading 4050000-th SNP and testing association....

Reading 4060000-th SNP and testing association....

Reading 4070000-th SNP and testing association....

Reading 4080000-th SNP and testing association....

Reading 4090000-th SNP and testing association....

Reading 4100000-th SNP and testing association....

Reading 4110000-th SNP and testing association....

Reading 4120000-th SNP and testing association....

Reading 4130000-th SNP and testing association....

Reading 4140000-th SNP and testing association....

Reading 4150000-th SNP and testing association....

Reading 4160000-th SNP and testing association....

Reading 4170000-th SNP and testing association....

Reading 4180000-th SNP and testing association....

Reading 4190000-th SNP and testing association....

Reading 4200000-th SNP and testing association....

Reading 4210000-th SNP and testing association....

Reading 4220000-th SNP and testing association....

Reading 4230000-th SNP and testing association....

Reading 4240000-th SNP and testing association....

Reading 4250000-th SNP and testing association....

Reading 4260000-th SNP and testing association....

Reading 4270000-th SNP and testing association....

Reading 4280000-th SNP and testing association....

Reading 4290000-th SNP and testing association....

Reading 4300000-th SNP and testing association....

Reading 4310000-th SNP and testing association....

Reading 4320000-th SNP and testing association....

Reading 4330000-th SNP and testing association....

Reading 4340000-th SNP and testing association....

Reading 4350000-th SNP and testing association....

Reading 4360000-th SNP and testing association....

Reading 4370000-th SNP and testing association....

Reading 4380000-th SNP and testing association....

Reading 4390000-th SNP and testing association....

Reading 4400000-th SNP and testing association....

Reading 4410000-th SNP and testing association....

Reading 4420000-th SNP and testing association....

Reading 4430000-th SNP and testing association....

Reading 4440000-th SNP and testing association....

Reading 4450000-th SNP and testing association....

Reading 4460000-th SNP and testing association....

Reading 4470000-th SNP and testing association....

Reading 4480000-th SNP and testing association....

Reading 4490000-th SNP and testing association....

Reading 4500000-th SNP and testing association....

Reading 4510000-th SNP and testing association....

Reading 4520000-th SNP and testing association....

Reading 4530000-th SNP and testing association....

Reading 4540000-th SNP and testing association....

Reading 4550000-th SNP and testing association....

Reading 4560000-th SNP and testing association....

Reading 4570000-th SNP and testing association....

Reading 4580000-th SNP and testing association....

Reading 4590000-th SNP and testing association....

Reading 4600000-th SNP and testing association....

Reading 4610000-th SNP and testing association....

Reading 4620000-th SNP and testing association....

Reading 4630000-th SNP and testing association....

Reading 4640000-th SNP and testing association....

Reading 4650000-th SNP and testing association....

Reading 4660000-th SNP and testing association....

Reading 4670000-th SNP and testing association....

Reading 4680000-th SNP and testing association....

Reading 4690000-th SNP and testing association....

Reading 4700000-th SNP and testing association....

Reading 4710000-th SNP and testing association....

Reading 4720000-th SNP and testing association....

Reading 4730000-th SNP and testing association....

Reading 4740000-th SNP and testing association....

Reading 4750000-th SNP and testing association....

Reading 4760000-th SNP and testing association....

Reading 4770000-th SNP and testing association....

Reading 4780000-th SNP and testing association....

Reading 4790000-th SNP and testing association....

Reading 4800000-th SNP and testing association....

Reading 4810000-th SNP and testing association....

Reading 4820000-th SNP and testing association....

Reading 4830000-th SNP and testing association....

Reading 4840000-th SNP and testing association....

Reading 4850000-th SNP and testing association....

Reading 4860000-th SNP and testing association....

Reading 4870000-th SNP and testing association....

Reading 4880000-th SNP and testing association....

Reading 4890000-th SNP and testing association....

Reading 4900000-th SNP and testing association....

Reading 4910000-th SNP and testing association....

Reading 4920000-th SNP and testing association....

Reading 4930000-th SNP and testing association....

Reading 4940000-th SNP and testing association....

Reading 4950000-th SNP and testing association....

Reading 4960000-th SNP and testing association....

Reading 4970000-th SNP and testing association....

Reading 4980000-th SNP and testing association....

Reading 4990000-th SNP and testing association....

Reading 5000000-th SNP and testing association....

Reading 5010000-th SNP and testing association....

Reading 5020000-th SNP and testing association....

Reading 5030000-th SNP and testing association....

Reading 5040000-th SNP and testing association....

Reading 5050000-th SNP and testing association....

Reading 5060000-th SNP and testing association....

Reading 5070000-th SNP and testing association....

Reading 5080000-th SNP and testing association....

Reading 5090000-th SNP and testing association....

Reading 5100000-th SNP and testing association....

Reading 5110000-th SNP and testing association....

Reading 5120000-th SNP and testing association....

Reading 5130000-th SNP and testing association....

Reading 5140000-th SNP and testing association....

Reading 5150000-th SNP and testing association....

Reading 5160000-th SNP and testing association....

Reading 5170000-th SNP and testing association....

Reading 5180000-th SNP and testing association....

Reading 5190000-th SNP and testing association....

Reading 5200000-th SNP and testing association....

Reading 5210000-th SNP and testing association....

Reading 5220000-th SNP and testing association....

Reading 5230000-th SNP and testing association....

Reading 5240000-th SNP and testing association....

Reading 5250000-th SNP and testing association....

Reading 5260000-th SNP and testing association....

Reading 5270000-th SNP and testing association....

Reading 5280000-th SNP and testing association....

Reading 5290000-th SNP and testing association....

Reading 5300000-th SNP and testing association....

Reading 5310000-th SNP and testing association....

Reading 5320000-th SNP and testing association....

Reading 5330000-th SNP and testing association....

Reading 5340000-th SNP and testing association....

Reading 5350000-th SNP and testing association....

Reading 5360000-th SNP and testing association....

Reading 5370000-th SNP and testing association....

Reading 5380000-th SNP and testing association....

Reading 5390000-th SNP and testing association....

Reading 5400000-th SNP and testing association....

Reading 5410000-th SNP and testing association....

Reading 5420000-th SNP and testing association....

Reading 5430000-th SNP and testing association....

Reading 5440000-th SNP and testing association....

Reading 5450000-th SNP and testing association....

Reading 5460000-th SNP and testing association....

Reading 5470000-th SNP and testing association....

Reading 5480000-th SNP and testing association....

Reading 5490000-th SNP and testing association....

Reading 5500000-th SNP and testing association....

Reading 5510000-th SNP and testing association....

Reading 5520000-th SNP and testing association....

Reading 5530000-th SNP and testing association....

Reading 5540000-th SNP and testing association....

Reading 5550000-th SNP and testing association....

Reading 5560000-th SNP and testing association....

Reading 5570000-th SNP and testing association....

Reading 5580000-th SNP and testing association....

Reading 5590000-th SNP and testing association....

Reading 5600000-th SNP and testing association....

Reading 5610000-th SNP and testing association....

Reading 5620000-th SNP and testing association....

Reading 5630000-th SNP and testing association....

Reading 5640000-th SNP and testing association....

Reading 5650000-th SNP and testing association....

Reading 5660000-th SNP and testing association....

Reading 5670000-th SNP and testing association....

Reading 5680000-th SNP and testing association....

Reading 5690000-th SNP and testing association....

Reading 5700000-th SNP and testing association....

Reading 5710000-th SNP and testing association....

Reading 5720000-th SNP and testing association....

Reading 5730000-th SNP and testing association....

Reading 5740000-th SNP and testing association....

Reading 5750000-th SNP and testing association....

Reading 5760000-th SNP and testing association....

Reading 5770000-th SNP and testing association....

Reading 5780000-th SNP and testing association....

Reading 5790000-th SNP and testing association....

Reading 5800000-th SNP and testing association....

Reading 5810000-th SNP and testing association....

Reading 5820000-th SNP and testing association....

Reading 5830000-th SNP and testing association....

Reading 5840000-th SNP and testing association....

Reading 5850000-th SNP and testing association....

Reading 5860000-th SNP and testing association....

Reading 5870000-th SNP and testing association....

Reading 5880000-th SNP and testing association....

Reading 5890000-th SNP and testing association....

Reading 5900000-th SNP and testing association....

Reading 5910000-th SNP and testing association....

Reading 5920000-th SNP and testing association....

Reading 5930000-th SNP and testing association....

Reading 5940000-th SNP and testing association....

Reading 5950000-th SNP and testing association....

Reading 5960000-th SNP and testing association....

Reading 5970000-th SNP and testing association....

Reading 5980000-th SNP and testing association....

Reading 5990000-th SNP and testing association....

Reading 6000000-th SNP and testing association....

Reading 6010000-th SNP and testing association....

Reading 6020000-th SNP and testing association....

Reading 6030000-th SNP and testing association....

Reading 6040000-th SNP and testing association....

Reading 6050000-th SNP and testing association....

Reading 6060000-th SNP and testing association....

Reading 6070000-th SNP and testing association....

Reading 6080000-th SNP and testing association....

Reading 6090000-th SNP and testing association....

Reading 6100000-th SNP and testing association....

Reading 6110000-th SNP and testing association....

Reading 6120000-th SNP and testing association....

Reading 6130000-th SNP and testing association....

Reading 6140000-th SNP and testing association....

Reading 6150000-th SNP and testing association....

Reading 6160000-th SNP and testing association....

Reading 6170000-th SNP and testing association....

Reading 6180000-th SNP and testing association....

Reading 6190000-th SNP and testing association....

Reading 6200000-th SNP and testing association....

Reading 6210000-th SNP and testing association....

Reading 6220000-th SNP and testing association....

Reading 6230000-th SNP and testing association....

Reading 6240000-th SNP and testing association....

Reading 6250000-th SNP and testing association....

Reading 6260000-th SNP and testing association....

Reading 6270000-th SNP and testing association....

Reading 6280000-th SNP and testing association....

Reading 6290000-th SNP and testing association....

Reading 6300000-th SNP and testing association....

Reading 6310000-th SNP and testing association....

Reading 6320000-th SNP and testing association....

Reading 6330000-th SNP and testing association....

Reading 6340000-th SNP and testing association....

Reading 6350000-th SNP and testing association....

Reading 6360000-th SNP and testing association....

Reading 6370000-th SNP and testing association....

Reading 6380000-th SNP and testing association....

Reading 6390000-th SNP and testing association....

Reading 6400000-th SNP and testing association....

Reading 6410000-th SNP and testing association....

Reading 6420000-th SNP and testing association....

Reading 6430000-th SNP and testing association....

Reading 6440000-th SNP and testing association....

Reading 6450000-th SNP and testing association....

Reading 6460000-th SNP and testing association....

Reading 6470000-th SNP and testing association....

Reading 6480000-th SNP and testing association....

Reading 6490000-th SNP and testing association....

Reading 6500000-th SNP and testing association....

Reading 6510000-th SNP and testing association....

Reading 6520000-th SNP and testing association....

Reading 6530000-th SNP and testing association....

Reading 6540000-th SNP and testing association....

Reading 6550000-th SNP and testing association....

Reading 6560000-th SNP and testing association....

Reading 6570000-th SNP and testing association....

Reading 6580000-th SNP and testing association....

Reading 6590000-th SNP and testing association....

Reading 6600000-th SNP and testing association....

Reading 6610000-th SNP and testing association....

Reading 6620000-th SNP and testing association....

Reading 6630000-th SNP and testing association....

Reading 6640000-th SNP and testing association....

Reading 6650000-th SNP and testing association....

Reading 6660000-th SNP and testing association....

Reading 6670000-th SNP and testing association....

Reading 6680000-th SNP and testing association....

Reading 6690000-th SNP and testing association....

Reading 6700000-th SNP and testing association....

Reading 6710000-th SNP and testing association....

Reading 6720000-th SNP and testing association....

Reading 6730000-th SNP and testing association....

Reading 6740000-th SNP and testing association....

Reading 6750000-th SNP and testing association....

Reading 6760000-th SNP and testing association....

Reading 6770000-th SNP and testing association....

Reading 6780000-th SNP and testing association....

Reading 6790000-th SNP and testing association....

Reading 6800000-th SNP and testing association....

Reading 6810000-th SNP and testing association....

Reading 6820000-th SNP and testing association....

Reading 6830000-th SNP and testing association....

Reading 6840000-th SNP and testing association....

Reading 6850000-th SNP and testing association....

Reading 6860000-th SNP and testing association....

Reading 6870000-th SNP and testing association....

Reading 6880000-th SNP and testing association....

Reading 6890000-th SNP and testing association....

Reading 6900000-th SNP and testing association....

Reading 6910000-th SNP and testing association....

Reading 6920000-th SNP and testing association....

Reading 6930000-th SNP and testing association....

Reading 6940000-th SNP and testing association....

Reading 6950000-th SNP and testing association....

Reading 6960000-th SNP and testing association....

Reading 6970000-th SNP and testing association....

Reading 6980000-th SNP and testing association....

Reading 6990000-th SNP and testing association....

Reading 7000000-th SNP and testing association....

Reading 7010000-th SNP and testing association....

Reading 7020000-th SNP and testing association....

Reading 7030000-th SNP and testing association....

Reading 7040000-th SNP and testing association....

Reading 7050000-th SNP and testing association....

Reading 7060000-th SNP and testing association....

Reading 7070000-th SNP and testing association....

Reading 7080000-th SNP and testing association....

Reading 7090000-th SNP and testing association....

Reading 7100000-th SNP and testing association....

Reading 7110000-th SNP and testing association....

GLS association - elapsed CPU time is 1200.209972

Breakdown for input file parsing : 681.547748

              matrix computation : 246.846730

             p-value computation : 55.088879

