
Reading TFAM file /mnt/data/shahar/gwas_barley/morexV3_analysis/barley_for_publication_project/01_USED_GWAS_V2_pipeline/intermediates/morexV3_gwas_genotypes.tfam ....


Reading kinship file /mnt/data/shahar/gwas_barley/morexV3_analysis/barley_for_publication_project/01_USED_GWAS_V2_pipeline/intermediates/morexV3_kinship.aIBS.kinf...

  290 rows and 290 columns were observed with 0 missing values.


Reading the phenotype file /mnt/data/shahar/gwas_barley/data/inputs/BLUE_starch_V3.pheno...

  290 rows and 1 columns were observed with 0 missing values


Reading covariate file /mnt/data/shahar/gwas_barley/morexV3_analysis/barley_for_publication_project/01_USED_GWAS_V2_pipeline/intermediates/covariates/pca_pc5.cov...

  290 rows and 5 columns were observed with 0 missing values. Make sure that the intercept is included in the covariates

File reading - elapsed CPU time is 0.039204

eRvals[0] = 0.024406, eRvals[n-q-1] = 194.917766, eRvals[n-q] = 0.000000
eigen_R - elapsed CPU time is 0.091368
etas[0] = -1.556695, lambdas[0] = 0.024406
etas[1] = 0.776463, lambdas[1] = 0.028015
etas[2] = -1.122134, lambdas[2] = 0.029468
etas[3] = 0.589077, lambdas[3] = 0.029703
etas[4] = -0.625097, lambdas[4] = 0.030414
etas[5] = -1.778905, lambdas[5] = 0.031153
etas[6] = -0.970069, lambdas[6] = 0.032120
etas[7] = -0.543774, lambdas[7] = 0.032543
etas[8] = -1.341200, lambdas[8] = 0.032730
etas[9] = 0.766314, lambdas[9] = 0.033164
etas[10] = -1.185546, lambdas[10] = 0.033924
etas[11] = 2.631490, lambdas[11] = 0.034752
etas[12] = 0.362099, lambdas[12] = 0.035200
etas[13] = 2.624709, lambdas[13] = 0.035262
etas[14] = 0.017697, lambdas[14] = 0.035791
etas[15] = 0.252883, lambdas[15] = 0.037095
etas[16] = -2.214479, lambdas[16] = 0.037622
etas[17] = 0.498074, lambdas[17] = 0.038094
etas[18] = 0.047917, lambdas[18] = 0.038707
etas[19] = 0.438637, lambdas[19] = 0.039206
etas[20] = 1.957985, lambdas[20] = 0.039658
etas[21] = 1.157998, lambdas[21] = 0.040305
etas[22] = -2.454711, lambdas[22] = 0.040742
etas[23] = 0.813285, lambdas[23] = 0.041301
etas[24] = -1.806926, lambdas[24] = 0.041577
etas[25] = 1.283177, lambdas[25] = 0.042022
etas[26] = 4.089866, lambdas[26] = 0.042147
etas[27] = -0.542397, lambdas[27] = 0.042302
etas[28] = -2.548468, lambdas[28] = 0.042743
etas[29] = 1.026773, lambdas[29] = 0.043265
etas[30] = -0.327498, lambdas[30] = 0.043897
etas[31] = 1.270579, lambdas[31] = 0.043976
etas[32] = -0.486930, lambdas[32] = 0.044343
etas[33] = -1.777614, lambdas[33] = 0.044514
etas[34] = 0.872479, lambdas[34] = 0.044775
etas[35] = 0.423034, lambdas[35] = 0.045050
etas[36] = -1.766776, lambdas[36] = 0.045281
etas[37] = 1.551158, lambdas[37] = 0.045713
etas[38] = -1.483454, lambdas[38] = 0.045965
etas[39] = -0.220914, lambdas[39] = 0.046109
etas[40] = -1.956777, lambdas[40] = 0.046286
etas[41] = -2.319124, lambdas[41] = 0.046562
etas[42] = -0.979942, lambdas[42] = 0.046623
etas[43] = -0.067233, lambdas[43] = 0.047046
etas[44] = 1.346254, lambdas[44] = 0.047275
etas[45] = -1.116464, lambdas[45] = 0.047399
etas[46] = 0.233068, lambdas[46] = 0.047482
etas[47] = 0.991910, lambdas[47] = 0.047998
etas[48] = 2.474071, lambdas[48] = 0.048233
etas[49] = -1.528929, lambdas[49] = 0.048668
etas[50] = -0.883698, lambdas[50] = 0.048866
etas[51] = 0.169999, lambdas[51] = 0.049636
etas[52] = -1.469249, lambdas[52] = 0.049715
etas[53] = -1.253613, lambdas[53] = 0.050103
etas[54] = -2.267998, lambdas[54] = 0.050604
etas[55] = -1.535433, lambdas[55] = 0.050727
etas[56] = 1.856708, lambdas[56] = 0.050929
etas[57] = -2.275291, lambdas[57] = 0.051205
etas[58] = 0.680244, lambdas[58] = 0.051707
etas[59] = 3.866644, lambdas[59] = 0.052006
etas[60] = 1.933570, lambdas[60] = 0.052487
etas[61] = 1.492684, lambdas[61] = 0.052663
etas[62] = -0.379058, lambdas[62] = 0.053829
etas[63] = 2.893153, lambdas[63] = 0.054108
etas[64] = -2.108487, lambdas[64] = 0.054257
etas[65] = -3.206177, lambdas[65] = 0.054567
etas[66] = -0.623607, lambdas[66] = 0.055538
etas[67] = 0.232004, lambdas[67] = 0.057396
etas[68] = -0.848552, lambdas[68] = 0.058669
etas[69] = -2.020640, lambdas[69] = 0.059912
etas[70] = 1.337502, lambdas[70] = 0.060305
etas[71] = -1.970643, lambdas[71] = 0.069939
etas[72] = -0.112998, lambdas[72] = 0.080309
etas[73] = -0.929709, lambdas[73] = 0.092894
etas[74] = -0.879819, lambdas[74] = 0.095642
etas[75] = -0.665148, lambdas[75] = 0.096472
etas[76] = -0.092708, lambdas[76] = 0.097043
etas[77] = 7.043725, lambdas[77] = 0.098042
etas[78] = -2.170822, lambdas[78] = 0.099527
etas[79] = 3.873827, lambdas[79] = 0.117756
etas[80] = 1.510566, lambdas[80] = 0.126803
etas[81] = -4.646421, lambdas[81] = 0.130090
etas[82] = -4.827923, lambdas[82] = 0.132678
etas[83] = -1.200340, lambdas[83] = 0.138672
etas[84] = -2.891057, lambdas[84] = 0.142431
etas[85] = -0.045773, lambdas[85] = 0.145826
etas[86] = 0.730293, lambdas[86] = 0.149586
etas[87] = -1.072337, lambdas[87] = 0.149834
etas[88] = -0.538591, lambdas[88] = 0.154078
etas[89] = -6.067803, lambdas[89] = 0.155435
etas[90] = -1.321034, lambdas[90] = 0.156192
etas[91] = -5.170302, lambdas[91] = 0.159004
etas[92] = -2.282157, lambdas[92] = 0.160844
etas[93] = 3.753819, lambdas[93] = 0.163795
etas[94] = -1.534229, lambdas[94] = 0.166553
etas[95] = 2.107239, lambdas[95] = 0.167194
etas[96] = -1.628272, lambdas[96] = 0.167693
etas[97] = -3.327277, lambdas[97] = 0.170966
etas[98] = 0.667774, lambdas[98] = 0.171721
etas[99] = 4.658731, lambdas[99] = 0.173142
etas[100] = -1.372442, lambdas[100] = 0.173650
etas[101] = 0.302356, lambdas[101] = 0.174516
etas[102] = 2.256198, lambdas[102] = 0.178097
etas[103] = -5.512754, lambdas[103] = 0.178433
etas[104] = -3.550765, lambdas[104] = 0.178968
etas[105] = -1.590192, lambdas[105] = 0.179236
etas[106] = 5.079012, lambdas[106] = 0.180667
etas[107] = -1.080607, lambdas[107] = 0.181264
etas[108] = 2.422239, lambdas[108] = 0.182520
etas[109] = 0.146883, lambdas[109] = 0.183876
etas[110] = 0.551896, lambdas[110] = 0.184312
etas[111] = 0.177578, lambdas[111] = 0.185849
etas[112] = -0.253680, lambdas[112] = 0.186697
etas[113] = 1.928351, lambdas[113] = 0.187029
etas[114] = 6.608744, lambdas[114] = 0.188220
etas[115] = -3.809812, lambdas[115] = 0.188970
etas[116] = -1.099210, lambdas[116] = 0.189406
etas[117] = 3.326761, lambdas[117] = 0.190929
etas[118] = -7.429972, lambdas[118] = 0.191174
etas[119] = 0.061607, lambdas[119] = 0.191797
etas[120] = 7.839465, lambdas[120] = 0.193048
etas[121] = -2.683812, lambdas[121] = 0.193312
etas[122] = 6.435733, lambdas[122] = 0.194021
etas[123] = -5.429578, lambdas[123] = 0.194492
etas[124] = -0.701211, lambdas[124] = 0.195743
etas[125] = -3.596604, lambdas[125] = 0.196230
etas[126] = -5.276778, lambdas[126] = 0.197176
etas[127] = 1.064498, lambdas[127] = 0.197931
etas[128] = -2.244721, lambdas[128] = 0.197970
etas[129] = -7.880881, lambdas[129] = 0.198587
etas[130] = 3.022945, lambdas[130] = 0.199157
etas[131] = -0.500407, lambdas[131] = 0.199809
etas[132] = 1.540657, lambdas[132] = 0.200454
etas[133] = -3.576583, lambdas[133] = 0.201822
etas[134] = -6.940029, lambdas[134] = 0.202305
etas[135] = -7.240754, lambdas[135] = 0.202830
etas[136] = 1.681425, lambdas[136] = 0.203539
etas[137] = 0.234672, lambdas[137] = 0.204142
etas[138] = -3.088104, lambdas[138] = 0.204408
etas[139] = 0.467328, lambdas[139] = 0.205456
etas[140] = 0.779711, lambdas[140] = 0.206810
etas[141] = -4.994126, lambdas[141] = 0.207850
etas[142] = 2.657974, lambdas[142] = 0.208133
etas[143] = 0.263228, lambdas[143] = 0.208793
etas[144] = 0.360296, lambdas[144] = 0.209723
etas[145] = 5.744949, lambdas[145] = 0.210443
etas[146] = 1.666346, lambdas[146] = 0.211798
etas[147] = -0.810290, lambdas[147] = 0.212010
etas[148] = -1.098472, lambdas[148] = 0.213270
etas[149] = -3.354971, lambdas[149] = 0.213431
etas[150] = 0.781614, lambdas[150] = 0.214188
etas[151] = 1.818944, lambdas[151] = 0.214885
etas[152] = 0.769937, lambdas[152] = 0.215261
etas[153] = 0.358048, lambdas[153] = 0.215714
etas[154] = 0.784230, lambdas[154] = 0.216351
etas[155] = -1.499969, lambdas[155] = 0.217026
etas[156] = 3.059823, lambdas[156] = 0.217725
etas[157] = -0.252025, lambdas[157] = 0.217936
etas[158] = 5.914854, lambdas[158] = 0.219248
etas[159] = -5.192910, lambdas[159] = 0.219531
etas[160] = 1.927819, lambdas[160] = 0.220163
etas[161] = -0.643645, lambdas[161] = 0.221336
etas[162] = 5.261484, lambdas[162] = 0.222152
etas[163] = -3.801569, lambdas[163] = 0.222617
etas[164] = -6.864287, lambdas[164] = 0.223421
etas[165] = -0.449542, lambdas[165] = 0.225437
etas[166] = -0.046869, lambdas[166] = 0.225714
etas[167] = 1.519301, lambdas[167] = 0.226209
etas[168] = -4.488990, lambdas[168] = 0.226629
etas[169] = -1.950260, lambdas[169] = 0.227844
etas[170] = 0.763296, lambdas[170] = 0.228030
etas[171] = -1.021886, lambdas[171] = 0.228991
etas[172] = 1.858434, lambdas[172] = 0.229861
etas[173] = -5.162556, lambdas[173] = 0.230019
etas[174] = -2.678589, lambdas[174] = 0.230429
etas[175] = -8.381376, lambdas[175] = 0.231486
etas[176] = 12.649705, lambdas[176] = 0.232316
etas[177] = 2.538615, lambdas[177] = 0.232837
etas[178] = -6.163638, lambdas[178] = 0.233382
etas[179] = 2.681818, lambdas[179] = 0.234623
etas[180] = 1.396338, lambdas[180] = 0.235111
etas[181] = -2.092748, lambdas[181] = 0.236181
etas[182] = -8.727239, lambdas[182] = 0.237268
etas[183] = -0.130580, lambdas[183] = 0.237927
etas[184] = 5.338431, lambdas[184] = 0.239399
etas[185] = -0.598772, lambdas[185] = 0.240270
etas[186] = 1.900955, lambdas[186] = 0.240866
etas[187] = 0.693367, lambdas[187] = 0.241531
etas[188] = -2.018651, lambdas[188] = 0.241740
etas[189] = 0.805919, lambdas[189] = 0.242285
etas[190] = -3.177848, lambdas[190] = 0.243888
etas[191] = 2.174048, lambdas[191] = 0.244306
etas[192] = -6.620872, lambdas[192] = 0.245445
etas[193] = 1.964672, lambdas[193] = 0.245741
etas[194] = -1.234666, lambdas[194] = 0.246359
etas[195] = -4.170697, lambdas[195] = 0.247403
etas[196] = -3.148997, lambdas[196] = 0.247969
etas[197] = 0.511933, lambdas[197] = 0.248543
etas[198] = 0.144940, lambdas[198] = 0.249399
etas[199] = 1.408502, lambdas[199] = 0.250800
etas[200] = -3.749965, lambdas[200] = 0.250968
etas[201] = -4.456400, lambdas[201] = 0.253536
etas[202] = -1.987690, lambdas[202] = 0.253958
etas[203] = 1.886874, lambdas[203] = 0.254510
etas[204] = -11.019928, lambdas[204] = 0.255382
etas[205] = 6.017558, lambdas[205] = 0.255872
etas[206] = 8.424745, lambdas[206] = 0.257699
etas[207] = -10.081742, lambdas[207] = 0.258364
etas[208] = 1.170542, lambdas[208] = 0.258540
etas[209] = -0.593765, lambdas[209] = 0.258674
etas[210] = -1.433008, lambdas[210] = 0.259939
etas[211] = 3.199324, lambdas[211] = 0.260651
etas[212] = -10.004935, lambdas[212] = 0.262412
etas[213] = 2.624335, lambdas[213] = 0.263088
etas[214] = 9.493898, lambdas[214] = 0.263368
etas[215] = 5.089896, lambdas[215] = 0.264206
etas[216] = 3.105489, lambdas[216] = 0.265379
etas[217] = -5.410627, lambdas[217] = 0.266000
etas[218] = -0.040251, lambdas[218] = 0.267101
etas[219] = -8.243666, lambdas[219] = 0.268308
etas[220] = -6.305822, lambdas[220] = 0.269961
etas[221] = 1.632618, lambdas[221] = 0.271996
etas[222] = 6.578128, lambdas[222] = 0.272823
etas[223] = -4.457698, lambdas[223] = 0.274249
etas[224] = -4.306779, lambdas[224] = 0.277375
etas[225] = -3.972218, lambdas[225] = 0.279878
etas[226] = 5.553637, lambdas[226] = 0.281303
etas[227] = -0.102090, lambdas[227] = 0.283252
etas[228] = 4.637433, lambdas[228] = 0.284223
etas[229] = 5.202466, lambdas[229] = 0.286483
etas[230] = 1.625653, lambdas[230] = 0.286712
etas[231] = 6.251623, lambdas[231] = 0.287982
etas[232] = -3.210494, lambdas[232] = 0.290709
etas[233] = -2.419523, lambdas[233] = 0.291860
etas[234] = 0.475109, lambdas[234] = 0.293104
etas[235] = 6.013687, lambdas[235] = 0.296449
etas[236] = 1.022238, lambdas[236] = 0.300204
etas[237] = 2.715304, lambdas[237] = 0.301460
etas[238] = 0.683595, lambdas[238] = 0.304127
etas[239] = 2.327818, lambdas[239] = 0.308275
etas[240] = -7.515164, lambdas[240] = 0.318906
etas[241] = -6.572720, lambdas[241] = 0.323747
etas[242] = 0.811741, lambdas[242] = 0.329576
etas[243] = -4.373419, lambdas[243] = 0.332698
etas[244] = 2.463952, lambdas[244] = 0.337250
etas[245] = 4.891119, lambdas[245] = 0.339017
etas[246] = -4.866104, lambdas[246] = 0.344938
etas[247] = 6.687109, lambdas[247] = 0.352185
etas[248] = 10.455250, lambdas[248] = 0.360293
etas[249] = 0.610324, lambdas[249] = 0.364911
etas[250] = 3.321221, lambdas[250] = 0.394018
etas[251] = 2.796508, lambdas[251] = 0.405424
etas[252] = 14.494774, lambdas[252] = 0.409919
etas[253] = -2.136743, lambdas[253] = 0.418072
etas[254] = -5.968949, lambdas[254] = 0.428067
etas[255] = 2.576364, lambdas[255] = 0.435619
etas[256] = 4.971349, lambdas[256] = 0.444578
etas[257] = -0.915548, lambdas[257] = 0.449100
etas[258] = -0.090997, lambdas[258] = 0.471785
etas[259] = 4.424231, lambdas[259] = 0.482780
etas[260] = 2.919975, lambdas[260] = 0.492819
etas[261] = -6.313122, lambdas[261] = 0.500138
etas[262] = -6.103372, lambdas[262] = 0.520015
etas[263] = 1.788351, lambdas[263] = 0.561484
etas[264] = 7.988503, lambdas[264] = 0.577673
etas[265] = 6.434271, lambdas[265] = 0.588087
etas[266] = -9.674413, lambdas[266] = 0.606624
etas[267] = 5.392317, lambdas[267] = 0.618419
etas[268] = 2.331336, lambdas[268] = 0.639070
etas[269] = -2.439568, lambdas[269] = 0.652907
etas[270] = -5.743299, lambdas[270] = 0.654558
etas[271] = 5.986964, lambdas[271] = 0.723729
etas[272] = 1.544478, lambdas[272] = 0.742661
etas[273] = 5.428687, lambdas[273] = 0.756608
etas[274] = 15.575411, lambdas[274] = 0.849418
etas[275] = -1.323304, lambdas[275] = 0.854692
etas[276] = -12.190486, lambdas[276] = 0.903185
etas[277] = 5.323885, lambdas[277] = 1.010423
etas[278] = 1.734315, lambdas[278] = 1.018775
etas[279] = 0.336974, lambdas[279] = 1.107859
etas[280] = 15.520374, lambdas[280] = 1.152556
etas[281] = -0.932698, lambdas[281] = 1.284842
etas[282] = -4.810325, lambdas[282] = 1.454124
etas[283] = 2.370050, lambdas[283] = 1.572837
etas[284] = 0.562211, lambdas[284] = 194.917766
0	-115.767434	-115.828247	-754.805638
1	-115.828247	-115.902414	-754.806802
2	-115.902414	-115.992840	-754.808224
3	-115.992840	-116.103043	-754.809963
4	-116.103043	-116.237285	-754.812088
5	-116.237285	-116.400711	-754.814687
6	-116.400711	-116.599523	-754.817865
7	-116.599523	-116.841168	-754.821753
8	-116.841168	-117.134555	-754.826511
9	-117.134555	-117.490293	-754.832335
10	-117.490293	-117.920936	-754.839469
11	-117.920936	-118.441227	-754.848211
12	-118.441227	-119.068312	-754.858932
13	-119.068312	-119.821887	-754.872091
14	-119.821887	-120.724203	-754.888256
15	-120.724203	-121.799862	-754.908137
16	-121.799862	-123.075254	-754.932619
17	-123.075254	-124.577488	-754.962812
18	-124.577488	-126.332588	-755.000109
19	-126.332588	-128.362714	-755.046263
20	-128.362714	-130.682140	-755.103488
21	-130.682140	-133.291760	-755.174578
22	-133.291760	-136.172029	-755.263063
23	-136.172029	-139.274492	-755.373392
24	-139.274492	-142.512513	-755.511150
25	-142.512513	-145.752437	-755.683292
26	-145.752437	-148.807138	-755.898400
27	-148.807138	-151.434629	-756.166895
28	-151.434629	-153.344688	-756.501191
29	-153.344688	-154.216058	-756.915707
30	-154.216058	-153.725201	-757.426649
31	-153.725201	-151.584932	-758.051500
32	-151.584932	-147.587854	-758.808147
33	-147.587854	-141.646481	-759.713645
34	-141.646481	-133.820618	-760.782676
35	-133.820618	-124.323979	-762.025882
36	-124.323979	-113.506433	-763.448294
37	-113.506433	-101.814265	-765.048129
38	-101.814265	-89.736551	-766.816198
39	-89.736551	-77.748865	-768.736058
40	-77.748865	-66.265285	-770.784906
41	-66.265285	-55.606283	-772.935059
42	-55.606283	-45.985303	-775.155766
43	-45.985303	-37.512246	-777.415061
44	-37.512246	-30.209068	-779.681390
45	-30.209068	-24.031583	-781.924855
46	-24.031583	-18.892130	-784.118036
47	-18.892130	-14.679384	-786.236444
48	-14.679384	-11.273429	-788.258758
49	-11.273429	-8.555874	-790.166954
50	-8.555874	-6.415791	-791.946447
51	-6.415791	-4.752684	-793.586263
52	-4.752684	-3.477646	-795.079187
53	-3.477646	-2.513517	-796.421841
54	-2.513517	-1.794541	-797.614582
55	-1.794541	-1.265729	-798.661213
56	-1.265729	-0.882011	-799.568494
57	-0.882011	-0.607209	-800.345506
58	-0.607209	-0.412885	-801.002956
59	-0.412885	-0.277143	-801.552488
60	-0.277143	-0.183450	-802.006067
61	-0.183450	-0.119542	-802.375475
62	-0.119542	-0.076477	-802.671942
63	-0.076477	-0.047827	-802.905891
64	-0.047827	-0.029038	-803.086801
65	-0.029038	-0.016917	-803.223151
66	-0.016917	-0.009255	-803.322431
67	-0.009255	-0.004537	-803.391191
68	-0.004537	-0.001734	-803.435119
69	-0.001734	-0.000156	-803.459124
70	-0.000156	0.000657	-803.467427
71	0.000657	0.001007	-803.463641
72	0.001007	0.001088	-803.450844
73	0.001088	0.001026	-803.431638
74	0.001026	0.000896	-803.408200
75	0.000896	0.000744	-803.382324
76	0.000744	0.000595	-803.355455
77	0.000595	0.000463	-803.328723
78	0.000463	0.000352	-803.302972
79	0.000352	0.000262	-803.278799
80	0.000262	0.000192	-803.256583
81	0.000192	0.000139	-803.236526
82	0.000139	0.000099	-803.218693
83	0.000099	0.000070	-803.203040
84	0.000070	0.000049	-803.189454
85	0.000049	0.000034	-803.177771
86	0.000034	0.000024	-803.167807
87	0.000024	0.000016	-803.159365
88	0.000016	0.000011	-803.152256
89	0.000011	0.000008	-803.146296
90	0.000008	0.000005	-803.141321
91	0.000005	0.000004	-803.137181
92	0.000004	0.000002	-803.133747
93	0.000002	0.000002	-803.130904
94	0.000002	0.000001	-803.128556
95	0.000001	0.000001	-803.126619
96	0.000001	0.000000	-803.125023
97	0.000000	0.000000	-803.123711
98	0.000000	0.000000	-803.122631
99	0.000000	0.000000	-803.121745
REMLE (delta=0.000045, REML=-754.805638, REML0=-803.117706)- elapsed CPU time is 0.013270
eigen_L - elapsed CPU time is 0.048701


Reading TPED file /mnt/data/shahar/gwas_barley/morexV3_analysis/barley_for_publication_project/01_USED_GWAS_V2_pipeline/intermediates/morexV3_gwas_genotypes...

Reading 0-th SNP and testing association....

Reading 10000-th SNP and testing association....

Reading 20000-th SNP and testing association....

Reading 30000-th SNP and testing association....

Reading 40000-th SNP and testing association....

Reading 50000-th SNP and testing association....

Reading 60000-th SNP and testing association....

Reading 70000-th SNP and testing association....

Reading 80000-th SNP and testing association....

Reading 90000-th SNP and testing association....

Reading 100000-th SNP and testing association....

Reading 110000-th SNP and testing association....

Reading 120000-th SNP and testing association....

Reading 130000-th SNP and testing association....

Reading 140000-th SNP and testing association....

Reading 150000-th SNP and testing association....

Reading 160000-th SNP and testing association....

Reading 170000-th SNP and testing association....

Reading 180000-th SNP and testing association....

Reading 190000-th SNP and testing association....

Reading 200000-th SNP and testing association....

Reading 210000-th SNP and testing association....

Reading 220000-th SNP and testing association....

Reading 230000-th SNP and testing association....

Reading 240000-th SNP and testing association....

Reading 250000-th SNP and testing association....

Reading 260000-th SNP and testing association....

Reading 270000-th SNP and testing association....

Reading 280000-th SNP and testing association....

Reading 290000-th SNP and testing association....

Reading 300000-th SNP and testing association....

Reading 310000-th SNP and testing association....

Reading 320000-th SNP and testing association....

Reading 330000-th SNP and testing association....

Reading 340000-th SNP and testing association....

Reading 350000-th SNP and testing association....

Reading 360000-th SNP and testing association....

Reading 370000-th SNP and testing association....

Reading 380000-th SNP and testing association....

Reading 390000-th SNP and testing association....

Reading 400000-th SNP and testing association....

Reading 410000-th SNP and testing association....

Reading 420000-th SNP and testing association....

Reading 430000-th SNP and testing association....

Reading 440000-th SNP and testing association....

Reading 450000-th SNP and testing association....

Reading 460000-th SNP and testing association....

Reading 470000-th SNP and testing association....

Reading 480000-th SNP and testing association....

Reading 490000-th SNP and testing association....

Reading 500000-th SNP and testing association....

Reading 510000-th SNP and testing association....

Reading 520000-th SNP and testing association....

Reading 530000-th SNP and testing association....

Reading 540000-th SNP and testing association....

Reading 550000-th SNP and testing association....

Reading 560000-th SNP and testing association....

Reading 570000-th SNP and testing association....

Reading 580000-th SNP and testing association....

Reading 590000-th SNP and testing association....

Reading 600000-th SNP and testing association....

Reading 610000-th SNP and testing association....

Reading 620000-th SNP and testing association....

Reading 630000-th SNP and testing association....

Reading 640000-th SNP and testing association....

Reading 650000-th SNP and testing association....

Reading 660000-th SNP and testing association....

Reading 670000-th SNP and testing association....

Reading 680000-th SNP and testing association....

Reading 690000-th SNP and testing association....

Reading 700000-th SNP and testing association....

Reading 710000-th SNP and testing association....

Reading 720000-th SNP and testing association....

Reading 730000-th SNP and testing association....

Reading 740000-th SNP and testing association....

Reading 750000-th SNP and testing association....

Reading 760000-th SNP and testing association....

Reading 770000-th SNP and testing association....

Reading 780000-th SNP and testing association....

Reading 790000-th SNP and testing association....

Reading 800000-th SNP and testing association....

Reading 810000-th SNP and testing association....

Reading 820000-th SNP and testing association....

Reading 830000-th SNP and testing association....

Reading 840000-th SNP and testing association....

Reading 850000-th SNP and testing association....

Reading 860000-th SNP and testing association....

Reading 870000-th SNP and testing association....

Reading 880000-th SNP and testing association....

Reading 890000-th SNP and testing association....

Reading 900000-th SNP and testing association....

Reading 910000-th SNP and testing association....

Reading 920000-th SNP and testing association....

Reading 930000-th SNP and testing association....

Reading 940000-th SNP and testing association....

Reading 950000-th SNP and testing association....

Reading 960000-th SNP and testing association....

Reading 970000-th SNP and testing association....

Reading 980000-th SNP and testing association....

Reading 990000-th SNP and testing association....

Reading 1000000-th SNP and testing association....

Reading 1010000-th SNP and testing association....

Reading 1020000-th SNP and testing association....

Reading 1030000-th SNP and testing association....

Reading 1040000-th SNP and testing association....

Reading 1050000-th SNP and testing association....

Reading 1060000-th SNP and testing association....

Reading 1070000-th SNP and testing association....

Reading 1080000-th SNP and testing association....

Reading 1090000-th SNP and testing association....

Reading 1100000-th SNP and testing association....

Reading 1110000-th SNP and testing association....

Reading 1120000-th SNP and testing association....

Reading 1130000-th SNP and testing association....

Reading 1140000-th SNP and testing association....

Reading 1150000-th SNP and testing association....

Reading 1160000-th SNP and testing association....

Reading 1170000-th SNP and testing association....

Reading 1180000-th SNP and testing association....

Reading 1190000-th SNP and testing association....

Reading 1200000-th SNP and testing association....

Reading 1210000-th SNP and testing association....

Reading 1220000-th SNP and testing association....

Reading 1230000-th SNP and testing association....

Reading 1240000-th SNP and testing association....

Reading 1250000-th SNP and testing association....

Reading 1260000-th SNP and testing association....

Reading 1270000-th SNP and testing association....

Reading 1280000-th SNP and testing association....

Reading 1290000-th SNP and testing association....

Reading 1300000-th SNP and testing association....

Reading 1310000-th SNP and testing association....

Reading 1320000-th SNP and testing association....

Reading 1330000-th SNP and testing association....

Reading 1340000-th SNP and testing association....

Reading 1350000-th SNP and testing association....

Reading 1360000-th SNP and testing association....

Reading 1370000-th SNP and testing association....

Reading 1380000-th SNP and testing association....

Reading 1390000-th SNP and testing association....

Reading 1400000-th SNP and testing association....

Reading 1410000-th SNP and testing association....

Reading 1420000-th SNP and testing association....

Reading 1430000-th SNP and testing association....

Reading 1440000-th SNP and testing association....

Reading 1450000-th SNP and testing association....

Reading 1460000-th SNP and testing association....

Reading 1470000-th SNP and testing association....

Reading 1480000-th SNP and testing association....

Reading 1490000-th SNP and testing association....

Reading 1500000-th SNP and testing association....

Reading 1510000-th SNP and testing association....

Reading 1520000-th SNP and testing association....

Reading 1530000-th SNP and testing association....

Reading 1540000-th SNP and testing association....

Reading 1550000-th SNP and testing association....

Reading 1560000-th SNP and testing association....

Reading 1570000-th SNP and testing association....

Reading 1580000-th SNP and testing association....

Reading 1590000-th SNP and testing association....

Reading 1600000-th SNP and testing association....

Reading 1610000-th SNP and testing association....

Reading 1620000-th SNP and testing association....

Reading 1630000-th SNP and testing association....

Reading 1640000-th SNP and testing association....

Reading 1650000-th SNP and testing association....

Reading 1660000-th SNP and testing association....

Reading 1670000-th SNP and testing association....

Reading 1680000-th SNP and testing association....

Reading 1690000-th SNP and testing association....

Reading 1700000-th SNP and testing association....

Reading 1710000-th SNP and testing association....

Reading 1720000-th SNP and testing association....

Reading 1730000-th SNP and testing association....

Reading 1740000-th SNP and testing association....

Reading 1750000-th SNP and testing association....

Reading 1760000-th SNP and testing association....

Reading 1770000-th SNP and testing association....

Reading 1780000-th SNP and testing association....

Reading 1790000-th SNP and testing association....

Reading 1800000-th SNP and testing association....

Reading 1810000-th SNP and testing association....

Reading 1820000-th SNP and testing association....

Reading 1830000-th SNP and testing association....

Reading 1840000-th SNP and testing association....

Reading 1850000-th SNP and testing association....

Reading 1860000-th SNP and testing association....

Reading 1870000-th SNP and testing association....

Reading 1880000-th SNP and testing association....

Reading 1890000-th SNP and testing association....

Reading 1900000-th SNP and testing association....

Reading 1910000-th SNP and testing association....

Reading 1920000-th SNP and testing association....

Reading 1930000-th SNP and testing association....

Reading 1940000-th SNP and testing association....

Reading 1950000-th SNP and testing association....

Reading 1960000-th SNP and testing association....

Reading 1970000-th SNP and testing association....

Reading 1980000-th SNP and testing association....

Reading 1990000-th SNP and testing association....

Reading 2000000-th SNP and testing association....

Reading 2010000-th SNP and testing association....

Reading 2020000-th SNP and testing association....

Reading 2030000-th SNP and testing association....

Reading 2040000-th SNP and testing association....

Reading 2050000-th SNP and testing association....

Reading 2060000-th SNP and testing association....

Reading 2070000-th SNP and testing association....

Reading 2080000-th SNP and testing association....

Reading 2090000-th SNP and testing association....

Reading 2100000-th SNP and testing association....

Reading 2110000-th SNP and testing association....

Reading 2120000-th SNP and testing association....

Reading 2130000-th SNP and testing association....

Reading 2140000-th SNP and testing association....

Reading 2150000-th SNP and testing association....

Reading 2160000-th SNP and testing association....

Reading 2170000-th SNP and testing association....

Reading 2180000-th SNP and testing association....

Reading 2190000-th SNP and testing association....

Reading 2200000-th SNP and testing association....

Reading 2210000-th SNP and testing association....

Reading 2220000-th SNP and testing association....

Reading 2230000-th SNP and testing association....

Reading 2240000-th SNP and testing association....

Reading 2250000-th SNP and testing association....

Reading 2260000-th SNP and testing association....

Reading 2270000-th SNP and testing association....

Reading 2280000-th SNP and testing association....

Reading 2290000-th SNP and testing association....

Reading 2300000-th SNP and testing association....

Reading 2310000-th SNP and testing association....

Reading 2320000-th SNP and testing association....

Reading 2330000-th SNP and testing association....

Reading 2340000-th SNP and testing association....

Reading 2350000-th SNP and testing association....

Reading 2360000-th SNP and testing association....

Reading 2370000-th SNP and testing association....

Reading 2380000-th SNP and testing association....

Reading 2390000-th SNP and testing association....

Reading 2400000-th SNP and testing association....

Reading 2410000-th SNP and testing association....

Reading 2420000-th SNP and testing association....

Reading 2430000-th SNP and testing association....

Reading 2440000-th SNP and testing association....

Reading 2450000-th SNP and testing association....

Reading 2460000-th SNP and testing association....

Reading 2470000-th SNP and testing association....

Reading 2480000-th SNP and testing association....

Reading 2490000-th SNP and testing association....

Reading 2500000-th SNP and testing association....

Reading 2510000-th SNP and testing association....

Reading 2520000-th SNP and testing association....

Reading 2530000-th SNP and testing association....

Reading 2540000-th SNP and testing association....

Reading 2550000-th SNP and testing association....

Reading 2560000-th SNP and testing association....

Reading 2570000-th SNP and testing association....

Reading 2580000-th SNP and testing association....

Reading 2590000-th SNP and testing association....

Reading 2600000-th SNP and testing association....

Reading 2610000-th SNP and testing association....

Reading 2620000-th SNP and testing association....

Reading 2630000-th SNP and testing association....

Reading 2640000-th SNP and testing association....

Reading 2650000-th SNP and testing association....

Reading 2660000-th SNP and testing association....

Reading 2670000-th SNP and testing association....

Reading 2680000-th SNP and testing association....

Reading 2690000-th SNP and testing association....

Reading 2700000-th SNP and testing association....

Reading 2710000-th SNP and testing association....

Reading 2720000-th SNP and testing association....

Reading 2730000-th SNP and testing association....

Reading 2740000-th SNP and testing association....

Reading 2750000-th SNP and testing association....

Reading 2760000-th SNP and testing association....

Reading 2770000-th SNP and testing association....

Reading 2780000-th SNP and testing association....

Reading 2790000-th SNP and testing association....

Reading 2800000-th SNP and testing association....

Reading 2810000-th SNP and testing association....

Reading 2820000-th SNP and testing association....

Reading 2830000-th SNP and testing association....

Reading 2840000-th SNP and testing association....

Reading 2850000-th SNP and testing association....

Reading 2860000-th SNP and testing association....

Reading 2870000-th SNP and testing association....

Reading 2880000-th SNP and testing association....

Reading 2890000-th SNP and testing association....

Reading 2900000-th SNP and testing association....

Reading 2910000-th SNP and testing association....

Reading 2920000-th SNP and testing association....

Reading 2930000-th SNP and testing association....

Reading 2940000-th SNP and testing association....

Reading 2950000-th SNP and testing association....

Reading 2960000-th SNP and testing association....

Reading 2970000-th SNP and testing association....

Reading 2980000-th SNP and testing association....

Reading 2990000-th SNP and testing association....

Reading 3000000-th SNP and testing association....

Reading 3010000-th SNP and testing association....

Reading 3020000-th SNP and testing association....

Reading 3030000-th SNP and testing association....

Reading 3040000-th SNP and testing association....

Reading 3050000-th SNP and testing association....

Reading 3060000-th SNP and testing association....

Reading 3070000-th SNP and testing association....

Reading 3080000-th SNP and testing association....

Reading 3090000-th SNP and testing association....

Reading 3100000-th SNP and testing association....

Reading 3110000-th SNP and testing association....

Reading 3120000-th SNP and testing association....

Reading 3130000-th SNP and testing association....

Reading 3140000-th SNP and testing association....

Reading 3150000-th SNP and testing association....

Reading 3160000-th SNP and testing association....

Reading 3170000-th SNP and testing association....

Reading 3180000-th SNP and testing association....

Reading 3190000-th SNP and testing association....

Reading 3200000-th SNP and testing association....

Reading 3210000-th SNP and testing association....

Reading 3220000-th SNP and testing association....

Reading 3230000-th SNP and testing association....

Reading 3240000-th SNP and testing association....

Reading 3250000-th SNP and testing association....

Reading 3260000-th SNP and testing association....

Reading 3270000-th SNP and testing association....

Reading 3280000-th SNP and testing association....

Reading 3290000-th SNP and testing association....

Reading 3300000-th SNP and testing association....

Reading 3310000-th SNP and testing association....

Reading 3320000-th SNP and testing association....

Reading 3330000-th SNP and testing association....

Reading 3340000-th SNP and testing association....

Reading 3350000-th SNP and testing association....

Reading 3360000-th SNP and testing association....

Reading 3370000-th SNP and testing association....

Reading 3380000-th SNP and testing association....

Reading 3390000-th SNP and testing association....

Reading 3400000-th SNP and testing association....

Reading 3410000-th SNP and testing association....

Reading 3420000-th SNP and testing association....

Reading 3430000-th SNP and testing association....

Reading 3440000-th SNP and testing association....

Reading 3450000-th SNP and testing association....

Reading 3460000-th SNP and testing association....

Reading 3470000-th SNP and testing association....

Reading 3480000-th SNP and testing association....

Reading 3490000-th SNP and testing association....

Reading 3500000-th SNP and testing association....

Reading 3510000-th SNP and testing association....

Reading 3520000-th SNP and testing association....

Reading 3530000-th SNP and testing association....

Reading 3540000-th SNP and testing association....

Reading 3550000-th SNP and testing association....

Reading 3560000-th SNP and testing association....

Reading 3570000-th SNP and testing association....

Reading 3580000-th SNP and testing association....

Reading 3590000-th SNP and testing association....

Reading 3600000-th SNP and testing association....

Reading 3610000-th SNP and testing association....

Reading 3620000-th SNP and testing association....

Reading 3630000-th SNP and testing association....

Reading 3640000-th SNP and testing association....

Reading 3650000-th SNP and testing association....

Reading 3660000-th SNP and testing association....

Reading 3670000-th SNP and testing association....

Reading 3680000-th SNP and testing association....

Reading 3690000-th SNP and testing association....

Reading 3700000-th SNP and testing association....

Reading 3710000-th SNP and testing association....

Reading 3720000-th SNP and testing association....

Reading 3730000-th SNP and testing association....

Reading 3740000-th SNP and testing association....

Reading 3750000-th SNP and testing association....

Reading 3760000-th SNP and testing association....

Reading 3770000-th SNP and testing association....

Reading 3780000-th SNP and testing association....

Reading 3790000-th SNP and testing association....

Reading 3800000-th SNP and testing association....

Reading 3810000-th SNP and testing association....

Reading 3820000-th SNP and testing association....

Reading 3830000-th SNP and testing association....

Reading 3840000-th SNP and testing association....

Reading 3850000-th SNP and testing association....

Reading 3860000-th SNP and testing association....

Reading 3870000-th SNP and testing association....

Reading 3880000-th SNP and testing association....

Reading 3890000-th SNP and testing association....

Reading 3900000-th SNP and testing association....

Reading 3910000-th SNP and testing association....

Reading 3920000-th SNP and testing association....

Reading 3930000-th SNP and testing association....

Reading 3940000-th SNP and testing association....

Reading 3950000-th SNP and testing association....

Reading 3960000-th SNP and testing association....

Reading 3970000-th SNP and testing association....

Reading 3980000-th SNP and testing association....

Reading 3990000-th SNP and testing association....

Reading 4000000-th SNP and testing association....

Reading 4010000-th SNP and testing association....

Reading 4020000-th SNP and testing association....

Reading 4030000-th SNP and testing association....

Reading 4040000-th SNP and testing association....

Reading 4050000-th SNP and testing association....

Reading 4060000-th SNP and testing association....

Reading 4070000-th SNP and testing association....

Reading 4080000-th SNP and testing association....

Reading 4090000-th SNP and testing association....

Reading 4100000-th SNP and testing association....

Reading 4110000-th SNP and testing association....

Reading 4120000-th SNP and testing association....

Reading 4130000-th SNP and testing association....

Reading 4140000-th SNP and testing association....

Reading 4150000-th SNP and testing association....

Reading 4160000-th SNP and testing association....

Reading 4170000-th SNP and testing association....

Reading 4180000-th SNP and testing association....

Reading 4190000-th SNP and testing association....

Reading 4200000-th SNP and testing association....

Reading 4210000-th SNP and testing association....

Reading 4220000-th SNP and testing association....

Reading 4230000-th SNP and testing association....

Reading 4240000-th SNP and testing association....

Reading 4250000-th SNP and testing association....

Reading 4260000-th SNP and testing association....

Reading 4270000-th SNP and testing association....

Reading 4280000-th SNP and testing association....

Reading 4290000-th SNP and testing association....

Reading 4300000-th SNP and testing association....

Reading 4310000-th SNP and testing association....

Reading 4320000-th SNP and testing association....

Reading 4330000-th SNP and testing association....

Reading 4340000-th SNP and testing association....

Reading 4350000-th SNP and testing association....

Reading 4360000-th SNP and testing association....

Reading 4370000-th SNP and testing association....

Reading 4380000-th SNP and testing association....

Reading 4390000-th SNP and testing association....

Reading 4400000-th SNP and testing association....

Reading 4410000-th SNP and testing association....

Reading 4420000-th SNP and testing association....

Reading 4430000-th SNP and testing association....

Reading 4440000-th SNP and testing association....

Reading 4450000-th SNP and testing association....

Reading 4460000-th SNP and testing association....

Reading 4470000-th SNP and testing association....

Reading 4480000-th SNP and testing association....

Reading 4490000-th SNP and testing association....

Reading 4500000-th SNP and testing association....

Reading 4510000-th SNP and testing association....

Reading 4520000-th SNP and testing association....

Reading 4530000-th SNP and testing association....

Reading 4540000-th SNP and testing association....

Reading 4550000-th SNP and testing association....

Reading 4560000-th SNP and testing association....

Reading 4570000-th SNP and testing association....

Reading 4580000-th SNP and testing association....

Reading 4590000-th SNP and testing association....

Reading 4600000-th SNP and testing association....

Reading 4610000-th SNP and testing association....

Reading 4620000-th SNP and testing association....

Reading 4630000-th SNP and testing association....

Reading 4640000-th SNP and testing association....

Reading 4650000-th SNP and testing association....

Reading 4660000-th SNP and testing association....

Reading 4670000-th SNP and testing association....

Reading 4680000-th SNP and testing association....

Reading 4690000-th SNP and testing association....

Reading 4700000-th SNP and testing association....

Reading 4710000-th SNP and testing association....

Reading 4720000-th SNP and testing association....

Reading 4730000-th SNP and testing association....

Reading 4740000-th SNP and testing association....

Reading 4750000-th SNP and testing association....

Reading 4760000-th SNP and testing association....

Reading 4770000-th SNP and testing association....

Reading 4780000-th SNP and testing association....

Reading 4790000-th SNP and testing association....

Reading 4800000-th SNP and testing association....

Reading 4810000-th SNP and testing association....

Reading 4820000-th SNP and testing association....

Reading 4830000-th SNP and testing association....

Reading 4840000-th SNP and testing association....

Reading 4850000-th SNP and testing association....

Reading 4860000-th SNP and testing association....

Reading 4870000-th SNP and testing association....

Reading 4880000-th SNP and testing association....

Reading 4890000-th SNP and testing association....

Reading 4900000-th SNP and testing association....

Reading 4910000-th SNP and testing association....

Reading 4920000-th SNP and testing association....

Reading 4930000-th SNP and testing association....

Reading 4940000-th SNP and testing association....

Reading 4950000-th SNP and testing association....

Reading 4960000-th SNP and testing association....

Reading 4970000-th SNP and testing association....

Reading 4980000-th SNP and testing association....

Reading 4990000-th SNP and testing association....

Reading 5000000-th SNP and testing association....

Reading 5010000-th SNP and testing association....

Reading 5020000-th SNP and testing association....

Reading 5030000-th SNP and testing association....

Reading 5040000-th SNP and testing association....

Reading 5050000-th SNP and testing association....

Reading 5060000-th SNP and testing association....

Reading 5070000-th SNP and testing association....

Reading 5080000-th SNP and testing association....

Reading 5090000-th SNP and testing association....

Reading 5100000-th SNP and testing association....

Reading 5110000-th SNP and testing association....

Reading 5120000-th SNP and testing association....

Reading 5130000-th SNP and testing association....

Reading 5140000-th SNP and testing association....

Reading 5150000-th SNP and testing association....

Reading 5160000-th SNP and testing association....

Reading 5170000-th SNP and testing association....

Reading 5180000-th SNP and testing association....

Reading 5190000-th SNP and testing association....

Reading 5200000-th SNP and testing association....

Reading 5210000-th SNP and testing association....

Reading 5220000-th SNP and testing association....

Reading 5230000-th SNP and testing association....

Reading 5240000-th SNP and testing association....

Reading 5250000-th SNP and testing association....

Reading 5260000-th SNP and testing association....

Reading 5270000-th SNP and testing association....

Reading 5280000-th SNP and testing association....

Reading 5290000-th SNP and testing association....

Reading 5300000-th SNP and testing association....

Reading 5310000-th SNP and testing association....

Reading 5320000-th SNP and testing association....

Reading 5330000-th SNP and testing association....

Reading 5340000-th SNP and testing association....

Reading 5350000-th SNP and testing association....

Reading 5360000-th SNP and testing association....

Reading 5370000-th SNP and testing association....

Reading 5380000-th SNP and testing association....

Reading 5390000-th SNP and testing association....

Reading 5400000-th SNP and testing association....

Reading 5410000-th SNP and testing association....

Reading 5420000-th SNP and testing association....

Reading 5430000-th SNP and testing association....

Reading 5440000-th SNP and testing association....

Reading 5450000-th SNP and testing association....

Reading 5460000-th SNP and testing association....

Reading 5470000-th SNP and testing association....

Reading 5480000-th SNP and testing association....

Reading 5490000-th SNP and testing association....

Reading 5500000-th SNP and testing association....

Reading 5510000-th SNP and testing association....

Reading 5520000-th SNP and testing association....

Reading 5530000-th SNP and testing association....

Reading 5540000-th SNP and testing association....

Reading 5550000-th SNP and testing association....

Reading 5560000-th SNP and testing association....

Reading 5570000-th SNP and testing association....

Reading 5580000-th SNP and testing association....

Reading 5590000-th SNP and testing association....

Reading 5600000-th SNP and testing association....

Reading 5610000-th SNP and testing association....

Reading 5620000-th SNP and testing association....

Reading 5630000-th SNP and testing association....

Reading 5640000-th SNP and testing association....

Reading 5650000-th SNP and testing association....

Reading 5660000-th SNP and testing association....

Reading 5670000-th SNP and testing association....

Reading 5680000-th SNP and testing association....

Reading 5690000-th SNP and testing association....

Reading 5700000-th SNP and testing association....

Reading 5710000-th SNP and testing association....

Reading 5720000-th SNP and testing association....

Reading 5730000-th SNP and testing association....

Reading 5740000-th SNP and testing association....

Reading 5750000-th SNP and testing association....

Reading 5760000-th SNP and testing association....

Reading 5770000-th SNP and testing association....

Reading 5780000-th SNP and testing association....

Reading 5790000-th SNP and testing association....

Reading 5800000-th SNP and testing association....

Reading 5810000-th SNP and testing association....

Reading 5820000-th SNP and testing association....

Reading 5830000-th SNP and testing association....

Reading 5840000-th SNP and testing association....

Reading 5850000-th SNP and testing association....

Reading 5860000-th SNP and testing association....

Reading 5870000-th SNP and testing association....

Reading 5880000-th SNP and testing association....

Reading 5890000-th SNP and testing association....

Reading 5900000-th SNP and testing association....

Reading 5910000-th SNP and testing association....

Reading 5920000-th SNP and testing association....

Reading 5930000-th SNP and testing association....

Reading 5940000-th SNP and testing association....

Reading 5950000-th SNP and testing association....

Reading 5960000-th SNP and testing association....

Reading 5970000-th SNP and testing association....

Reading 5980000-th SNP and testing association....

Reading 5990000-th SNP and testing association....

Reading 6000000-th SNP and testing association....

Reading 6010000-th SNP and testing association....

Reading 6020000-th SNP and testing association....

Reading 6030000-th SNP and testing association....

Reading 6040000-th SNP and testing association....

Reading 6050000-th SNP and testing association....

Reading 6060000-th SNP and testing association....

Reading 6070000-th SNP and testing association....

Reading 6080000-th SNP and testing association....

Reading 6090000-th SNP and testing association....

Reading 6100000-th SNP and testing association....

Reading 6110000-th SNP and testing association....

Reading 6120000-th SNP and testing association....

Reading 6130000-th SNP and testing association....

Reading 6140000-th SNP and testing association....

Reading 6150000-th SNP and testing association....

Reading 6160000-th SNP and testing association....

Reading 6170000-th SNP and testing association....

Reading 6180000-th SNP and testing association....

Reading 6190000-th SNP and testing association....

Reading 6200000-th SNP and testing association....

Reading 6210000-th SNP and testing association....

Reading 6220000-th SNP and testing association....

Reading 6230000-th SNP and testing association....

Reading 6240000-th SNP and testing association....

Reading 6250000-th SNP and testing association....

Reading 6260000-th SNP and testing association....

Reading 6270000-th SNP and testing association....

Reading 6280000-th SNP and testing association....

Reading 6290000-th SNP and testing association....

Reading 6300000-th SNP and testing association....

Reading 6310000-th SNP and testing association....

Reading 6320000-th SNP and testing association....

Reading 6330000-th SNP and testing association....

Reading 6340000-th SNP and testing association....

Reading 6350000-th SNP and testing association....

Reading 6360000-th SNP and testing association....

Reading 6370000-th SNP and testing association....

Reading 6380000-th SNP and testing association....

Reading 6390000-th SNP and testing association....

Reading 6400000-th SNP and testing association....

Reading 6410000-th SNP and testing association....

Reading 6420000-th SNP and testing association....

Reading 6430000-th SNP and testing association....

Reading 6440000-th SNP and testing association....

Reading 6450000-th SNP and testing association....

Reading 6460000-th SNP and testing association....

Reading 6470000-th SNP and testing association....

Reading 6480000-th SNP and testing association....

Reading 6490000-th SNP and testing association....

Reading 6500000-th SNP and testing association....

Reading 6510000-th SNP and testing association....

Reading 6520000-th SNP and testing association....

Reading 6530000-th SNP and testing association....

Reading 6540000-th SNP and testing association....

Reading 6550000-th SNP and testing association....

Reading 6560000-th SNP and testing association....

Reading 6570000-th SNP and testing association....

Reading 6580000-th SNP and testing association....

Reading 6590000-th SNP and testing association....

Reading 6600000-th SNP and testing association....

Reading 6610000-th SNP and testing association....

Reading 6620000-th SNP and testing association....

Reading 6630000-th SNP and testing association....

Reading 6640000-th SNP and testing association....

Reading 6650000-th SNP and testing association....

Reading 6660000-th SNP and testing association....

Reading 6670000-th SNP and testing association....

Reading 6680000-th SNP and testing association....

Reading 6690000-th SNP and testing association....

Reading 6700000-th SNP and testing association....

Reading 6710000-th SNP and testing association....

Reading 6720000-th SNP and testing association....

Reading 6730000-th SNP and testing association....

Reading 6740000-th SNP and testing association....

Reading 6750000-th SNP and testing association....

Reading 6760000-th SNP and testing association....

Reading 6770000-th SNP and testing association....

Reading 6780000-th SNP and testing association....

Reading 6790000-th SNP and testing association....

Reading 6800000-th SNP and testing association....

Reading 6810000-th SNP and testing association....

Reading 6820000-th SNP and testing association....

Reading 6830000-th SNP and testing association....

Reading 6840000-th SNP and testing association....

Reading 6850000-th SNP and testing association....

Reading 6860000-th SNP and testing association....

Reading 6870000-th SNP and testing association....

Reading 6880000-th SNP and testing association....

Reading 6890000-th SNP and testing association....

Reading 6900000-th SNP and testing association....

Reading 6910000-th SNP and testing association....

Reading 6920000-th SNP and testing association....

Reading 6930000-th SNP and testing association....

Reading 6940000-th SNP and testing association....

Reading 6950000-th SNP and testing association....

Reading 6960000-th SNP and testing association....

Reading 6970000-th SNP and testing association....

Reading 6980000-th SNP and testing association....

Reading 6990000-th SNP and testing association....

Reading 7000000-th SNP and testing association....

Reading 7010000-th SNP and testing association....

Reading 7020000-th SNP and testing association....

Reading 7030000-th SNP and testing association....

Reading 7040000-th SNP and testing association....

Reading 7050000-th SNP and testing association....

Reading 7060000-th SNP and testing association....

Reading 7070000-th SNP and testing association....

Reading 7080000-th SNP and testing association....

Reading 7090000-th SNP and testing association....

Reading 7100000-th SNP and testing association....

Reading 7110000-th SNP and testing association....

GLS association - elapsed CPU time is 1252.966098

Breakdown for input file parsing : 639.157231

              matrix computation : 314.340326

             p-value computation : 42.090546

