
Reading TFAM file /mnt/data/shahar/gwas_barley/morexV3_analysis/barley_for_publication_project/01_USED_GWAS_V2_pipeline/intermediates/morexV3_gwas_genotypes.tfam ....


Reading kinship file /mnt/data/shahar/gwas_barley/morexV3_analysis/barley_for_publication_project/01_USED_GWAS_V2_pipeline/intermediates/morexV3_kinship.aIBS.kinf...

  290 rows and 290 columns were observed with 0 missing values.


Reading the phenotype file /mnt/data/shahar/gwas_barley/data/inputs/BLUE_protein_V3.pheno...

  290 rows and 1 columns were observed with 0 missing values


Reading covariate file /mnt/data/shahar/gwas_barley/morexV3_analysis/barley_for_publication_project/01_USED_GWAS_V2_pipeline/intermediates/covariates/pca_pc10.cov...

  290 rows and 10 columns were observed with 0 missing values. Make sure that the intercept is included in the covariates

File reading - elapsed CPU time is 0.019713

eRvals[0] = 0.024519, eRvals[n-q-1] = 194.909085, eRvals[n-q] = 0.000000
eigen_R - elapsed CPU time is 0.085460
etas[0] = 0.182664, lambdas[0] = 0.024519
etas[1] = 0.552613, lambdas[1] = 0.028021
etas[2] = -0.934258, lambdas[2] = 0.029533
etas[3] = 0.984934, lambdas[3] = 0.029827
etas[4] = 1.305148, lambdas[4] = 0.030636
etas[5] = -1.434482, lambdas[5] = 0.031377
etas[6] = -0.313463, lambdas[6] = 0.032141
etas[7] = 1.270334, lambdas[7] = 0.032712
etas[8] = -0.397853, lambdas[8] = 0.032962
etas[9] = -0.012504, lambdas[9] = 0.033327
etas[10] = -0.732413, lambdas[10] = 0.033942
etas[11] = 0.298166, lambdas[11] = 0.034817
etas[12] = 0.693742, lambdas[12] = 0.035246
etas[13] = -0.002033, lambdas[13] = 0.035304
etas[14] = 0.599666, lambdas[14] = 0.036060
etas[15] = -0.252441, lambdas[15] = 0.037103
etas[16] = -0.799613, lambdas[16] = 0.037628
etas[17] = -0.171953, lambdas[17] = 0.038247
etas[18] = 0.026860, lambdas[18] = 0.038719
etas[19] = -0.856636, lambdas[19] = 0.039225
etas[20] = -0.584802, lambdas[20] = 0.039841
etas[21] = 0.035078, lambdas[21] = 0.040457
etas[22] = -0.553288, lambdas[22] = 0.040786
etas[23] = 0.045120, lambdas[23] = 0.041320
etas[24] = -0.514996, lambdas[24] = 0.041679
etas[25] = 0.310636, lambdas[25] = 0.042102
etas[26] = -0.554175, lambdas[26] = 0.042328
etas[27] = -0.249781, lambdas[27] = 0.042759
etas[28] = 0.524504, lambdas[28] = 0.043078
etas[29] = -0.118558, lambdas[29] = 0.043335
etas[30] = 0.464953, lambdas[30] = 0.044158
etas[31] = -0.106895, lambdas[31] = 0.044373
etas[32] = 0.599662, lambdas[32] = 0.044575
etas[33] = 0.041763, lambdas[33] = 0.044706
etas[34] = -0.553813, lambdas[34] = 0.044858
etas[35] = -0.155374, lambdas[35] = 0.045097
etas[36] = -1.102132, lambdas[36] = 0.045385
etas[37] = -0.677301, lambdas[37] = 0.045735
etas[38] = -0.451650, lambdas[38] = 0.045993
etas[39] = -0.095819, lambdas[39] = 0.046223
etas[40] = -0.030719, lambdas[40] = 0.046454
etas[41] = 0.158639, lambdas[41] = 0.046603
etas[42] = -0.698010, lambdas[42] = 0.046649
etas[43] = -0.192689, lambdas[43] = 0.047071
etas[44] = 0.130288, lambdas[44] = 0.047333
etas[45] = -0.790347, lambdas[45] = 0.047435
etas[46] = 0.067636, lambdas[46] = 0.047592
etas[47] = 0.189791, lambdas[47] = 0.048017
etas[48] = -0.261197, lambdas[48] = 0.048383
etas[49] = -0.179394, lambdas[49] = 0.049047
etas[50] = 0.210887, lambdas[50] = 0.049356
etas[51] = -0.159130, lambdas[51] = 0.049738
etas[52] = 0.086812, lambdas[52] = 0.049993
etas[53] = -0.306990, lambdas[53] = 0.050237
etas[54] = -0.892120, lambdas[54] = 0.050631
etas[55] = -0.150187, lambdas[55] = 0.050757
etas[56] = -0.595640, lambdas[56] = 0.051013
etas[57] = -0.516874, lambdas[57] = 0.051376
etas[58] = 0.030127, lambdas[58] = 0.051746
etas[59] = -0.144786, lambdas[59] = 0.052182
etas[60] = -0.463905, lambdas[60] = 0.052501
etas[61] = 0.607695, lambdas[61] = 0.052701
etas[62] = 0.465616, lambdas[62] = 0.054094
etas[63] = 0.895182, lambdas[63] = 0.054315
etas[64] = -0.001178, lambdas[64] = 0.054387
etas[65] = -0.233556, lambdas[65] = 0.054630
etas[66] = -0.131730, lambdas[66] = 0.055585
etas[67] = -0.501389, lambdas[67] = 0.058276
etas[68] = -0.192532, lambdas[68] = 0.059038
etas[69] = -0.098254, lambdas[69] = 0.060113
etas[70] = 0.768732, lambdas[70] = 0.060460
etas[71] = -0.025267, lambdas[71] = 0.071498
etas[72] = 0.563018, lambdas[72] = 0.080324
etas[73] = -0.602868, lambdas[73] = 0.092944
etas[74] = -0.160915, lambdas[74] = 0.095669
etas[75] = -0.287596, lambdas[75] = 0.096768
etas[76] = 0.305720, lambdas[76] = 0.097253
etas[77] = -0.770754, lambdas[77] = 0.098391
etas[78] = -0.534108, lambdas[78] = 0.099747
etas[79] = 1.937436, lambdas[79] = 0.117784
etas[80] = -0.759322, lambdas[80] = 0.126916
etas[81] = 0.613304, lambdas[81] = 0.130095
etas[82] = 0.590069, lambdas[82] = 0.132739
etas[83] = 0.115005, lambdas[83] = 0.138695
etas[84] = 0.548131, lambdas[84] = 0.142443
etas[85] = -1.024001, lambdas[85] = 0.146305
etas[86] = -1.521832, lambdas[86] = 0.149648
etas[87] = -0.322050, lambdas[87] = 0.149891
etas[88] = -0.419558, lambdas[88] = 0.154451
etas[89] = -1.329026, lambdas[89] = 0.155774
etas[90] = 0.638737, lambdas[90] = 0.156307
etas[91] = -0.324891, lambdas[91] = 0.159043
etas[92] = 0.063019, lambdas[92] = 0.160886
etas[93] = -0.887504, lambdas[93] = 0.163812
etas[94] = -0.784733, lambdas[94] = 0.166706
etas[95] = -0.054153, lambdas[95] = 0.167282
etas[96] = -1.415707, lambdas[96] = 0.167768
etas[97] = -0.877211, lambdas[97] = 0.170985
etas[98] = -1.069301, lambdas[98] = 0.171919
etas[99] = -0.697033, lambdas[99] = 0.173224
etas[100] = 1.364110, lambdas[100] = 0.173668
etas[101] = 0.272737, lambdas[101] = 0.174572
etas[102] = -0.449475, lambdas[102] = 0.178113
etas[103] = -0.907924, lambdas[103] = 0.178471
etas[104] = 1.135724, lambdas[104] = 0.179061
etas[105] = -1.185957, lambdas[105] = 0.179302
etas[106] = 0.776364, lambdas[106] = 0.180717
etas[107] = 0.461517, lambdas[107] = 0.181305
etas[108] = -1.199733, lambdas[108] = 0.182553
etas[109] = -0.067689, lambdas[109] = 0.184273
etas[110] = -1.559769, lambdas[110] = 0.185033
etas[111] = 0.071636, lambdas[111] = 0.186048
etas[112] = 0.475761, lambdas[112] = 0.186802
etas[113] = 1.464197, lambdas[113] = 0.187108
etas[114] = -0.781658, lambdas[114] = 0.188490
etas[115] = 2.002170, lambdas[115] = 0.189173
etas[116] = 1.177937, lambdas[116] = 0.189720
etas[117] = -1.178370, lambdas[117] = 0.191029
etas[118] = -2.543056, lambdas[118] = 0.191365
etas[119] = -0.576155, lambdas[119] = 0.191923
etas[120] = 1.164377, lambdas[120] = 0.193090
etas[121] = 2.016027, lambdas[121] = 0.193473
etas[122] = -0.248849, lambdas[122] = 0.194080
etas[123] = -1.206607, lambdas[123] = 0.194624
etas[124] = 0.732650, lambdas[124] = 0.195807
etas[125] = 1.301873, lambdas[125] = 0.196271
etas[126] = -0.622552, lambdas[126] = 0.197245
etas[127] = 0.836300, lambdas[127] = 0.197968
etas[128] = -0.906419, lambdas[128] = 0.198267
etas[129] = 0.057375, lambdas[129] = 0.198681
etas[130] = -0.336539, lambdas[130] = 0.199263
etas[131] = 1.051826, lambdas[131] = 0.199834
etas[132] = 0.577812, lambdas[132] = 0.200602
etas[133] = -1.430903, lambdas[133] = 0.201868
etas[134] = 0.511811, lambdas[134] = 0.202539
etas[135] = 1.287870, lambdas[135] = 0.202902
etas[136] = 1.498919, lambdas[136] = 0.203752
etas[137] = -1.377195, lambdas[137] = 0.204198
etas[138] = 0.876557, lambdas[138] = 0.204551
etas[139] = 0.298079, lambdas[139] = 0.205502
etas[140] = -0.782169, lambdas[140] = 0.206952
etas[141] = 0.075351, lambdas[141] = 0.207903
etas[142] = -0.311769, lambdas[142] = 0.208184
etas[143] = -1.162851, lambdas[143] = 0.208832
etas[144] = 0.019352, lambdas[144] = 0.209753
etas[145] = -0.596071, lambdas[145] = 0.210469
etas[146] = -1.224776, lambdas[146] = 0.211833
etas[147] = -1.492187, lambdas[147] = 0.212035
etas[148] = 0.573183, lambdas[148] = 0.213289
etas[149] = 0.224380, lambdas[149] = 0.213460
etas[150] = 0.800231, lambdas[150] = 0.214253
etas[151] = -0.807436, lambdas[151] = 0.214934
etas[152] = -0.729682, lambdas[152] = 0.215375
etas[153] = 0.468192, lambdas[153] = 0.215766
etas[154] = -0.767294, lambdas[154] = 0.216410
etas[155] = 0.872767, lambdas[155] = 0.217104
etas[156] = -0.132282, lambdas[156] = 0.217766
etas[157] = 1.082724, lambdas[157] = 0.218054
etas[158] = -1.960692, lambdas[158] = 0.219306
etas[159] = 0.987731, lambdas[159] = 0.219611
etas[160] = 0.397073, lambdas[160] = 0.220281
etas[161] = 0.017175, lambdas[161] = 0.221488
etas[162] = -0.140113, lambdas[162] = 0.222155
etas[163] = 1.751280, lambdas[163] = 0.222652
etas[164] = 2.724327, lambdas[164] = 0.223442
etas[165] = 0.798966, lambdas[165] = 0.225456
etas[166] = 0.577823, lambdas[166] = 0.225724
etas[167] = -0.292822, lambdas[167] = 0.226289
etas[168] = 1.339908, lambdas[168] = 0.226712
etas[169] = 1.017711, lambdas[169] = 0.227886
etas[170] = -0.364877, lambdas[170] = 0.228075
etas[171] = 0.463609, lambdas[171] = 0.229053
etas[172] = -1.715018, lambdas[172] = 0.229913
etas[173] = -1.115874, lambdas[173] = 0.230107
etas[174] = 0.406318, lambdas[174] = 0.230495
etas[175] = -1.292622, lambdas[175] = 0.231517
etas[176] = 2.309211, lambdas[176] = 0.232351
etas[177] = -1.085239, lambdas[177] = 0.232998
etas[178] = 0.909778, lambdas[178] = 0.233417
etas[179] = -1.168500, lambdas[179] = 0.234627
etas[180] = 0.113714, lambdas[180] = 0.235148
etas[181] = 0.624064, lambdas[181] = 0.236234
etas[182] = 1.634417, lambdas[182] = 0.237292
etas[183] = -1.057138, lambdas[183] = 0.237973
etas[184] = 0.035017, lambdas[184] = 0.239416
etas[185] = -0.784247, lambdas[185] = 0.240319
etas[186] = -0.597100, lambdas[186] = 0.240925
etas[187] = 0.173227, lambdas[187] = 0.241616
etas[188] = 0.396112, lambdas[188] = 0.241766
etas[189] = -1.034158, lambdas[189] = 0.242349
etas[190] = -0.280887, lambdas[190] = 0.244027
etas[191] = -0.002415, lambdas[191] = 0.244326
etas[192] = -0.054207, lambdas[192] = 0.245547
etas[193] = -0.448440, lambdas[193] = 0.245861
etas[194] = 1.485191, lambdas[194] = 0.246391
etas[195] = -0.434997, lambdas[195] = 0.247453
etas[196] = -0.974428, lambdas[196] = 0.248013
etas[197] = -1.862269, lambdas[197] = 0.248585
etas[198] = -1.791325, lambdas[198] = 0.249436
etas[199] = 0.804648, lambdas[199] = 0.250845
etas[200] = -0.665391, lambdas[200] = 0.251154
etas[201] = -0.024814, lambdas[201] = 0.253638
etas[202] = 0.899122, lambdas[202] = 0.253980
etas[203] = -0.037901, lambdas[203] = 0.254600
etas[204] = 2.446527, lambdas[204] = 0.255465
etas[205] = -0.422036, lambdas[205] = 0.255911
etas[206] = -0.347041, lambdas[206] = 0.257725
etas[207] = -0.324436, lambdas[207] = 0.258390
etas[208] = 0.339427, lambdas[208] = 0.258614
etas[209] = 1.194669, lambdas[209] = 0.258710
etas[210] = -0.472288, lambdas[210] = 0.260029
etas[211] = 0.271780, lambdas[211] = 0.260808
etas[212] = 1.091419, lambdas[212] = 0.262458
etas[213] = 1.718216, lambdas[213] = 0.263151
etas[214] = 0.668690, lambdas[214] = 0.263406
etas[215] = -0.458814, lambdas[215] = 0.264239
etas[216] = 0.298879, lambdas[216] = 0.265401
etas[217] = 0.630324, lambdas[217] = 0.266091
etas[218] = -2.131754, lambdas[218] = 0.267200
etas[219] = 2.471101, lambdas[219] = 0.268578
etas[220] = -0.133668, lambdas[220] = 0.270006
etas[221] = -1.560283, lambdas[221] = 0.272044
etas[222] = -1.276816, lambdas[222] = 0.272973
etas[223] = 0.009070, lambdas[223] = 0.274447
etas[224] = -0.539488, lambdas[224] = 0.277722
etas[225] = -0.226238, lambdas[225] = 0.279952
etas[226] = -1.437659, lambdas[226] = 0.281371
etas[227] = 1.670175, lambdas[227] = 0.283289
etas[228] = 0.673594, lambdas[228] = 0.284412
etas[229] = -0.273757, lambdas[229] = 0.286535
etas[230] = 2.398550, lambdas[230] = 0.286761
etas[231] = -0.554512, lambdas[231] = 0.287999
etas[232] = -0.358003, lambdas[232] = 0.290778
etas[233] = 0.412747, lambdas[233] = 0.291887
etas[234] = 1.126616, lambdas[234] = 0.293141
etas[235] = -2.967965, lambdas[235] = 0.296516
etas[236] = 2.378926, lambdas[236] = 0.300225
etas[237] = -0.815841, lambdas[237] = 0.301530
etas[238] = 1.888566, lambdas[238] = 0.304238
etas[239] = 1.507450, lambdas[239] = 0.308421
etas[240] = -1.308406, lambdas[240] = 0.318933
etas[241] = -0.900702, lambdas[241] = 0.323924
etas[242] = -0.011211, lambdas[242] = 0.329604
etas[243] = -2.244111, lambdas[243] = 0.332815
etas[244] = 0.720514, lambdas[244] = 0.337279
etas[245] = -0.675052, lambdas[245] = 0.339120
etas[246] = -3.272083, lambdas[246] = 0.345015
etas[247] = 0.009332, lambdas[247] = 0.352428
etas[248] = -1.017055, lambdas[248] = 0.360421
etas[249] = 1.990002, lambdas[249] = 0.365025
etas[250] = 0.068894, lambdas[250] = 0.394214
etas[251] = -2.380561, lambdas[251] = 0.405616
etas[252] = -0.206798, lambdas[252] = 0.410074
etas[253] = -1.760830, lambdas[253] = 0.418288
etas[254] = 1.627799, lambdas[254] = 0.428104
etas[255] = 1.982810, lambdas[255] = 0.435774
etas[256] = 2.480155, lambdas[256] = 0.444743
etas[257] = 1.338009, lambdas[257] = 0.449694
etas[258] = -0.193268, lambdas[258] = 0.471813
etas[259] = 1.848423, lambdas[259] = 0.483780
etas[260] = 2.383223, lambdas[260] = 0.492827
etas[261] = -1.759183, lambdas[261] = 0.500257
etas[262] = 1.424040, lambdas[262] = 0.520035
etas[263] = 1.505603, lambdas[263] = 0.562158
etas[264] = 0.509627, lambdas[264] = 0.577779
etas[265] = 0.333853, lambdas[265] = 0.588392
etas[266] = -1.198537, lambdas[266] = 0.606811
etas[267] = 1.294842, lambdas[267] = 0.618862
etas[268] = 1.264538, lambdas[268] = 0.639957
etas[269] = 0.975166, lambdas[269] = 0.653182
etas[270] = 1.398174, lambdas[270] = 0.656259
etas[271] = -0.432243, lambdas[271] = 0.724247
etas[272] = -0.477131, lambdas[272] = 0.743648
etas[273] = 1.093023, lambdas[273] = 0.756804
etas[274] = 1.004133, lambdas[274] = 0.850002
etas[275] = -0.566679, lambdas[275] = 0.855691
etas[276] = -0.674387, lambdas[276] = 0.908241
etas[277] = -0.664864, lambdas[277] = 1.019072
etas[278] = 0.103433, lambdas[278] = 1.025267
etas[279] = -1.450685, lambdas[279] = 194.909085
0	402.750376	402.414275	-387.471500
1	402.414275	402.004183	-387.467453
2	402.004183	401.503924	-387.462515
3	401.503924	400.893844	-387.456491
4	400.893844	400.150087	-387.449143
5	400.150087	399.243735	-387.440183
6	399.243735	398.139802	-387.429262
7	398.139802	396.796043	-387.415957
8	396.796043	395.161582	-387.399755
9	395.161582	393.175347	-387.380041
10	393.175347	390.764315	-387.356072
11	390.764315	387.841596	-387.326960
12	387.841596	384.304431	-387.291644
13	384.304431	380.032210	-387.248867
14	380.032210	374.884711	-387.197147
15	374.884711	368.700862	-387.134756
16	368.700862	361.298464	-387.059695
17	361.298464	352.475499	-386.969692
18	352.475499	342.013829	-386.862208
19	342.013829	329.686306	-386.734476
20	329.686306	315.268439	-386.583589
21	315.268439	298.555761	-386.406644
22	298.555761	279.387746	-386.200972
23	279.387746	257.678348	-385.964476
24	257.678348	233.451902	-385.696096
25	233.451902	206.881037	-385.396409
26	206.881037	178.320741	-385.068352
27	178.320741	148.330225	-384.718018
28	148.330225	117.672855	-384.355447
29	117.672855	87.285380	-383.995255
30	87.285380	58.212076	-383.656915
31	58.212076	31.507139	-383.364499
32	31.507139	8.118254	-383.145701
33	8.118254	-11.227694	-383.030080
34	-11.227694	-26.112714	-383.046604
35	-26.112714	-36.469852	-383.220764
36	-36.469852	-42.570421	-383.571674
37	-42.570421	-44.961196	-384.109633
38	-44.961196	-44.368221	-384.834601
39	-44.368221	-41.589757	-385.735827
40	-41.589757	-37.399610	-386.792702
41	-37.399610	-32.475413	-387.976629
42	-32.475413	-27.357606	-389.253583
43	-27.357606	-22.437071	-390.586941
44	-22.437071	-17.964522	-391.940213
45	-17.964522	-14.073088	-393.279374
46	-14.073088	-10.806320	-394.574635
47	-10.806320	-8.145903	-395.801585
48	-8.145903	-6.035680	-396.941728
49	-6.035680	-4.400487	-397.982503
50	-4.400487	-3.159652	-398.916886
51	-3.159652	-2.235780	-399.742697
52	-2.235780	-1.559753	-400.461743
53	-1.559753	-1.072951	-401.078895
54	-1.072951	-0.727619	-401.601185
55	-0.727619	-0.486099	-402.037003
56	-0.486099	-0.319492	-402.395410
57	-0.319492	-0.206129	-402.685613
58	-0.206129	-0.130083	-402.916565
59	-0.130083	-0.079850	-403.096709
60	-0.079850	-0.047244	-403.233820
61	-0.047244	-0.026522	-403.334935
62	-0.026522	-0.013703	-403.406346
63	-0.013703	-0.006057	-403.453623
64	-0.006057	-0.001737	-403.481674
65	-0.001737	0.000497	-403.494809
66	0.000497	0.001465	-403.496803
67	0.001465	0.001701	-403.490955
68	0.001701	0.001549	-403.480135
69	0.001549	0.001222	-403.466811
70	0.001222	0.000850	-403.453070
71	0.000850	0.000504	-403.440617
72	0.000504	0.000219	-403.430766
73	0.000219	0.000008	-403.424435
74	0.000008	-0.000133	-403.422144
75	-0.000133	-0.000213	-403.424032
76	-0.000213	-0.000246	-403.429896
77	-0.000246	-0.000246	-403.439253
78	-0.000246	-0.000226	-403.451424
79	-0.000226	-0.000196	-403.465623
80	-0.000196	-0.000162	-403.481048
81	-0.000162	-0.000129	-403.496952
82	-0.000129	-0.000100	-403.512701
83	-0.000100	-0.000075	-403.527796
84	-0.000075	-0.000056	-403.541882
85	-0.000056	-0.000040	-403.554739
86	-0.000040	-0.000029	-403.566258
87	-0.000029	-0.000021	-403.576422
88	-0.000021	-0.000014	-403.585275
89	-0.000014	-0.000010	-403.592904
90	-0.000010	-0.000007	-403.599420
91	-0.000007	-0.000005	-403.604944
92	-0.000005	-0.000003	-403.609598
93	-0.000003	-0.000002	-403.613500
94	-0.000002	-0.000002	-403.616757
95	-0.000002	-0.000001	-403.619467
96	-0.000001	-0.000001	-403.621714
97	-0.000001	-0.000000	-403.623574
98	-0.000000	-0.000000	-403.625111
99	-0.000000	-0.000000	-403.626378
REMLE (delta=0.036106, REML=-383.019291, REML0=-403.632205)- elapsed CPU time is 0.001754
eigen_L - elapsed CPU time is 0.031026


Reading TPED file /mnt/data/shahar/gwas_barley/morexV3_analysis/barley_for_publication_project/01_USED_GWAS_V2_pipeline/intermediates/morexV3_gwas_genotypes...

Reading 0-th SNP and testing association....

Reading 10000-th SNP and testing association....

Reading 20000-th SNP and testing association....

Reading 30000-th SNP and testing association....

Reading 40000-th SNP and testing association....

Reading 50000-th SNP and testing association....

Reading 60000-th SNP and testing association....

Reading 70000-th SNP and testing association....

Reading 80000-th SNP and testing association....

Reading 90000-th SNP and testing association....

Reading 100000-th SNP and testing association....

Reading 110000-th SNP and testing association....

Reading 120000-th SNP and testing association....

Reading 130000-th SNP and testing association....

Reading 140000-th SNP and testing association....

Reading 150000-th SNP and testing association....

Reading 160000-th SNP and testing association....

Reading 170000-th SNP and testing association....

Reading 180000-th SNP and testing association....

Reading 190000-th SNP and testing association....

Reading 200000-th SNP and testing association....

Reading 210000-th SNP and testing association....

Reading 220000-th SNP and testing association....

Reading 230000-th SNP and testing association....

Reading 240000-th SNP and testing association....

Reading 250000-th SNP and testing association....

Reading 260000-th SNP and testing association....

Reading 270000-th SNP and testing association....

Reading 280000-th SNP and testing association....

Reading 290000-th SNP and testing association....

Reading 300000-th SNP and testing association....

Reading 310000-th SNP and testing association....

Reading 320000-th SNP and testing association....

Reading 330000-th SNP and testing association....

Reading 340000-th SNP and testing association....

Reading 350000-th SNP and testing association....

Reading 360000-th SNP and testing association....

Reading 370000-th SNP and testing association....

Reading 380000-th SNP and testing association....

Reading 390000-th SNP and testing association....

Reading 400000-th SNP and testing association....

Reading 410000-th SNP and testing association....

Reading 420000-th SNP and testing association....

Reading 430000-th SNP and testing association....

Reading 440000-th SNP and testing association....

Reading 450000-th SNP and testing association....

Reading 460000-th SNP and testing association....

Reading 470000-th SNP and testing association....

Reading 480000-th SNP and testing association....

Reading 490000-th SNP and testing association....

Reading 500000-th SNP and testing association....

Reading 510000-th SNP and testing association....

Reading 520000-th SNP and testing association....

Reading 530000-th SNP and testing association....

Reading 540000-th SNP and testing association....

Reading 550000-th SNP and testing association....

Reading 560000-th SNP and testing association....

Reading 570000-th SNP and testing association....

Reading 580000-th SNP and testing association....

Reading 590000-th SNP and testing association....

Reading 600000-th SNP and testing association....

Reading 610000-th SNP and testing association....

Reading 620000-th SNP and testing association....

Reading 630000-th SNP and testing association....

Reading 640000-th SNP and testing association....

Reading 650000-th SNP and testing association....

Reading 660000-th SNP and testing association....

Reading 670000-th SNP and testing association....

Reading 680000-th SNP and testing association....

Reading 690000-th SNP and testing association....

Reading 700000-th SNP and testing association....

Reading 710000-th SNP and testing association....

Reading 720000-th SNP and testing association....

Reading 730000-th SNP and testing association....

Reading 740000-th SNP and testing association....

Reading 750000-th SNP and testing association....

Reading 760000-th SNP and testing association....

Reading 770000-th SNP and testing association....

Reading 780000-th SNP and testing association....

Reading 790000-th SNP and testing association....

Reading 800000-th SNP and testing association....

Reading 810000-th SNP and testing association....

Reading 820000-th SNP and testing association....

Reading 830000-th SNP and testing association....

Reading 840000-th SNP and testing association....

Reading 850000-th SNP and testing association....

Reading 860000-th SNP and testing association....

Reading 870000-th SNP and testing association....

Reading 880000-th SNP and testing association....

Reading 890000-th SNP and testing association....

Reading 900000-th SNP and testing association....

Reading 910000-th SNP and testing association....

Reading 920000-th SNP and testing association....

Reading 930000-th SNP and testing association....

Reading 940000-th SNP and testing association....

Reading 950000-th SNP and testing association....

Reading 960000-th SNP and testing association....

Reading 970000-th SNP and testing association....

Reading 980000-th SNP and testing association....

Reading 990000-th SNP and testing association....

Reading 1000000-th SNP and testing association....

Reading 1010000-th SNP and testing association....

Reading 1020000-th SNP and testing association....

Reading 1030000-th SNP and testing association....

Reading 1040000-th SNP and testing association....

Reading 1050000-th SNP and testing association....

Reading 1060000-th SNP and testing association....

Reading 1070000-th SNP and testing association....

Reading 1080000-th SNP and testing association....

Reading 1090000-th SNP and testing association....

Reading 1100000-th SNP and testing association....

Reading 1110000-th SNP and testing association....

Reading 1120000-th SNP and testing association....

Reading 1130000-th SNP and testing association....

Reading 1140000-th SNP and testing association....

Reading 1150000-th SNP and testing association....

Reading 1160000-th SNP and testing association....

Reading 1170000-th SNP and testing association....

Reading 1180000-th SNP and testing association....

Reading 1190000-th SNP and testing association....

Reading 1200000-th SNP and testing association....

Reading 1210000-th SNP and testing association....

Reading 1220000-th SNP and testing association....

Reading 1230000-th SNP and testing association....

Reading 1240000-th SNP and testing association....

Reading 1250000-th SNP and testing association....

Reading 1260000-th SNP and testing association....

Reading 1270000-th SNP and testing association....

Reading 1280000-th SNP and testing association....

Reading 1290000-th SNP and testing association....

Reading 1300000-th SNP and testing association....

Reading 1310000-th SNP and testing association....

Reading 1320000-th SNP and testing association....

Reading 1330000-th SNP and testing association....

Reading 1340000-th SNP and testing association....

Reading 1350000-th SNP and testing association....

Reading 1360000-th SNP and testing association....

Reading 1370000-th SNP and testing association....

Reading 1380000-th SNP and testing association....

Reading 1390000-th SNP and testing association....

Reading 1400000-th SNP and testing association....

Reading 1410000-th SNP and testing association....

Reading 1420000-th SNP and testing association....

Reading 1430000-th SNP and testing association....

Reading 1440000-th SNP and testing association....

Reading 1450000-th SNP and testing association....

Reading 1460000-th SNP and testing association....

Reading 1470000-th SNP and testing association....

Reading 1480000-th SNP and testing association....

Reading 1490000-th SNP and testing association....

Reading 1500000-th SNP and testing association....

Reading 1510000-th SNP and testing association....

Reading 1520000-th SNP and testing association....

Reading 1530000-th SNP and testing association....

Reading 1540000-th SNP and testing association....

Reading 1550000-th SNP and testing association....

Reading 1560000-th SNP and testing association....

Reading 1570000-th SNP and testing association....

Reading 1580000-th SNP and testing association....

Reading 1590000-th SNP and testing association....

Reading 1600000-th SNP and testing association....

Reading 1610000-th SNP and testing association....

Reading 1620000-th SNP and testing association....

Reading 1630000-th SNP and testing association....

Reading 1640000-th SNP and testing association....

Reading 1650000-th SNP and testing association....

Reading 1660000-th SNP and testing association....

Reading 1670000-th SNP and testing association....

Reading 1680000-th SNP and testing association....

Reading 1690000-th SNP and testing association....

Reading 1700000-th SNP and testing association....

Reading 1710000-th SNP and testing association....

Reading 1720000-th SNP and testing association....

Reading 1730000-th SNP and testing association....

Reading 1740000-th SNP and testing association....

Reading 1750000-th SNP and testing association....

Reading 1760000-th SNP and testing association....

Reading 1770000-th SNP and testing association....

Reading 1780000-th SNP and testing association....

Reading 1790000-th SNP and testing association....

Reading 1800000-th SNP and testing association....

Reading 1810000-th SNP and testing association....

Reading 1820000-th SNP and testing association....

Reading 1830000-th SNP and testing association....

Reading 1840000-th SNP and testing association....

Reading 1850000-th SNP and testing association....

Reading 1860000-th SNP and testing association....

Reading 1870000-th SNP and testing association....

Reading 1880000-th SNP and testing association....

Reading 1890000-th SNP and testing association....

Reading 1900000-th SNP and testing association....

Reading 1910000-th SNP and testing association....

Reading 1920000-th SNP and testing association....

Reading 1930000-th SNP and testing association....

Reading 1940000-th SNP and testing association....

Reading 1950000-th SNP and testing association....

Reading 1960000-th SNP and testing association....

Reading 1970000-th SNP and testing association....

Reading 1980000-th SNP and testing association....

Reading 1990000-th SNP and testing association....

Reading 2000000-th SNP and testing association....

Reading 2010000-th SNP and testing association....

Reading 2020000-th SNP and testing association....

Reading 2030000-th SNP and testing association....

Reading 2040000-th SNP and testing association....

Reading 2050000-th SNP and testing association....

Reading 2060000-th SNP and testing association....

Reading 2070000-th SNP and testing association....

Reading 2080000-th SNP and testing association....

Reading 2090000-th SNP and testing association....

Reading 2100000-th SNP and testing association....

Reading 2110000-th SNP and testing association....

Reading 2120000-th SNP and testing association....

Reading 2130000-th SNP and testing association....

Reading 2140000-th SNP and testing association....

Reading 2150000-th SNP and testing association....

Reading 2160000-th SNP and testing association....

Reading 2170000-th SNP and testing association....

Reading 2180000-th SNP and testing association....

Reading 2190000-th SNP and testing association....

Reading 2200000-th SNP and testing association....

Reading 2210000-th SNP and testing association....

Reading 2220000-th SNP and testing association....

Reading 2230000-th SNP and testing association....

Reading 2240000-th SNP and testing association....

Reading 2250000-th SNP and testing association....

Reading 2260000-th SNP and testing association....

Reading 2270000-th SNP and testing association....

Reading 2280000-th SNP and testing association....

Reading 2290000-th SNP and testing association....

Reading 2300000-th SNP and testing association....

Reading 2310000-th SNP and testing association....

Reading 2320000-th SNP and testing association....

Reading 2330000-th SNP and testing association....

Reading 2340000-th SNP and testing association....

Reading 2350000-th SNP and testing association....

Reading 2360000-th SNP and testing association....

Reading 2370000-th SNP and testing association....

Reading 2380000-th SNP and testing association....

Reading 2390000-th SNP and testing association....

Reading 2400000-th SNP and testing association....

Reading 2410000-th SNP and testing association....

Reading 2420000-th SNP and testing association....

Reading 2430000-th SNP and testing association....

Reading 2440000-th SNP and testing association....

Reading 2450000-th SNP and testing association....

Reading 2460000-th SNP and testing association....

Reading 2470000-th SNP and testing association....

Reading 2480000-th SNP and testing association....

Reading 2490000-th SNP and testing association....

Reading 2500000-th SNP and testing association....

Reading 2510000-th SNP and testing association....

Reading 2520000-th SNP and testing association....

Reading 2530000-th SNP and testing association....

Reading 2540000-th SNP and testing association....

Reading 2550000-th SNP and testing association....

Reading 2560000-th SNP and testing association....

Reading 2570000-th SNP and testing association....

Reading 2580000-th SNP and testing association....

Reading 2590000-th SNP and testing association....

Reading 2600000-th SNP and testing association....

Reading 2610000-th SNP and testing association....

Reading 2620000-th SNP and testing association....

Reading 2630000-th SNP and testing association....

Reading 2640000-th SNP and testing association....

Reading 2650000-th SNP and testing association....

Reading 2660000-th SNP and testing association....

Reading 2670000-th SNP and testing association....

Reading 2680000-th SNP and testing association....

Reading 2690000-th SNP and testing association....

Reading 2700000-th SNP and testing association....

Reading 2710000-th SNP and testing association....

Reading 2720000-th SNP and testing association....

Reading 2730000-th SNP and testing association....

Reading 2740000-th SNP and testing association....

Reading 2750000-th SNP and testing association....

Reading 2760000-th SNP and testing association....

Reading 2770000-th SNP and testing association....

Reading 2780000-th SNP and testing association....

Reading 2790000-th SNP and testing association....

Reading 2800000-th SNP and testing association....

Reading 2810000-th SNP and testing association....

Reading 2820000-th SNP and testing association....

Reading 2830000-th SNP and testing association....

Reading 2840000-th SNP and testing association....

Reading 2850000-th SNP and testing association....

Reading 2860000-th SNP and testing association....

Reading 2870000-th SNP and testing association....

Reading 2880000-th SNP and testing association....

Reading 2890000-th SNP and testing association....

Reading 2900000-th SNP and testing association....

Reading 2910000-th SNP and testing association....

Reading 2920000-th SNP and testing association....

Reading 2930000-th SNP and testing association....

Reading 2940000-th SNP and testing association....

Reading 2950000-th SNP and testing association....

Reading 2960000-th SNP and testing association....

Reading 2970000-th SNP and testing association....

Reading 2980000-th SNP and testing association....

Reading 2990000-th SNP and testing association....

Reading 3000000-th SNP and testing association....

Reading 3010000-th SNP and testing association....

Reading 3020000-th SNP and testing association....

Reading 3030000-th SNP and testing association....

Reading 3040000-th SNP and testing association....

Reading 3050000-th SNP and testing association....

Reading 3060000-th SNP and testing association....

Reading 3070000-th SNP and testing association....

Reading 3080000-th SNP and testing association....

Reading 3090000-th SNP and testing association....

Reading 3100000-th SNP and testing association....

Reading 3110000-th SNP and testing association....

Reading 3120000-th SNP and testing association....

Reading 3130000-th SNP and testing association....

Reading 3140000-th SNP and testing association....

Reading 3150000-th SNP and testing association....

Reading 3160000-th SNP and testing association....

Reading 3170000-th SNP and testing association....

Reading 3180000-th SNP and testing association....

Reading 3190000-th SNP and testing association....

Reading 3200000-th SNP and testing association....

Reading 3210000-th SNP and testing association....

Reading 3220000-th SNP and testing association....

Reading 3230000-th SNP and testing association....

Reading 3240000-th SNP and testing association....

Reading 3250000-th SNP and testing association....

Reading 3260000-th SNP and testing association....

Reading 3270000-th SNP and testing association....

Reading 3280000-th SNP and testing association....

Reading 3290000-th SNP and testing association....

Reading 3300000-th SNP and testing association....

Reading 3310000-th SNP and testing association....

Reading 3320000-th SNP and testing association....

Reading 3330000-th SNP and testing association....

Reading 3340000-th SNP and testing association....

Reading 3350000-th SNP and testing association....

Reading 3360000-th SNP and testing association....

Reading 3370000-th SNP and testing association....

Reading 3380000-th SNP and testing association....

Reading 3390000-th SNP and testing association....

Reading 3400000-th SNP and testing association....

Reading 3410000-th SNP and testing association....

Reading 3420000-th SNP and testing association....

Reading 3430000-th SNP and testing association....

Reading 3440000-th SNP and testing association....

Reading 3450000-th SNP and testing association....

Reading 3460000-th SNP and testing association....

Reading 3470000-th SNP and testing association....

Reading 3480000-th SNP and testing association....

Reading 3490000-th SNP and testing association....

Reading 3500000-th SNP and testing association....

Reading 3510000-th SNP and testing association....

Reading 3520000-th SNP and testing association....

Reading 3530000-th SNP and testing association....

Reading 3540000-th SNP and testing association....

Reading 3550000-th SNP and testing association....

Reading 3560000-th SNP and testing association....

Reading 3570000-th SNP and testing association....

Reading 3580000-th SNP and testing association....

Reading 3590000-th SNP and testing association....

Reading 3600000-th SNP and testing association....

Reading 3610000-th SNP and testing association....

Reading 3620000-th SNP and testing association....

Reading 3630000-th SNP and testing association....

Reading 3640000-th SNP and testing association....

Reading 3650000-th SNP and testing association....

Reading 3660000-th SNP and testing association....

Reading 3670000-th SNP and testing association....

Reading 3680000-th SNP and testing association....

Reading 3690000-th SNP and testing association....

Reading 3700000-th SNP and testing association....

Reading 3710000-th SNP and testing association....

Reading 3720000-th SNP and testing association....

Reading 3730000-th SNP and testing association....

Reading 3740000-th SNP and testing association....

Reading 3750000-th SNP and testing association....

Reading 3760000-th SNP and testing association....

Reading 3770000-th SNP and testing association....

Reading 3780000-th SNP and testing association....

Reading 3790000-th SNP and testing association....

Reading 3800000-th SNP and testing association....

Reading 3810000-th SNP and testing association....

Reading 3820000-th SNP and testing association....

Reading 3830000-th SNP and testing association....

Reading 3840000-th SNP and testing association....

Reading 3850000-th SNP and testing association....

Reading 3860000-th SNP and testing association....

Reading 3870000-th SNP and testing association....

Reading 3880000-th SNP and testing association....

Reading 3890000-th SNP and testing association....

Reading 3900000-th SNP and testing association....

Reading 3910000-th SNP and testing association....

Reading 3920000-th SNP and testing association....

Reading 3930000-th SNP and testing association....

Reading 3940000-th SNP and testing association....

Reading 3950000-th SNP and testing association....

Reading 3960000-th SNP and testing association....

Reading 3970000-th SNP and testing association....

Reading 3980000-th SNP and testing association....

Reading 3990000-th SNP and testing association....

Reading 4000000-th SNP and testing association....

Reading 4010000-th SNP and testing association....

Reading 4020000-th SNP and testing association....

Reading 4030000-th SNP and testing association....

Reading 4040000-th SNP and testing association....

Reading 4050000-th SNP and testing association....

Reading 4060000-th SNP and testing association....

Reading 4070000-th SNP and testing association....

Reading 4080000-th SNP and testing association....

Reading 4090000-th SNP and testing association....

Reading 4100000-th SNP and testing association....

Reading 4110000-th SNP and testing association....

Reading 4120000-th SNP and testing association....

Reading 4130000-th SNP and testing association....

Reading 4140000-th SNP and testing association....

Reading 4150000-th SNP and testing association....

Reading 4160000-th SNP and testing association....

Reading 4170000-th SNP and testing association....

Reading 4180000-th SNP and testing association....

Reading 4190000-th SNP and testing association....

Reading 4200000-th SNP and testing association....

Reading 4210000-th SNP and testing association....

Reading 4220000-th SNP and testing association....

Reading 4230000-th SNP and testing association....

Reading 4240000-th SNP and testing association....

Reading 4250000-th SNP and testing association....

Reading 4260000-th SNP and testing association....

Reading 4270000-th SNP and testing association....

Reading 4280000-th SNP and testing association....

Reading 4290000-th SNP and testing association....

Reading 4300000-th SNP and testing association....

Reading 4310000-th SNP and testing association....

Reading 4320000-th SNP and testing association....

Reading 4330000-th SNP and testing association....

Reading 4340000-th SNP and testing association....

Reading 4350000-th SNP and testing association....

Reading 4360000-th SNP and testing association....

Reading 4370000-th SNP and testing association....

Reading 4380000-th SNP and testing association....

Reading 4390000-th SNP and testing association....

Reading 4400000-th SNP and testing association....

Reading 4410000-th SNP and testing association....

Reading 4420000-th SNP and testing association....

Reading 4430000-th SNP and testing association....

Reading 4440000-th SNP and testing association....

Reading 4450000-th SNP and testing association....

Reading 4460000-th SNP and testing association....

Reading 4470000-th SNP and testing association....

Reading 4480000-th SNP and testing association....

Reading 4490000-th SNP and testing association....

Reading 4500000-th SNP and testing association....

Reading 4510000-th SNP and testing association....

Reading 4520000-th SNP and testing association....

Reading 4530000-th SNP and testing association....

Reading 4540000-th SNP and testing association....

Reading 4550000-th SNP and testing association....

Reading 4560000-th SNP and testing association....

Reading 4570000-th SNP and testing association....

Reading 4580000-th SNP and testing association....

Reading 4590000-th SNP and testing association....

Reading 4600000-th SNP and testing association....

Reading 4610000-th SNP and testing association....

Reading 4620000-th SNP and testing association....

Reading 4630000-th SNP and testing association....

Reading 4640000-th SNP and testing association....

Reading 4650000-th SNP and testing association....

Reading 4660000-th SNP and testing association....

Reading 4670000-th SNP and testing association....

Reading 4680000-th SNP and testing association....

Reading 4690000-th SNP and testing association....

Reading 4700000-th SNP and testing association....

Reading 4710000-th SNP and testing association....

Reading 4720000-th SNP and testing association....

Reading 4730000-th SNP and testing association....

Reading 4740000-th SNP and testing association....

Reading 4750000-th SNP and testing association....

Reading 4760000-th SNP and testing association....

Reading 4770000-th SNP and testing association....

Reading 4780000-th SNP and testing association....

Reading 4790000-th SNP and testing association....

Reading 4800000-th SNP and testing association....

Reading 4810000-th SNP and testing association....

Reading 4820000-th SNP and testing association....

Reading 4830000-th SNP and testing association....

Reading 4840000-th SNP and testing association....

Reading 4850000-th SNP and testing association....

Reading 4860000-th SNP and testing association....

Reading 4870000-th SNP and testing association....

Reading 4880000-th SNP and testing association....

Reading 4890000-th SNP and testing association....

Reading 4900000-th SNP and testing association....

Reading 4910000-th SNP and testing association....

Reading 4920000-th SNP and testing association....

Reading 4930000-th SNP and testing association....

Reading 4940000-th SNP and testing association....

Reading 4950000-th SNP and testing association....

Reading 4960000-th SNP and testing association....

Reading 4970000-th SNP and testing association....

Reading 4980000-th SNP and testing association....

Reading 4990000-th SNP and testing association....

Reading 5000000-th SNP and testing association....

Reading 5010000-th SNP and testing association....

Reading 5020000-th SNP and testing association....

Reading 5030000-th SNP and testing association....

Reading 5040000-th SNP and testing association....

Reading 5050000-th SNP and testing association....

Reading 5060000-th SNP and testing association....

Reading 5070000-th SNP and testing association....

Reading 5080000-th SNP and testing association....

Reading 5090000-th SNP and testing association....

Reading 5100000-th SNP and testing association....

Reading 5110000-th SNP and testing association....

Reading 5120000-th SNP and testing association....

Reading 5130000-th SNP and testing association....

Reading 5140000-th SNP and testing association....

Reading 5150000-th SNP and testing association....

Reading 5160000-th SNP and testing association....

Reading 5170000-th SNP and testing association....

Reading 5180000-th SNP and testing association....

Reading 5190000-th SNP and testing association....

Reading 5200000-th SNP and testing association....

Reading 5210000-th SNP and testing association....

Reading 5220000-th SNP and testing association....

Reading 5230000-th SNP and testing association....

Reading 5240000-th SNP and testing association....

Reading 5250000-th SNP and testing association....

Reading 5260000-th SNP and testing association....

Reading 5270000-th SNP and testing association....

Reading 5280000-th SNP and testing association....

Reading 5290000-th SNP and testing association....

Reading 5300000-th SNP and testing association....

Reading 5310000-th SNP and testing association....

Reading 5320000-th SNP and testing association....

Reading 5330000-th SNP and testing association....

Reading 5340000-th SNP and testing association....

Reading 5350000-th SNP and testing association....

Reading 5360000-th SNP and testing association....

Reading 5370000-th SNP and testing association....

Reading 5380000-th SNP and testing association....

Reading 5390000-th SNP and testing association....

Reading 5400000-th SNP and testing association....

Reading 5410000-th SNP and testing association....

Reading 5420000-th SNP and testing association....

Reading 5430000-th SNP and testing association....

Reading 5440000-th SNP and testing association....

Reading 5450000-th SNP and testing association....

Reading 5460000-th SNP and testing association....

Reading 5470000-th SNP and testing association....

Reading 5480000-th SNP and testing association....

Reading 5490000-th SNP and testing association....

Reading 5500000-th SNP and testing association....

Reading 5510000-th SNP and testing association....

Reading 5520000-th SNP and testing association....

Reading 5530000-th SNP and testing association....

Reading 5540000-th SNP and testing association....

Reading 5550000-th SNP and testing association....

Reading 5560000-th SNP and testing association....

Reading 5570000-th SNP and testing association....

Reading 5580000-th SNP and testing association....

Reading 5590000-th SNP and testing association....

Reading 5600000-th SNP and testing association....

Reading 5610000-th SNP and testing association....

Reading 5620000-th SNP and testing association....

Reading 5630000-th SNP and testing association....

Reading 5640000-th SNP and testing association....

Reading 5650000-th SNP and testing association....

Reading 5660000-th SNP and testing association....

Reading 5670000-th SNP and testing association....

Reading 5680000-th SNP and testing association....

Reading 5690000-th SNP and testing association....

Reading 5700000-th SNP and testing association....

Reading 5710000-th SNP and testing association....

Reading 5720000-th SNP and testing association....

Reading 5730000-th SNP and testing association....

Reading 5740000-th SNP and testing association....

Reading 5750000-th SNP and testing association....

Reading 5760000-th SNP and testing association....

Reading 5770000-th SNP and testing association....

Reading 5780000-th SNP and testing association....

Reading 5790000-th SNP and testing association....

Reading 5800000-th SNP and testing association....

Reading 5810000-th SNP and testing association....

Reading 5820000-th SNP and testing association....

Reading 5830000-th SNP and testing association....

Reading 5840000-th SNP and testing association....

Reading 5850000-th SNP and testing association....

Reading 5860000-th SNP and testing association....

Reading 5870000-th SNP and testing association....

Reading 5880000-th SNP and testing association....

Reading 5890000-th SNP and testing association....

Reading 5900000-th SNP and testing association....

Reading 5910000-th SNP and testing association....

Reading 5920000-th SNP and testing association....

Reading 5930000-th SNP and testing association....

Reading 5940000-th SNP and testing association....

Reading 5950000-th SNP and testing association....

Reading 5960000-th SNP and testing association....

Reading 5970000-th SNP and testing association....

Reading 5980000-th SNP and testing association....

Reading 5990000-th SNP and testing association....

Reading 6000000-th SNP and testing association....

Reading 6010000-th SNP and testing association....

Reading 6020000-th SNP and testing association....

Reading 6030000-th SNP and testing association....

Reading 6040000-th SNP and testing association....

Reading 6050000-th SNP and testing association....

Reading 6060000-th SNP and testing association....

Reading 6070000-th SNP and testing association....

Reading 6080000-th SNP and testing association....

Reading 6090000-th SNP and testing association....

Reading 6100000-th SNP and testing association....

Reading 6110000-th SNP and testing association....

Reading 6120000-th SNP and testing association....

Reading 6130000-th SNP and testing association....

Reading 6140000-th SNP and testing association....

Reading 6150000-th SNP and testing association....

Reading 6160000-th SNP and testing association....

Reading 6170000-th SNP and testing association....

Reading 6180000-th SNP and testing association....

Reading 6190000-th SNP and testing association....

Reading 6200000-th SNP and testing association....

Reading 6210000-th SNP and testing association....

Reading 6220000-th SNP and testing association....

Reading 6230000-th SNP and testing association....

Reading 6240000-th SNP and testing association....

Reading 6250000-th SNP and testing association....

Reading 6260000-th SNP and testing association....

Reading 6270000-th SNP and testing association....

Reading 6280000-th SNP and testing association....

Reading 6290000-th SNP and testing association....

Reading 6300000-th SNP and testing association....

Reading 6310000-th SNP and testing association....

Reading 6320000-th SNP and testing association....

Reading 6330000-th SNP and testing association....

Reading 6340000-th SNP and testing association....

Reading 6350000-th SNP and testing association....

Reading 6360000-th SNP and testing association....

Reading 6370000-th SNP and testing association....

Reading 6380000-th SNP and testing association....

Reading 6390000-th SNP and testing association....

Reading 6400000-th SNP and testing association....

Reading 6410000-th SNP and testing association....

Reading 6420000-th SNP and testing association....

Reading 6430000-th SNP and testing association....

Reading 6440000-th SNP and testing association....

Reading 6450000-th SNP and testing association....

Reading 6460000-th SNP and testing association....

Reading 6470000-th SNP and testing association....

Reading 6480000-th SNP and testing association....

Reading 6490000-th SNP and testing association....

Reading 6500000-th SNP and testing association....

Reading 6510000-th SNP and testing association....

Reading 6520000-th SNP and testing association....

Reading 6530000-th SNP and testing association....

Reading 6540000-th SNP and testing association....

Reading 6550000-th SNP and testing association....

Reading 6560000-th SNP and testing association....

Reading 6570000-th SNP and testing association....

Reading 6580000-th SNP and testing association....

Reading 6590000-th SNP and testing association....

Reading 6600000-th SNP and testing association....

Reading 6610000-th SNP and testing association....

Reading 6620000-th SNP and testing association....

Reading 6630000-th SNP and testing association....

Reading 6640000-th SNP and testing association....

Reading 6650000-th SNP and testing association....

Reading 6660000-th SNP and testing association....

Reading 6670000-th SNP and testing association....

Reading 6680000-th SNP and testing association....

Reading 6690000-th SNP and testing association....

Reading 6700000-th SNP and testing association....

Reading 6710000-th SNP and testing association....

Reading 6720000-th SNP and testing association....

Reading 6730000-th SNP and testing association....

Reading 6740000-th SNP and testing association....

Reading 6750000-th SNP and testing association....

Reading 6760000-th SNP and testing association....

Reading 6770000-th SNP and testing association....

Reading 6780000-th SNP and testing association....

Reading 6790000-th SNP and testing association....

Reading 6800000-th SNP and testing association....

Reading 6810000-th SNP and testing association....

Reading 6820000-th SNP and testing association....

Reading 6830000-th SNP and testing association....

Reading 6840000-th SNP and testing association....

Reading 6850000-th SNP and testing association....

Reading 6860000-th SNP and testing association....

Reading 6870000-th SNP and testing association....

Reading 6880000-th SNP and testing association....

Reading 6890000-th SNP and testing association....

Reading 6900000-th SNP and testing association....

Reading 6910000-th SNP and testing association....

Reading 6920000-th SNP and testing association....

Reading 6930000-th SNP and testing association....

Reading 6940000-th SNP and testing association....

Reading 6950000-th SNP and testing association....

Reading 6960000-th SNP and testing association....

Reading 6970000-th SNP and testing association....

Reading 6980000-th SNP and testing association....

Reading 6990000-th SNP and testing association....

Reading 7000000-th SNP and testing association....

Reading 7010000-th SNP and testing association....

Reading 7020000-th SNP and testing association....

Reading 7030000-th SNP and testing association....

Reading 7040000-th SNP and testing association....

Reading 7050000-th SNP and testing association....

Reading 7060000-th SNP and testing association....

Reading 7070000-th SNP and testing association....

Reading 7080000-th SNP and testing association....

Reading 7090000-th SNP and testing association....

Reading 7100000-th SNP and testing association....

Reading 7110000-th SNP and testing association....

GLS association - elapsed CPU time is 1449.044120

Breakdown for input file parsing : 560.631236

              matrix computation : 660.787361

             p-value computation : 30.321392

