
Reading TFAM file /mnt/data/shahar/gwas_barley/morexV3_analysis/barley_for_publication_project/01_USED_GWAS_V2_pipeline/intermediates/morexV3_gwas_genotypes.tfam ....


Reading kinship file /mnt/data/shahar/gwas_barley/morexV3_analysis/barley_for_publication_project/01_USED_GWAS_V2_pipeline/intermediates/morexV3_kinship.aIBS.kinf...

  290 rows and 290 columns were observed with 0 missing values.


Reading the phenotype file /mnt/data/shahar/gwas_barley/data/inputs/BLUE_fiber_V3.pheno...

  290 rows and 1 columns were observed with 0 missing values


Reading covariate file /mnt/data/shahar/gwas_barley/morexV3_analysis/barley_for_publication_project/01_USED_GWAS_V2_pipeline/intermediates/covariates/pca_pc10.cov...

  290 rows and 10 columns were observed with 0 missing values. Make sure that the intercept is included in the covariates

File reading - elapsed CPU time is 0.054905

eRvals[0] = 0.024519, eRvals[n-q-1] = 194.909085, eRvals[n-q] = 0.000000
eigen_R - elapsed CPU time is 0.082887
etas[0] = -0.069263, lambdas[0] = 0.024519
etas[1] = -0.183379, lambdas[1] = 0.028021
etas[2] = 0.068550, lambdas[2] = 0.029533
etas[3] = 0.112389, lambdas[3] = 0.029827
etas[4] = -0.047710, lambdas[4] = 0.030636
etas[5] = 0.068573, lambdas[5] = 0.031377
etas[6] = -0.068356, lambdas[6] = 0.032141
etas[7] = 0.104409, lambdas[7] = 0.032712
etas[8] = -0.045400, lambdas[8] = 0.032962
etas[9] = 0.033553, lambdas[9] = 0.033327
etas[10] = -0.049011, lambdas[10] = 0.033942
etas[11] = -0.068188, lambdas[11] = 0.034817
etas[12] = -0.140115, lambdas[12] = 0.035246
etas[13] = -0.023074, lambdas[13] = 0.035304
etas[14] = 0.172765, lambdas[14] = 0.036060
etas[15] = -0.095557, lambdas[15] = 0.037103
etas[16] = -0.078238, lambdas[16] = 0.037628
etas[17] = 0.064416, lambdas[17] = 0.038247
etas[18] = -0.255834, lambdas[18] = 0.038719
etas[19] = -0.064691, lambdas[19] = 0.039225
etas[20] = -0.101698, lambdas[20] = 0.039841
etas[21] = 0.057635, lambdas[21] = 0.040457
etas[22] = -0.098719, lambdas[22] = 0.040786
etas[23] = -0.063305, lambdas[23] = 0.041320
etas[24] = 0.053251, lambdas[24] = 0.041679
etas[25] = -0.178730, lambdas[25] = 0.042102
etas[26] = -0.315644, lambdas[26] = 0.042328
etas[27] = 0.235752, lambdas[27] = 0.042759
etas[28] = -0.038096, lambdas[28] = 0.043078
etas[29] = -0.161388, lambdas[29] = 0.043335
etas[30] = -0.008188, lambdas[30] = 0.044158
etas[31] = -0.152303, lambdas[31] = 0.044373
etas[32] = -0.061540, lambdas[32] = 0.044575
etas[33] = -0.099323, lambdas[33] = 0.044706
etas[34] = 0.003091, lambdas[34] = 0.044858
etas[35] = 0.136951, lambdas[35] = 0.045097
etas[36] = -0.149625, lambdas[36] = 0.045385
etas[37] = -0.207654, lambdas[37] = 0.045735
etas[38] = 0.133721, lambdas[38] = 0.045993
etas[39] = -0.145198, lambdas[39] = 0.046223
etas[40] = -0.140062, lambdas[40] = 0.046454
etas[41] = 0.045122, lambdas[41] = 0.046603
etas[42] = 0.137818, lambdas[42] = 0.046649
etas[43] = 0.191412, lambdas[43] = 0.047071
etas[44] = 0.115089, lambdas[44] = 0.047333
etas[45] = -0.274966, lambdas[45] = 0.047435
etas[46] = 0.107203, lambdas[46] = 0.047592
etas[47] = 0.221016, lambdas[47] = 0.048017
etas[48] = -0.154092, lambdas[48] = 0.048383
etas[49] = 0.081070, lambdas[49] = 0.049047
etas[50] = 0.179792, lambdas[50] = 0.049356
etas[51] = 0.000019, lambdas[51] = 0.049738
etas[52] = 0.187937, lambdas[52] = 0.049993
etas[53] = -0.099915, lambdas[53] = 0.050237
etas[54] = -0.276934, lambdas[54] = 0.050631
etas[55] = 0.009105, lambdas[55] = 0.050757
etas[56] = -0.036952, lambdas[56] = 0.051013
etas[57] = -0.057804, lambdas[57] = 0.051376
etas[58] = 0.004452, lambdas[58] = 0.051746
etas[59] = 0.140370, lambdas[59] = 0.052182
etas[60] = -0.176371, lambdas[60] = 0.052501
etas[61] = -0.143020, lambdas[61] = 0.052701
etas[62] = 0.025424, lambdas[62] = 0.054094
etas[63] = 0.013403, lambdas[63] = 0.054315
etas[64] = 0.130836, lambdas[64] = 0.054387
etas[65] = 0.145959, lambdas[65] = 0.054630
etas[66] = -0.234369, lambdas[66] = 0.055585
etas[67] = 0.080086, lambdas[67] = 0.058276
etas[68] = 0.096790, lambdas[68] = 0.059038
etas[69] = -0.301445, lambdas[69] = 0.060113
etas[70] = -0.101131, lambdas[70] = 0.060460
etas[71] = -0.001377, lambdas[71] = 0.071498
etas[72] = -0.093986, lambdas[72] = 0.080324
etas[73] = -0.030155, lambdas[73] = 0.092944
etas[74] = -0.215950, lambdas[74] = 0.095669
etas[75] = 0.089567, lambdas[75] = 0.096768
etas[76] = -0.133881, lambdas[76] = 0.097253
etas[77] = -0.001599, lambdas[77] = 0.098391
etas[78] = -0.027849, lambdas[78] = 0.099747
etas[79] = -0.237322, lambdas[79] = 0.117784
etas[80] = -0.186465, lambdas[80] = 0.126916
etas[81] = 0.167766, lambdas[81] = 0.130095
etas[82] = 0.412620, lambdas[82] = 0.132739
etas[83] = -0.078849, lambdas[83] = 0.138695
etas[84] = 0.163495, lambdas[84] = 0.142443
etas[85] = -0.030406, lambdas[85] = 0.146305
etas[86] = 0.105313, lambdas[86] = 0.149648
etas[87] = -0.076748, lambdas[87] = 0.149891
etas[88] = -0.260419, lambdas[88] = 0.154451
etas[89] = 0.142557, lambdas[89] = 0.155774
etas[90] = 0.509516, lambdas[90] = 0.156307
etas[91] = -0.268945, lambdas[91] = 0.159043
etas[92] = 0.060970, lambdas[92] = 0.160886
etas[93] = 0.057477, lambdas[93] = 0.163812
etas[94] = 0.228845, lambdas[94] = 0.166706
etas[95] = 0.539850, lambdas[95] = 0.167282
etas[96] = 0.007240, lambdas[96] = 0.167768
etas[97] = 0.068985, lambdas[97] = 0.170985
etas[98] = 0.020927, lambdas[98] = 0.171919
etas[99] = 0.073385, lambdas[99] = 0.173224
etas[100] = 0.309343, lambdas[100] = 0.173668
etas[101] = 0.402360, lambdas[101] = 0.174572
etas[102] = -0.024538, lambdas[102] = 0.178113
etas[103] = 0.246593, lambdas[103] = 0.178471
etas[104] = 0.245216, lambdas[104] = 0.179061
etas[105] = 0.285285, lambdas[105] = 0.179302
etas[106] = -0.401921, lambdas[106] = 0.180717
etas[107] = 0.016187, lambdas[107] = 0.181305
etas[108] = -0.167358, lambdas[108] = 0.182553
etas[109] = 0.167444, lambdas[109] = 0.184273
etas[110] = -0.270873, lambdas[110] = 0.185033
etas[111] = 0.045434, lambdas[111] = 0.186048
etas[112] = 0.105308, lambdas[112] = 0.186802
etas[113] = 0.167554, lambdas[113] = 0.187108
etas[114] = -0.334209, lambdas[114] = 0.188490
etas[115] = 0.093544, lambdas[115] = 0.189173
etas[116] = -0.033100, lambdas[116] = 0.189720
etas[117] = -0.341197, lambdas[117] = 0.191029
etas[118] = -0.114598, lambdas[118] = 0.191365
etas[119] = 0.273210, lambdas[119] = 0.191923
etas[120] = -0.519656, lambdas[120] = 0.193090
etas[121] = -0.206339, lambdas[121] = 0.193473
etas[122] = -0.184714, lambdas[122] = 0.194080
etas[123] = -0.104677, lambdas[123] = 0.194624
etas[124] = 0.078606, lambdas[124] = 0.195807
etas[125] = 0.385019, lambdas[125] = 0.196271
etas[126] = -0.499107, lambdas[126] = 0.197245
etas[127] = -0.143723, lambdas[127] = 0.197968
etas[128] = -0.085482, lambdas[128] = 0.198267
etas[129] = -0.026328, lambdas[129] = 0.198681
etas[130] = -0.270468, lambdas[130] = 0.199263
etas[131] = 0.300073, lambdas[131] = 0.199834
etas[132] = -0.053672, lambdas[132] = 0.200602
etas[133] = -0.147738, lambdas[133] = 0.201868
etas[134] = 0.128457, lambdas[134] = 0.202539
etas[135] = -0.001057, lambdas[135] = 0.202902
etas[136] = -0.133010, lambdas[136] = 0.203752
etas[137] = 0.122452, lambdas[137] = 0.204198
etas[138] = 0.028653, lambdas[138] = 0.204551
etas[139] = -0.277754, lambdas[139] = 0.205502
etas[140] = -0.092494, lambdas[140] = 0.206952
etas[141] = 0.449650, lambdas[141] = 0.207903
etas[142] = 0.056937, lambdas[142] = 0.208184
etas[143] = -0.372608, lambdas[143] = 0.208832
etas[144] = 0.173321, lambdas[144] = 0.209753
etas[145] = -0.370630, lambdas[145] = 0.210469
etas[146] = -0.350198, lambdas[146] = 0.211833
etas[147] = 0.190545, lambdas[147] = 0.212035
etas[148] = 0.106876, lambdas[148] = 0.213289
etas[149] = -0.213934, lambdas[149] = 0.213460
etas[150] = 0.272834, lambdas[150] = 0.214253
etas[151] = 0.184849, lambdas[151] = 0.214934
etas[152] = 0.458296, lambdas[152] = 0.215375
etas[153] = -0.059781, lambdas[153] = 0.215766
etas[154] = 0.233623, lambdas[154] = 0.216410
etas[155] = -0.163117, lambdas[155] = 0.217104
etas[156] = 0.006228, lambdas[156] = 0.217766
etas[157] = -0.192577, lambdas[157] = 0.218054
etas[158] = -0.508861, lambdas[158] = 0.219306
etas[159] = 0.324705, lambdas[159] = 0.219611
etas[160] = -0.045078, lambdas[160] = 0.220281
etas[161] = -0.099680, lambdas[161] = 0.221488
etas[162] = -0.037421, lambdas[162] = 0.222155
etas[163] = 0.164412, lambdas[163] = 0.222652
etas[164] = 0.179559, lambdas[164] = 0.223442
etas[165] = -0.440505, lambdas[165] = 0.225456
etas[166] = 0.126434, lambdas[166] = 0.225724
etas[167] = -0.147194, lambdas[167] = 0.226289
etas[168] = 0.385615, lambdas[168] = 0.226712
etas[169] = 0.308597, lambdas[169] = 0.227886
etas[170] = -0.090405, lambdas[170] = 0.228075
etas[171] = -0.029923, lambdas[171] = 0.229053
etas[172] = -0.265752, lambdas[172] = 0.229913
etas[173] = -0.242961, lambdas[173] = 0.230107
etas[174] = 0.516405, lambdas[174] = 0.230495
etas[175] = -0.266125, lambdas[175] = 0.231517
etas[176] = 0.341017, lambdas[176] = 0.232351
etas[177] = 0.327146, lambdas[177] = 0.232998
etas[178] = 0.126142, lambdas[178] = 0.233417
etas[179] = 0.159591, lambdas[179] = 0.234627
etas[180] = -0.143367, lambdas[180] = 0.235148
etas[181] = 0.310894, lambdas[181] = 0.236234
etas[182] = 0.419633, lambdas[182] = 0.237292
etas[183] = -0.087356, lambdas[183] = 0.237973
etas[184] = -0.356267, lambdas[184] = 0.239416
etas[185] = -0.183444, lambdas[185] = 0.240319
etas[186] = -0.156662, lambdas[186] = 0.240925
etas[187] = 0.135250, lambdas[187] = 0.241616
etas[188] = -0.060419, lambdas[188] = 0.241766
etas[189] = 0.012869, lambdas[189] = 0.242349
etas[190] = -0.271794, lambdas[190] = 0.244027
etas[191] = -0.072967, lambdas[191] = 0.244326
etas[192] = 0.051691, lambdas[192] = 0.245547
etas[193] = 0.182117, lambdas[193] = 0.245861
etas[194] = 0.014841, lambdas[194] = 0.246391
etas[195] = -0.117537, lambdas[195] = 0.247453
etas[196] = 0.452870, lambdas[196] = 0.248013
etas[197] = 0.091759, lambdas[197] = 0.248585
etas[198] = -0.101207, lambdas[198] = 0.249436
etas[199] = -0.029117, lambdas[199] = 0.250845
etas[200] = 0.394557, lambdas[200] = 0.251154
etas[201] = 0.234118, lambdas[201] = 0.253638
etas[202] = 0.140564, lambdas[202] = 0.253980
etas[203] = -0.200192, lambdas[203] = 0.254600
etas[204] = 0.548111, lambdas[204] = 0.255465
etas[205] = -0.433013, lambdas[205] = 0.255911
etas[206] = 0.340457, lambdas[206] = 0.257725
etas[207] = -0.545929, lambdas[207] = 0.258390
etas[208] = -0.029451, lambdas[208] = 0.258614
etas[209] = -0.093114, lambdas[209] = 0.258710
etas[210] = -0.246040, lambdas[210] = 0.260029
etas[211] = -0.195821, lambdas[211] = 0.260808
etas[212] = 0.328901, lambdas[212] = 0.262458
etas[213] = -0.117911, lambdas[213] = 0.263151
etas[214] = 0.170552, lambdas[214] = 0.263406
etas[215] = -0.088523, lambdas[215] = 0.264239
etas[216] = 0.133374, lambdas[216] = 0.265401
etas[217] = -0.278048, lambdas[217] = 0.266091
etas[218] = 0.073381, lambdas[218] = 0.267200
etas[219] = 0.393434, lambdas[219] = 0.268578
etas[220] = 0.050519, lambdas[220] = 0.270006
etas[221] = 0.015920, lambdas[221] = 0.272044
etas[222] = -0.568452, lambdas[222] = 0.272973
etas[223] = -0.481035, lambdas[223] = 0.274447
etas[224] = -0.040870, lambdas[224] = 0.277722
etas[225] = -0.626879, lambdas[225] = 0.279952
etas[226] = 0.254707, lambdas[226] = 0.281371
etas[227] = 0.558747, lambdas[227] = 0.283289
etas[228] = 0.498060, lambdas[228] = 0.284412
etas[229] = -0.473111, lambdas[229] = 0.286535
etas[230] = -0.206397, lambdas[230] = 0.286761
etas[231] = -0.324456, lambdas[231] = 0.287999
etas[232] = -0.469263, lambdas[232] = 0.290778
etas[233] = -0.188872, lambdas[233] = 0.291887
etas[234] = 0.070373, lambdas[234] = 0.293141
etas[235] = -0.083009, lambdas[235] = 0.296516
etas[236] = -0.112026, lambdas[236] = 0.300225
etas[237] = -0.093180, lambdas[237] = 0.301530
etas[238] = 0.034780, lambdas[238] = 0.304238
etas[239] = 0.138604, lambdas[239] = 0.308421
etas[240] = -0.206729, lambdas[240] = 0.318933
etas[241] = -0.058480, lambdas[241] = 0.323924
etas[242] = 0.138809, lambdas[242] = 0.329604
etas[243] = 0.161115, lambdas[243] = 0.332815
etas[244] = -0.016460, lambdas[244] = 0.337279
etas[245] = -0.343718, lambdas[245] = 0.339120
etas[246] = -0.138504, lambdas[246] = 0.345015
etas[247] = -0.223515, lambdas[247] = 0.352428
etas[248] = -0.332991, lambdas[248] = 0.360421
etas[249] = -0.185281, lambdas[249] = 0.365025
etas[250] = 0.269770, lambdas[250] = 0.394214
etas[251] = -0.514536, lambdas[251] = 0.405616
etas[252] = -0.329064, lambdas[252] = 0.410074
etas[253] = 0.053774, lambdas[253] = 0.418288
etas[254] = 0.541343, lambdas[254] = 0.428104
etas[255] = -0.007646, lambdas[255] = 0.435774
etas[256] = 0.509831, lambdas[256] = 0.444743
etas[257] = -0.080384, lambdas[257] = 0.449694
etas[258] = 0.165026, lambdas[258] = 0.471813
etas[259] = 0.176084, lambdas[259] = 0.483780
etas[260] = 0.249604, lambdas[260] = 0.492827
etas[261] = -0.596323, lambdas[261] = 0.500257
etas[262] = -0.357953, lambdas[262] = 0.520035
etas[263] = -0.014422, lambdas[263] = 0.562158
etas[264] = 0.794325, lambdas[264] = 0.577779
etas[265] = -0.064848, lambdas[265] = 0.588392
etas[266] = -0.078892, lambdas[266] = 0.606811
etas[267] = -0.204566, lambdas[267] = 0.618862
etas[268] = 0.424302, lambdas[268] = 0.639957
etas[269] = -0.128497, lambdas[269] = 0.653182
etas[270] = 0.295372, lambdas[270] = 0.656259
etas[271] = 0.162036, lambdas[271] = 0.724247
etas[272] = 0.467379, lambdas[272] = 0.743648
etas[273] = 0.771411, lambdas[273] = 0.756804
etas[274] = 0.680102, lambdas[274] = 0.850002
etas[275] = -0.168194, lambdas[275] = 0.855691
etas[276] = -0.543130, lambdas[276] = 0.908241
etas[277] = -0.109760, lambdas[277] = 1.019072
etas[278] = 0.446745, lambdas[278] = 1.025267
etas[279] = -0.355567, lambdas[279] = 194.909085
0	184.580449	184.413910	17.397543
1	184.413910	184.210691	17.399398
2	184.210691	183.962762	17.401661
3	183.962762	183.660366	17.404421
4	183.660366	183.291648	17.407788
5	183.291648	182.842235	17.411892
6	182.842235	182.294716	17.416894
7	182.294716	181.628049	17.422987
8	181.628049	180.816864	17.430404
9	180.816864	179.830652	17.439426
10	179.830652	178.632867	17.450392
11	178.632867	177.179918	17.463703
12	177.179918	175.420096	17.479842
13	175.420096	173.292480	17.499377
14	173.292480	170.725908	17.522972
15	170.725908	167.638142	17.551404
16	167.638142	163.935434	17.585560
17	163.935434	159.512781	17.626441
18	159.512781	154.255254	17.675147
19	154.255254	148.040918	17.732856
20	148.040918	140.745923	17.800762
21	140.745923	132.252438	17.879991
22	132.252438	122.460004	17.971463
23	122.460004	111.300642	18.075689
24	111.300642	98.757511	18.192497
25	98.757511	84.886021	18.320662
26	84.886021	69.835045	18.457455
27	69.835045	53.864451	18.598119
28	53.864451	37.353874	18.735313
29	37.353874	20.797150	18.858612
30	20.797150	4.777772	18.954164
31	4.777772	-10.076389	19.004650
32	-10.076389	-23.156051	18.989691
33	-23.156051	-33.942460	18.886816
34	-33.942460	-42.074872	18.672996
35	-42.074872	-47.398645	18.326666
36	-47.398645	-49.982109	17.829972
37	-49.982109	-50.097732	17.170893
38	-50.097732	-48.172357	16.344870
39	-48.172357	-44.718987	15.355629
40	-44.718987	-40.265964	14.215057
41	-40.265964	-35.297602	12.942197
42	-35.297602	-30.214859	11.561600
43	-30.214859	-25.317938	10.101374
44	-25.317938	-20.807386	8.591240
45	-20.807386	-16.797376	7.060855
46	-16.797376	-13.334605	5.538476
47	-13.334605	-10.417682	4.049996
48	-10.417682	-8.013941	2.618249
49	-8.013941	-6.072548	1.262521
50	-6.072548	-4.533982	-0.001801
51	-4.533982	-3.336574	-1.163431
52	-3.336574	-2.420851	-2.215231
53	-2.420851	-1.732293	-3.154051
54	-1.732293	-1.222907	-3.980383
55	-1.222907	-0.851900	-4.697822
56	-0.851900	-0.585676	-5.312425
57	-0.585676	-0.397343	-5.832020
58	-0.397343	-0.265927	-6.265538
59	-0.265927	-0.175447	-6.622425
60	-0.175447	-0.113982	-6.912173
61	-0.113982	-0.072801	-7.143961
62	-0.072801	-0.045616	-7.326418
63	-0.045616	-0.027963	-7.467485
64	-0.027963	-0.016718	-7.574349
65	-0.016718	-0.009719	-7.653439
66	-0.009719	-0.005486	-7.710444
67	-0.005486	-0.003021	-7.750363
68	-0.003021	-0.001656	-7.777547
69	-0.001656	-0.000952	-7.795744
70	-0.000952	-0.000626	-7.808130
71	-0.000626	-0.000498	-7.817331
72	-0.000498	-0.000462	-7.825434
73	-0.000462	-0.000456	-7.834003
74	-0.000456	-0.000449	-7.844092
75	-0.000449	-0.000429	-7.856281
76	-0.000429	-0.000393	-7.870728
77	-0.000393	-0.000347	-7.887246
78	-0.000347	-0.000295	-7.905397
79	-0.000295	-0.000243	-7.924592
80	-0.000243	-0.000194	-7.944192
81	-0.000194	-0.000151	-7.963585
82	-0.000151	-0.000115	-7.982245
83	-0.000115	-0.000085	-7.999766
84	-0.000085	-0.000063	-8.015871
85	-0.000063	-0.000045	-8.030406
86	-0.000045	-0.000032	-8.043318
87	-0.000032	-0.000023	-8.054636
88	-0.000023	-0.000016	-8.064443
89	-0.000016	-0.000011	-8.072860
90	-0.000011	-0.000008	-8.080025
91	-0.000008	-0.000005	-8.086084
92	-0.000005	-0.000004	-8.091179
93	-0.000004	-0.000002	-8.095443
94	-0.000002	-0.000002	-8.098998
95	-0.000002	-0.000001	-8.101952
96	-0.000001	-0.000001	-8.104400
97	-0.000001	-0.000001	-8.106425
98	-0.000001	-0.000000	-8.108097
99	-0.000000	-0.000000	-8.109475
REMLE (delta=0.023809, REML=19.008032, REML0=-8.115804)- elapsed CPU time is 0.002673
eigen_L - elapsed CPU time is 0.046573


Reading TPED file /mnt/data/shahar/gwas_barley/morexV3_analysis/barley_for_publication_project/01_USED_GWAS_V2_pipeline/intermediates/morexV3_gwas_genotypes...

Reading 0-th SNP and testing association....

Reading 10000-th SNP and testing association....

Reading 20000-th SNP and testing association....

Reading 30000-th SNP and testing association....

Reading 40000-th SNP and testing association....

Reading 50000-th SNP and testing association....

Reading 60000-th SNP and testing association....

Reading 70000-th SNP and testing association....

Reading 80000-th SNP and testing association....

Reading 90000-th SNP and testing association....

Reading 100000-th SNP and testing association....

Reading 110000-th SNP and testing association....

Reading 120000-th SNP and testing association....

Reading 130000-th SNP and testing association....

Reading 140000-th SNP and testing association....

Reading 150000-th SNP and testing association....

Reading 160000-th SNP and testing association....

Reading 170000-th SNP and testing association....

Reading 180000-th SNP and testing association....

Reading 190000-th SNP and testing association....

Reading 200000-th SNP and testing association....

Reading 210000-th SNP and testing association....

Reading 220000-th SNP and testing association....

Reading 230000-th SNP and testing association....

Reading 240000-th SNP and testing association....

Reading 250000-th SNP and testing association....

Reading 260000-th SNP and testing association....

Reading 270000-th SNP and testing association....

Reading 280000-th SNP and testing association....

Reading 290000-th SNP and testing association....

Reading 300000-th SNP and testing association....

Reading 310000-th SNP and testing association....

Reading 320000-th SNP and testing association....

Reading 330000-th SNP and testing association....

Reading 340000-th SNP and testing association....

Reading 350000-th SNP and testing association....

Reading 360000-th SNP and testing association....

Reading 370000-th SNP and testing association....

Reading 380000-th SNP and testing association....

Reading 390000-th SNP and testing association....

Reading 400000-th SNP and testing association....

Reading 410000-th SNP and testing association....

Reading 420000-th SNP and testing association....

Reading 430000-th SNP and testing association....

Reading 440000-th SNP and testing association....

Reading 450000-th SNP and testing association....

Reading 460000-th SNP and testing association....

Reading 470000-th SNP and testing association....

Reading 480000-th SNP and testing association....

Reading 490000-th SNP and testing association....

Reading 500000-th SNP and testing association....

Reading 510000-th SNP and testing association....

Reading 520000-th SNP and testing association....

Reading 530000-th SNP and testing association....

Reading 540000-th SNP and testing association....

Reading 550000-th SNP and testing association....

Reading 560000-th SNP and testing association....

Reading 570000-th SNP and testing association....

Reading 580000-th SNP and testing association....

Reading 590000-th SNP and testing association....

Reading 600000-th SNP and testing association....

Reading 610000-th SNP and testing association....

Reading 620000-th SNP and testing association....

Reading 630000-th SNP and testing association....

Reading 640000-th SNP and testing association....

Reading 650000-th SNP and testing association....

Reading 660000-th SNP and testing association....

Reading 670000-th SNP and testing association....

Reading 680000-th SNP and testing association....

Reading 690000-th SNP and testing association....

Reading 700000-th SNP and testing association....

Reading 710000-th SNP and testing association....

Reading 720000-th SNP and testing association....

Reading 730000-th SNP and testing association....

Reading 740000-th SNP and testing association....

Reading 750000-th SNP and testing association....

Reading 760000-th SNP and testing association....

Reading 770000-th SNP and testing association....

Reading 780000-th SNP and testing association....

Reading 790000-th SNP and testing association....

Reading 800000-th SNP and testing association....

Reading 810000-th SNP and testing association....

Reading 820000-th SNP and testing association....

Reading 830000-th SNP and testing association....

Reading 840000-th SNP and testing association....

Reading 850000-th SNP and testing association....

Reading 860000-th SNP and testing association....

Reading 870000-th SNP and testing association....

Reading 880000-th SNP and testing association....

Reading 890000-th SNP and testing association....

Reading 900000-th SNP and testing association....

Reading 910000-th SNP and testing association....

Reading 920000-th SNP and testing association....

Reading 930000-th SNP and testing association....

Reading 940000-th SNP and testing association....

Reading 950000-th SNP and testing association....

Reading 960000-th SNP and testing association....

Reading 970000-th SNP and testing association....

Reading 980000-th SNP and testing association....

Reading 990000-th SNP and testing association....

Reading 1000000-th SNP and testing association....

Reading 1010000-th SNP and testing association....

Reading 1020000-th SNP and testing association....

Reading 1030000-th SNP and testing association....

Reading 1040000-th SNP and testing association....

Reading 1050000-th SNP and testing association....

Reading 1060000-th SNP and testing association....

Reading 1070000-th SNP and testing association....

Reading 1080000-th SNP and testing association....

Reading 1090000-th SNP and testing association....

Reading 1100000-th SNP and testing association....

Reading 1110000-th SNP and testing association....

Reading 1120000-th SNP and testing association....

Reading 1130000-th SNP and testing association....

Reading 1140000-th SNP and testing association....

Reading 1150000-th SNP and testing association....

Reading 1160000-th SNP and testing association....

Reading 1170000-th SNP and testing association....

Reading 1180000-th SNP and testing association....

Reading 1190000-th SNP and testing association....

Reading 1200000-th SNP and testing association....

Reading 1210000-th SNP and testing association....

Reading 1220000-th SNP and testing association....

Reading 1230000-th SNP and testing association....

Reading 1240000-th SNP and testing association....

Reading 1250000-th SNP and testing association....

Reading 1260000-th SNP and testing association....

Reading 1270000-th SNP and testing association....

Reading 1280000-th SNP and testing association....

Reading 1290000-th SNP and testing association....

Reading 1300000-th SNP and testing association....

Reading 1310000-th SNP and testing association....

Reading 1320000-th SNP and testing association....

Reading 1330000-th SNP and testing association....

Reading 1340000-th SNP and testing association....

Reading 1350000-th SNP and testing association....

Reading 1360000-th SNP and testing association....

Reading 1370000-th SNP and testing association....

Reading 1380000-th SNP and testing association....

Reading 1390000-th SNP and testing association....

Reading 1400000-th SNP and testing association....

Reading 1410000-th SNP and testing association....

Reading 1420000-th SNP and testing association....

Reading 1430000-th SNP and testing association....

Reading 1440000-th SNP and testing association....

Reading 1450000-th SNP and testing association....

Reading 1460000-th SNP and testing association....

Reading 1470000-th SNP and testing association....

Reading 1480000-th SNP and testing association....

Reading 1490000-th SNP and testing association....

Reading 1500000-th SNP and testing association....

Reading 1510000-th SNP and testing association....

Reading 1520000-th SNP and testing association....

Reading 1530000-th SNP and testing association....

Reading 1540000-th SNP and testing association....

Reading 1550000-th SNP and testing association....

Reading 1560000-th SNP and testing association....

Reading 1570000-th SNP and testing association....

Reading 1580000-th SNP and testing association....

Reading 1590000-th SNP and testing association....

Reading 1600000-th SNP and testing association....

Reading 1610000-th SNP and testing association....

Reading 1620000-th SNP and testing association....

Reading 1630000-th SNP and testing association....

Reading 1640000-th SNP and testing association....

Reading 1650000-th SNP and testing association....

Reading 1660000-th SNP and testing association....

Reading 1670000-th SNP and testing association....

Reading 1680000-th SNP and testing association....

Reading 1690000-th SNP and testing association....

Reading 1700000-th SNP and testing association....

Reading 1710000-th SNP and testing association....

Reading 1720000-th SNP and testing association....

Reading 1730000-th SNP and testing association....

Reading 1740000-th SNP and testing association....

Reading 1750000-th SNP and testing association....

Reading 1760000-th SNP and testing association....

Reading 1770000-th SNP and testing association....

Reading 1780000-th SNP and testing association....

Reading 1790000-th SNP and testing association....

Reading 1800000-th SNP and testing association....

Reading 1810000-th SNP and testing association....

Reading 1820000-th SNP and testing association....

Reading 1830000-th SNP and testing association....

Reading 1840000-th SNP and testing association....

Reading 1850000-th SNP and testing association....

Reading 1860000-th SNP and testing association....

Reading 1870000-th SNP and testing association....

Reading 1880000-th SNP and testing association....

Reading 1890000-th SNP and testing association....

Reading 1900000-th SNP and testing association....

Reading 1910000-th SNP and testing association....

Reading 1920000-th SNP and testing association....

Reading 1930000-th SNP and testing association....

Reading 1940000-th SNP and testing association....

Reading 1950000-th SNP and testing association....

Reading 1960000-th SNP and testing association....

Reading 1970000-th SNP and testing association....

Reading 1980000-th SNP and testing association....

Reading 1990000-th SNP and testing association....

Reading 2000000-th SNP and testing association....

Reading 2010000-th SNP and testing association....

Reading 2020000-th SNP and testing association....

Reading 2030000-th SNP and testing association....

Reading 2040000-th SNP and testing association....

Reading 2050000-th SNP and testing association....

Reading 2060000-th SNP and testing association....

Reading 2070000-th SNP and testing association....

Reading 2080000-th SNP and testing association....

Reading 2090000-th SNP and testing association....

Reading 2100000-th SNP and testing association....

Reading 2110000-th SNP and testing association....

Reading 2120000-th SNP and testing association....

Reading 2130000-th SNP and testing association....

Reading 2140000-th SNP and testing association....

Reading 2150000-th SNP and testing association....

Reading 2160000-th SNP and testing association....

Reading 2170000-th SNP and testing association....

Reading 2180000-th SNP and testing association....

Reading 2190000-th SNP and testing association....

Reading 2200000-th SNP and testing association....

Reading 2210000-th SNP and testing association....

Reading 2220000-th SNP and testing association....

Reading 2230000-th SNP and testing association....

Reading 2240000-th SNP and testing association....

Reading 2250000-th SNP and testing association....

Reading 2260000-th SNP and testing association....

Reading 2270000-th SNP and testing association....

Reading 2280000-th SNP and testing association....

Reading 2290000-th SNP and testing association....

Reading 2300000-th SNP and testing association....

Reading 2310000-th SNP and testing association....

Reading 2320000-th SNP and testing association....

Reading 2330000-th SNP and testing association....

Reading 2340000-th SNP and testing association....

Reading 2350000-th SNP and testing association....

Reading 2360000-th SNP and testing association....

Reading 2370000-th SNP and testing association....

Reading 2380000-th SNP and testing association....

Reading 2390000-th SNP and testing association....

Reading 2400000-th SNP and testing association....

Reading 2410000-th SNP and testing association....

Reading 2420000-th SNP and testing association....

Reading 2430000-th SNP and testing association....

Reading 2440000-th SNP and testing association....

Reading 2450000-th SNP and testing association....

Reading 2460000-th SNP and testing association....

Reading 2470000-th SNP and testing association....

Reading 2480000-th SNP and testing association....

Reading 2490000-th SNP and testing association....

Reading 2500000-th SNP and testing association....

Reading 2510000-th SNP and testing association....

Reading 2520000-th SNP and testing association....

Reading 2530000-th SNP and testing association....

Reading 2540000-th SNP and testing association....

Reading 2550000-th SNP and testing association....

Reading 2560000-th SNP and testing association....

Reading 2570000-th SNP and testing association....

Reading 2580000-th SNP and testing association....

Reading 2590000-th SNP and testing association....

Reading 2600000-th SNP and testing association....

Reading 2610000-th SNP and testing association....

Reading 2620000-th SNP and testing association....

Reading 2630000-th SNP and testing association....

Reading 2640000-th SNP and testing association....

Reading 2650000-th SNP and testing association....

Reading 2660000-th SNP and testing association....

Reading 2670000-th SNP and testing association....

Reading 2680000-th SNP and testing association....

Reading 2690000-th SNP and testing association....

Reading 2700000-th SNP and testing association....

Reading 2710000-th SNP and testing association....

Reading 2720000-th SNP and testing association....

Reading 2730000-th SNP and testing association....

Reading 2740000-th SNP and testing association....

Reading 2750000-th SNP and testing association....

Reading 2760000-th SNP and testing association....

Reading 2770000-th SNP and testing association....

Reading 2780000-th SNP and testing association....

Reading 2790000-th SNP and testing association....

Reading 2800000-th SNP and testing association....

Reading 2810000-th SNP and testing association....

Reading 2820000-th SNP and testing association....

Reading 2830000-th SNP and testing association....

Reading 2840000-th SNP and testing association....

Reading 2850000-th SNP and testing association....

Reading 2860000-th SNP and testing association....

Reading 2870000-th SNP and testing association....

Reading 2880000-th SNP and testing association....

Reading 2890000-th SNP and testing association....

Reading 2900000-th SNP and testing association....

Reading 2910000-th SNP and testing association....

Reading 2920000-th SNP and testing association....

Reading 2930000-th SNP and testing association....

Reading 2940000-th SNP and testing association....

Reading 2950000-th SNP and testing association....

Reading 2960000-th SNP and testing association....

Reading 2970000-th SNP and testing association....

Reading 2980000-th SNP and testing association....

Reading 2990000-th SNP and testing association....

Reading 3000000-th SNP and testing association....

Reading 3010000-th SNP and testing association....

Reading 3020000-th SNP and testing association....

Reading 3030000-th SNP and testing association....

Reading 3040000-th SNP and testing association....

Reading 3050000-th SNP and testing association....

Reading 3060000-th SNP and testing association....

Reading 3070000-th SNP and testing association....

Reading 3080000-th SNP and testing association....

Reading 3090000-th SNP and testing association....

Reading 3100000-th SNP and testing association....

Reading 3110000-th SNP and testing association....

Reading 3120000-th SNP and testing association....

Reading 3130000-th SNP and testing association....

Reading 3140000-th SNP and testing association....

Reading 3150000-th SNP and testing association....

Reading 3160000-th SNP and testing association....

Reading 3170000-th SNP and testing association....

Reading 3180000-th SNP and testing association....

Reading 3190000-th SNP and testing association....

Reading 3200000-th SNP and testing association....

Reading 3210000-th SNP and testing association....

Reading 3220000-th SNP and testing association....

Reading 3230000-th SNP and testing association....

Reading 3240000-th SNP and testing association....

Reading 3250000-th SNP and testing association....

Reading 3260000-th SNP and testing association....

Reading 3270000-th SNP and testing association....

Reading 3280000-th SNP and testing association....

Reading 3290000-th SNP and testing association....

Reading 3300000-th SNP and testing association....

Reading 3310000-th SNP and testing association....

Reading 3320000-th SNP and testing association....

Reading 3330000-th SNP and testing association....

Reading 3340000-th SNP and testing association....

Reading 3350000-th SNP and testing association....

Reading 3360000-th SNP and testing association....

Reading 3370000-th SNP and testing association....

Reading 3380000-th SNP and testing association....

Reading 3390000-th SNP and testing association....

Reading 3400000-th SNP and testing association....

Reading 3410000-th SNP and testing association....

Reading 3420000-th SNP and testing association....

Reading 3430000-th SNP and testing association....

Reading 3440000-th SNP and testing association....

Reading 3450000-th SNP and testing association....

Reading 3460000-th SNP and testing association....

Reading 3470000-th SNP and testing association....

Reading 3480000-th SNP and testing association....

Reading 3490000-th SNP and testing association....

Reading 3500000-th SNP and testing association....

Reading 3510000-th SNP and testing association....

Reading 3520000-th SNP and testing association....

Reading 3530000-th SNP and testing association....

Reading 3540000-th SNP and testing association....

Reading 3550000-th SNP and testing association....

Reading 3560000-th SNP and testing association....

Reading 3570000-th SNP and testing association....

Reading 3580000-th SNP and testing association....

Reading 3590000-th SNP and testing association....

Reading 3600000-th SNP and testing association....

Reading 3610000-th SNP and testing association....

Reading 3620000-th SNP and testing association....

Reading 3630000-th SNP and testing association....

Reading 3640000-th SNP and testing association....

Reading 3650000-th SNP and testing association....

Reading 3660000-th SNP and testing association....

Reading 3670000-th SNP and testing association....

Reading 3680000-th SNP and testing association....

Reading 3690000-th SNP and testing association....

Reading 3700000-th SNP and testing association....

Reading 3710000-th SNP and testing association....

Reading 3720000-th SNP and testing association....

Reading 3730000-th SNP and testing association....

Reading 3740000-th SNP and testing association....

Reading 3750000-th SNP and testing association....

Reading 3760000-th SNP and testing association....

Reading 3770000-th SNP and testing association....

Reading 3780000-th SNP and testing association....

Reading 3790000-th SNP and testing association....

Reading 3800000-th SNP and testing association....

Reading 3810000-th SNP and testing association....

Reading 3820000-th SNP and testing association....

Reading 3830000-th SNP and testing association....

Reading 3840000-th SNP and testing association....

Reading 3850000-th SNP and testing association....

Reading 3860000-th SNP and testing association....

Reading 3870000-th SNP and testing association....

Reading 3880000-th SNP and testing association....

Reading 3890000-th SNP and testing association....

Reading 3900000-th SNP and testing association....

Reading 3910000-th SNP and testing association....

Reading 3920000-th SNP and testing association....

Reading 3930000-th SNP and testing association....

Reading 3940000-th SNP and testing association....

Reading 3950000-th SNP and testing association....

Reading 3960000-th SNP and testing association....

Reading 3970000-th SNP and testing association....

Reading 3980000-th SNP and testing association....

Reading 3990000-th SNP and testing association....

Reading 4000000-th SNP and testing association....

Reading 4010000-th SNP and testing association....

Reading 4020000-th SNP and testing association....

Reading 4030000-th SNP and testing association....

Reading 4040000-th SNP and testing association....

Reading 4050000-th SNP and testing association....

Reading 4060000-th SNP and testing association....

Reading 4070000-th SNP and testing association....

Reading 4080000-th SNP and testing association....

Reading 4090000-th SNP and testing association....

Reading 4100000-th SNP and testing association....

Reading 4110000-th SNP and testing association....

Reading 4120000-th SNP and testing association....

Reading 4130000-th SNP and testing association....

Reading 4140000-th SNP and testing association....

Reading 4150000-th SNP and testing association....

Reading 4160000-th SNP and testing association....

Reading 4170000-th SNP and testing association....

Reading 4180000-th SNP and testing association....

Reading 4190000-th SNP and testing association....

Reading 4200000-th SNP and testing association....

Reading 4210000-th SNP and testing association....

Reading 4220000-th SNP and testing association....

Reading 4230000-th SNP and testing association....

Reading 4240000-th SNP and testing association....

Reading 4250000-th SNP and testing association....

Reading 4260000-th SNP and testing association....

Reading 4270000-th SNP and testing association....

Reading 4280000-th SNP and testing association....

Reading 4290000-th SNP and testing association....

Reading 4300000-th SNP and testing association....

Reading 4310000-th SNP and testing association....

Reading 4320000-th SNP and testing association....

Reading 4330000-th SNP and testing association....

Reading 4340000-th SNP and testing association....

Reading 4350000-th SNP and testing association....

Reading 4360000-th SNP and testing association....

Reading 4370000-th SNP and testing association....

Reading 4380000-th SNP and testing association....

Reading 4390000-th SNP and testing association....

Reading 4400000-th SNP and testing association....

Reading 4410000-th SNP and testing association....

Reading 4420000-th SNP and testing association....

Reading 4430000-th SNP and testing association....

Reading 4440000-th SNP and testing association....

Reading 4450000-th SNP and testing association....

Reading 4460000-th SNP and testing association....

Reading 4470000-th SNP and testing association....

Reading 4480000-th SNP and testing association....

Reading 4490000-th SNP and testing association....

Reading 4500000-th SNP and testing association....

Reading 4510000-th SNP and testing association....

Reading 4520000-th SNP and testing association....

Reading 4530000-th SNP and testing association....

Reading 4540000-th SNP and testing association....

Reading 4550000-th SNP and testing association....

Reading 4560000-th SNP and testing association....

Reading 4570000-th SNP and testing association....

Reading 4580000-th SNP and testing association....

Reading 4590000-th SNP and testing association....

Reading 4600000-th SNP and testing association....

Reading 4610000-th SNP and testing association....

Reading 4620000-th SNP and testing association....

Reading 4630000-th SNP and testing association....

Reading 4640000-th SNP and testing association....

Reading 4650000-th SNP and testing association....

Reading 4660000-th SNP and testing association....

Reading 4670000-th SNP and testing association....

Reading 4680000-th SNP and testing association....

Reading 4690000-th SNP and testing association....

Reading 4700000-th SNP and testing association....

Reading 4710000-th SNP and testing association....

Reading 4720000-th SNP and testing association....

Reading 4730000-th SNP and testing association....

Reading 4740000-th SNP and testing association....

Reading 4750000-th SNP and testing association....

Reading 4760000-th SNP and testing association....

Reading 4770000-th SNP and testing association....

Reading 4780000-th SNP and testing association....

Reading 4790000-th SNP and testing association....

Reading 4800000-th SNP and testing association....

Reading 4810000-th SNP and testing association....

Reading 4820000-th SNP and testing association....

Reading 4830000-th SNP and testing association....

Reading 4840000-th SNP and testing association....

Reading 4850000-th SNP and testing association....

Reading 4860000-th SNP and testing association....

Reading 4870000-th SNP and testing association....

Reading 4880000-th SNP and testing association....

Reading 4890000-th SNP and testing association....

Reading 4900000-th SNP and testing association....

Reading 4910000-th SNP and testing association....

Reading 4920000-th SNP and testing association....

Reading 4930000-th SNP and testing association....

Reading 4940000-th SNP and testing association....

Reading 4950000-th SNP and testing association....

Reading 4960000-th SNP and testing association....

Reading 4970000-th SNP and testing association....

Reading 4980000-th SNP and testing association....

Reading 4990000-th SNP and testing association....

Reading 5000000-th SNP and testing association....

Reading 5010000-th SNP and testing association....

Reading 5020000-th SNP and testing association....

Reading 5030000-th SNP and testing association....

Reading 5040000-th SNP and testing association....

Reading 5050000-th SNP and testing association....

Reading 5060000-th SNP and testing association....

Reading 5070000-th SNP and testing association....

Reading 5080000-th SNP and testing association....

Reading 5090000-th SNP and testing association....

Reading 5100000-th SNP and testing association....

Reading 5110000-th SNP and testing association....

Reading 5120000-th SNP and testing association....

Reading 5130000-th SNP and testing association....

Reading 5140000-th SNP and testing association....

Reading 5150000-th SNP and testing association....

Reading 5160000-th SNP and testing association....

Reading 5170000-th SNP and testing association....

Reading 5180000-th SNP and testing association....

Reading 5190000-th SNP and testing association....

Reading 5200000-th SNP and testing association....

Reading 5210000-th SNP and testing association....

Reading 5220000-th SNP and testing association....

Reading 5230000-th SNP and testing association....

Reading 5240000-th SNP and testing association....

Reading 5250000-th SNP and testing association....

Reading 5260000-th SNP and testing association....

Reading 5270000-th SNP and testing association....

Reading 5280000-th SNP and testing association....

Reading 5290000-th SNP and testing association....

Reading 5300000-th SNP and testing association....

Reading 5310000-th SNP and testing association....

Reading 5320000-th SNP and testing association....

Reading 5330000-th SNP and testing association....

Reading 5340000-th SNP and testing association....

Reading 5350000-th SNP and testing association....

Reading 5360000-th SNP and testing association....

Reading 5370000-th SNP and testing association....

Reading 5380000-th SNP and testing association....

Reading 5390000-th SNP and testing association....

Reading 5400000-th SNP and testing association....

Reading 5410000-th SNP and testing association....

Reading 5420000-th SNP and testing association....

Reading 5430000-th SNP and testing association....

Reading 5440000-th SNP and testing association....

Reading 5450000-th SNP and testing association....

Reading 5460000-th SNP and testing association....

Reading 5470000-th SNP and testing association....

Reading 5480000-th SNP and testing association....

Reading 5490000-th SNP and testing association....

Reading 5500000-th SNP and testing association....

Reading 5510000-th SNP and testing association....

Reading 5520000-th SNP and testing association....

Reading 5530000-th SNP and testing association....

Reading 5540000-th SNP and testing association....

Reading 5550000-th SNP and testing association....

Reading 5560000-th SNP and testing association....

Reading 5570000-th SNP and testing association....

Reading 5580000-th SNP and testing association....

Reading 5590000-th SNP and testing association....

Reading 5600000-th SNP and testing association....

Reading 5610000-th SNP and testing association....

Reading 5620000-th SNP and testing association....

Reading 5630000-th SNP and testing association....

Reading 5640000-th SNP and testing association....

Reading 5650000-th SNP and testing association....

Reading 5660000-th SNP and testing association....

Reading 5670000-th SNP and testing association....

Reading 5680000-th SNP and testing association....

Reading 5690000-th SNP and testing association....

Reading 5700000-th SNP and testing association....

Reading 5710000-th SNP and testing association....

Reading 5720000-th SNP and testing association....

Reading 5730000-th SNP and testing association....

Reading 5740000-th SNP and testing association....

Reading 5750000-th SNP and testing association....

Reading 5760000-th SNP and testing association....

Reading 5770000-th SNP and testing association....

Reading 5780000-th SNP and testing association....

Reading 5790000-th SNP and testing association....

Reading 5800000-th SNP and testing association....

Reading 5810000-th SNP and testing association....

Reading 5820000-th SNP and testing association....

Reading 5830000-th SNP and testing association....

Reading 5840000-th SNP and testing association....

Reading 5850000-th SNP and testing association....

Reading 5860000-th SNP and testing association....

Reading 5870000-th SNP and testing association....

Reading 5880000-th SNP and testing association....

Reading 5890000-th SNP and testing association....

Reading 5900000-th SNP and testing association....

Reading 5910000-th SNP and testing association....

Reading 5920000-th SNP and testing association....

Reading 5930000-th SNP and testing association....

Reading 5940000-th SNP and testing association....

Reading 5950000-th SNP and testing association....

Reading 5960000-th SNP and testing association....

Reading 5970000-th SNP and testing association....

Reading 5980000-th SNP and testing association....

Reading 5990000-th SNP and testing association....

Reading 6000000-th SNP and testing association....

Reading 6010000-th SNP and testing association....

Reading 6020000-th SNP and testing association....

Reading 6030000-th SNP and testing association....

Reading 6040000-th SNP and testing association....

Reading 6050000-th SNP and testing association....

Reading 6060000-th SNP and testing association....

Reading 6070000-th SNP and testing association....

Reading 6080000-th SNP and testing association....

Reading 6090000-th SNP and testing association....

Reading 6100000-th SNP and testing association....

Reading 6110000-th SNP and testing association....

Reading 6120000-th SNP and testing association....

Reading 6130000-th SNP and testing association....

Reading 6140000-th SNP and testing association....

Reading 6150000-th SNP and testing association....

Reading 6160000-th SNP and testing association....

Reading 6170000-th SNP and testing association....

Reading 6180000-th SNP and testing association....

Reading 6190000-th SNP and testing association....

Reading 6200000-th SNP and testing association....

Reading 6210000-th SNP and testing association....

Reading 6220000-th SNP and testing association....

Reading 6230000-th SNP and testing association....

Reading 6240000-th SNP and testing association....

Reading 6250000-th SNP and testing association....

Reading 6260000-th SNP and testing association....

Reading 6270000-th SNP and testing association....

Reading 6280000-th SNP and testing association....

Reading 6290000-th SNP and testing association....

Reading 6300000-th SNP and testing association....

Reading 6310000-th SNP and testing association....

Reading 6320000-th SNP and testing association....

Reading 6330000-th SNP and testing association....

Reading 6340000-th SNP and testing association....

Reading 6350000-th SNP and testing association....

Reading 6360000-th SNP and testing association....

Reading 6370000-th SNP and testing association....

Reading 6380000-th SNP and testing association....

Reading 6390000-th SNP and testing association....

Reading 6400000-th SNP and testing association....

Reading 6410000-th SNP and testing association....

Reading 6420000-th SNP and testing association....

Reading 6430000-th SNP and testing association....

Reading 6440000-th SNP and testing association....

Reading 6450000-th SNP and testing association....

Reading 6460000-th SNP and testing association....

Reading 6470000-th SNP and testing association....

Reading 6480000-th SNP and testing association....

Reading 6490000-th SNP and testing association....

Reading 6500000-th SNP and testing association....

Reading 6510000-th SNP and testing association....

Reading 6520000-th SNP and testing association....

Reading 6530000-th SNP and testing association....

Reading 6540000-th SNP and testing association....

Reading 6550000-th SNP and testing association....

Reading 6560000-th SNP and testing association....

Reading 6570000-th SNP and testing association....

Reading 6580000-th SNP and testing association....

Reading 6590000-th SNP and testing association....

Reading 6600000-th SNP and testing association....

Reading 6610000-th SNP and testing association....

Reading 6620000-th SNP and testing association....

Reading 6630000-th SNP and testing association....

Reading 6640000-th SNP and testing association....

Reading 6650000-th SNP and testing association....

Reading 6660000-th SNP and testing association....

Reading 6670000-th SNP and testing association....

Reading 6680000-th SNP and testing association....

Reading 6690000-th SNP and testing association....

Reading 6700000-th SNP and testing association....

Reading 6710000-th SNP and testing association....

Reading 6720000-th SNP and testing association....

Reading 6730000-th SNP and testing association....

Reading 6740000-th SNP and testing association....

Reading 6750000-th SNP and testing association....

Reading 6760000-th SNP and testing association....

Reading 6770000-th SNP and testing association....

Reading 6780000-th SNP and testing association....

Reading 6790000-th SNP and testing association....

Reading 6800000-th SNP and testing association....

Reading 6810000-th SNP and testing association....

Reading 6820000-th SNP and testing association....

Reading 6830000-th SNP and testing association....

Reading 6840000-th SNP and testing association....

Reading 6850000-th SNP and testing association....

Reading 6860000-th SNP and testing association....

Reading 6870000-th SNP and testing association....

Reading 6880000-th SNP and testing association....

Reading 6890000-th SNP and testing association....

Reading 6900000-th SNP and testing association....

Reading 6910000-th SNP and testing association....

Reading 6920000-th SNP and testing association....

Reading 6930000-th SNP and testing association....

Reading 6940000-th SNP and testing association....

Reading 6950000-th SNP and testing association....

Reading 6960000-th SNP and testing association....

Reading 6970000-th SNP and testing association....

Reading 6980000-th SNP and testing association....

Reading 6990000-th SNP and testing association....

Reading 7000000-th SNP and testing association....

Reading 7010000-th SNP and testing association....

Reading 7020000-th SNP and testing association....

Reading 7030000-th SNP and testing association....

Reading 7040000-th SNP and testing association....

Reading 7050000-th SNP and testing association....

Reading 7060000-th SNP and testing association....

Reading 7070000-th SNP and testing association....

Reading 7080000-th SNP and testing association....

Reading 7090000-th SNP and testing association....

Reading 7100000-th SNP and testing association....

Reading 7110000-th SNP and testing association....

GLS association - elapsed CPU time is 1383.524679

Breakdown for input file parsing : 572.855490

              matrix computation : 615.295143

             p-value computation : 38.986458

