
Reading TFAM file /mnt/data/shahar/gwas_barley/morexV3_analysis/barley_for_publication_project/01_USED_GWAS_V2_pipeline/intermediates/morexV3_gwas_genotypes.tfam ....


Reading kinship file /mnt/data/shahar/gwas_barley/morexV3_analysis/barley_for_publication_project/01_USED_GWAS_V2_pipeline/intermediates/morexV3_kinship.aIBS.kinf...

  290 rows and 290 columns were observed with 0 missing values.


Reading the phenotype file /mnt/data/shahar/gwas_barley/data/inputs/protein_corrected_V3.pheno...

  290 rows and 1 columns were observed with 0 missing values


Reading covariate file /mnt/data/shahar/gwas_barley/morexV3_analysis/barley_for_publication_project/01_USED_GWAS_V2_pipeline/intermediates/covariates/pca_pc5.cov...

  290 rows and 5 columns were observed with 0 missing values. Make sure that the intercept is included in the covariates

File reading - elapsed CPU time is 0.019480

eRvals[0] = 0.024406, eRvals[n-q-1] = 194.917766, eRvals[n-q] = 0.000000
eigen_R - elapsed CPU time is 0.093349
etas[0] = -0.139649, lambdas[0] = 0.024406
etas[1] = 0.418923, lambdas[1] = 0.028015
etas[2] = -0.679777, lambdas[2] = 0.029468
etas[3] = 0.852117, lambdas[3] = 0.029703
etas[4] = 1.329889, lambdas[4] = 0.030414
etas[5] = 0.971214, lambdas[5] = 0.031153
etas[6] = 0.211807, lambdas[6] = 0.032120
etas[7] = -0.807637, lambdas[7] = 0.032543
etas[8] = 0.624982, lambdas[8] = 0.032730
etas[9] = -0.169985, lambdas[9] = 0.033164
etas[10] = 0.619224, lambdas[10] = 0.033924
etas[11] = 0.278311, lambdas[11] = 0.034752
etas[12] = 0.380421, lambdas[12] = 0.035200
etas[13] = 0.285223, lambdas[13] = 0.035262
etas[14] = 0.601561, lambdas[14] = 0.035791
etas[15] = 0.211093, lambdas[15] = 0.037095
etas[16] = -0.672819, lambdas[16] = 0.037622
etas[17] = -0.049827, lambdas[17] = 0.038094
etas[18] = -0.099907, lambdas[18] = 0.038707
etas[19] = -0.659743, lambdas[19] = 0.039206
etas[20] = 0.595286, lambdas[20] = 0.039658
etas[21] = 0.104403, lambdas[21] = 0.040305
etas[22] = -0.429248, lambdas[22] = 0.040742
etas[23] = 0.005149, lambdas[23] = 0.041301
etas[24] = -0.514400, lambdas[24] = 0.041577
etas[25] = 0.092912, lambdas[25] = 0.042022
etas[26] = -0.299913, lambdas[26] = 0.042147
etas[27] = 0.500079, lambdas[27] = 0.042302
etas[28] = -0.227632, lambdas[28] = 0.042743
etas[29] = -0.025463, lambdas[29] = 0.043265
etas[30] = 0.408902, lambdas[30] = 0.043897
etas[31] = 0.044241, lambdas[31] = 0.043976
etas[32] = -0.134922, lambdas[32] = 0.044343
etas[33] = 0.483145, lambdas[33] = 0.044514
etas[34] = -0.389384, lambdas[34] = 0.044775
etas[35] = 0.319251, lambdas[35] = 0.045050
etas[36] = -0.848567, lambdas[36] = 0.045281
etas[37] = -0.485097, lambdas[37] = 0.045713
etas[38] = -0.207840, lambdas[38] = 0.045965
etas[39] = -0.047842, lambdas[39] = 0.046109
etas[40] = -0.363153, lambdas[40] = 0.046286
etas[41] = 0.424881, lambdas[41] = 0.046562
etas[42] = -0.402229, lambdas[42] = 0.046623
etas[43] = -0.165515, lambdas[43] = 0.047046
etas[44] = -0.010287, lambdas[44] = 0.047275
etas[45] = 0.668882, lambdas[45] = 0.047399
etas[46] = 0.052005, lambdas[46] = 0.047482
etas[47] = -0.152377, lambdas[47] = 0.047998
etas[48] = -0.158895, lambdas[48] = 0.048233
etas[49] = 0.057707, lambdas[49] = 0.048668
etas[50] = -0.248643, lambdas[50] = 0.048866
etas[51] = 0.186844, lambdas[51] = 0.049636
etas[52] = -0.123504, lambdas[52] = 0.049715
etas[53] = -0.138993, lambdas[53] = 0.050103
etas[54] = 0.619432, lambdas[54] = 0.050604
etas[55] = -0.369932, lambdas[55] = 0.050727
etas[56] = -0.415067, lambdas[56] = 0.050929
etas[57] = 0.502187, lambdas[57] = 0.051205
etas[58] = -0.004092, lambdas[58] = 0.051707
etas[59] = 0.081438, lambdas[59] = 0.052006
etas[60] = -0.399546, lambdas[60] = 0.052487
etas[61] = 0.415107, lambdas[61] = 0.052663
etas[62] = -0.354016, lambdas[62] = 0.053829
etas[63] = 0.560782, lambdas[63] = 0.054108
etas[64] = 0.513682, lambdas[64] = 0.054257
etas[65] = -0.096229, lambdas[65] = 0.054567
etas[66] = -0.095781, lambdas[66] = 0.055538
etas[67] = -0.152215, lambdas[67] = 0.057396
etas[68] = 0.383255, lambdas[68] = 0.058669
etas[69] = -0.051066, lambdas[69] = 0.059912
etas[70] = 0.659192, lambdas[70] = 0.060305
etas[71] = 0.069997, lambdas[71] = 0.069939
etas[72] = 0.393163, lambdas[72] = 0.080309
etas[73] = -0.464143, lambdas[73] = 0.092894
etas[74] = -0.166188, lambdas[74] = 0.095642
etas[75] = -0.263374, lambdas[75] = 0.096472
etas[76] = 0.354831, lambdas[76] = 0.097043
etas[77] = -0.492305, lambdas[77] = 0.098042
etas[78] = -0.548091, lambdas[78] = 0.099527
etas[79] = 1.606170, lambdas[79] = 0.117756
etas[80] = -0.564172, lambdas[80] = 0.126803
etas[81] = 0.490396, lambdas[81] = 0.130090
etas[82] = 0.526143, lambdas[82] = 0.132678
etas[83] = 0.059743, lambdas[83] = 0.138672
etas[84] = 0.423349, lambdas[84] = 0.142431
etas[85] = 0.911019, lambdas[85] = 0.145826
etas[86] = 1.202751, lambdas[86] = 0.149586
etas[87] = 0.373252, lambdas[87] = 0.149834
etas[88] = 0.549548, lambdas[88] = 0.154078
etas[89] = 0.975972, lambdas[89] = 0.155435
etas[90] = 0.267137, lambdas[90] = 0.156192
etas[91] = 0.318055, lambdas[91] = 0.159004
etas[92] = -0.007764, lambdas[92] = 0.160844
etas[93] = 0.720439, lambdas[93] = 0.163795
etas[94] = -0.737557, lambdas[94] = 0.166553
etas[95] = -0.008888, lambdas[95] = 0.167194
etas[96] = 1.191787, lambdas[96] = 0.167693
etas[97] = -0.675325, lambdas[97] = 0.170966
etas[98] = 0.769302, lambdas[98] = 0.171721
etas[99] = -0.699634, lambdas[99] = 0.173142
etas[100] = 1.151201, lambdas[100] = 0.173650
etas[101] = -0.245009, lambdas[101] = 0.174516
etas[102] = -0.303267, lambdas[102] = 0.178097
etas[103] = -0.662549, lambdas[103] = 0.178433
etas[104] = 1.262925, lambdas[104] = 0.178968
etas[105] = -0.739910, lambdas[105] = 0.179236
etas[106] = 0.584732, lambdas[106] = 0.180667
etas[107] = 0.333004, lambdas[107] = 0.181264
etas[108] = -0.986026, lambdas[108] = 0.182520
etas[109] = -0.425723, lambdas[109] = 0.183876
etas[110] = -0.932009, lambdas[110] = 0.184312
etas[111] = -0.048088, lambdas[111] = 0.185849
etas[112] = 0.001573, lambdas[112] = 0.186697
etas[113] = -1.236878, lambdas[113] = 0.187029
etas[114] = -0.229126, lambdas[114] = 0.188220
etas[115] = 1.938311, lambdas[115] = 0.188970
etas[116] = 0.922716, lambdas[116] = 0.189406
etas[117] = -1.608172, lambdas[117] = 0.190929
etas[118] = 1.414312, lambdas[118] = 0.191174
etas[119] = -0.936241, lambdas[119] = 0.191797
etas[120] = 1.094586, lambdas[120] = 0.193048
etas[121] = -1.482502, lambdas[121] = 0.193312
etas[122] = 0.036957, lambdas[122] = 0.194021
etas[123] = 1.090377, lambdas[123] = 0.194492
etas[124] = 0.565880, lambdas[124] = 0.195743
etas[125] = 0.999858, lambdas[125] = 0.196230
etas[126] = 0.600875, lambdas[126] = 0.197176
etas[127] = -0.749601, lambdas[127] = 0.197931
etas[128] = 0.693423, lambdas[128] = 0.197970
etas[129] = 0.107270, lambdas[129] = 0.198587
etas[130] = -0.222939, lambdas[130] = 0.199157
etas[131] = 0.856965, lambdas[131] = 0.199809
etas[132] = 0.400865, lambdas[132] = 0.200454
etas[133] = 1.108466, lambdas[133] = 0.201822
etas[134] = 0.549097, lambdas[134] = 0.202305
etas[135] = 0.851256, lambdas[135] = 0.202830
etas[136] = 1.343352, lambdas[136] = 0.203539
etas[137] = 1.301766, lambdas[137] = 0.204142
etas[138] = 0.346449, lambdas[138] = 0.204408
etas[139] = 0.210874, lambdas[139] = 0.205456
etas[140] = -0.666184, lambdas[140] = 0.206810
etas[141] = -0.078699, lambdas[141] = 0.207850
etas[142] = -0.358407, lambdas[142] = 0.208133
etas[143] = -0.963083, lambdas[143] = 0.208793
etas[144] = -0.017331, lambdas[144] = 0.209723
etas[145] = -0.472830, lambdas[145] = 0.210443
etas[146] = -0.808039, lambdas[146] = 0.211798
etas[147] = -1.275062, lambdas[147] = 0.212010
etas[148] = -0.466288, lambdas[148] = 0.213270
etas[149] = -0.195050, lambdas[149] = 0.213431
etas[150] = 0.695807, lambdas[150] = 0.214188
etas[151] = -0.679574, lambdas[151] = 0.214885
etas[152] = -0.457926, lambdas[152] = 0.215261
etas[153] = 0.383916, lambdas[153] = 0.215714
etas[154] = 0.656222, lambdas[154] = 0.216351
etas[155] = -0.732214, lambdas[155] = 0.217026
etas[156] = -0.228992, lambdas[156] = 0.217725
etas[157] = -0.826004, lambdas[157] = 0.217936
etas[158] = -1.590224, lambdas[158] = 0.219248
etas[159] = 0.594031, lambdas[159] = 0.219531
etas[160] = -0.570474, lambdas[160] = 0.220163
etas[161] = -0.047466, lambdas[161] = 0.221336
etas[162] = -0.123838, lambdas[162] = 0.222152
etas[163] = 1.470899, lambdas[163] = 0.222617
etas[164] = 2.224163, lambdas[164] = 0.223421
etas[165] = -0.591483, lambdas[165] = 0.225437
etas[166] = -0.445478, lambdas[166] = 0.225714
etas[167] = -0.341878, lambdas[167] = 0.226209
etas[168] = 1.091925, lambdas[168] = 0.226629
etas[169] = 0.831958, lambdas[169] = 0.227844
etas[170] = -0.135108, lambdas[170] = 0.228030
etas[171] = 0.369004, lambdas[171] = 0.228991
etas[172] = -1.661565, lambdas[172] = 0.229861
etas[173] = 0.622356, lambdas[173] = 0.230019
etas[174] = 0.250253, lambdas[174] = 0.230429
etas[175] = 1.037975, lambdas[175] = 0.231486
etas[176] = -1.812112, lambdas[176] = 0.232316
etas[177] = 1.126257, lambdas[177] = 0.232837
etas[178] = 0.646450, lambdas[178] = 0.233382
etas[179] = -0.945463, lambdas[179] = 0.234623
etas[180] = 0.044148, lambdas[180] = 0.235111
etas[181] = 0.504847, lambdas[181] = 0.236181
etas[182] = 1.321513, lambdas[182] = 0.237268
etas[183] = -0.902528, lambdas[183] = 0.237927
etas[184] = 0.002412, lambdas[184] = 0.239399
etas[185] = -0.684047, lambdas[185] = 0.240270
etas[186] = -0.517664, lambdas[186] = 0.240866
etas[187] = 0.056071, lambdas[187] = 0.241531
etas[188] = 0.319953, lambdas[188] = 0.241740
etas[189] = -0.827352, lambdas[189] = 0.242285
etas[190] = 0.343907, lambdas[190] = 0.243888
etas[191] = 0.013237, lambdas[191] = 0.244306
etas[192] = -0.168678, lambdas[192] = 0.245445
etas[193] = -0.362862, lambdas[193] = 0.245741
etas[194] = 1.201090, lambdas[194] = 0.246359
etas[195] = -0.311797, lambdas[195] = 0.247403
etas[196] = -0.818539, lambdas[196] = 0.247969
etas[197] = -1.566784, lambdas[197] = 0.248543
etas[198] = -1.414489, lambdas[198] = 0.249399
etas[199] = 0.632910, lambdas[199] = 0.250800
etas[200] = -0.612978, lambdas[200] = 0.250968
etas[201] = -0.155858, lambdas[201] = 0.253536
etas[202] = 0.711823, lambdas[202] = 0.253958
etas[203] = 0.079977, lambdas[203] = 0.254510
etas[204] = 1.997429, lambdas[204] = 0.255382
etas[205] = -0.291612, lambdas[205] = 0.255872
etas[206] = 0.248249, lambdas[206] = 0.257699
etas[207] = 0.320402, lambdas[207] = 0.258364
etas[208] = 0.267598, lambdas[208] = 0.258540
etas[209] = 0.925770, lambdas[209] = 0.258674
etas[210] = 0.405956, lambdas[210] = 0.259939
etas[211] = -0.295268, lambdas[211] = 0.260651
etas[212] = 0.901176, lambdas[212] = 0.262412
etas[213] = -1.412543, lambdas[213] = 0.263088
etas[214] = -0.584779, lambdas[214] = 0.263368
etas[215] = -0.335021, lambdas[215] = 0.264206
etas[216] = 0.181154, lambdas[216] = 0.265379
etas[217] = 0.578690, lambdas[217] = 0.266000
etas[218] = -1.887120, lambdas[218] = 0.267101
etas[219] = 1.943168, lambdas[219] = 0.268308
etas[220] = -0.169869, lambdas[220] = 0.269961
etas[221] = 1.351534, lambdas[221] = 0.271996
etas[222] = -0.822598, lambdas[222] = 0.272823
etas[223] = -0.195658, lambdas[223] = 0.274249
etas[224] = -0.301921, lambdas[224] = 0.277375
etas[225] = 0.254743, lambdas[225] = 0.279878
etas[226] = -1.210571, lambdas[226] = 0.281303
etas[227] = 1.354569, lambdas[227] = 0.283252
etas[228] = -0.370903, lambdas[228] = 0.284223
etas[229] = -0.577244, lambdas[229] = 0.286483
etas[230] = 1.834020, lambdas[230] = 0.286712
etas[231] = -0.361523, lambdas[231] = 0.287982
etas[232] = -0.309807, lambdas[232] = 0.290709
etas[233] = 0.372771, lambdas[233] = 0.291860
etas[234] = 0.835532, lambdas[234] = 0.293104
etas[235] = -2.338136, lambdas[235] = 0.296449
etas[236] = 1.921679, lambdas[236] = 0.300204
etas[237] = -0.709770, lambdas[237] = 0.301460
etas[238] = 1.485556, lambdas[238] = 0.304127
etas[239] = 1.216487, lambdas[239] = 0.308275
etas[240] = 1.059590, lambdas[240] = 0.318906
etas[241] = 0.707722, lambdas[241] = 0.323747
etas[242] = -0.026448, lambdas[242] = 0.329576
etas[243] = 1.798745, lambdas[243] = 0.332698
etas[244] = -0.566861, lambdas[244] = 0.337250
etas[245] = -0.509190, lambdas[245] = 0.339017
etas[246] = 2.669778, lambdas[246] = 0.344938
etas[247] = -0.077538, lambdas[247] = 0.352185
etas[248] = -0.734144, lambdas[248] = 0.360293
etas[249] = -1.647245, lambdas[249] = 0.364911
etas[250] = 0.015844, lambdas[250] = 0.394018
etas[251] = -1.882612, lambdas[251] = 0.405424
etas[252] = -0.113134, lambdas[252] = 0.409919
etas[253] = -1.484556, lambdas[253] = 0.418072
etas[254] = 1.280994, lambdas[254] = 0.428067
etas[255] = -1.516871, lambdas[255] = 0.435619
etas[256] = -1.938107, lambdas[256] = 0.444578
etas[257] = -0.904721, lambdas[257] = 0.449100
etas[258] = 0.137635, lambdas[258] = 0.471785
etas[259] = -1.429181, lambdas[259] = 0.482780
etas[260] = -1.879536, lambdas[260] = 0.492819
etas[261] = 1.413027, lambdas[261] = 0.500138
etas[262] = -1.171711, lambdas[262] = 0.520015
etas[263] = -1.365239, lambdas[263] = 0.561484
etas[264] = -0.375876, lambdas[264] = 0.577673
etas[265] = -0.284446, lambdas[265] = 0.588087
etas[266] = 0.937918, lambdas[266] = 0.606624
etas[267] = -1.024941, lambdas[267] = 0.618419
etas[268] = -1.144336, lambdas[268] = 0.639070
etas[269] = 0.400556, lambdas[269] = 0.652907
etas[270] = 1.553524, lambdas[270] = 0.654558
etas[271] = 0.186617, lambdas[271] = 0.723729
etas[272] = 0.199780, lambdas[272] = 0.742661
etas[273] = -0.849273, lambdas[273] = 0.756608
etas[274] = -0.793602, lambdas[274] = 0.849418
etas[275] = 0.371169, lambdas[275] = 0.854692
etas[276] = 1.097556, lambdas[276] = 0.903185
etas[277] = 1.254811, lambdas[277] = 1.010423
etas[278] = 0.747857, lambdas[278] = 1.018775
etas[279] = -1.936822, lambdas[279] = 1.107859
etas[280] = 4.484696, lambdas[280] = 1.152556
etas[281] = 1.775550, lambdas[281] = 1.284842
etas[282] = -2.467241, lambdas[282] = 1.454124
etas[283] = -0.706806, lambdas[283] = 1.572837
etas[284] = -1.385029, lambdas[284] = 194.917766
0	405.347913	405.001072	-342.728120
1	405.001072	404.577879	-342.724048
2	404.577879	404.061642	-342.719078
3	404.061642	403.432083	-342.713015
4	403.432083	402.664586	-342.705620
5	402.664586	401.729318	-342.696604
6	401.729318	400.590184	-342.685615
7	400.590184	399.203604	-342.672227
8	399.203604	397.517100	-342.655926
9	397.517100	395.467683	-342.636094
10	395.467683	392.980044	-342.611983
11	392.980044	389.964595	-342.582704
12	389.964595	386.315401	-342.547191
13	386.315401	381.908157	-342.504185
14	381.908157	376.598391	-342.452202
15	376.598391	370.220216	-342.389514
16	370.220216	362.586080	-342.314127
17	362.586080	353.488172	-342.223778
18	353.488172	342.702298	-342.115948
19	342.702298	329.995296	-341.987904
20	329.995296	315.137155	-341.836794
21	315.137155	297.919014	-341.659801
22	297.919014	278.177887	-341.454388
23	278.177887	255.828165	-341.218650
24	255.828165	230.898528	-340.951806
25	230.898528	203.570774	-340.654817
26	203.570774	174.214463	-340.331146
27	174.214463	143.408747	-339.987588
28	143.408747	111.941410	-339.635092
29	111.941410	80.776252	-339.289420
30	80.776252	50.984544	-338.971455
31	50.984544	23.644351	-338.706964
32	23.644351	-0.278694	-338.525627
33	-0.278694	-20.047460	-338.459296
34	-20.047460	-35.241670	-338.539549
35	-35.241670	-45.798669	-338.794833
36	-45.798669	-51.998075	-339.247606
37	-51.998075	-54.395941	-339.911960
38	-54.395941	-53.725944	-340.792139
39	-53.725944	-50.790762	-341.882201
40	-50.790762	-46.365201	-343.166815
41	-46.365201	-41.125544	-344.622990
42	-41.125544	-35.610485	-346.222346
43	-35.610485	-30.211096	-347.933500
44	-30.211096	-25.182343	-349.724215
45	-25.182343	-20.667111	-351.563034
46	-20.667111	-16.724621	-353.420345
47	-16.724621	-13.357368	-355.268904
48	-13.357368	-10.533299	-357.083993
49	-10.533299	-8.202066	-358.843401
50	-8.202066	-6.305758	-360.527425
51	-6.305758	-4.785286	-362.119001
52	-4.785286	-3.583829	-363.603978
53	-3.583829	-2.648588	-364.971482
54	-2.648588	-1.931665	-366.214244
55	-1.931665	-1.390553	-367.328760
56	-1.390553	-0.988380	-368.315221
57	-0.988380	-0.693936	-369.177173
58	-0.693936	-0.481468	-369.920976
59	-0.481468	-0.330267	-370.555123
60	-0.330267	-0.224080	-371.089536
61	-0.224080	-0.150447	-371.534894
62	-0.150447	-0.100009	-371.902078
63	-0.100009	-0.065876	-372.201726
64	-0.065876	-0.043053	-372.443927
65	-0.043053	-0.027979	-372.638023
66	-0.027979	-0.018147	-372.792504
67	-0.018147	-0.011815	-372.914963
68	-0.011815	-0.007786	-373.012097
69	-0.007786	-0.005247	-373.089730
70	-0.005247	-0.003655	-373.152837
71	-0.003655	-0.002651	-373.205578
72	-0.002651	-0.002003	-373.251322
73	-0.002003	-0.001568	-373.292684
74	-0.001568	-0.001255	-373.331558
75	-0.001255	-0.001016	-373.369183
76	-0.001016	-0.000822	-373.406218
77	-0.000822	-0.000660	-373.442851
78	-0.000660	-0.000522	-373.478923
79	-0.000522	-0.000407	-373.514055
80	-0.000407	-0.000312	-373.547774
81	-0.000312	-0.000235	-373.579608
82	-0.000235	-0.000175	-373.609164
83	-0.000175	-0.000128	-373.636161
84	-0.000128	-0.000092	-373.660452
85	-0.000092	-0.000066	-373.682010
86	-0.000066	-0.000046	-373.700910
87	-0.000046	-0.000033	-373.717302
88	-0.000033	-0.000023	-373.731389
89	-0.000023	-0.000016	-373.743398
90	-0.000016	-0.000011	-373.753567
91	-0.000011	-0.000007	-373.762128
92	-0.000007	-0.000005	-373.769302
93	-0.000005	-0.000003	-373.775288
94	-0.000003	-0.000002	-373.780268
95	-0.000002	-0.000002	-373.784398
96	-0.000002	-0.000001	-373.787816
97	-0.000001	-0.000001	-373.790639
98	-0.000001	-0.000000	-373.792967
99	-0.000000	-0.000000	-373.794885
REMLE (delta=0.033292, REML=-338.459285, REML0=-373.803675)- elapsed CPU time is 0.015872
eigen_L - elapsed CPU time is 0.048291


Reading TPED file /mnt/data/shahar/gwas_barley/morexV3_analysis/barley_for_publication_project/01_USED_GWAS_V2_pipeline/intermediates/morexV3_gwas_genotypes...

Reading 0-th SNP and testing association....

Reading 10000-th SNP and testing association....

Reading 20000-th SNP and testing association....

Reading 30000-th SNP and testing association....

Reading 40000-th SNP and testing association....

Reading 50000-th SNP and testing association....

Reading 60000-th SNP and testing association....

Reading 70000-th SNP and testing association....

Reading 80000-th SNP and testing association....

Reading 90000-th SNP and testing association....

Reading 100000-th SNP and testing association....

Reading 110000-th SNP and testing association....

Reading 120000-th SNP and testing association....

Reading 130000-th SNP and testing association....

Reading 140000-th SNP and testing association....

Reading 150000-th SNP and testing association....

Reading 160000-th SNP and testing association....

Reading 170000-th SNP and testing association....

Reading 180000-th SNP and testing association....

Reading 190000-th SNP and testing association....

Reading 200000-th SNP and testing association....

Reading 210000-th SNP and testing association....

Reading 220000-th SNP and testing association....

Reading 230000-th SNP and testing association....

Reading 240000-th SNP and testing association....

Reading 250000-th SNP and testing association....

Reading 260000-th SNP and testing association....

Reading 270000-th SNP and testing association....

Reading 280000-th SNP and testing association....

Reading 290000-th SNP and testing association....

Reading 300000-th SNP and testing association....

Reading 310000-th SNP and testing association....

Reading 320000-th SNP and testing association....

Reading 330000-th SNP and testing association....

Reading 340000-th SNP and testing association....

Reading 350000-th SNP and testing association....

Reading 360000-th SNP and testing association....

Reading 370000-th SNP and testing association....

Reading 380000-th SNP and testing association....

Reading 390000-th SNP and testing association....

Reading 400000-th SNP and testing association....

Reading 410000-th SNP and testing association....

Reading 420000-th SNP and testing association....

Reading 430000-th SNP and testing association....

Reading 440000-th SNP and testing association....

Reading 450000-th SNP and testing association....

Reading 460000-th SNP and testing association....

Reading 470000-th SNP and testing association....

Reading 480000-th SNP and testing association....

Reading 490000-th SNP and testing association....

Reading 500000-th SNP and testing association....

Reading 510000-th SNP and testing association....

Reading 520000-th SNP and testing association....

Reading 530000-th SNP and testing association....

Reading 540000-th SNP and testing association....

Reading 550000-th SNP and testing association....

Reading 560000-th SNP and testing association....

Reading 570000-th SNP and testing association....

Reading 580000-th SNP and testing association....

Reading 590000-th SNP and testing association....

Reading 600000-th SNP and testing association....

Reading 610000-th SNP and testing association....

Reading 620000-th SNP and testing association....

Reading 630000-th SNP and testing association....

Reading 640000-th SNP and testing association....

Reading 650000-th SNP and testing association....

Reading 660000-th SNP and testing association....

Reading 670000-th SNP and testing association....

Reading 680000-th SNP and testing association....

Reading 690000-th SNP and testing association....

Reading 700000-th SNP and testing association....

Reading 710000-th SNP and testing association....

Reading 720000-th SNP and testing association....

Reading 730000-th SNP and testing association....

Reading 740000-th SNP and testing association....

Reading 750000-th SNP and testing association....

Reading 760000-th SNP and testing association....

Reading 770000-th SNP and testing association....

Reading 780000-th SNP and testing association....

Reading 790000-th SNP and testing association....

Reading 800000-th SNP and testing association....

Reading 810000-th SNP and testing association....

Reading 820000-th SNP and testing association....

Reading 830000-th SNP and testing association....

Reading 840000-th SNP and testing association....

Reading 850000-th SNP and testing association....

Reading 860000-th SNP and testing association....

Reading 870000-th SNP and testing association....

Reading 880000-th SNP and testing association....

Reading 890000-th SNP and testing association....

Reading 900000-th SNP and testing association....

Reading 910000-th SNP and testing association....

Reading 920000-th SNP and testing association....

Reading 930000-th SNP and testing association....

Reading 940000-th SNP and testing association....

Reading 950000-th SNP and testing association....

Reading 960000-th SNP and testing association....

Reading 970000-th SNP and testing association....

Reading 980000-th SNP and testing association....

Reading 990000-th SNP and testing association....

Reading 1000000-th SNP and testing association....

Reading 1010000-th SNP and testing association....

Reading 1020000-th SNP and testing association....

Reading 1030000-th SNP and testing association....

Reading 1040000-th SNP and testing association....

Reading 1050000-th SNP and testing association....

Reading 1060000-th SNP and testing association....

Reading 1070000-th SNP and testing association....

Reading 1080000-th SNP and testing association....

Reading 1090000-th SNP and testing association....

Reading 1100000-th SNP and testing association....

Reading 1110000-th SNP and testing association....

Reading 1120000-th SNP and testing association....

Reading 1130000-th SNP and testing association....

Reading 1140000-th SNP and testing association....

Reading 1150000-th SNP and testing association....

Reading 1160000-th SNP and testing association....

Reading 1170000-th SNP and testing association....

Reading 1180000-th SNP and testing association....

Reading 1190000-th SNP and testing association....

Reading 1200000-th SNP and testing association....

Reading 1210000-th SNP and testing association....

Reading 1220000-th SNP and testing association....

Reading 1230000-th SNP and testing association....

Reading 1240000-th SNP and testing association....

Reading 1250000-th SNP and testing association....

Reading 1260000-th SNP and testing association....

Reading 1270000-th SNP and testing association....

Reading 1280000-th SNP and testing association....

Reading 1290000-th SNP and testing association....

Reading 1300000-th SNP and testing association....

Reading 1310000-th SNP and testing association....

Reading 1320000-th SNP and testing association....

Reading 1330000-th SNP and testing association....

Reading 1340000-th SNP and testing association....

Reading 1350000-th SNP and testing association....

Reading 1360000-th SNP and testing association....

Reading 1370000-th SNP and testing association....

Reading 1380000-th SNP and testing association....

Reading 1390000-th SNP and testing association....

Reading 1400000-th SNP and testing association....

Reading 1410000-th SNP and testing association....

Reading 1420000-th SNP and testing association....

Reading 1430000-th SNP and testing association....

Reading 1440000-th SNP and testing association....

Reading 1450000-th SNP and testing association....

Reading 1460000-th SNP and testing association....

Reading 1470000-th SNP and testing association....

Reading 1480000-th SNP and testing association....

Reading 1490000-th SNP and testing association....

Reading 1500000-th SNP and testing association....

Reading 1510000-th SNP and testing association....

Reading 1520000-th SNP and testing association....

Reading 1530000-th SNP and testing association....

Reading 1540000-th SNP and testing association....

Reading 1550000-th SNP and testing association....

Reading 1560000-th SNP and testing association....

Reading 1570000-th SNP and testing association....

Reading 1580000-th SNP and testing association....

Reading 1590000-th SNP and testing association....

Reading 1600000-th SNP and testing association....

Reading 1610000-th SNP and testing association....

Reading 1620000-th SNP and testing association....

Reading 1630000-th SNP and testing association....

Reading 1640000-th SNP and testing association....

Reading 1650000-th SNP and testing association....

Reading 1660000-th SNP and testing association....

Reading 1670000-th SNP and testing association....

Reading 1680000-th SNP and testing association....

Reading 1690000-th SNP and testing association....

Reading 1700000-th SNP and testing association....

Reading 1710000-th SNP and testing association....

Reading 1720000-th SNP and testing association....

Reading 1730000-th SNP and testing association....

Reading 1740000-th SNP and testing association....

Reading 1750000-th SNP and testing association....

Reading 1760000-th SNP and testing association....

Reading 1770000-th SNP and testing association....

Reading 1780000-th SNP and testing association....

Reading 1790000-th SNP and testing association....

Reading 1800000-th SNP and testing association....

Reading 1810000-th SNP and testing association....

Reading 1820000-th SNP and testing association....

Reading 1830000-th SNP and testing association....

Reading 1840000-th SNP and testing association....

Reading 1850000-th SNP and testing association....

Reading 1860000-th SNP and testing association....

Reading 1870000-th SNP and testing association....

Reading 1880000-th SNP and testing association....

Reading 1890000-th SNP and testing association....

Reading 1900000-th SNP and testing association....

Reading 1910000-th SNP and testing association....

Reading 1920000-th SNP and testing association....

Reading 1930000-th SNP and testing association....

Reading 1940000-th SNP and testing association....

Reading 1950000-th SNP and testing association....

Reading 1960000-th SNP and testing association....

Reading 1970000-th SNP and testing association....

Reading 1980000-th SNP and testing association....

Reading 1990000-th SNP and testing association....

Reading 2000000-th SNP and testing association....

Reading 2010000-th SNP and testing association....

Reading 2020000-th SNP and testing association....

Reading 2030000-th SNP and testing association....

Reading 2040000-th SNP and testing association....

Reading 2050000-th SNP and testing association....

Reading 2060000-th SNP and testing association....

Reading 2070000-th SNP and testing association....

Reading 2080000-th SNP and testing association....

Reading 2090000-th SNP and testing association....

Reading 2100000-th SNP and testing association....

Reading 2110000-th SNP and testing association....

Reading 2120000-th SNP and testing association....

Reading 2130000-th SNP and testing association....

Reading 2140000-th SNP and testing association....

Reading 2150000-th SNP and testing association....

Reading 2160000-th SNP and testing association....

Reading 2170000-th SNP and testing association....

Reading 2180000-th SNP and testing association....

Reading 2190000-th SNP and testing association....

Reading 2200000-th SNP and testing association....

Reading 2210000-th SNP and testing association....

Reading 2220000-th SNP and testing association....

Reading 2230000-th SNP and testing association....

Reading 2240000-th SNP and testing association....

Reading 2250000-th SNP and testing association....

Reading 2260000-th SNP and testing association....

Reading 2270000-th SNP and testing association....

Reading 2280000-th SNP and testing association....

Reading 2290000-th SNP and testing association....

Reading 2300000-th SNP and testing association....

Reading 2310000-th SNP and testing association....

Reading 2320000-th SNP and testing association....

Reading 2330000-th SNP and testing association....

Reading 2340000-th SNP and testing association....

Reading 2350000-th SNP and testing association....

Reading 2360000-th SNP and testing association....

Reading 2370000-th SNP and testing association....

Reading 2380000-th SNP and testing association....

Reading 2390000-th SNP and testing association....

Reading 2400000-th SNP and testing association....

Reading 2410000-th SNP and testing association....

Reading 2420000-th SNP and testing association....

Reading 2430000-th SNP and testing association....

Reading 2440000-th SNP and testing association....

Reading 2450000-th SNP and testing association....

Reading 2460000-th SNP and testing association....

Reading 2470000-th SNP and testing association....

Reading 2480000-th SNP and testing association....

Reading 2490000-th SNP and testing association....

Reading 2500000-th SNP and testing association....

Reading 2510000-th SNP and testing association....

Reading 2520000-th SNP and testing association....

Reading 2530000-th SNP and testing association....

Reading 2540000-th SNP and testing association....

Reading 2550000-th SNP and testing association....

Reading 2560000-th SNP and testing association....

Reading 2570000-th SNP and testing association....

Reading 2580000-th SNP and testing association....

Reading 2590000-th SNP and testing association....

Reading 2600000-th SNP and testing association....

Reading 2610000-th SNP and testing association....

Reading 2620000-th SNP and testing association....

Reading 2630000-th SNP and testing association....

Reading 2640000-th SNP and testing association....

Reading 2650000-th SNP and testing association....

Reading 2660000-th SNP and testing association....

Reading 2670000-th SNP and testing association....

Reading 2680000-th SNP and testing association....

Reading 2690000-th SNP and testing association....

Reading 2700000-th SNP and testing association....

Reading 2710000-th SNP and testing association....

Reading 2720000-th SNP and testing association....

Reading 2730000-th SNP and testing association....

Reading 2740000-th SNP and testing association....

Reading 2750000-th SNP and testing association....

Reading 2760000-th SNP and testing association....

Reading 2770000-th SNP and testing association....

Reading 2780000-th SNP and testing association....

Reading 2790000-th SNP and testing association....

Reading 2800000-th SNP and testing association....

Reading 2810000-th SNP and testing association....

Reading 2820000-th SNP and testing association....

Reading 2830000-th SNP and testing association....

Reading 2840000-th SNP and testing association....

Reading 2850000-th SNP and testing association....

Reading 2860000-th SNP and testing association....

Reading 2870000-th SNP and testing association....

Reading 2880000-th SNP and testing association....

Reading 2890000-th SNP and testing association....

Reading 2900000-th SNP and testing association....

Reading 2910000-th SNP and testing association....

Reading 2920000-th SNP and testing association....

Reading 2930000-th SNP and testing association....

Reading 2940000-th SNP and testing association....

Reading 2950000-th SNP and testing association....

Reading 2960000-th SNP and testing association....

Reading 2970000-th SNP and testing association....

Reading 2980000-th SNP and testing association....

Reading 2990000-th SNP and testing association....

Reading 3000000-th SNP and testing association....

Reading 3010000-th SNP and testing association....

Reading 3020000-th SNP and testing association....

Reading 3030000-th SNP and testing association....

Reading 3040000-th SNP and testing association....

Reading 3050000-th SNP and testing association....

Reading 3060000-th SNP and testing association....

Reading 3070000-th SNP and testing association....

Reading 3080000-th SNP and testing association....

Reading 3090000-th SNP and testing association....

Reading 3100000-th SNP and testing association....

Reading 3110000-th SNP and testing association....

Reading 3120000-th SNP and testing association....

Reading 3130000-th SNP and testing association....

Reading 3140000-th SNP and testing association....

Reading 3150000-th SNP and testing association....

Reading 3160000-th SNP and testing association....

Reading 3170000-th SNP and testing association....

Reading 3180000-th SNP and testing association....

Reading 3190000-th SNP and testing association....

Reading 3200000-th SNP and testing association....

Reading 3210000-th SNP and testing association....

Reading 3220000-th SNP and testing association....

Reading 3230000-th SNP and testing association....

Reading 3240000-th SNP and testing association....

Reading 3250000-th SNP and testing association....

Reading 3260000-th SNP and testing association....

Reading 3270000-th SNP and testing association....

Reading 3280000-th SNP and testing association....

Reading 3290000-th SNP and testing association....

Reading 3300000-th SNP and testing association....

Reading 3310000-th SNP and testing association....

Reading 3320000-th SNP and testing association....

Reading 3330000-th SNP and testing association....

Reading 3340000-th SNP and testing association....

Reading 3350000-th SNP and testing association....

Reading 3360000-th SNP and testing association....

Reading 3370000-th SNP and testing association....

Reading 3380000-th SNP and testing association....

Reading 3390000-th SNP and testing association....

Reading 3400000-th SNP and testing association....

Reading 3410000-th SNP and testing association....

Reading 3420000-th SNP and testing association....

Reading 3430000-th SNP and testing association....

Reading 3440000-th SNP and testing association....

Reading 3450000-th SNP and testing association....

Reading 3460000-th SNP and testing association....

Reading 3470000-th SNP and testing association....

Reading 3480000-th SNP and testing association....

Reading 3490000-th SNP and testing association....

Reading 3500000-th SNP and testing association....

Reading 3510000-th SNP and testing association....

Reading 3520000-th SNP and testing association....

Reading 3530000-th SNP and testing association....

Reading 3540000-th SNP and testing association....

Reading 3550000-th SNP and testing association....

Reading 3560000-th SNP and testing association....

Reading 3570000-th SNP and testing association....

Reading 3580000-th SNP and testing association....

Reading 3590000-th SNP and testing association....

Reading 3600000-th SNP and testing association....

Reading 3610000-th SNP and testing association....

Reading 3620000-th SNP and testing association....

Reading 3630000-th SNP and testing association....

Reading 3640000-th SNP and testing association....

Reading 3650000-th SNP and testing association....

Reading 3660000-th SNP and testing association....

Reading 3670000-th SNP and testing association....

Reading 3680000-th SNP and testing association....

Reading 3690000-th SNP and testing association....

Reading 3700000-th SNP and testing association....

Reading 3710000-th SNP and testing association....

Reading 3720000-th SNP and testing association....

Reading 3730000-th SNP and testing association....

Reading 3740000-th SNP and testing association....

Reading 3750000-th SNP and testing association....

Reading 3760000-th SNP and testing association....

Reading 3770000-th SNP and testing association....

Reading 3780000-th SNP and testing association....

Reading 3790000-th SNP and testing association....

Reading 3800000-th SNP and testing association....

Reading 3810000-th SNP and testing association....

Reading 3820000-th SNP and testing association....

Reading 3830000-th SNP and testing association....

Reading 3840000-th SNP and testing association....

Reading 3850000-th SNP and testing association....

Reading 3860000-th SNP and testing association....

Reading 3870000-th SNP and testing association....

Reading 3880000-th SNP and testing association....

Reading 3890000-th SNP and testing association....

Reading 3900000-th SNP and testing association....

Reading 3910000-th SNP and testing association....

Reading 3920000-th SNP and testing association....

Reading 3930000-th SNP and testing association....

Reading 3940000-th SNP and testing association....

Reading 3950000-th SNP and testing association....

Reading 3960000-th SNP and testing association....

Reading 3970000-th SNP and testing association....

Reading 3980000-th SNP and testing association....

Reading 3990000-th SNP and testing association....

Reading 4000000-th SNP and testing association....

Reading 4010000-th SNP and testing association....

Reading 4020000-th SNP and testing association....

Reading 4030000-th SNP and testing association....

Reading 4040000-th SNP and testing association....

Reading 4050000-th SNP and testing association....

Reading 4060000-th SNP and testing association....

Reading 4070000-th SNP and testing association....

Reading 4080000-th SNP and testing association....

Reading 4090000-th SNP and testing association....

Reading 4100000-th SNP and testing association....

Reading 4110000-th SNP and testing association....

Reading 4120000-th SNP and testing association....

Reading 4130000-th SNP and testing association....

Reading 4140000-th SNP and testing association....

Reading 4150000-th SNP and testing association....

Reading 4160000-th SNP and testing association....

Reading 4170000-th SNP and testing association....

Reading 4180000-th SNP and testing association....

Reading 4190000-th SNP and testing association....

Reading 4200000-th SNP and testing association....

Reading 4210000-th SNP and testing association....

Reading 4220000-th SNP and testing association....

Reading 4230000-th SNP and testing association....

Reading 4240000-th SNP and testing association....

Reading 4250000-th SNP and testing association....

Reading 4260000-th SNP and testing association....

Reading 4270000-th SNP and testing association....

Reading 4280000-th SNP and testing association....

Reading 4290000-th SNP and testing association....

Reading 4300000-th SNP and testing association....

Reading 4310000-th SNP and testing association....

Reading 4320000-th SNP and testing association....

Reading 4330000-th SNP and testing association....

Reading 4340000-th SNP and testing association....

Reading 4350000-th SNP and testing association....

Reading 4360000-th SNP and testing association....

Reading 4370000-th SNP and testing association....

Reading 4380000-th SNP and testing association....

Reading 4390000-th SNP and testing association....

Reading 4400000-th SNP and testing association....

Reading 4410000-th SNP and testing association....

Reading 4420000-th SNP and testing association....

Reading 4430000-th SNP and testing association....

Reading 4440000-th SNP and testing association....

Reading 4450000-th SNP and testing association....

Reading 4460000-th SNP and testing association....

Reading 4470000-th SNP and testing association....

Reading 4480000-th SNP and testing association....

Reading 4490000-th SNP and testing association....

Reading 4500000-th SNP and testing association....

Reading 4510000-th SNP and testing association....

Reading 4520000-th SNP and testing association....

Reading 4530000-th SNP and testing association....

Reading 4540000-th SNP and testing association....

Reading 4550000-th SNP and testing association....

Reading 4560000-th SNP and testing association....

Reading 4570000-th SNP and testing association....

Reading 4580000-th SNP and testing association....

Reading 4590000-th SNP and testing association....

Reading 4600000-th SNP and testing association....

Reading 4610000-th SNP and testing association....

Reading 4620000-th SNP and testing association....

Reading 4630000-th SNP and testing association....

Reading 4640000-th SNP and testing association....

Reading 4650000-th SNP and testing association....

Reading 4660000-th SNP and testing association....

Reading 4670000-th SNP and testing association....

Reading 4680000-th SNP and testing association....

Reading 4690000-th SNP and testing association....

Reading 4700000-th SNP and testing association....

Reading 4710000-th SNP and testing association....

Reading 4720000-th SNP and testing association....

Reading 4730000-th SNP and testing association....

Reading 4740000-th SNP and testing association....

Reading 4750000-th SNP and testing association....

Reading 4760000-th SNP and testing association....

Reading 4770000-th SNP and testing association....

Reading 4780000-th SNP and testing association....

Reading 4790000-th SNP and testing association....

Reading 4800000-th SNP and testing association....

Reading 4810000-th SNP and testing association....

Reading 4820000-th SNP and testing association....

Reading 4830000-th SNP and testing association....

Reading 4840000-th SNP and testing association....

Reading 4850000-th SNP and testing association....

Reading 4860000-th SNP and testing association....

Reading 4870000-th SNP and testing association....

Reading 4880000-th SNP and testing association....

Reading 4890000-th SNP and testing association....

Reading 4900000-th SNP and testing association....

Reading 4910000-th SNP and testing association....

Reading 4920000-th SNP and testing association....

Reading 4930000-th SNP and testing association....

Reading 4940000-th SNP and testing association....

Reading 4950000-th SNP and testing association....

Reading 4960000-th SNP and testing association....

Reading 4970000-th SNP and testing association....

Reading 4980000-th SNP and testing association....

Reading 4990000-th SNP and testing association....

Reading 5000000-th SNP and testing association....

Reading 5010000-th SNP and testing association....

Reading 5020000-th SNP and testing association....

Reading 5030000-th SNP and testing association....

Reading 5040000-th SNP and testing association....

Reading 5050000-th SNP and testing association....

Reading 5060000-th SNP and testing association....

Reading 5070000-th SNP and testing association....

Reading 5080000-th SNP and testing association....

Reading 5090000-th SNP and testing association....

Reading 5100000-th SNP and testing association....

Reading 5110000-th SNP and testing association....

Reading 5120000-th SNP and testing association....

Reading 5130000-th SNP and testing association....

Reading 5140000-th SNP and testing association....

Reading 5150000-th SNP and testing association....

Reading 5160000-th SNP and testing association....

Reading 5170000-th SNP and testing association....

Reading 5180000-th SNP and testing association....

Reading 5190000-th SNP and testing association....

Reading 5200000-th SNP and testing association....

Reading 5210000-th SNP and testing association....

Reading 5220000-th SNP and testing association....

Reading 5230000-th SNP and testing association....

Reading 5240000-th SNP and testing association....

Reading 5250000-th SNP and testing association....

Reading 5260000-th SNP and testing association....

Reading 5270000-th SNP and testing association....

Reading 5280000-th SNP and testing association....

Reading 5290000-th SNP and testing association....

Reading 5300000-th SNP and testing association....

Reading 5310000-th SNP and testing association....

Reading 5320000-th SNP and testing association....

Reading 5330000-th SNP and testing association....

Reading 5340000-th SNP and testing association....

Reading 5350000-th SNP and testing association....

Reading 5360000-th SNP and testing association....

Reading 5370000-th SNP and testing association....

Reading 5380000-th SNP and testing association....

Reading 5390000-th SNP and testing association....

Reading 5400000-th SNP and testing association....

Reading 5410000-th SNP and testing association....

Reading 5420000-th SNP and testing association....

Reading 5430000-th SNP and testing association....

Reading 5440000-th SNP and testing association....

Reading 5450000-th SNP and testing association....

Reading 5460000-th SNP and testing association....

Reading 5470000-th SNP and testing association....

Reading 5480000-th SNP and testing association....

Reading 5490000-th SNP and testing association....

Reading 5500000-th SNP and testing association....

Reading 5510000-th SNP and testing association....

Reading 5520000-th SNP and testing association....

Reading 5530000-th SNP and testing association....

Reading 5540000-th SNP and testing association....

Reading 5550000-th SNP and testing association....

Reading 5560000-th SNP and testing association....

Reading 5570000-th SNP and testing association....

Reading 5580000-th SNP and testing association....

Reading 5590000-th SNP and testing association....

Reading 5600000-th SNP and testing association....

Reading 5610000-th SNP and testing association....

Reading 5620000-th SNP and testing association....

Reading 5630000-th SNP and testing association....

Reading 5640000-th SNP and testing association....

Reading 5650000-th SNP and testing association....

Reading 5660000-th SNP and testing association....

Reading 5670000-th SNP and testing association....

Reading 5680000-th SNP and testing association....

Reading 5690000-th SNP and testing association....

Reading 5700000-th SNP and testing association....

Reading 5710000-th SNP and testing association....

Reading 5720000-th SNP and testing association....

Reading 5730000-th SNP and testing association....

Reading 5740000-th SNP and testing association....

Reading 5750000-th SNP and testing association....

Reading 5760000-th SNP and testing association....

Reading 5770000-th SNP and testing association....

Reading 5780000-th SNP and testing association....

Reading 5790000-th SNP and testing association....

Reading 5800000-th SNP and testing association....

Reading 5810000-th SNP and testing association....

Reading 5820000-th SNP and testing association....

Reading 5830000-th SNP and testing association....

Reading 5840000-th SNP and testing association....

Reading 5850000-th SNP and testing association....

Reading 5860000-th SNP and testing association....

Reading 5870000-th SNP and testing association....

Reading 5880000-th SNP and testing association....

Reading 5890000-th SNP and testing association....

Reading 5900000-th SNP and testing association....

Reading 5910000-th SNP and testing association....

Reading 5920000-th SNP and testing association....

Reading 5930000-th SNP and testing association....

Reading 5940000-th SNP and testing association....

Reading 5950000-th SNP and testing association....

Reading 5960000-th SNP and testing association....

Reading 5970000-th SNP and testing association....

Reading 5980000-th SNP and testing association....

Reading 5990000-th SNP and testing association....

Reading 6000000-th SNP and testing association....

Reading 6010000-th SNP and testing association....

Reading 6020000-th SNP and testing association....

Reading 6030000-th SNP and testing association....

Reading 6040000-th SNP and testing association....

Reading 6050000-th SNP and testing association....

Reading 6060000-th SNP and testing association....

Reading 6070000-th SNP and testing association....

Reading 6080000-th SNP and testing association....

Reading 6090000-th SNP and testing association....

Reading 6100000-th SNP and testing association....

Reading 6110000-th SNP and testing association....

Reading 6120000-th SNP and testing association....

Reading 6130000-th SNP and testing association....

Reading 6140000-th SNP and testing association....

Reading 6150000-th SNP and testing association....

Reading 6160000-th SNP and testing association....

Reading 6170000-th SNP and testing association....

Reading 6180000-th SNP and testing association....

Reading 6190000-th SNP and testing association....

Reading 6200000-th SNP and testing association....

Reading 6210000-th SNP and testing association....

Reading 6220000-th SNP and testing association....

Reading 6230000-th SNP and testing association....

Reading 6240000-th SNP and testing association....

Reading 6250000-th SNP and testing association....

Reading 6260000-th SNP and testing association....

Reading 6270000-th SNP and testing association....

Reading 6280000-th SNP and testing association....

Reading 6290000-th SNP and testing association....

Reading 6300000-th SNP and testing association....

Reading 6310000-th SNP and testing association....

Reading 6320000-th SNP and testing association....

Reading 6330000-th SNP and testing association....

Reading 6340000-th SNP and testing association....

Reading 6350000-th SNP and testing association....

Reading 6360000-th SNP and testing association....

Reading 6370000-th SNP and testing association....

Reading 6380000-th SNP and testing association....

Reading 6390000-th SNP and testing association....

Reading 6400000-th SNP and testing association....

Reading 6410000-th SNP and testing association....

Reading 6420000-th SNP and testing association....

Reading 6430000-th SNP and testing association....

Reading 6440000-th SNP and testing association....

Reading 6450000-th SNP and testing association....

Reading 6460000-th SNP and testing association....

Reading 6470000-th SNP and testing association....

Reading 6480000-th SNP and testing association....

Reading 6490000-th SNP and testing association....

Reading 6500000-th SNP and testing association....

Reading 6510000-th SNP and testing association....

Reading 6520000-th SNP and testing association....

Reading 6530000-th SNP and testing association....

Reading 6540000-th SNP and testing association....

Reading 6550000-th SNP and testing association....

Reading 6560000-th SNP and testing association....

Reading 6570000-th SNP and testing association....

Reading 6580000-th SNP and testing association....

Reading 6590000-th SNP and testing association....

Reading 6600000-th SNP and testing association....

Reading 6610000-th SNP and testing association....

Reading 6620000-th SNP and testing association....

Reading 6630000-th SNP and testing association....

Reading 6640000-th SNP and testing association....

Reading 6650000-th SNP and testing association....

Reading 6660000-th SNP and testing association....

Reading 6670000-th SNP and testing association....

Reading 6680000-th SNP and testing association....

Reading 6690000-th SNP and testing association....

Reading 6700000-th SNP and testing association....

Reading 6710000-th SNP and testing association....

Reading 6720000-th SNP and testing association....

Reading 6730000-th SNP and testing association....

Reading 6740000-th SNP and testing association....

Reading 6750000-th SNP and testing association....

Reading 6760000-th SNP and testing association....

Reading 6770000-th SNP and testing association....

Reading 6780000-th SNP and testing association....

Reading 6790000-th SNP and testing association....

Reading 6800000-th SNP and testing association....

Reading 6810000-th SNP and testing association....

Reading 6820000-th SNP and testing association....

Reading 6830000-th SNP and testing association....

Reading 6840000-th SNP and testing association....

Reading 6850000-th SNP and testing association....

Reading 6860000-th SNP and testing association....

Reading 6870000-th SNP and testing association....

Reading 6880000-th SNP and testing association....

Reading 6890000-th SNP and testing association....

Reading 6900000-th SNP and testing association....

Reading 6910000-th SNP and testing association....

Reading 6920000-th SNP and testing association....

Reading 6930000-th SNP and testing association....

Reading 6940000-th SNP and testing association....

Reading 6950000-th SNP and testing association....

Reading 6960000-th SNP and testing association....

Reading 6970000-th SNP and testing association....

Reading 6980000-th SNP and testing association....

Reading 6990000-th SNP and testing association....

Reading 7000000-th SNP and testing association....

Reading 7010000-th SNP and testing association....

Reading 7020000-th SNP and testing association....

Reading 7030000-th SNP and testing association....

Reading 7040000-th SNP and testing association....

Reading 7050000-th SNP and testing association....

Reading 7060000-th SNP and testing association....

Reading 7070000-th SNP and testing association....

Reading 7080000-th SNP and testing association....

Reading 7090000-th SNP and testing association....

Reading 7100000-th SNP and testing association....

Reading 7110000-th SNP and testing association....

GLS association - elapsed CPU time is 1365.461036

Breakdown for input file parsing : 731.703195

              matrix computation : 358.952984

             p-value computation : 44.777517

