
Reading TFAM file /mnt/data/shahar/gwas_barley/morexV3_analysis/barley_for_publication_project/01_USED_GWAS_V2_pipeline/intermediates/morexV3_gwas_genotypes.tfam ....


Reading kinship file /mnt/data/shahar/gwas_barley/morexV3_analysis/barley_for_publication_project/01_USED_GWAS_V2_pipeline/intermediates/morexV3_kinship.aIBS.kinf...

  290 rows and 290 columns were observed with 0 missing values.


Reading the phenotype file /mnt/data/shahar/gwas_barley/data/inputs/BLUE_starch_V3.pheno...

  290 rows and 1 columns were observed with 0 missing values


Reading covariate file /mnt/data/shahar/gwas_barley/morexV3_analysis/barley_for_publication_project/01_USED_GWAS_V2_pipeline/intermediates/covariates/pca_pc3.cov...

  290 rows and 3 columns were observed with 0 missing values. Make sure that the intercept is included in the covariates

File reading - elapsed CPU time is 0.019458

eRvals[0] = 0.024260, eRvals[n-q-1] = 194.919044, eRvals[n-q] = 0.000000
eigen_R - elapsed CPU time is 0.106379
etas[0] = 1.606737, lambdas[0] = 0.024260
etas[1] = -0.720069, lambdas[1] = 0.028012
etas[2] = 1.212742, lambdas[2] = 0.029349
etas[3] = -0.346119, lambdas[3] = 0.029685
etas[4] = 0.801885, lambdas[4] = 0.030250
etas[5] = -2.002292, lambdas[5] = 0.031062
etas[6] = 0.976664, lambdas[6] = 0.032120
etas[7] = 1.032226, lambdas[7] = 0.032463
etas[8] = 1.314079, lambdas[8] = 0.032705
etas[9] = -0.755510, lambdas[9] = 0.033161
etas[10] = -1.049866, lambdas[10] = 0.033914
etas[11] = -2.363957, lambdas[11] = 0.034581
etas[12] = -1.489702, lambdas[12] = 0.034932
etas[13] = 2.593807, lambdas[13] = 0.035258
etas[14] = 0.206658, lambdas[14] = 0.035632
etas[15] = -0.309087, lambdas[15] = 0.037092
etas[16] = 2.192845, lambdas[16] = 0.037619
etas[17] = -0.404923, lambdas[17] = 0.038082
etas[18] = 0.262190, lambdas[18] = 0.038669
etas[19] = -0.528768, lambdas[19] = 0.039170
etas[20] = -2.124697, lambdas[20] = 0.039653
etas[21] = -0.769273, lambdas[21] = 0.040239
etas[22] = 3.062676, lambdas[22] = 0.040520
etas[23] = -0.132278, lambdas[23] = 0.041180
etas[24] = 0.337183, lambdas[24] = 0.041463
etas[25] = 3.979649, lambdas[25] = 0.041825
etas[26] = -1.067027, lambdas[26] = 0.041969
etas[27] = 1.617599, lambdas[27] = 0.042254
etas[28] = 3.161902, lambdas[28] = 0.042448
etas[29] = -1.042682, lambdas[29] = 0.043254
etas[30] = -0.892354, lambdas[30] = 0.043752
etas[31] = -0.712800, lambdas[31] = 0.043932
etas[32] = 0.831600, lambdas[32] = 0.044270
etas[33] = 1.550124, lambdas[33] = 0.044491
etas[34] = -1.169355, lambdas[34] = 0.044741
etas[35] = -0.275376, lambdas[35] = 0.045007
etas[36] = 1.732974, lambdas[36] = 0.045273
etas[37] = -1.666208, lambdas[37] = 0.045708
etas[38] = 1.466501, lambdas[38] = 0.045954
etas[39] = 0.075400, lambdas[39] = 0.046077
etas[40] = 1.299927, lambdas[40] = 0.046260
etas[41] = 2.946501, lambdas[41] = 0.046463
etas[42] = 1.008964, lambdas[42] = 0.046590
etas[43] = 0.100230, lambdas[43] = 0.047040
etas[44] = -1.385708, lambdas[44] = 0.047273
etas[45] = 0.836037, lambdas[45] = 0.047366
etas[46] = -0.578027, lambdas[46] = 0.047463
etas[47] = 0.281422, lambdas[47] = 0.047935
etas[48] = -2.537018, lambdas[48] = 0.048190
etas[49] = 1.920399, lambdas[49] = 0.048584
etas[50] = 0.783124, lambdas[50] = 0.048767
etas[51] = 2.306546, lambdas[51] = 0.049458
etas[52] = 1.521324, lambdas[52] = 0.049683
etas[53] = 1.645061, lambdas[53] = 0.049964
etas[54] = -1.395949, lambdas[54] = 0.050489
etas[55] = 2.978993, lambdas[55] = 0.050613
etas[56] = -0.568197, lambdas[56] = 0.050799
etas[57] = 1.202307, lambdas[57] = 0.051002
etas[58] = -3.051237, lambdas[58] = 0.051252
etas[59] = 1.722800, lambdas[59] = 0.051781
etas[60] = -0.983533, lambdas[60] = 0.052313
etas[61] = -1.846067, lambdas[61] = 0.052603
etas[62] = 0.771000, lambdas[62] = 0.053507
etas[63] = -2.760724, lambdas[63] = 0.054069
etas[64] = -0.551843, lambdas[64] = 0.054200
etas[65] = 3.309108, lambdas[65] = 0.054556
etas[66] = 0.854917, lambdas[66] = 0.055528
etas[67] = 0.256686, lambdas[67] = 0.056656
etas[68] = -1.533036, lambdas[68] = 0.057829
etas[69] = -1.623950, lambdas[69] = 0.059866
etas[70] = -1.755689, lambdas[70] = 0.060192
etas[71] = 2.418843, lambdas[71] = 0.066667
etas[72] = 0.113670, lambdas[72] = 0.080309
etas[73] = 0.929393, lambdas[73] = 0.092885
etas[74] = 0.861936, lambdas[74] = 0.095636
etas[75] = 0.639049, lambdas[75] = 0.096461
etas[76] = 0.319136, lambdas[76] = 0.096948
etas[77] = -7.029128, lambdas[77] = 0.098023
etas[78] = -2.092622, lambdas[78] = 0.099519
etas[79] = -3.877827, lambdas[79] = 0.117756
etas[80] = -1.524702, lambdas[80] = 0.126786
etas[81] = 4.651759, lambdas[81] = 0.130090
etas[82] = 4.817703, lambdas[82] = 0.132676
etas[83] = 1.205223, lambdas[83] = 0.138672
etas[84] = 2.879632, lambdas[84] = 0.142430
etas[85] = 0.007368, lambdas[85] = 0.145815
etas[86] = -0.723835, lambdas[86] = 0.149577
etas[87] = 1.070487, lambdas[87] = 0.149834
etas[88] = 0.451356, lambdas[88] = 0.154063
etas[89] = 6.082434, lambdas[89] = 0.155408
etas[90] = 1.367827, lambdas[90] = 0.156186
etas[91] = 5.169819, lambdas[91] = 0.158992
etas[92] = 2.263310, lambdas[92] = 0.160842
etas[93] = -3.723023, lambdas[93] = 0.163790
etas[94] = -1.611191, lambdas[94] = 0.166532
etas[95] = -2.052204, lambdas[95] = 0.167180
etas[96] = 1.677696, lambdas[96] = 0.167688
etas[97] = 3.342118, lambdas[97] = 0.170962
etas[98] = -0.668023, lambdas[98] = 0.171721
etas[99] = -4.657683, lambdas[99] = 0.173140
etas[100] = -1.374717, lambdas[100] = 0.173647
etas[101] = -0.294438, lambdas[101] = 0.174515
etas[102] = -2.327844, lambdas[102] = 0.178095
etas[103] = 5.560484, lambdas[103] = 0.178423
etas[104] = 3.530926, lambdas[104] = 0.178963
etas[105] = 1.618711, lambdas[105] = 0.179234
etas[106] = -5.021094, lambdas[106] = 0.180636
etas[107] = 1.181723, lambdas[107] = 0.181244
etas[108] = 2.433188, lambdas[108] = 0.182516
etas[109] = -0.137379, lambdas[109] = 0.183875
etas[110] = -0.541731, lambdas[110] = 0.184300
etas[111] = -0.205212, lambdas[111] = 0.185829
etas[112] = -0.093951, lambdas[112] = 0.186669
etas[113] = -1.973697, lambdas[113] = 0.187019
etas[114] = -6.578571, lambdas[114] = 0.188205
etas[115] = 3.524200, lambdas[115] = 0.188856
etas[116] = 1.656740, lambdas[116] = 0.189369
etas[117] = -3.521572, lambdas[117] = 0.190896
etas[118] = 7.357184, lambdas[118] = 0.191161
etas[119] = -0.226443, lambdas[119] = 0.191779
etas[120] = 7.764519, lambdas[120] = 0.193039
etas[121] = 2.647868, lambdas[121] = 0.193311
etas[122] = -6.712543, lambdas[122] = 0.194000
etas[123] = 5.226963, lambdas[123] = 0.194478
etas[124] = 1.059506, lambdas[124] = 0.195600
etas[125] = 3.554527, lambdas[125] = 0.196220
etas[126] = 5.286691, lambdas[126] = 0.197160
etas[127] = -1.677126, lambdas[127] = 0.197891
etas[128] = 1.642222, lambdas[128] = 0.197959
etas[129] = 7.838426, lambdas[129] = 0.198581
etas[130] = -3.027442, lambdas[130] = 0.199157
etas[131] = 0.621058, lambdas[131] = 0.199776
etas[132] = 1.420862, lambdas[132] = 0.200349
etas[133] = 2.960665, lambdas[133] = 0.201771
etas[134] = 7.241320, lambdas[134] = 0.202281
etas[135] = 7.317684, lambdas[135] = 0.202816
etas[136] = 1.397105, lambdas[136] = 0.203484
etas[137] = 0.035281, lambdas[137] = 0.204127
etas[138] = 3.145411, lambdas[138] = 0.204388
etas[139] = -0.497057, lambdas[139] = 0.205450
etas[140] = -0.782906, lambdas[140] = 0.206805
etas[141] = 4.575159, lambdas[141] = 0.207800
etas[142] = -3.254530, lambdas[142] = 0.208111
etas[143] = 0.291045, lambdas[143] = 0.208788
etas[144] = -0.543786, lambdas[144] = 0.209704
etas[145] = -5.772531, lambdas[145] = 0.210428
etas[146] = -1.674876, lambdas[146] = 0.211797
etas[147] = 0.775510, lambdas[147] = 0.212004
etas[148] = 1.611075, lambdas[148] = 0.213189
etas[149] = 3.085179, lambdas[149] = 0.213416
etas[150] = -0.499685, lambdas[150] = 0.214154
etas[151] = -1.928225, lambdas[151] = 0.214870
etas[152] = -0.748134, lambdas[152] = 0.215258
etas[153] = 0.377907, lambdas[153] = 0.215711
etas[154] = -0.743440, lambdas[154] = 0.216341
etas[155] = 1.276104, lambdas[155] = 0.217000
etas[156] = -3.161559, lambdas[156] = 0.217696
etas[157] = 0.371146, lambdas[157] = 0.217933
etas[158] = 6.110021, lambdas[158] = 0.219226
etas[159] = 4.891568, lambdas[159] = 0.219522
etas[160] = -2.208765, lambdas[160] = 0.220127
etas[161] = 0.546303, lambdas[161] = 0.221317
etas[162] = -5.181894, lambdas[162] = 0.222125
etas[163] = 3.921224, lambdas[163] = 0.222611
etas[164] = 6.846309, lambdas[164] = 0.223420
etas[165] = 0.433944, lambdas[165] = 0.225432
etas[166] = 0.170310, lambdas[166] = 0.225686
etas[167] = -1.345257, lambdas[167] = 0.226155
etas[168] = 4.484757, lambdas[168] = 0.226601
etas[169] = 1.946065, lambdas[169] = 0.227819
etas[170] = -0.953743, lambdas[170] = 0.227993
etas[171] = 0.999868, lambdas[171] = 0.228986
etas[172] = -1.839653, lambdas[172] = 0.229859
etas[173] = 5.167649, lambdas[173] = 0.230018
etas[174] = 2.629807, lambdas[174] = 0.230418
etas[175] = 8.319904, lambdas[175] = 0.231485
etas[176] = -12.731619, lambdas[176] = 0.232308
etas[177] = -2.411277, lambdas[177] = 0.232828
etas[178] = 6.174037, lambdas[178] = 0.233380
etas[179] = 2.648610, lambdas[179] = 0.234614
etas[180] = -1.424875, lambdas[180] = 0.235109
etas[181] = -2.065409, lambdas[181] = 0.236166
etas[182] = 8.745821, lambdas[182] = 0.237265
etas[183] = 0.229437, lambdas[183] = 0.237873
etas[184] = -5.316413, lambdas[184] = 0.239395
etas[185] = -0.606708, lambdas[185] = 0.240269
etas[186] = -1.916764, lambdas[186] = 0.240861
etas[187] = -0.716183, lambdas[187] = 0.241511
etas[188] = 2.003472, lambdas[188] = 0.241737
etas[189] = -0.884792, lambdas[189] = 0.242264
etas[190] = 3.170326, lambdas[190] = 0.243888
etas[191] = -2.208375, lambdas[191] = 0.244293
etas[192] = 6.637239, lambdas[192] = 0.245443
etas[193] = -1.957282, lambdas[193] = 0.245737
etas[194] = 1.294958, lambdas[194] = 0.246314
etas[195] = 4.175549, lambdas[195] = 0.247403
etas[196] = 3.125750, lambdas[196] = 0.247958
etas[197] = -0.544648, lambdas[197] = 0.248539
etas[198] = -0.105043, lambdas[198] = 0.249388
etas[199] = -1.298856, lambdas[199] = 0.250799
etas[200] = 3.730733, lambdas[200] = 0.250925
etas[201] = 4.440705, lambdas[201] = 0.253531
etas[202] = -1.943263, lambdas[202] = 0.253957
etas[203] = -1.523499, lambdas[203] = 0.254492
etas[204] = 11.041759, lambdas[204] = 0.255347
etas[205] = -6.176995, lambdas[205] = 0.255870
etas[206] = -8.341410, lambdas[206] = 0.257696
etas[207] = 10.171231, lambdas[207] = 0.258348
etas[208] = -0.878992, lambdas[208] = 0.258523
etas[209] = 0.231165, lambdas[209] = 0.258666
etas[210] = 1.386944, lambdas[210] = 0.259935
etas[211] = -3.059066, lambdas[211] = 0.260634
etas[212] = 9.958782, lambdas[212] = 0.262406
etas[213] = -2.619025, lambdas[213] = 0.263085
etas[214] = -9.511576, lambdas[214] = 0.263368
etas[215] = -4.996090, lambdas[215] = 0.264189
etas[216] = -3.287004, lambdas[216] = 0.265374
etas[217] = 5.585502, lambdas[217] = 0.265989
etas[218] = -0.256969, lambdas[218] = 0.267079
etas[219] = 8.575573, lambdas[219] = 0.268230
etas[220] = 6.069915, lambdas[220] = 0.269888
etas[221] = -1.357307, lambdas[221] = 0.271952
etas[222] = -6.344541, lambdas[222] = 0.272659
etas[223] = 3.396927, lambdas[223] = 0.274146
etas[224] = 4.978198, lambdas[224] = 0.277201
etas[225] = 3.869721, lambdas[225] = 0.279836
etas[226] = -5.522746, lambdas[226] = 0.281303
etas[227] = 0.328835, lambdas[227] = 0.283196
etas[228] = -4.727520, lambdas[228] = 0.284193
etas[229] = -5.203964, lambdas[229] = 0.286465
etas[230] = -1.270386, lambdas[230] = 0.286696
etas[231] = -6.174511, lambdas[231] = 0.287974
etas[232] = 3.374406, lambdas[232] = 0.290693
etas[233] = 2.487385, lambdas[233] = 0.291832
etas[234] = -0.525101, lambdas[234] = 0.293082
etas[235] = -6.037511, lambdas[235] = 0.296440
etas[236] = -1.006775, lambdas[236] = 0.300196
etas[237] = -2.719658, lambdas[237] = 0.301455
etas[238] = -0.661835, lambdas[238] = 0.304126
etas[239] = -2.395799, lambdas[239] = 0.308258
etas[240] = -7.455047, lambdas[240] = 0.318900
etas[241] = -6.734198, lambdas[241] = 0.323696
etas[242] = -0.867794, lambdas[242] = 0.329568
etas[243] = -4.454900, lambdas[243] = 0.332646
etas[244] = 2.441835, lambdas[244] = 0.337231
etas[245] = -4.889850, lambdas[245] = 0.339015
etas[246] = -4.860748, lambdas[246] = 0.344884
etas[247] = -6.759987, lambdas[247] = 0.352159
etas[248] = 10.496520, lambdas[248] = 0.360261
etas[249] = 0.614353, lambdas[249] = 0.364910
etas[250] = 3.311353, lambdas[250] = 0.394015
etas[251] = 2.811495, lambdas[251] = 0.405418
etas[252] = 14.440090, lambdas[252] = 0.409897
etas[253] = -2.148705, lambdas[253] = 0.418070
etas[254] = -6.003637, lambdas[254] = 0.428056
etas[255] = 2.484950, lambdas[255] = 0.435557
etas[256] = 4.969006, lambdas[256] = 0.444575
etas[257] = -0.720257, lambdas[257] = 0.448919
etas[258] = -0.090691, lambdas[258] = 0.471784
etas[259] = 4.376628, lambdas[259] = 0.482764
etas[260] = 2.922079, lambdas[260] = 0.492819
etas[261] = -6.240225, lambdas[261] = 0.500117
etas[262] = -6.127073, lambdas[262] = 0.520012
etas[263] = 1.762963, lambdas[263] = 0.561475
etas[264] = 7.989076, lambdas[264] = 0.577673
etas[265] = 6.502477, lambdas[265] = 0.588074
etas[266] = -9.805025, lambdas[266] = 0.606532
etas[267] = 5.370760, lambdas[267] = 0.618411
etas[268] = 2.432270, lambdas[268] = 0.638991
etas[269] = -2.235544, lambdas[269] = 0.652849
etas[270] = -5.838765, lambdas[270] = 0.654533
etas[271] = -6.053532, lambdas[271] = 0.723663
etas[272] = -1.524179, lambdas[272] = 0.742652
etas[273] = -5.459429, lambdas[273] = 0.756600
etas[274] = -15.524948, lambdas[274] = 0.849408
etas[275] = 1.223413, lambdas[275] = 0.854678
etas[276] = 12.376552, lambdas[276] = 0.902962
etas[277] = -5.484517, lambdas[277] = 1.010361
etas[278] = -1.747545, lambdas[278] = 1.018749
etas[279] = -0.455808, lambdas[279] = 1.107579
etas[280] = -16.224435, lambdas[280] = 1.151074
etas[281] = 1.022984, lambdas[281] = 1.284806
etas[282] = 3.120849, lambdas[282] = 1.450214
etas[283] = -7.069061, lambdas[283] = 1.538245
etas[284] = 8.340952, lambdas[284] = 1.655926
etas[285] = -8.814699, lambdas[285] = 1.732079
etas[286] = 0.528122, lambdas[286] = 194.919044
0	-91.710794	-91.784891	-763.480610
1	-91.784891	-91.875269	-763.481532
2	-91.875269	-91.985471	-763.482660
3	-91.985471	-92.119797	-763.484038
4	-92.119797	-92.283454	-763.485724
5	-92.283454	-92.482734	-763.487787
6	-92.482734	-92.725228	-763.490311
7	-92.725228	-93.020065	-763.493402
8	-93.020065	-93.378180	-763.497187
9	-93.378180	-93.812620	-763.501827
10	-93.812620	-94.338862	-763.507519
11	-94.338862	-94.975136	-763.514506
12	-94.975136	-95.742730	-763.523093
13	-95.742730	-96.666222	-763.533659
14	-96.666222	-97.773578	-763.546679
15	-97.773578	-99.096019	-763.562749
16	-99.096019	-100.667503	-763.582623
17	-100.667503	-102.523653	-763.607254
18	-102.523653	-104.699872	-763.637855
19	-104.699872	-107.228373	-763.675974
20	-107.228373	-110.133811	-763.723591
21	-110.133811	-113.427242	-763.783245
22	-113.427242	-117.098287	-763.858188
23	-117.098287	-121.105630	-763.952580
24	-121.105630	-125.366501	-764.071722
25	-125.366501	-129.746438	-764.222307
26	-129.746438	-134.051485	-764.412700
27	-134.051485	-138.025712	-764.653192
28	-138.025712	-141.357368	-764.956182
29	-141.357368	-143.696481	-765.336232
30	-143.696481	-144.685126	-765.809885
31	-144.685126	-143.998644	-766.395179
32	-143.998644	-141.392465	-767.110790
33	-141.392465	-136.745844	-767.974782
34	-136.745844	-130.092374	-769.003047
35	-130.092374	-121.628651	-770.207592
36	-121.628651	-111.697073	-771.594923
37	-111.697073	-100.745242	-773.164798
38	-100.745242	-89.270380	-774.909598
39	-89.270380	-77.760621	-776.814463
40	-77.760621	-66.644655	-778.858173
41	-66.644655	-56.257771	-781.014625
42	-56.257771	-46.827264	-783.254631
43	-46.827264	-38.475415	-785.547726
44	-38.475415	-31.235097	-787.863732
45	-31.235097	-25.071869	-790.173888
46	-25.071869	-19.907042	-792.451536
47	-19.907042	-15.637797	-794.672423
48	-15.637797	-12.152422	-796.814783
49	-12.152422	-9.340386	-798.859361
50	-9.340386	-7.098078	-800.789511
51	-7.098078	-5.331484	-802.591405
52	-5.331484	-3.957038	-804.254339
53	-3.957038	-2.901574	-805.771028
54	-2.901574	-2.101901	-807.137806
55	-2.101901	-1.504252	-808.354634
56	-1.504252	-1.063642	-809.424885
57	-1.063642	-0.743142	-810.354909
58	-0.743142	-0.513039	-811.153441
59	-0.513039	-0.349914	-811.830930
60	-0.349914	-0.235678	-812.398858
61	-0.235678	-0.156626	-812.869124
62	-0.156626	-0.102565	-813.253531
63	-0.102565	-0.066035	-813.563393
64	-0.066035	-0.041659	-813.809272
65	-0.041659	-0.025616	-814.000817
66	-0.025616	-0.015222	-814.146695
67	-0.015222	-0.008612	-814.254587
68	-0.008612	-0.004508	-814.331229
69	-0.004508	-0.002039	-814.382480
70	-0.002039	-0.000618	-814.413403
71	-0.000618	0.000146	-814.428345
72	0.000146	0.000508	-814.431017
73	0.000508	0.000635	-814.424564
74	0.000635	0.000633	-814.411621
75	0.000633	0.000567	-814.394369
76	0.000567	0.000477	-814.374579
77	0.000477	0.000384	-814.353650
78	0.000384	0.000299	-814.332653
79	0.000299	0.000227	-814.312371
80	0.000227	0.000168	-814.293338
81	0.000168	0.000123	-814.275884
82	0.000123	0.000089	-814.260179
83	0.000089	0.000063	-814.246266
84	0.000063	0.000044	-814.234101
85	0.000044	0.000031	-814.223581
86	0.000031	0.000022	-814.214567
87	0.000022	0.000015	-814.206902
88	0.000015	0.000010	-814.200428
89	0.000010	0.000007	-814.194988
90	0.000007	0.000005	-814.190437
91	0.000005	0.000003	-814.186646
92	0.000003	0.000002	-814.183496
93	0.000002	0.000001	-814.180886
94	0.000001	0.000001	-814.178728
95	0.000001	0.000001	-814.176947
96	0.000001	0.000000	-814.175479
97	0.000000	0.000000	-814.174270
98	0.000000	0.000000	-814.173276
99	0.000000	0.000000	-814.172460
REMLE (delta=0.000045, REML=-763.480610, REML0=-814.168737)- elapsed CPU time is 0.014807
eigen_L - elapsed CPU time is 0.048033


Reading TPED file /mnt/data/shahar/gwas_barley/morexV3_analysis/barley_for_publication_project/01_USED_GWAS_V2_pipeline/intermediates/morexV3_gwas_genotypes...

Reading 0-th SNP and testing association....

Reading 10000-th SNP and testing association....

Reading 20000-th SNP and testing association....

Reading 30000-th SNP and testing association....

Reading 40000-th SNP and testing association....

Reading 50000-th SNP and testing association....

Reading 60000-th SNP and testing association....

Reading 70000-th SNP and testing association....

Reading 80000-th SNP and testing association....

Reading 90000-th SNP and testing association....

Reading 100000-th SNP and testing association....

Reading 110000-th SNP and testing association....

Reading 120000-th SNP and testing association....

Reading 130000-th SNP and testing association....

Reading 140000-th SNP and testing association....

Reading 150000-th SNP and testing association....

Reading 160000-th SNP and testing association....

Reading 170000-th SNP and testing association....

Reading 180000-th SNP and testing association....

Reading 190000-th SNP and testing association....

Reading 200000-th SNP and testing association....

Reading 210000-th SNP and testing association....

Reading 220000-th SNP and testing association....

Reading 230000-th SNP and testing association....

Reading 240000-th SNP and testing association....

Reading 250000-th SNP and testing association....

Reading 260000-th SNP and testing association....

Reading 270000-th SNP and testing association....

Reading 280000-th SNP and testing association....

Reading 290000-th SNP and testing association....

Reading 300000-th SNP and testing association....

Reading 310000-th SNP and testing association....

Reading 320000-th SNP and testing association....

Reading 330000-th SNP and testing association....

Reading 340000-th SNP and testing association....

Reading 350000-th SNP and testing association....

Reading 360000-th SNP and testing association....

Reading 370000-th SNP and testing association....

Reading 380000-th SNP and testing association....

Reading 390000-th SNP and testing association....

Reading 400000-th SNP and testing association....

Reading 410000-th SNP and testing association....

Reading 420000-th SNP and testing association....

Reading 430000-th SNP and testing association....

Reading 440000-th SNP and testing association....

Reading 450000-th SNP and testing association....

Reading 460000-th SNP and testing association....

Reading 470000-th SNP and testing association....

Reading 480000-th SNP and testing association....

Reading 490000-th SNP and testing association....

Reading 500000-th SNP and testing association....

Reading 510000-th SNP and testing association....

Reading 520000-th SNP and testing association....

Reading 530000-th SNP and testing association....

Reading 540000-th SNP and testing association....

Reading 550000-th SNP and testing association....

Reading 560000-th SNP and testing association....

Reading 570000-th SNP and testing association....

Reading 580000-th SNP and testing association....

Reading 590000-th SNP and testing association....

Reading 600000-th SNP and testing association....

Reading 610000-th SNP and testing association....

Reading 620000-th SNP and testing association....

Reading 630000-th SNP and testing association....

Reading 640000-th SNP and testing association....

Reading 650000-th SNP and testing association....

Reading 660000-th SNP and testing association....

Reading 670000-th SNP and testing association....

Reading 680000-th SNP and testing association....

Reading 690000-th SNP and testing association....

Reading 700000-th SNP and testing association....

Reading 710000-th SNP and testing association....

Reading 720000-th SNP and testing association....

Reading 730000-th SNP and testing association....

Reading 740000-th SNP and testing association....

Reading 750000-th SNP and testing association....

Reading 760000-th SNP and testing association....

Reading 770000-th SNP and testing association....

Reading 780000-th SNP and testing association....

Reading 790000-th SNP and testing association....

Reading 800000-th SNP and testing association....

Reading 810000-th SNP and testing association....

Reading 820000-th SNP and testing association....

Reading 830000-th SNP and testing association....

Reading 840000-th SNP and testing association....

Reading 850000-th SNP and testing association....

Reading 860000-th SNP and testing association....

Reading 870000-th SNP and testing association....

Reading 880000-th SNP and testing association....

Reading 890000-th SNP and testing association....

Reading 900000-th SNP and testing association....

Reading 910000-th SNP and testing association....

Reading 920000-th SNP and testing association....

Reading 930000-th SNP and testing association....

Reading 940000-th SNP and testing association....

Reading 950000-th SNP and testing association....

Reading 960000-th SNP and testing association....

Reading 970000-th SNP and testing association....

Reading 980000-th SNP and testing association....

Reading 990000-th SNP and testing association....

Reading 1000000-th SNP and testing association....

Reading 1010000-th SNP and testing association....

Reading 1020000-th SNP and testing association....

Reading 1030000-th SNP and testing association....

Reading 1040000-th SNP and testing association....

Reading 1050000-th SNP and testing association....

Reading 1060000-th SNP and testing association....

Reading 1070000-th SNP and testing association....

Reading 1080000-th SNP and testing association....

Reading 1090000-th SNP and testing association....

Reading 1100000-th SNP and testing association....

Reading 1110000-th SNP and testing association....

Reading 1120000-th SNP and testing association....

Reading 1130000-th SNP and testing association....

Reading 1140000-th SNP and testing association....

Reading 1150000-th SNP and testing association....

Reading 1160000-th SNP and testing association....

Reading 1170000-th SNP and testing association....

Reading 1180000-th SNP and testing association....

Reading 1190000-th SNP and testing association....

Reading 1200000-th SNP and testing association....

Reading 1210000-th SNP and testing association....

Reading 1220000-th SNP and testing association....

Reading 1230000-th SNP and testing association....

Reading 1240000-th SNP and testing association....

Reading 1250000-th SNP and testing association....

Reading 1260000-th SNP and testing association....

Reading 1270000-th SNP and testing association....

Reading 1280000-th SNP and testing association....

Reading 1290000-th SNP and testing association....

Reading 1300000-th SNP and testing association....

Reading 1310000-th SNP and testing association....

Reading 1320000-th SNP and testing association....

Reading 1330000-th SNP and testing association....

Reading 1340000-th SNP and testing association....

Reading 1350000-th SNP and testing association....

Reading 1360000-th SNP and testing association....

Reading 1370000-th SNP and testing association....

Reading 1380000-th SNP and testing association....

Reading 1390000-th SNP and testing association....

Reading 1400000-th SNP and testing association....

Reading 1410000-th SNP and testing association....

Reading 1420000-th SNP and testing association....

Reading 1430000-th SNP and testing association....

Reading 1440000-th SNP and testing association....

Reading 1450000-th SNP and testing association....

Reading 1460000-th SNP and testing association....

Reading 1470000-th SNP and testing association....

Reading 1480000-th SNP and testing association....

Reading 1490000-th SNP and testing association....

Reading 1500000-th SNP and testing association....

Reading 1510000-th SNP and testing association....

Reading 1520000-th SNP and testing association....

Reading 1530000-th SNP and testing association....

Reading 1540000-th SNP and testing association....

Reading 1550000-th SNP and testing association....

Reading 1560000-th SNP and testing association....

Reading 1570000-th SNP and testing association....

Reading 1580000-th SNP and testing association....

Reading 1590000-th SNP and testing association....

Reading 1600000-th SNP and testing association....

Reading 1610000-th SNP and testing association....

Reading 1620000-th SNP and testing association....

Reading 1630000-th SNP and testing association....

Reading 1640000-th SNP and testing association....

Reading 1650000-th SNP and testing association....

Reading 1660000-th SNP and testing association....

Reading 1670000-th SNP and testing association....

Reading 1680000-th SNP and testing association....

Reading 1690000-th SNP and testing association....

Reading 1700000-th SNP and testing association....

Reading 1710000-th SNP and testing association....

Reading 1720000-th SNP and testing association....

Reading 1730000-th SNP and testing association....

Reading 1740000-th SNP and testing association....

Reading 1750000-th SNP and testing association....

Reading 1760000-th SNP and testing association....

Reading 1770000-th SNP and testing association....

Reading 1780000-th SNP and testing association....

Reading 1790000-th SNP and testing association....

Reading 1800000-th SNP and testing association....

Reading 1810000-th SNP and testing association....

Reading 1820000-th SNP and testing association....

Reading 1830000-th SNP and testing association....

Reading 1840000-th SNP and testing association....

Reading 1850000-th SNP and testing association....

Reading 1860000-th SNP and testing association....

Reading 1870000-th SNP and testing association....

Reading 1880000-th SNP and testing association....

Reading 1890000-th SNP and testing association....

Reading 1900000-th SNP and testing association....

Reading 1910000-th SNP and testing association....

Reading 1920000-th SNP and testing association....

Reading 1930000-th SNP and testing association....

Reading 1940000-th SNP and testing association....

Reading 1950000-th SNP and testing association....

Reading 1960000-th SNP and testing association....

Reading 1970000-th SNP and testing association....

Reading 1980000-th SNP and testing association....

Reading 1990000-th SNP and testing association....

Reading 2000000-th SNP and testing association....

Reading 2010000-th SNP and testing association....

Reading 2020000-th SNP and testing association....

Reading 2030000-th SNP and testing association....

Reading 2040000-th SNP and testing association....

Reading 2050000-th SNP and testing association....

Reading 2060000-th SNP and testing association....

Reading 2070000-th SNP and testing association....

Reading 2080000-th SNP and testing association....

Reading 2090000-th SNP and testing association....

Reading 2100000-th SNP and testing association....

Reading 2110000-th SNP and testing association....

Reading 2120000-th SNP and testing association....

Reading 2130000-th SNP and testing association....

Reading 2140000-th SNP and testing association....

Reading 2150000-th SNP and testing association....

Reading 2160000-th SNP and testing association....

Reading 2170000-th SNP and testing association....

Reading 2180000-th SNP and testing association....

Reading 2190000-th SNP and testing association....

Reading 2200000-th SNP and testing association....

Reading 2210000-th SNP and testing association....

Reading 2220000-th SNP and testing association....

Reading 2230000-th SNP and testing association....

Reading 2240000-th SNP and testing association....

Reading 2250000-th SNP and testing association....

Reading 2260000-th SNP and testing association....

Reading 2270000-th SNP and testing association....

Reading 2280000-th SNP and testing association....

Reading 2290000-th SNP and testing association....

Reading 2300000-th SNP and testing association....

Reading 2310000-th SNP and testing association....

Reading 2320000-th SNP and testing association....

Reading 2330000-th SNP and testing association....

Reading 2340000-th SNP and testing association....

Reading 2350000-th SNP and testing association....

Reading 2360000-th SNP and testing association....

Reading 2370000-th SNP and testing association....

Reading 2380000-th SNP and testing association....

Reading 2390000-th SNP and testing association....

Reading 2400000-th SNP and testing association....

Reading 2410000-th SNP and testing association....

Reading 2420000-th SNP and testing association....

Reading 2430000-th SNP and testing association....

Reading 2440000-th SNP and testing association....

Reading 2450000-th SNP and testing association....

Reading 2460000-th SNP and testing association....

Reading 2470000-th SNP and testing association....

Reading 2480000-th SNP and testing association....

Reading 2490000-th SNP and testing association....

Reading 2500000-th SNP and testing association....

Reading 2510000-th SNP and testing association....

Reading 2520000-th SNP and testing association....

Reading 2530000-th SNP and testing association....

Reading 2540000-th SNP and testing association....

Reading 2550000-th SNP and testing association....

Reading 2560000-th SNP and testing association....

Reading 2570000-th SNP and testing association....

Reading 2580000-th SNP and testing association....

Reading 2590000-th SNP and testing association....

Reading 2600000-th SNP and testing association....

Reading 2610000-th SNP and testing association....

Reading 2620000-th SNP and testing association....

Reading 2630000-th SNP and testing association....

Reading 2640000-th SNP and testing association....

Reading 2650000-th SNP and testing association....

Reading 2660000-th SNP and testing association....

Reading 2670000-th SNP and testing association....

Reading 2680000-th SNP and testing association....

Reading 2690000-th SNP and testing association....

Reading 2700000-th SNP and testing association....

Reading 2710000-th SNP and testing association....

Reading 2720000-th SNP and testing association....

Reading 2730000-th SNP and testing association....

Reading 2740000-th SNP and testing association....

Reading 2750000-th SNP and testing association....

Reading 2760000-th SNP and testing association....

Reading 2770000-th SNP and testing association....

Reading 2780000-th SNP and testing association....

Reading 2790000-th SNP and testing association....

Reading 2800000-th SNP and testing association....

Reading 2810000-th SNP and testing association....

Reading 2820000-th SNP and testing association....

Reading 2830000-th SNP and testing association....

Reading 2840000-th SNP and testing association....

Reading 2850000-th SNP and testing association....

Reading 2860000-th SNP and testing association....

Reading 2870000-th SNP and testing association....

Reading 2880000-th SNP and testing association....

Reading 2890000-th SNP and testing association....

Reading 2900000-th SNP and testing association....

Reading 2910000-th SNP and testing association....

Reading 2920000-th SNP and testing association....

Reading 2930000-th SNP and testing association....

Reading 2940000-th SNP and testing association....

Reading 2950000-th SNP and testing association....

Reading 2960000-th SNP and testing association....

Reading 2970000-th SNP and testing association....

Reading 2980000-th SNP and testing association....

Reading 2990000-th SNP and testing association....

Reading 3000000-th SNP and testing association....

Reading 3010000-th SNP and testing association....

Reading 3020000-th SNP and testing association....

Reading 3030000-th SNP and testing association....

Reading 3040000-th SNP and testing association....

Reading 3050000-th SNP and testing association....

Reading 3060000-th SNP and testing association....

Reading 3070000-th SNP and testing association....

Reading 3080000-th SNP and testing association....

Reading 3090000-th SNP and testing association....

Reading 3100000-th SNP and testing association....

Reading 3110000-th SNP and testing association....

Reading 3120000-th SNP and testing association....

Reading 3130000-th SNP and testing association....

Reading 3140000-th SNP and testing association....

Reading 3150000-th SNP and testing association....

Reading 3160000-th SNP and testing association....

Reading 3170000-th SNP and testing association....

Reading 3180000-th SNP and testing association....

Reading 3190000-th SNP and testing association....

Reading 3200000-th SNP and testing association....

Reading 3210000-th SNP and testing association....

Reading 3220000-th SNP and testing association....

Reading 3230000-th SNP and testing association....

Reading 3240000-th SNP and testing association....

Reading 3250000-th SNP and testing association....

Reading 3260000-th SNP and testing association....

Reading 3270000-th SNP and testing association....

Reading 3280000-th SNP and testing association....

Reading 3290000-th SNP and testing association....

Reading 3300000-th SNP and testing association....

Reading 3310000-th SNP and testing association....

Reading 3320000-th SNP and testing association....

Reading 3330000-th SNP and testing association....

Reading 3340000-th SNP and testing association....

Reading 3350000-th SNP and testing association....

Reading 3360000-th SNP and testing association....

Reading 3370000-th SNP and testing association....

Reading 3380000-th SNP and testing association....

Reading 3390000-th SNP and testing association....

Reading 3400000-th SNP and testing association....

Reading 3410000-th SNP and testing association....

Reading 3420000-th SNP and testing association....

Reading 3430000-th SNP and testing association....

Reading 3440000-th SNP and testing association....

Reading 3450000-th SNP and testing association....

Reading 3460000-th SNP and testing association....

Reading 3470000-th SNP and testing association....

Reading 3480000-th SNP and testing association....

Reading 3490000-th SNP and testing association....

Reading 3500000-th SNP and testing association....

Reading 3510000-th SNP and testing association....

Reading 3520000-th SNP and testing association....

Reading 3530000-th SNP and testing association....

Reading 3540000-th SNP and testing association....

Reading 3550000-th SNP and testing association....

Reading 3560000-th SNP and testing association....

Reading 3570000-th SNP and testing association....

Reading 3580000-th SNP and testing association....

Reading 3590000-th SNP and testing association....

Reading 3600000-th SNP and testing association....

Reading 3610000-th SNP and testing association....

Reading 3620000-th SNP and testing association....

Reading 3630000-th SNP and testing association....

Reading 3640000-th SNP and testing association....

Reading 3650000-th SNP and testing association....

Reading 3660000-th SNP and testing association....

Reading 3670000-th SNP and testing association....

Reading 3680000-th SNP and testing association....

Reading 3690000-th SNP and testing association....

Reading 3700000-th SNP and testing association....

Reading 3710000-th SNP and testing association....

Reading 3720000-th SNP and testing association....

Reading 3730000-th SNP and testing association....

Reading 3740000-th SNP and testing association....

Reading 3750000-th SNP and testing association....

Reading 3760000-th SNP and testing association....

Reading 3770000-th SNP and testing association....

Reading 3780000-th SNP and testing association....

Reading 3790000-th SNP and testing association....

Reading 3800000-th SNP and testing association....

Reading 3810000-th SNP and testing association....

Reading 3820000-th SNP and testing association....

Reading 3830000-th SNP and testing association....

Reading 3840000-th SNP and testing association....

Reading 3850000-th SNP and testing association....

Reading 3860000-th SNP and testing association....

Reading 3870000-th SNP and testing association....

Reading 3880000-th SNP and testing association....

Reading 3890000-th SNP and testing association....

Reading 3900000-th SNP and testing association....

Reading 3910000-th SNP and testing association....

Reading 3920000-th SNP and testing association....

Reading 3930000-th SNP and testing association....

Reading 3940000-th SNP and testing association....

Reading 3950000-th SNP and testing association....

Reading 3960000-th SNP and testing association....

Reading 3970000-th SNP and testing association....

Reading 3980000-th SNP and testing association....

Reading 3990000-th SNP and testing association....

Reading 4000000-th SNP and testing association....

Reading 4010000-th SNP and testing association....

Reading 4020000-th SNP and testing association....

Reading 4030000-th SNP and testing association....

Reading 4040000-th SNP and testing association....

Reading 4050000-th SNP and testing association....

Reading 4060000-th SNP and testing association....

Reading 4070000-th SNP and testing association....

Reading 4080000-th SNP and testing association....

Reading 4090000-th SNP and testing association....

Reading 4100000-th SNP and testing association....

Reading 4110000-th SNP and testing association....

Reading 4120000-th SNP and testing association....

Reading 4130000-th SNP and testing association....

Reading 4140000-th SNP and testing association....

Reading 4150000-th SNP and testing association....

Reading 4160000-th SNP and testing association....

Reading 4170000-th SNP and testing association....

Reading 4180000-th SNP and testing association....

Reading 4190000-th SNP and testing association....

Reading 4200000-th SNP and testing association....

Reading 4210000-th SNP and testing association....

Reading 4220000-th SNP and testing association....

Reading 4230000-th SNP and testing association....

Reading 4240000-th SNP and testing association....

Reading 4250000-th SNP and testing association....

Reading 4260000-th SNP and testing association....

Reading 4270000-th SNP and testing association....

Reading 4280000-th SNP and testing association....

Reading 4290000-th SNP and testing association....

Reading 4300000-th SNP and testing association....

Reading 4310000-th SNP and testing association....

Reading 4320000-th SNP and testing association....

Reading 4330000-th SNP and testing association....

Reading 4340000-th SNP and testing association....

Reading 4350000-th SNP and testing association....

Reading 4360000-th SNP and testing association....

Reading 4370000-th SNP and testing association....

Reading 4380000-th SNP and testing association....

Reading 4390000-th SNP and testing association....

Reading 4400000-th SNP and testing association....

Reading 4410000-th SNP and testing association....

Reading 4420000-th SNP and testing association....

Reading 4430000-th SNP and testing association....

Reading 4440000-th SNP and testing association....

Reading 4450000-th SNP and testing association....

Reading 4460000-th SNP and testing association....

Reading 4470000-th SNP and testing association....

Reading 4480000-th SNP and testing association....

Reading 4490000-th SNP and testing association....

Reading 4500000-th SNP and testing association....

Reading 4510000-th SNP and testing association....

Reading 4520000-th SNP and testing association....

Reading 4530000-th SNP and testing association....

Reading 4540000-th SNP and testing association....

Reading 4550000-th SNP and testing association....

Reading 4560000-th SNP and testing association....

Reading 4570000-th SNP and testing association....

Reading 4580000-th SNP and testing association....

Reading 4590000-th SNP and testing association....

Reading 4600000-th SNP and testing association....

Reading 4610000-th SNP and testing association....

Reading 4620000-th SNP and testing association....

Reading 4630000-th SNP and testing association....

Reading 4640000-th SNP and testing association....

Reading 4650000-th SNP and testing association....

Reading 4660000-th SNP and testing association....

Reading 4670000-th SNP and testing association....

Reading 4680000-th SNP and testing association....

Reading 4690000-th SNP and testing association....

Reading 4700000-th SNP and testing association....

Reading 4710000-th SNP and testing association....

Reading 4720000-th SNP and testing association....

Reading 4730000-th SNP and testing association....

Reading 4740000-th SNP and testing association....

Reading 4750000-th SNP and testing association....

Reading 4760000-th SNP and testing association....

Reading 4770000-th SNP and testing association....

Reading 4780000-th SNP and testing association....

Reading 4790000-th SNP and testing association....

Reading 4800000-th SNP and testing association....

Reading 4810000-th SNP and testing association....

Reading 4820000-th SNP and testing association....

Reading 4830000-th SNP and testing association....

Reading 4840000-th SNP and testing association....

Reading 4850000-th SNP and testing association....

Reading 4860000-th SNP and testing association....

Reading 4870000-th SNP and testing association....

Reading 4880000-th SNP and testing association....

Reading 4890000-th SNP and testing association....

Reading 4900000-th SNP and testing association....

Reading 4910000-th SNP and testing association....

Reading 4920000-th SNP and testing association....

Reading 4930000-th SNP and testing association....

Reading 4940000-th SNP and testing association....

Reading 4950000-th SNP and testing association....

Reading 4960000-th SNP and testing association....

Reading 4970000-th SNP and testing association....

Reading 4980000-th SNP and testing association....

Reading 4990000-th SNP and testing association....

Reading 5000000-th SNP and testing association....

Reading 5010000-th SNP and testing association....

Reading 5020000-th SNP and testing association....

Reading 5030000-th SNP and testing association....

Reading 5040000-th SNP and testing association....

Reading 5050000-th SNP and testing association....

Reading 5060000-th SNP and testing association....

Reading 5070000-th SNP and testing association....

Reading 5080000-th SNP and testing association....

Reading 5090000-th SNP and testing association....

Reading 5100000-th SNP and testing association....

Reading 5110000-th SNP and testing association....

Reading 5120000-th SNP and testing association....

Reading 5130000-th SNP and testing association....

Reading 5140000-th SNP and testing association....

Reading 5150000-th SNP and testing association....

Reading 5160000-th SNP and testing association....

Reading 5170000-th SNP and testing association....

Reading 5180000-th SNP and testing association....

Reading 5190000-th SNP and testing association....

Reading 5200000-th SNP and testing association....

Reading 5210000-th SNP and testing association....

Reading 5220000-th SNP and testing association....

Reading 5230000-th SNP and testing association....

Reading 5240000-th SNP and testing association....

Reading 5250000-th SNP and testing association....

Reading 5260000-th SNP and testing association....

Reading 5270000-th SNP and testing association....

Reading 5280000-th SNP and testing association....

Reading 5290000-th SNP and testing association....

Reading 5300000-th SNP and testing association....

Reading 5310000-th SNP and testing association....

Reading 5320000-th SNP and testing association....

Reading 5330000-th SNP and testing association....

Reading 5340000-th SNP and testing association....

Reading 5350000-th SNP and testing association....

Reading 5360000-th SNP and testing association....

Reading 5370000-th SNP and testing association....

Reading 5380000-th SNP and testing association....

Reading 5390000-th SNP and testing association....

Reading 5400000-th SNP and testing association....

Reading 5410000-th SNP and testing association....

Reading 5420000-th SNP and testing association....

Reading 5430000-th SNP and testing association....

Reading 5440000-th SNP and testing association....

Reading 5450000-th SNP and testing association....

Reading 5460000-th SNP and testing association....

Reading 5470000-th SNP and testing association....

Reading 5480000-th SNP and testing association....

Reading 5490000-th SNP and testing association....

Reading 5500000-th SNP and testing association....

Reading 5510000-th SNP and testing association....

Reading 5520000-th SNP and testing association....

Reading 5530000-th SNP and testing association....

Reading 5540000-th SNP and testing association....

Reading 5550000-th SNP and testing association....

Reading 5560000-th SNP and testing association....

Reading 5570000-th SNP and testing association....

Reading 5580000-th SNP and testing association....

Reading 5590000-th SNP and testing association....

Reading 5600000-th SNP and testing association....

Reading 5610000-th SNP and testing association....

Reading 5620000-th SNP and testing association....

Reading 5630000-th SNP and testing association....

Reading 5640000-th SNP and testing association....

Reading 5650000-th SNP and testing association....

Reading 5660000-th SNP and testing association....

Reading 5670000-th SNP and testing association....

Reading 5680000-th SNP and testing association....

Reading 5690000-th SNP and testing association....

Reading 5700000-th SNP and testing association....

Reading 5710000-th SNP and testing association....

Reading 5720000-th SNP and testing association....

Reading 5730000-th SNP and testing association....

Reading 5740000-th SNP and testing association....

Reading 5750000-th SNP and testing association....

Reading 5760000-th SNP and testing association....

Reading 5770000-th SNP and testing association....

Reading 5780000-th SNP and testing association....

Reading 5790000-th SNP and testing association....

Reading 5800000-th SNP and testing association....

Reading 5810000-th SNP and testing association....

Reading 5820000-th SNP and testing association....

Reading 5830000-th SNP and testing association....

Reading 5840000-th SNP and testing association....

Reading 5850000-th SNP and testing association....

Reading 5860000-th SNP and testing association....

Reading 5870000-th SNP and testing association....

Reading 5880000-th SNP and testing association....

Reading 5890000-th SNP and testing association....

Reading 5900000-th SNP and testing association....

Reading 5910000-th SNP and testing association....

Reading 5920000-th SNP and testing association....

Reading 5930000-th SNP and testing association....

Reading 5940000-th SNP and testing association....

Reading 5950000-th SNP and testing association....

Reading 5960000-th SNP and testing association....

Reading 5970000-th SNP and testing association....

Reading 5980000-th SNP and testing association....

Reading 5990000-th SNP and testing association....

Reading 6000000-th SNP and testing association....

Reading 6010000-th SNP and testing association....

Reading 6020000-th SNP and testing association....

Reading 6030000-th SNP and testing association....

Reading 6040000-th SNP and testing association....

Reading 6050000-th SNP and testing association....

Reading 6060000-th SNP and testing association....

Reading 6070000-th SNP and testing association....

Reading 6080000-th SNP and testing association....

Reading 6090000-th SNP and testing association....

Reading 6100000-th SNP and testing association....

Reading 6110000-th SNP and testing association....

Reading 6120000-th SNP and testing association....

Reading 6130000-th SNP and testing association....

Reading 6140000-th SNP and testing association....

Reading 6150000-th SNP and testing association....

Reading 6160000-th SNP and testing association....

Reading 6170000-th SNP and testing association....

Reading 6180000-th SNP and testing association....

Reading 6190000-th SNP and testing association....

Reading 6200000-th SNP and testing association....

Reading 6210000-th SNP and testing association....

Reading 6220000-th SNP and testing association....

Reading 6230000-th SNP and testing association....

Reading 6240000-th SNP and testing association....

Reading 6250000-th SNP and testing association....

Reading 6260000-th SNP and testing association....

Reading 6270000-th SNP and testing association....

Reading 6280000-th SNP and testing association....

Reading 6290000-th SNP and testing association....

Reading 6300000-th SNP and testing association....

Reading 6310000-th SNP and testing association....

Reading 6320000-th SNP and testing association....

Reading 6330000-th SNP and testing association....

Reading 6340000-th SNP and testing association....

Reading 6350000-th SNP and testing association....

Reading 6360000-th SNP and testing association....

Reading 6370000-th SNP and testing association....

Reading 6380000-th SNP and testing association....

Reading 6390000-th SNP and testing association....

Reading 6400000-th SNP and testing association....

Reading 6410000-th SNP and testing association....

Reading 6420000-th SNP and testing association....

Reading 6430000-th SNP and testing association....

Reading 6440000-th SNP and testing association....

Reading 6450000-th SNP and testing association....

Reading 6460000-th SNP and testing association....

Reading 6470000-th SNP and testing association....

Reading 6480000-th SNP and testing association....

Reading 6490000-th SNP and testing association....

Reading 6500000-th SNP and testing association....

Reading 6510000-th SNP and testing association....

Reading 6520000-th SNP and testing association....

Reading 6530000-th SNP and testing association....

Reading 6540000-th SNP and testing association....

Reading 6550000-th SNP and testing association....

Reading 6560000-th SNP and testing association....

Reading 6570000-th SNP and testing association....

Reading 6580000-th SNP and testing association....

Reading 6590000-th SNP and testing association....

Reading 6600000-th SNP and testing association....

Reading 6610000-th SNP and testing association....

Reading 6620000-th SNP and testing association....

Reading 6630000-th SNP and testing association....

Reading 6640000-th SNP and testing association....

Reading 6650000-th SNP and testing association....

Reading 6660000-th SNP and testing association....

Reading 6670000-th SNP and testing association....

Reading 6680000-th SNP and testing association....

Reading 6690000-th SNP and testing association....

Reading 6700000-th SNP and testing association....

Reading 6710000-th SNP and testing association....

Reading 6720000-th SNP and testing association....

Reading 6730000-th SNP and testing association....

Reading 6740000-th SNP and testing association....

Reading 6750000-th SNP and testing association....

Reading 6760000-th SNP and testing association....

Reading 6770000-th SNP and testing association....

Reading 6780000-th SNP and testing association....

Reading 6790000-th SNP and testing association....

Reading 6800000-th SNP and testing association....

Reading 6810000-th SNP and testing association....

Reading 6820000-th SNP and testing association....

Reading 6830000-th SNP and testing association....

Reading 6840000-th SNP and testing association....

Reading 6850000-th SNP and testing association....

Reading 6860000-th SNP and testing association....

Reading 6870000-th SNP and testing association....

Reading 6880000-th SNP and testing association....

Reading 6890000-th SNP and testing association....

Reading 6900000-th SNP and testing association....

Reading 6910000-th SNP and testing association....

Reading 6920000-th SNP and testing association....

Reading 6930000-th SNP and testing association....

Reading 6940000-th SNP and testing association....

Reading 6950000-th SNP and testing association....

Reading 6960000-th SNP and testing association....

Reading 6970000-th SNP and testing association....

Reading 6980000-th SNP and testing association....

Reading 6990000-th SNP and testing association....

Reading 7000000-th SNP and testing association....

Reading 7010000-th SNP and testing association....

Reading 7020000-th SNP and testing association....

Reading 7030000-th SNP and testing association....

Reading 7040000-th SNP and testing association....

Reading 7050000-th SNP and testing association....

Reading 7060000-th SNP and testing association....

Reading 7070000-th SNP and testing association....

Reading 7080000-th SNP and testing association....

Reading 7090000-th SNP and testing association....

Reading 7100000-th SNP and testing association....

Reading 7110000-th SNP and testing association....

GLS association - elapsed CPU time is 1405.871059

Breakdown for input file parsing : 770.274188

              matrix computation : 366.920206

             p-value computation : 36.738597

