
Reading TFAM file /mnt/data/shahar/gwas_barley/morexV3_analysis/barley_for_publication_project/01_USED_GWAS_V2_pipeline/intermediates/morexV3_gwas_genotypes.tfam ....


Reading kinship file /mnt/data/shahar/gwas_barley/morexV3_analysis/barley_for_publication_project/01_USED_GWAS_V2_pipeline/intermediates/morexV3_kinship.aIBS.kinf...

  290 rows and 290 columns were observed with 0 missing values.


Reading the phenotype file /mnt/data/shahar/gwas_barley/data/inputs/BLUE_protein_V3.pheno...

  290 rows and 1 columns were observed with 0 missing values


Reading covariate file /mnt/data/shahar/gwas_barley/morexV3_analysis/barley_for_publication_project/01_USED_GWAS_V2_pipeline/intermediates/covariates/pca_pc5.cov...

  290 rows and 5 columns were observed with 0 missing values. Make sure that the intercept is included in the covariates

File reading - elapsed CPU time is 0.039226

eRvals[0] = 0.024406, eRvals[n-q-1] = 194.917766, eRvals[n-q] = 0.000000
eigen_R - elapsed CPU time is 0.080519
etas[0] = -0.151680, lambdas[0] = 0.024406
etas[1] = 0.537412, lambdas[1] = 0.028015
etas[2] = -0.825187, lambdas[2] = 0.029468
etas[3] = 1.052639, lambdas[3] = 0.029703
etas[4] = 1.646181, lambdas[4] = 0.030414
etas[5] = 1.198963, lambdas[5] = 0.031153
etas[6] = 0.274786, lambdas[6] = 0.032120
etas[7] = -0.971825, lambdas[7] = 0.032543
etas[8] = 0.761450, lambdas[8] = 0.032730
etas[9] = -0.209928, lambdas[9] = 0.033164
etas[10] = 0.764841, lambdas[10] = 0.033924
etas[11] = 0.313147, lambdas[11] = 0.034752
etas[12] = 0.475353, lambdas[12] = 0.035200
etas[13] = 0.329918, lambdas[13] = 0.035262
etas[14] = 0.727609, lambdas[14] = 0.035791
etas[15] = 0.279252, lambdas[15] = 0.037095
etas[16] = -0.798807, lambdas[16] = 0.037622
etas[17] = -0.054800, lambdas[17] = 0.038094
etas[18] = -0.046106, lambdas[18] = 0.038707
etas[19] = -0.822807, lambdas[19] = 0.039206
etas[20] = 0.740065, lambdas[20] = 0.039658
etas[21] = 0.125653, lambdas[21] = 0.040305
etas[22] = -0.527911, lambdas[22] = 0.040742
etas[23] = -0.044252, lambdas[23] = 0.041301
etas[24] = -0.651272, lambdas[24] = 0.041577
etas[25] = 0.115897, lambdas[25] = 0.042022
etas[26] = -0.364422, lambdas[26] = 0.042147
etas[27] = 0.608196, lambdas[27] = 0.042302
etas[28] = -0.292594, lambdas[28] = 0.042743
etas[29] = -0.028598, lambdas[29] = 0.043265
etas[30] = 0.481544, lambdas[30] = 0.043897
etas[31] = 0.060518, lambdas[31] = 0.043976
etas[32] = -0.157940, lambdas[32] = 0.044343
etas[33] = 0.575950, lambdas[33] = 0.044514
etas[34] = -0.464436, lambdas[34] = 0.044775
etas[35] = 0.402395, lambdas[35] = 0.045050
etas[36] = -1.066956, lambdas[36] = 0.045281
etas[37] = -0.555753, lambdas[37] = 0.045713
etas[38] = -0.263556, lambdas[38] = 0.045965
etas[39] = -0.068211, lambdas[39] = 0.046109
etas[40] = -0.450038, lambdas[40] = 0.046286
etas[41] = 0.533413, lambdas[41] = 0.046562
etas[42] = -0.522144, lambdas[42] = 0.046623
etas[43] = -0.203590, lambdas[43] = 0.047046
etas[44] = -0.029276, lambdas[44] = 0.047275
etas[45] = 0.798417, lambdas[45] = 0.047399
etas[46] = 0.074163, lambdas[46] = 0.047482
etas[47] = -0.179728, lambdas[47] = 0.047998
etas[48] = -0.198132, lambdas[48] = 0.048233
etas[49] = 0.018332, lambdas[49] = 0.048668
etas[50] = -0.262756, lambdas[50] = 0.048866
etas[51] = 0.241237, lambdas[51] = 0.049636
etas[52] = -0.184835, lambdas[52] = 0.049715
etas[53] = -0.193328, lambdas[53] = 0.050103
etas[54] = 0.763737, lambdas[54] = 0.050604
etas[55] = -0.435529, lambdas[55] = 0.050727
etas[56] = -0.542432, lambdas[56] = 0.050929
etas[57] = 0.611027, lambdas[57] = 0.051205
etas[58] = -0.008482, lambdas[58] = 0.051707
etas[59] = 0.145502, lambdas[59] = 0.052006
etas[60] = -0.484337, lambdas[60] = 0.052487
etas[61] = 0.500423, lambdas[61] = 0.052663
etas[62] = -0.398163, lambdas[62] = 0.053829
etas[63] = 0.713177, lambdas[63] = 0.054108
etas[64] = 0.643945, lambdas[64] = 0.054257
etas[65] = -0.124684, lambdas[65] = 0.054567
etas[66] = -0.115311, lambdas[66] = 0.055538
etas[67] = -0.149106, lambdas[67] = 0.057396
etas[68] = 0.479658, lambdas[68] = 0.058669
etas[69] = -0.075450, lambdas[69] = 0.059912
etas[70] = 0.805230, lambdas[70] = 0.060305
etas[71] = 0.049753, lambdas[71] = 0.069939
etas[72] = 0.535386, lambdas[72] = 0.080309
etas[73] = -0.580455, lambdas[73] = 0.092894
etas[74] = -0.199603, lambdas[74] = 0.095642
etas[75] = -0.325179, lambdas[75] = 0.096472
etas[76] = 0.429442, lambdas[76] = 0.097043
etas[77] = -0.595783, lambdas[77] = 0.098042
etas[78] = -0.676571, lambdas[78] = 0.099527
etas[79] = 1.914568, lambdas[79] = 0.117756
etas[80] = -0.687180, lambdas[80] = 0.126803
etas[81] = 0.624817, lambdas[81] = 0.130090
etas[82] = 0.640424, lambdas[82] = 0.132678
etas[83] = 0.081396, lambdas[83] = 0.138672
etas[84] = 0.529407, lambdas[84] = 0.142431
etas[85] = 1.091729, lambdas[85] = 0.145826
etas[86] = 1.477856, lambdas[86] = 0.149586
etas[87] = 0.427534, lambdas[87] = 0.149834
etas[88] = 0.696090, lambdas[88] = 0.154078
etas[89] = 1.200706, lambdas[89] = 0.155435
etas[90] = 0.335639, lambdas[90] = 0.156192
etas[91] = 0.389310, lambdas[91] = 0.159004
etas[92] = 0.010223, lambdas[92] = 0.160844
etas[93] = 0.869664, lambdas[93] = 0.163795
etas[94] = -0.900378, lambdas[94] = 0.166553
etas[95] = -0.022733, lambdas[95] = 0.167194
etas[96] = 1.447242, lambdas[96] = 0.167693
etas[97] = -0.843436, lambdas[97] = 0.170966
etas[98] = 0.924729, lambdas[98] = 0.171721
etas[99] = -0.884358, lambdas[99] = 0.173142
etas[100] = 1.378706, lambdas[100] = 0.173650
etas[101] = -0.263399, lambdas[101] = 0.174516
etas[102] = -0.361361, lambdas[102] = 0.178097
etas[103] = -0.793615, lambdas[103] = 0.178433
etas[104] = 1.537163, lambdas[104] = 0.178968
etas[105] = -0.894928, lambdas[105] = 0.179236
etas[106] = 0.711238, lambdas[106] = 0.180667
etas[107] = 0.425607, lambdas[107] = 0.181264
etas[108] = -1.230827, lambdas[108] = 0.182520
etas[109] = -0.547517, lambdas[109] = 0.183876
etas[110] = -1.135609, lambdas[110] = 0.184312
etas[111] = -0.073237, lambdas[111] = 0.185849
etas[112] = 0.001203, lambdas[112] = 0.186697
etas[113] = -1.504131, lambdas[113] = 0.187029
etas[114] = -0.315414, lambdas[114] = 0.188220
etas[115] = 2.373588, lambdas[115] = 0.188970
etas[116] = 1.103865, lambdas[116] = 0.189406
etas[117] = -1.989602, lambdas[117] = 0.190929
etas[118] = 1.729783, lambdas[118] = 0.191174
etas[119] = -1.167392, lambdas[119] = 0.191797
etas[120] = 1.396190, lambdas[120] = 0.193048
etas[121] = -1.850952, lambdas[121] = 0.193312
etas[122] = 0.017705, lambdas[122] = 0.194021
etas[123] = 1.357937, lambdas[123] = 0.194492
etas[124] = 0.710956, lambdas[124] = 0.195743
etas[125] = 1.229113, lambdas[125] = 0.196230
etas[126] = 0.761724, lambdas[126] = 0.197176
etas[127] = -0.961688, lambdas[127] = 0.197931
etas[128] = 0.870221, lambdas[128] = 0.197970
etas[129] = 0.117566, lambdas[129] = 0.198587
etas[130] = -0.285493, lambdas[130] = 0.199157
etas[131] = 1.007630, lambdas[131] = 0.199809
etas[132] = 0.538040, lambdas[132] = 0.200454
etas[133] = 1.320737, lambdas[133] = 0.201822
etas[134] = 0.685762, lambdas[134] = 0.202305
etas[135] = 1.042997, lambdas[135] = 0.202830
etas[136] = 1.714127, lambdas[136] = 0.203539
etas[137] = 1.578303, lambdas[137] = 0.204142
etas[138] = 0.460347, lambdas[138] = 0.204408
etas[139] = 0.250912, lambdas[139] = 0.205456
etas[140] = -0.805760, lambdas[140] = 0.206810
etas[141] = -0.027020, lambdas[141] = 0.207850
etas[142] = -0.404735, lambdas[142] = 0.208133
etas[143] = -1.174221, lambdas[143] = 0.208793
etas[144] = -0.041840, lambdas[144] = 0.209723
etas[145] = -0.610340, lambdas[145] = 0.210443
etas[146] = -1.035068, lambdas[146] = 0.211798
etas[147] = -1.615917, lambdas[147] = 0.212010
etas[148] = -0.586925, lambdas[148] = 0.213270
etas[149] = -0.224772, lambdas[149] = 0.213431
etas[150] = 0.888744, lambdas[150] = 0.214188
etas[151] = -0.803351, lambdas[151] = 0.214885
etas[152] = -0.540980, lambdas[152] = 0.215261
etas[153] = 0.512052, lambdas[153] = 0.215714
etas[154] = 0.755050, lambdas[154] = 0.216351
etas[155] = -0.892026, lambdas[155] = 0.217026
etas[156] = -0.235288, lambdas[156] = 0.217725
etas[157] = -0.996364, lambdas[157] = 0.217936
etas[158] = -1.956292, lambdas[158] = 0.219248
etas[159] = 0.755502, lambdas[159] = 0.219531
etas[160] = -0.694511, lambdas[160] = 0.220163
etas[161] = -0.049913, lambdas[161] = 0.221336
etas[162] = -0.151228, lambdas[162] = 0.222152
etas[163] = 1.809327, lambdas[163] = 0.222617
etas[164] = 2.687880, lambdas[164] = 0.223421
etas[165] = -0.720441, lambdas[165] = 0.225437
etas[166] = -0.587869, lambdas[166] = 0.225714
etas[167] = -0.403184, lambdas[167] = 0.226209
etas[168] = 1.318905, lambdas[168] = 0.226629
etas[169] = 1.012656, lambdas[169] = 0.227844
etas[170] = -0.149623, lambdas[170] = 0.228030
etas[171] = 0.464443, lambdas[171] = 0.228991
etas[172] = -2.045372, lambdas[172] = 0.229861
etas[173] = 0.774744, lambdas[173] = 0.230019
etas[174] = 0.297281, lambdas[174] = 0.230429
etas[175] = 1.281543, lambdas[175] = 0.231486
etas[176] = -2.222420, lambdas[176] = 0.232316
etas[177] = 1.388257, lambdas[177] = 0.232837
etas[178] = 0.813349, lambdas[178] = 0.233382
etas[179] = -1.167124, lambdas[179] = 0.234623
etas[180] = 0.076710, lambdas[180] = 0.235111
etas[181] = 0.629846, lambdas[181] = 0.236181
etas[182] = 1.632541, lambdas[182] = 0.237268
etas[183] = -1.071798, lambdas[183] = 0.237927
etas[184] = -0.007863, lambdas[184] = 0.239399
etas[185] = -0.822951, lambdas[185] = 0.240270
etas[186] = -0.610115, lambdas[186] = 0.240866
etas[187] = 0.053223, lambdas[187] = 0.241531
etas[188] = 0.418286, lambdas[188] = 0.241740
etas[189] = -0.983053, lambdas[189] = 0.242285
etas[190] = 0.409683, lambdas[190] = 0.243888
etas[191] = 0.018252, lambdas[191] = 0.244306
etas[192] = -0.208127, lambdas[192] = 0.245445
etas[193] = -0.445017, lambdas[193] = 0.245741
etas[194] = 1.505668, lambdas[194] = 0.246359
etas[195] = -0.393800, lambdas[195] = 0.247403
etas[196] = -1.026616, lambdas[196] = 0.247969
etas[197] = -1.925089, lambdas[197] = 0.248543
etas[198] = -1.743825, lambdas[198] = 0.249399
etas[199] = 0.761882, lambdas[199] = 0.250800
etas[200] = -0.721258, lambdas[200] = 0.250968
etas[201] = -0.172518, lambdas[201] = 0.253536
etas[202] = 0.900014, lambdas[202] = 0.253958
etas[203] = 0.102450, lambdas[203] = 0.254510
etas[204] = 2.400574, lambdas[204] = 0.255382
etas[205] = -0.352410, lambdas[205] = 0.255872
etas[206] = 0.301841, lambdas[206] = 0.257699
etas[207] = 0.385339, lambdas[207] = 0.258364
etas[208] = 0.320034, lambdas[208] = 0.258540
etas[209] = 1.141807, lambdas[209] = 0.258674
etas[210] = 0.478379, lambdas[210] = 0.259939
etas[211] = -0.375030, lambdas[211] = 0.260651
etas[212] = 1.121722, lambdas[212] = 0.262412
etas[213] = -1.736146, lambdas[213] = 0.263088
etas[214] = -0.710964, lambdas[214] = 0.263368
etas[215] = -0.435760, lambdas[215] = 0.264206
etas[216] = 0.242320, lambdas[216] = 0.265379
etas[217] = 0.719068, lambdas[217] = 0.266000
etas[218] = -2.367711, lambdas[218] = 0.267101
etas[219] = 2.390593, lambdas[219] = 0.268308
etas[220] = -0.186996, lambdas[220] = 0.269961
etas[221] = 1.588148, lambdas[221] = 0.271996
etas[222] = -1.042461, lambdas[222] = 0.272823
etas[223] = -0.167511, lambdas[223] = 0.274249
etas[224] = -0.357111, lambdas[224] = 0.277375
etas[225] = 0.318397, lambdas[225] = 0.279878
etas[226] = -1.503956, lambdas[226] = 0.281303
etas[227] = 1.653160, lambdas[227] = 0.283252
etas[228] = -0.453228, lambdas[228] = 0.284223
etas[229] = -0.745658, lambdas[229] = 0.286483
etas[230] = 2.350555, lambdas[230] = 0.286712
etas[231] = -0.578577, lambdas[231] = 0.287982
etas[232] = -0.356301, lambdas[232] = 0.290709
etas[233] = 0.413209, lambdas[233] = 0.291860
etas[234] = 1.104193, lambdas[234] = 0.293104
etas[235] = -2.941332, lambdas[235] = 0.296449
etas[236] = 2.375128, lambdas[236] = 0.300204
etas[237] = -0.856014, lambdas[237] = 0.301460
etas[238] = 1.858815, lambdas[238] = 0.304127
etas[239] = 1.499412, lambdas[239] = 0.308275
etas[240] = 1.312883, lambdas[240] = 0.318906
etas[241] = 0.893480, lambdas[241] = 0.323747
etas[242] = 0.015007, lambdas[242] = 0.329576
etas[243] = 2.191702, lambdas[243] = 0.332698
etas[244] = -0.695672, lambdas[244] = 0.337250
etas[245] = -0.669006, lambdas[245] = 0.339017
etas[246] = 3.291797, lambdas[246] = 0.344938
etas[247] = -0.037701, lambdas[247] = 0.352185
etas[248] = -0.930908, lambdas[248] = 0.360293
etas[249] = -2.038220, lambdas[249] = 0.364911
etas[250] = -0.039252, lambdas[250] = 0.394018
etas[251] = -2.326040, lambdas[251] = 0.405424
etas[252] = -0.124030, lambdas[252] = 0.409919
etas[253] = -1.806480, lambdas[253] = 0.418072
etas[254] = 1.611434, lambdas[254] = 0.428067
etas[255] = -1.905132, lambdas[255] = 0.435619
etas[256] = -2.397629, lambdas[256] = 0.444578
etas[257] = -1.181141, lambdas[257] = 0.449100
etas[258] = 0.166061, lambdas[258] = 0.471785
etas[259] = -1.775797, lambdas[259] = 0.482780
etas[260] = -2.364004, lambdas[260] = 0.492819
etas[261] = 1.698908, lambdas[261] = 0.500138
etas[262] = -1.414620, lambdas[262] = 0.520015
etas[263] = -1.680393, lambdas[263] = 0.561484
etas[264] = -0.513646, lambdas[264] = 0.577673
etas[265] = -0.373802, lambdas[265] = 0.588087
etas[266] = 1.165534, lambdas[266] = 0.606624
etas[267] = -1.238973, lambdas[267] = 0.618419
etas[268] = -1.445474, lambdas[268] = 0.639070
etas[269] = 0.492439, lambdas[269] = 0.652907
etas[270] = 1.929977, lambdas[270] = 0.654558
etas[271] = 0.231935, lambdas[271] = 0.723729
etas[272] = 0.267373, lambdas[272] = 0.742661
etas[273] = -1.045744, lambdas[273] = 0.756608
etas[274] = -0.962945, lambdas[274] = 0.849418
etas[275] = 0.479291, lambdas[275] = 0.854692
etas[276] = 1.341960, lambdas[276] = 0.903185
etas[277] = 1.534414, lambdas[277] = 1.010423
etas[278] = 0.912345, lambdas[278] = 1.018775
etas[279] = -2.386967, lambdas[279] = 1.107859
etas[280] = 5.498833, lambdas[280] = 1.152556
etas[281] = 2.215076, lambdas[281] = 1.284842
etas[282] = -3.015531, lambdas[282] = 1.454124
etas[283] = -0.861698, lambdas[283] = 1.572837
etas[284] = -1.437859, lambdas[284] = 194.917766
0	400.957332	400.611495	-401.803398
1	400.611495	400.189527	-401.799369
2	400.189527	399.674786	-401.794454
3	399.674786	399.047053	-401.788457
4	399.047053	398.281785	-401.781142
5	398.281785	397.349238	-401.772224
6	397.349238	396.213423	-401.761354
7	396.213423	394.830893	-401.748113
8	394.830893	393.149328	-401.731991
9	393.149328	391.105933	-401.712375
10	391.105933	388.625634	-401.688530
11	388.625634	385.619126	-401.659574
12	385.619126	381.980817	-401.624456
13	381.980817	377.586817	-401.581931
14	377.586817	372.293148	-401.530534
15	372.293148	365.934517	-401.468559
16	365.934517	358.324080	-401.394040
17	358.324080	349.254860	-401.304745
18	349.254860	338.503642	-401.198193
19	338.503642	325.838398	-401.071700
20	325.838398	311.030417	-400.922467
21	311.030417	293.872298	-400.747742
22	293.872298	274.202653	-400.545061
23	274.202653	251.937570	-400.312608
24	251.937570	227.107444	-400.049696
25	227.107444	199.895696	-399.757398
26	199.895696	170.673248	-399.439295
27	170.673248	140.020154	-399.102310
28	140.020154	108.724421	-398.757523
29	108.724421	77.749175	-398.420825
30	77.749175	48.163969	-398.113220
31	48.163969	21.044067	-397.860576
32	21.044067	-2.648674	-397.692652
33	-2.648674	-22.181615	-397.641335
34	-22.181615	-37.139315	-397.738201
35	-37.139315	-47.463909	-398.011642
36	-47.463909	-53.439402	-398.484003
37	-53.439402	-55.625597	-399.169207
38	-55.625597	-54.759153	-400.071271
39	-54.759153	-51.644946	-401.183965
40	-51.644946	-47.059225	-402.491619
41	-47.059225	-41.679003	-403.970861
42	-41.679003	-36.043052	-405.592898
43	-36.043052	-30.541913	-407.325928
44	-30.541913	-25.429481	-409.137304
45	-25.429481	-20.847115	-410.995204
46	-20.847115	-16.852165	-412.869713
47	-16.852165	-13.445050	-414.733371
48	-13.445050	-10.591570	-416.561338
49	-10.591570	-8.239301	-418.331387
50	-8.239301	-6.328429	-420.023893
51	-6.328429	-4.798214	-421.621944
52	-4.798214	-3.590476	-423.111599
53	-3.590476	-2.651343	-424.482222
54	-2.651343	-1.932117	-425.726789
55	-1.932117	-1.389718	-426.842025
56	-1.389718	-0.986878	-427.828318
57	-0.986878	-0.692129	-428.689373
58	-0.692129	-0.479558	-429.431666
59	-0.479558	-0.328359	-430.063760
60	-0.328359	-0.222224	-430.595608
61	-0.222224	-0.148662	-431.037884
62	-0.148662	-0.098304	-431.401431
63	-0.098304	-0.064251	-431.696823
64	-0.064251	-0.041509	-431.934066
65	-0.041509	-0.026518	-432.122400
66	-0.026518	-0.016770	-432.270205
67	-0.016770	-0.010527	-432.384961
68	-0.010527	-0.006591	-432.473261
69	-0.006591	-0.004150	-432.540838
70	-0.004150	-0.002660	-432.592611
71	-0.002660	-0.001762	-432.632723
72	-0.001762	-0.001222	-432.664587
73	-0.001222	-0.000892	-432.690922
74	-0.000892	-0.000683	-432.713799
75	-0.000683	-0.000540	-432.734699
76	-0.000540	-0.000434	-432.754576
77	-0.000434	-0.000349	-432.773949
78	-0.000349	-0.000279	-432.792998
79	-0.000279	-0.000220	-432.811666
80	-0.000220	-0.000170	-432.829759
81	-0.000170	-0.000130	-432.847029
82	-0.000130	-0.000097	-432.863235
83	-0.000097	-0.000072	-432.878185
84	-0.000072	-0.000052	-432.891753
85	-0.000052	-0.000037	-432.903884
86	-0.000037	-0.000027	-432.914587
87	-0.000027	-0.000019	-432.923919
88	-0.000019	-0.000013	-432.931975
89	-0.000013	-0.000009	-432.938868
90	-0.000009	-0.000006	-432.944723
91	-0.000006	-0.000004	-432.949665
92	-0.000004	-0.000003	-432.953814
93	-0.000003	-0.000002	-432.957283
94	-0.000002	-0.000001	-432.960172
95	-0.000001	-0.000001	-432.962572
96	-0.000001	-0.000001	-432.964559
97	-0.000001	-0.000000	-432.966202
98	-0.000000	-0.000000	-432.967558
99	-0.000000	-0.000000	-432.968675
REMLE (delta=0.032581, REML=-397.640274, REML0=-432.973803)- elapsed CPU time is 0.013241
eigen_L - elapsed CPU time is 0.047709


Reading TPED file /mnt/data/shahar/gwas_barley/morexV3_analysis/barley_for_publication_project/01_USED_GWAS_V2_pipeline/intermediates/morexV3_gwas_genotypes...

Reading 0-th SNP and testing association....

Reading 10000-th SNP and testing association....

Reading 20000-th SNP and testing association....

Reading 30000-th SNP and testing association....

Reading 40000-th SNP and testing association....

Reading 50000-th SNP and testing association....

Reading 60000-th SNP and testing association....

Reading 70000-th SNP and testing association....

Reading 80000-th SNP and testing association....

Reading 90000-th SNP and testing association....

Reading 100000-th SNP and testing association....

Reading 110000-th SNP and testing association....

Reading 120000-th SNP and testing association....

Reading 130000-th SNP and testing association....

Reading 140000-th SNP and testing association....

Reading 150000-th SNP and testing association....

Reading 160000-th SNP and testing association....

Reading 170000-th SNP and testing association....

Reading 180000-th SNP and testing association....

Reading 190000-th SNP and testing association....

Reading 200000-th SNP and testing association....

Reading 210000-th SNP and testing association....

Reading 220000-th SNP and testing association....

Reading 230000-th SNP and testing association....

Reading 240000-th SNP and testing association....

Reading 250000-th SNP and testing association....

Reading 260000-th SNP and testing association....

Reading 270000-th SNP and testing association....

Reading 280000-th SNP and testing association....

Reading 290000-th SNP and testing association....

Reading 300000-th SNP and testing association....

Reading 310000-th SNP and testing association....

Reading 320000-th SNP and testing association....

Reading 330000-th SNP and testing association....

Reading 340000-th SNP and testing association....

Reading 350000-th SNP and testing association....

Reading 360000-th SNP and testing association....

Reading 370000-th SNP and testing association....

Reading 380000-th SNP and testing association....

Reading 390000-th SNP and testing association....

Reading 400000-th SNP and testing association....

Reading 410000-th SNP and testing association....

Reading 420000-th SNP and testing association....

Reading 430000-th SNP and testing association....

Reading 440000-th SNP and testing association....

Reading 450000-th SNP and testing association....

Reading 460000-th SNP and testing association....

Reading 470000-th SNP and testing association....

Reading 480000-th SNP and testing association....

Reading 490000-th SNP and testing association....

Reading 500000-th SNP and testing association....

Reading 510000-th SNP and testing association....

Reading 520000-th SNP and testing association....

Reading 530000-th SNP and testing association....

Reading 540000-th SNP and testing association....

Reading 550000-th SNP and testing association....

Reading 560000-th SNP and testing association....

Reading 570000-th SNP and testing association....

Reading 580000-th SNP and testing association....

Reading 590000-th SNP and testing association....

Reading 600000-th SNP and testing association....

Reading 610000-th SNP and testing association....

Reading 620000-th SNP and testing association....

Reading 630000-th SNP and testing association....

Reading 640000-th SNP and testing association....

Reading 650000-th SNP and testing association....

Reading 660000-th SNP and testing association....

Reading 670000-th SNP and testing association....

Reading 680000-th SNP and testing association....

Reading 690000-th SNP and testing association....

Reading 700000-th SNP and testing association....

Reading 710000-th SNP and testing association....

Reading 720000-th SNP and testing association....

Reading 730000-th SNP and testing association....

Reading 740000-th SNP and testing association....

Reading 750000-th SNP and testing association....

Reading 760000-th SNP and testing association....

Reading 770000-th SNP and testing association....

Reading 780000-th SNP and testing association....

Reading 790000-th SNP and testing association....

Reading 800000-th SNP and testing association....

Reading 810000-th SNP and testing association....

Reading 820000-th SNP and testing association....

Reading 830000-th SNP and testing association....

Reading 840000-th SNP and testing association....

Reading 850000-th SNP and testing association....

Reading 860000-th SNP and testing association....

Reading 870000-th SNP and testing association....

Reading 880000-th SNP and testing association....

Reading 890000-th SNP and testing association....

Reading 900000-th SNP and testing association....

Reading 910000-th SNP and testing association....

Reading 920000-th SNP and testing association....

Reading 930000-th SNP and testing association....

Reading 940000-th SNP and testing association....

Reading 950000-th SNP and testing association....

Reading 960000-th SNP and testing association....

Reading 970000-th SNP and testing association....

Reading 980000-th SNP and testing association....

Reading 990000-th SNP and testing association....

Reading 1000000-th SNP and testing association....

Reading 1010000-th SNP and testing association....

Reading 1020000-th SNP and testing association....

Reading 1030000-th SNP and testing association....

Reading 1040000-th SNP and testing association....

Reading 1050000-th SNP and testing association....

Reading 1060000-th SNP and testing association....

Reading 1070000-th SNP and testing association....

Reading 1080000-th SNP and testing association....

Reading 1090000-th SNP and testing association....

Reading 1100000-th SNP and testing association....

Reading 1110000-th SNP and testing association....

Reading 1120000-th SNP and testing association....

Reading 1130000-th SNP and testing association....

Reading 1140000-th SNP and testing association....

Reading 1150000-th SNP and testing association....

Reading 1160000-th SNP and testing association....

Reading 1170000-th SNP and testing association....

Reading 1180000-th SNP and testing association....

Reading 1190000-th SNP and testing association....

Reading 1200000-th SNP and testing association....

Reading 1210000-th SNP and testing association....

Reading 1220000-th SNP and testing association....

Reading 1230000-th SNP and testing association....

Reading 1240000-th SNP and testing association....

Reading 1250000-th SNP and testing association....

Reading 1260000-th SNP and testing association....

Reading 1270000-th SNP and testing association....

Reading 1280000-th SNP and testing association....

Reading 1290000-th SNP and testing association....

Reading 1300000-th SNP and testing association....

Reading 1310000-th SNP and testing association....

Reading 1320000-th SNP and testing association....

Reading 1330000-th SNP and testing association....

Reading 1340000-th SNP and testing association....

Reading 1350000-th SNP and testing association....

Reading 1360000-th SNP and testing association....

Reading 1370000-th SNP and testing association....

Reading 1380000-th SNP and testing association....

Reading 1390000-th SNP and testing association....

Reading 1400000-th SNP and testing association....

Reading 1410000-th SNP and testing association....

Reading 1420000-th SNP and testing association....

Reading 1430000-th SNP and testing association....

Reading 1440000-th SNP and testing association....

Reading 1450000-th SNP and testing association....

Reading 1460000-th SNP and testing association....

Reading 1470000-th SNP and testing association....

Reading 1480000-th SNP and testing association....

Reading 1490000-th SNP and testing association....

Reading 1500000-th SNP and testing association....

Reading 1510000-th SNP and testing association....

Reading 1520000-th SNP and testing association....

Reading 1530000-th SNP and testing association....

Reading 1540000-th SNP and testing association....

Reading 1550000-th SNP and testing association....

Reading 1560000-th SNP and testing association....

Reading 1570000-th SNP and testing association....

Reading 1580000-th SNP and testing association....

Reading 1590000-th SNP and testing association....

Reading 1600000-th SNP and testing association....

Reading 1610000-th SNP and testing association....

Reading 1620000-th SNP and testing association....

Reading 1630000-th SNP and testing association....

Reading 1640000-th SNP and testing association....

Reading 1650000-th SNP and testing association....

Reading 1660000-th SNP and testing association....

Reading 1670000-th SNP and testing association....

Reading 1680000-th SNP and testing association....

Reading 1690000-th SNP and testing association....

Reading 1700000-th SNP and testing association....

Reading 1710000-th SNP and testing association....

Reading 1720000-th SNP and testing association....

Reading 1730000-th SNP and testing association....

Reading 1740000-th SNP and testing association....

Reading 1750000-th SNP and testing association....

Reading 1760000-th SNP and testing association....

Reading 1770000-th SNP and testing association....

Reading 1780000-th SNP and testing association....

Reading 1790000-th SNP and testing association....

Reading 1800000-th SNP and testing association....

Reading 1810000-th SNP and testing association....

Reading 1820000-th SNP and testing association....

Reading 1830000-th SNP and testing association....

Reading 1840000-th SNP and testing association....

Reading 1850000-th SNP and testing association....

Reading 1860000-th SNP and testing association....

Reading 1870000-th SNP and testing association....

Reading 1880000-th SNP and testing association....

Reading 1890000-th SNP and testing association....

Reading 1900000-th SNP and testing association....

Reading 1910000-th SNP and testing association....

Reading 1920000-th SNP and testing association....

Reading 1930000-th SNP and testing association....

Reading 1940000-th SNP and testing association....

Reading 1950000-th SNP and testing association....

Reading 1960000-th SNP and testing association....

Reading 1970000-th SNP and testing association....

Reading 1980000-th SNP and testing association....

Reading 1990000-th SNP and testing association....

Reading 2000000-th SNP and testing association....

Reading 2010000-th SNP and testing association....

Reading 2020000-th SNP and testing association....

Reading 2030000-th SNP and testing association....

Reading 2040000-th SNP and testing association....

Reading 2050000-th SNP and testing association....

Reading 2060000-th SNP and testing association....

Reading 2070000-th SNP and testing association....

Reading 2080000-th SNP and testing association....

Reading 2090000-th SNP and testing association....

Reading 2100000-th SNP and testing association....

Reading 2110000-th SNP and testing association....

Reading 2120000-th SNP and testing association....

Reading 2130000-th SNP and testing association....

Reading 2140000-th SNP and testing association....

Reading 2150000-th SNP and testing association....

Reading 2160000-th SNP and testing association....

Reading 2170000-th SNP and testing association....

Reading 2180000-th SNP and testing association....

Reading 2190000-th SNP and testing association....

Reading 2200000-th SNP and testing association....

Reading 2210000-th SNP and testing association....

Reading 2220000-th SNP and testing association....

Reading 2230000-th SNP and testing association....

Reading 2240000-th SNP and testing association....

Reading 2250000-th SNP and testing association....

Reading 2260000-th SNP and testing association....

Reading 2270000-th SNP and testing association....

Reading 2280000-th SNP and testing association....

Reading 2290000-th SNP and testing association....

Reading 2300000-th SNP and testing association....

Reading 2310000-th SNP and testing association....

Reading 2320000-th SNP and testing association....

Reading 2330000-th SNP and testing association....

Reading 2340000-th SNP and testing association....

Reading 2350000-th SNP and testing association....

Reading 2360000-th SNP and testing association....

Reading 2370000-th SNP and testing association....

Reading 2380000-th SNP and testing association....

Reading 2390000-th SNP and testing association....

Reading 2400000-th SNP and testing association....

Reading 2410000-th SNP and testing association....

Reading 2420000-th SNP and testing association....

Reading 2430000-th SNP and testing association....

Reading 2440000-th SNP and testing association....

Reading 2450000-th SNP and testing association....

Reading 2460000-th SNP and testing association....

Reading 2470000-th SNP and testing association....

Reading 2480000-th SNP and testing association....

Reading 2490000-th SNP and testing association....

Reading 2500000-th SNP and testing association....

Reading 2510000-th SNP and testing association....

Reading 2520000-th SNP and testing association....

Reading 2530000-th SNP and testing association....

Reading 2540000-th SNP and testing association....

Reading 2550000-th SNP and testing association....

Reading 2560000-th SNP and testing association....

Reading 2570000-th SNP and testing association....

Reading 2580000-th SNP and testing association....

Reading 2590000-th SNP and testing association....

Reading 2600000-th SNP and testing association....

Reading 2610000-th SNP and testing association....

Reading 2620000-th SNP and testing association....

Reading 2630000-th SNP and testing association....

Reading 2640000-th SNP and testing association....

Reading 2650000-th SNP and testing association....

Reading 2660000-th SNP and testing association....

Reading 2670000-th SNP and testing association....

Reading 2680000-th SNP and testing association....

Reading 2690000-th SNP and testing association....

Reading 2700000-th SNP and testing association....

Reading 2710000-th SNP and testing association....

Reading 2720000-th SNP and testing association....

Reading 2730000-th SNP and testing association....

Reading 2740000-th SNP and testing association....

Reading 2750000-th SNP and testing association....

Reading 2760000-th SNP and testing association....

Reading 2770000-th SNP and testing association....

Reading 2780000-th SNP and testing association....

Reading 2790000-th SNP and testing association....

Reading 2800000-th SNP and testing association....

Reading 2810000-th SNP and testing association....

Reading 2820000-th SNP and testing association....

Reading 2830000-th SNP and testing association....

Reading 2840000-th SNP and testing association....

Reading 2850000-th SNP and testing association....

Reading 2860000-th SNP and testing association....

Reading 2870000-th SNP and testing association....

Reading 2880000-th SNP and testing association....

Reading 2890000-th SNP and testing association....

Reading 2900000-th SNP and testing association....

Reading 2910000-th SNP and testing association....

Reading 2920000-th SNP and testing association....

Reading 2930000-th SNP and testing association....

Reading 2940000-th SNP and testing association....

Reading 2950000-th SNP and testing association....

Reading 2960000-th SNP and testing association....

Reading 2970000-th SNP and testing association....

Reading 2980000-th SNP and testing association....

Reading 2990000-th SNP and testing association....

Reading 3000000-th SNP and testing association....

Reading 3010000-th SNP and testing association....

Reading 3020000-th SNP and testing association....

Reading 3030000-th SNP and testing association....

Reading 3040000-th SNP and testing association....

Reading 3050000-th SNP and testing association....

Reading 3060000-th SNP and testing association....

Reading 3070000-th SNP and testing association....

Reading 3080000-th SNP and testing association....

Reading 3090000-th SNP and testing association....

Reading 3100000-th SNP and testing association....

Reading 3110000-th SNP and testing association....

Reading 3120000-th SNP and testing association....

Reading 3130000-th SNP and testing association....

Reading 3140000-th SNP and testing association....

Reading 3150000-th SNP and testing association....

Reading 3160000-th SNP and testing association....

Reading 3170000-th SNP and testing association....

Reading 3180000-th SNP and testing association....

Reading 3190000-th SNP and testing association....

Reading 3200000-th SNP and testing association....

Reading 3210000-th SNP and testing association....

Reading 3220000-th SNP and testing association....

Reading 3230000-th SNP and testing association....

Reading 3240000-th SNP and testing association....

Reading 3250000-th SNP and testing association....

Reading 3260000-th SNP and testing association....

Reading 3270000-th SNP and testing association....

Reading 3280000-th SNP and testing association....

Reading 3290000-th SNP and testing association....

Reading 3300000-th SNP and testing association....

Reading 3310000-th SNP and testing association....

Reading 3320000-th SNP and testing association....

Reading 3330000-th SNP and testing association....

Reading 3340000-th SNP and testing association....

Reading 3350000-th SNP and testing association....

Reading 3360000-th SNP and testing association....

Reading 3370000-th SNP and testing association....

Reading 3380000-th SNP and testing association....

Reading 3390000-th SNP and testing association....

Reading 3400000-th SNP and testing association....

Reading 3410000-th SNP and testing association....

Reading 3420000-th SNP and testing association....

Reading 3430000-th SNP and testing association....

Reading 3440000-th SNP and testing association....

Reading 3450000-th SNP and testing association....

Reading 3460000-th SNP and testing association....

Reading 3470000-th SNP and testing association....

Reading 3480000-th SNP and testing association....

Reading 3490000-th SNP and testing association....

Reading 3500000-th SNP and testing association....

Reading 3510000-th SNP and testing association....

Reading 3520000-th SNP and testing association....

Reading 3530000-th SNP and testing association....

Reading 3540000-th SNP and testing association....

Reading 3550000-th SNP and testing association....

Reading 3560000-th SNP and testing association....

Reading 3570000-th SNP and testing association....

Reading 3580000-th SNP and testing association....

Reading 3590000-th SNP and testing association....

Reading 3600000-th SNP and testing association....

Reading 3610000-th SNP and testing association....

Reading 3620000-th SNP and testing association....

Reading 3630000-th SNP and testing association....

Reading 3640000-th SNP and testing association....

Reading 3650000-th SNP and testing association....

Reading 3660000-th SNP and testing association....

Reading 3670000-th SNP and testing association....

Reading 3680000-th SNP and testing association....

Reading 3690000-th SNP and testing association....

Reading 3700000-th SNP and testing association....

Reading 3710000-th SNP and testing association....

Reading 3720000-th SNP and testing association....

Reading 3730000-th SNP and testing association....

Reading 3740000-th SNP and testing association....

Reading 3750000-th SNP and testing association....

Reading 3760000-th SNP and testing association....

Reading 3770000-th SNP and testing association....

Reading 3780000-th SNP and testing association....

Reading 3790000-th SNP and testing association....

Reading 3800000-th SNP and testing association....

Reading 3810000-th SNP and testing association....

Reading 3820000-th SNP and testing association....

Reading 3830000-th SNP and testing association....

Reading 3840000-th SNP and testing association....

Reading 3850000-th SNP and testing association....

Reading 3860000-th SNP and testing association....

Reading 3870000-th SNP and testing association....

Reading 3880000-th SNP and testing association....

Reading 3890000-th SNP and testing association....

Reading 3900000-th SNP and testing association....

Reading 3910000-th SNP and testing association....

Reading 3920000-th SNP and testing association....

Reading 3930000-th SNP and testing association....

Reading 3940000-th SNP and testing association....

Reading 3950000-th SNP and testing association....

Reading 3960000-th SNP and testing association....

Reading 3970000-th SNP and testing association....

Reading 3980000-th SNP and testing association....

Reading 3990000-th SNP and testing association....

Reading 4000000-th SNP and testing association....

Reading 4010000-th SNP and testing association....

Reading 4020000-th SNP and testing association....

Reading 4030000-th SNP and testing association....

Reading 4040000-th SNP and testing association....

Reading 4050000-th SNP and testing association....

Reading 4060000-th SNP and testing association....

Reading 4070000-th SNP and testing association....

Reading 4080000-th SNP and testing association....

Reading 4090000-th SNP and testing association....

Reading 4100000-th SNP and testing association....

Reading 4110000-th SNP and testing association....

Reading 4120000-th SNP and testing association....

Reading 4130000-th SNP and testing association....

Reading 4140000-th SNP and testing association....

Reading 4150000-th SNP and testing association....

Reading 4160000-th SNP and testing association....

Reading 4170000-th SNP and testing association....

Reading 4180000-th SNP and testing association....

Reading 4190000-th SNP and testing association....

Reading 4200000-th SNP and testing association....

Reading 4210000-th SNP and testing association....

Reading 4220000-th SNP and testing association....

Reading 4230000-th SNP and testing association....

Reading 4240000-th SNP and testing association....

Reading 4250000-th SNP and testing association....

Reading 4260000-th SNP and testing association....

Reading 4270000-th SNP and testing association....

Reading 4280000-th SNP and testing association....

Reading 4290000-th SNP and testing association....

Reading 4300000-th SNP and testing association....

Reading 4310000-th SNP and testing association....

Reading 4320000-th SNP and testing association....

Reading 4330000-th SNP and testing association....

Reading 4340000-th SNP and testing association....

Reading 4350000-th SNP and testing association....

Reading 4360000-th SNP and testing association....

Reading 4370000-th SNP and testing association....

Reading 4380000-th SNP and testing association....

Reading 4390000-th SNP and testing association....

Reading 4400000-th SNP and testing association....

Reading 4410000-th SNP and testing association....

Reading 4420000-th SNP and testing association....

Reading 4430000-th SNP and testing association....

Reading 4440000-th SNP and testing association....

Reading 4450000-th SNP and testing association....

Reading 4460000-th SNP and testing association....

Reading 4470000-th SNP and testing association....

Reading 4480000-th SNP and testing association....

Reading 4490000-th SNP and testing association....

Reading 4500000-th SNP and testing association....

Reading 4510000-th SNP and testing association....

Reading 4520000-th SNP and testing association....

Reading 4530000-th SNP and testing association....

Reading 4540000-th SNP and testing association....

Reading 4550000-th SNP and testing association....

Reading 4560000-th SNP and testing association....

Reading 4570000-th SNP and testing association....

Reading 4580000-th SNP and testing association....

Reading 4590000-th SNP and testing association....

Reading 4600000-th SNP and testing association....

Reading 4610000-th SNP and testing association....

Reading 4620000-th SNP and testing association....

Reading 4630000-th SNP and testing association....

Reading 4640000-th SNP and testing association....

Reading 4650000-th SNP and testing association....

Reading 4660000-th SNP and testing association....

Reading 4670000-th SNP and testing association....

Reading 4680000-th SNP and testing association....

Reading 4690000-th SNP and testing association....

Reading 4700000-th SNP and testing association....

Reading 4710000-th SNP and testing association....

Reading 4720000-th SNP and testing association....

Reading 4730000-th SNP and testing association....

Reading 4740000-th SNP and testing association....

Reading 4750000-th SNP and testing association....

Reading 4760000-th SNP and testing association....

Reading 4770000-th SNP and testing association....

Reading 4780000-th SNP and testing association....

Reading 4790000-th SNP and testing association....

Reading 4800000-th SNP and testing association....

Reading 4810000-th SNP and testing association....

Reading 4820000-th SNP and testing association....

Reading 4830000-th SNP and testing association....

Reading 4840000-th SNP and testing association....

Reading 4850000-th SNP and testing association....

Reading 4860000-th SNP and testing association....

Reading 4870000-th SNP and testing association....

Reading 4880000-th SNP and testing association....

Reading 4890000-th SNP and testing association....

Reading 4900000-th SNP and testing association....

Reading 4910000-th SNP and testing association....

Reading 4920000-th SNP and testing association....

Reading 4930000-th SNP and testing association....

Reading 4940000-th SNP and testing association....

Reading 4950000-th SNP and testing association....

Reading 4960000-th SNP and testing association....

Reading 4970000-th SNP and testing association....

Reading 4980000-th SNP and testing association....

Reading 4990000-th SNP and testing association....

Reading 5000000-th SNP and testing association....

Reading 5010000-th SNP and testing association....

Reading 5020000-th SNP and testing association....

Reading 5030000-th SNP and testing association....

Reading 5040000-th SNP and testing association....

Reading 5050000-th SNP and testing association....

Reading 5060000-th SNP and testing association....

Reading 5070000-th SNP and testing association....

Reading 5080000-th SNP and testing association....

Reading 5090000-th SNP and testing association....

Reading 5100000-th SNP and testing association....

Reading 5110000-th SNP and testing association....

Reading 5120000-th SNP and testing association....

Reading 5130000-th SNP and testing association....

Reading 5140000-th SNP and testing association....

Reading 5150000-th SNP and testing association....

Reading 5160000-th SNP and testing association....

Reading 5170000-th SNP and testing association....

Reading 5180000-th SNP and testing association....

Reading 5190000-th SNP and testing association....

Reading 5200000-th SNP and testing association....

Reading 5210000-th SNP and testing association....

Reading 5220000-th SNP and testing association....

Reading 5230000-th SNP and testing association....

Reading 5240000-th SNP and testing association....

Reading 5250000-th SNP and testing association....

Reading 5260000-th SNP and testing association....

Reading 5270000-th SNP and testing association....

Reading 5280000-th SNP and testing association....

Reading 5290000-th SNP and testing association....

Reading 5300000-th SNP and testing association....

Reading 5310000-th SNP and testing association....

Reading 5320000-th SNP and testing association....

Reading 5330000-th SNP and testing association....

Reading 5340000-th SNP and testing association....

Reading 5350000-th SNP and testing association....

Reading 5360000-th SNP and testing association....

Reading 5370000-th SNP and testing association....

Reading 5380000-th SNP and testing association....

Reading 5390000-th SNP and testing association....

Reading 5400000-th SNP and testing association....

Reading 5410000-th SNP and testing association....

Reading 5420000-th SNP and testing association....

Reading 5430000-th SNP and testing association....

Reading 5440000-th SNP and testing association....

Reading 5450000-th SNP and testing association....

Reading 5460000-th SNP and testing association....

Reading 5470000-th SNP and testing association....

Reading 5480000-th SNP and testing association....

Reading 5490000-th SNP and testing association....

Reading 5500000-th SNP and testing association....

Reading 5510000-th SNP and testing association....

Reading 5520000-th SNP and testing association....

Reading 5530000-th SNP and testing association....

Reading 5540000-th SNP and testing association....

Reading 5550000-th SNP and testing association....

Reading 5560000-th SNP and testing association....

Reading 5570000-th SNP and testing association....

Reading 5580000-th SNP and testing association....

Reading 5590000-th SNP and testing association....

Reading 5600000-th SNP and testing association....

Reading 5610000-th SNP and testing association....

Reading 5620000-th SNP and testing association....

Reading 5630000-th SNP and testing association....

Reading 5640000-th SNP and testing association....

Reading 5650000-th SNP and testing association....

Reading 5660000-th SNP and testing association....

Reading 5670000-th SNP and testing association....

Reading 5680000-th SNP and testing association....

Reading 5690000-th SNP and testing association....

Reading 5700000-th SNP and testing association....

Reading 5710000-th SNP and testing association....

Reading 5720000-th SNP and testing association....

Reading 5730000-th SNP and testing association....

Reading 5740000-th SNP and testing association....

Reading 5750000-th SNP and testing association....

Reading 5760000-th SNP and testing association....

Reading 5770000-th SNP and testing association....

Reading 5780000-th SNP and testing association....

Reading 5790000-th SNP and testing association....

Reading 5800000-th SNP and testing association....

Reading 5810000-th SNP and testing association....

Reading 5820000-th SNP and testing association....

Reading 5830000-th SNP and testing association....

Reading 5840000-th SNP and testing association....

Reading 5850000-th SNP and testing association....

Reading 5860000-th SNP and testing association....

Reading 5870000-th SNP and testing association....

Reading 5880000-th SNP and testing association....

Reading 5890000-th SNP and testing association....

Reading 5900000-th SNP and testing association....

Reading 5910000-th SNP and testing association....

Reading 5920000-th SNP and testing association....

Reading 5930000-th SNP and testing association....

Reading 5940000-th SNP and testing association....

Reading 5950000-th SNP and testing association....

Reading 5960000-th SNP and testing association....

Reading 5970000-th SNP and testing association....

Reading 5980000-th SNP and testing association....

Reading 5990000-th SNP and testing association....

Reading 6000000-th SNP and testing association....

Reading 6010000-th SNP and testing association....

Reading 6020000-th SNP and testing association....

Reading 6030000-th SNP and testing association....

Reading 6040000-th SNP and testing association....

Reading 6050000-th SNP and testing association....

Reading 6060000-th SNP and testing association....

Reading 6070000-th SNP and testing association....

Reading 6080000-th SNP and testing association....

Reading 6090000-th SNP and testing association....

Reading 6100000-th SNP and testing association....

Reading 6110000-th SNP and testing association....

Reading 6120000-th SNP and testing association....

Reading 6130000-th SNP and testing association....

Reading 6140000-th SNP and testing association....

Reading 6150000-th SNP and testing association....

Reading 6160000-th SNP and testing association....

Reading 6170000-th SNP and testing association....

Reading 6180000-th SNP and testing association....

Reading 6190000-th SNP and testing association....

Reading 6200000-th SNP and testing association....

Reading 6210000-th SNP and testing association....

Reading 6220000-th SNP and testing association....

Reading 6230000-th SNP and testing association....

Reading 6240000-th SNP and testing association....

Reading 6250000-th SNP and testing association....

Reading 6260000-th SNP and testing association....

Reading 6270000-th SNP and testing association....

Reading 6280000-th SNP and testing association....

Reading 6290000-th SNP and testing association....

Reading 6300000-th SNP and testing association....

Reading 6310000-th SNP and testing association....

Reading 6320000-th SNP and testing association....

Reading 6330000-th SNP and testing association....

Reading 6340000-th SNP and testing association....

Reading 6350000-th SNP and testing association....

Reading 6360000-th SNP and testing association....

Reading 6370000-th SNP and testing association....

Reading 6380000-th SNP and testing association....

Reading 6390000-th SNP and testing association....

Reading 6400000-th SNP and testing association....

Reading 6410000-th SNP and testing association....

Reading 6420000-th SNP and testing association....

Reading 6430000-th SNP and testing association....

Reading 6440000-th SNP and testing association....

Reading 6450000-th SNP and testing association....

Reading 6460000-th SNP and testing association....

Reading 6470000-th SNP and testing association....

Reading 6480000-th SNP and testing association....

Reading 6490000-th SNP and testing association....

Reading 6500000-th SNP and testing association....

Reading 6510000-th SNP and testing association....

Reading 6520000-th SNP and testing association....

Reading 6530000-th SNP and testing association....

Reading 6540000-th SNP and testing association....

Reading 6550000-th SNP and testing association....

Reading 6560000-th SNP and testing association....

Reading 6570000-th SNP and testing association....

Reading 6580000-th SNP and testing association....

Reading 6590000-th SNP and testing association....

Reading 6600000-th SNP and testing association....

Reading 6610000-th SNP and testing association....

Reading 6620000-th SNP and testing association....

Reading 6630000-th SNP and testing association....

Reading 6640000-th SNP and testing association....

Reading 6650000-th SNP and testing association....

Reading 6660000-th SNP and testing association....

Reading 6670000-th SNP and testing association....

Reading 6680000-th SNP and testing association....

Reading 6690000-th SNP and testing association....

Reading 6700000-th SNP and testing association....

Reading 6710000-th SNP and testing association....

Reading 6720000-th SNP and testing association....

Reading 6730000-th SNP and testing association....

Reading 6740000-th SNP and testing association....

Reading 6750000-th SNP and testing association....

Reading 6760000-th SNP and testing association....

Reading 6770000-th SNP and testing association....

Reading 6780000-th SNP and testing association....

Reading 6790000-th SNP and testing association....

Reading 6800000-th SNP and testing association....

Reading 6810000-th SNP and testing association....

Reading 6820000-th SNP and testing association....

Reading 6830000-th SNP and testing association....

Reading 6840000-th SNP and testing association....

Reading 6850000-th SNP and testing association....

Reading 6860000-th SNP and testing association....

Reading 6870000-th SNP and testing association....

Reading 6880000-th SNP and testing association....

Reading 6890000-th SNP and testing association....

Reading 6900000-th SNP and testing association....

Reading 6910000-th SNP and testing association....

Reading 6920000-th SNP and testing association....

Reading 6930000-th SNP and testing association....

Reading 6940000-th SNP and testing association....

Reading 6950000-th SNP and testing association....

Reading 6960000-th SNP and testing association....

Reading 6970000-th SNP and testing association....

Reading 6980000-th SNP and testing association....

Reading 6990000-th SNP and testing association....

Reading 7000000-th SNP and testing association....

Reading 7010000-th SNP and testing association....

Reading 7020000-th SNP and testing association....

Reading 7030000-th SNP and testing association....

Reading 7040000-th SNP and testing association....

Reading 7050000-th SNP and testing association....

Reading 7060000-th SNP and testing association....

Reading 7070000-th SNP and testing association....

Reading 7080000-th SNP and testing association....

Reading 7090000-th SNP and testing association....

Reading 7100000-th SNP and testing association....

Reading 7110000-th SNP and testing association....

GLS association - elapsed CPU time is 1220.530867

Breakdown for input file parsing : 634.822530

              matrix computation : 321.935166

             p-value computation : 58.566977

