
Reading TFAM file /mnt/data/shahar/gwas_barley/morexV3_analysis/barley_for_publication_project/01_USED_GWAS_V2_pipeline/intermediates/morexV3_gwas_genotypes.tfam ....


Reading kinship file /mnt/data/shahar/gwas_barley/morexV3_analysis/barley_for_publication_project/01_USED_GWAS_V2_pipeline/intermediates/morexV3_kinship.aIBS.kinf...

  290 rows and 290 columns were observed with 0 missing values.


Reading the phenotype file /mnt/data/shahar/gwas_barley/data/inputs/fiber_corrected_V3.pheno...

  290 rows and 1 columns were observed with 0 missing values


Reading covariate file /mnt/data/shahar/gwas_barley/morexV3_analysis/barley_for_publication_project/01_USED_GWAS_V2_pipeline/intermediates/covariates/pca_pc3.cov...

  290 rows and 3 columns were observed with 0 missing values. Make sure that the intercept is included in the covariates

File reading - elapsed CPU time is 0.019228

eRvals[0] = 0.024260, eRvals[n-q-1] = 194.919044, eRvals[n-q] = 0.000000
eigen_R - elapsed CPU time is 0.160722
etas[0] = -0.064025, lambdas[0] = 0.024260
etas[1] = 0.142528, lambdas[1] = 0.028012
etas[2] = -0.044846, lambdas[2] = 0.029349
etas[3] = -0.094213, lambdas[3] = 0.029685
etas[4] = 0.071892, lambdas[4] = 0.030250
etas[5] = -0.064540, lambdas[5] = 0.031062
etas[6] = -0.049396, lambdas[6] = 0.032120
etas[7] = 0.044255, lambdas[7] = 0.032463
etas[8] = -0.062113, lambdas[8] = 0.032705
etas[9] = 0.050741, lambdas[9] = 0.033161
etas[10] = 0.046560, lambdas[10] = 0.033914
etas[11] = -0.029394, lambdas[11] = 0.034581
etas[12] = 0.143294, lambdas[12] = 0.034932
etas[13] = -0.045751, lambdas[13] = 0.035258
etas[14] = -0.115049, lambdas[14] = 0.035632
etas[15] = -0.075955, lambdas[15] = 0.037092
etas[16] = 0.060748, lambdas[16] = 0.037619
etas[17] = -0.077554, lambdas[17] = 0.038082
etas[18] = -0.191545, lambdas[18] = 0.038669
etas[19] = 0.033073, lambdas[19] = 0.039170
etas[20] = -0.077377, lambdas[20] = 0.039653
etas[21] = -0.049753, lambdas[21] = 0.040239
etas[22] = 0.037928, lambdas[22] = 0.040520
etas[23] = 0.068819, lambdas[23] = 0.041180
etas[24] = -0.040907, lambdas[24] = 0.041463
etas[25] = -0.020873, lambdas[25] = 0.041825
etas[26] = 0.138601, lambdas[26] = 0.041969
etas[27] = 0.107988, lambdas[27] = 0.042254
etas[28] = -0.323010, lambdas[28] = 0.042448
etas[29] = -0.148296, lambdas[29] = 0.043254
etas[30] = -0.030003, lambdas[30] = 0.043752
etas[31] = -0.088984, lambdas[31] = 0.043932
etas[32] = -0.028260, lambdas[32] = 0.044270
etas[33] = 0.066713, lambdas[33] = 0.044491
etas[34] = -0.002859, lambdas[34] = 0.044741
etas[35] = 0.122587, lambdas[35] = 0.045007
etas[36] = 0.125364, lambdas[36] = 0.045273
etas[37] = 0.147742, lambdas[37] = 0.045708
etas[38] = -0.100537, lambdas[38] = 0.045954
etas[39] = 0.124441, lambdas[39] = 0.046077
etas[40] = -0.109282, lambdas[40] = 0.046260
etas[41] = -0.052511, lambdas[41] = 0.046463
etas[42] = -0.104479, lambdas[42] = 0.046590
etas[43] = -0.161702, lambdas[43] = 0.047040
etas[44] = -0.035520, lambdas[44] = 0.047273
etas[45] = -0.273709, lambdas[45] = 0.047366
etas[46] = -0.052319, lambdas[46] = 0.047463
etas[47] = -0.155524, lambdas[47] = 0.047935
etas[48] = 0.101173, lambdas[48] = 0.048190
etas[49] = -0.125604, lambdas[49] = 0.048584
etas[50] = -0.051310, lambdas[50] = 0.048767
etas[51] = 0.145572, lambdas[51] = 0.049458
etas[52] = -0.088443, lambdas[52] = 0.049683
etas[53] = -0.117514, lambdas[53] = 0.049964
etas[54] = 0.007864, lambdas[54] = 0.050489
etas[55] = -0.217551, lambdas[55] = 0.050613
etas[56] = 0.123298, lambdas[56] = 0.050799
etas[57] = 0.016538, lambdas[57] = 0.051002
etas[58] = 0.066530, lambdas[58] = 0.051252
etas[59] = -0.059399, lambdas[59] = 0.051781
etas[60] = 0.044163, lambdas[60] = 0.052313
etas[61] = 0.172181, lambdas[61] = 0.052603
etas[62] = 0.011616, lambdas[62] = 0.053507
etas[63] = -0.121215, lambdas[63] = 0.054069
etas[64] = -0.027920, lambdas[64] = 0.054200
etas[65] = -0.118205, lambdas[65] = 0.054556
etas[66] = 0.172425, lambdas[66] = 0.055528
etas[67] = -0.074236, lambdas[67] = 0.056656
etas[68] = -0.095173, lambdas[68] = 0.057829
etas[69] = 0.230463, lambdas[69] = 0.059866
etas[70] = 0.088620, lambdas[70] = 0.060192
etas[71] = -0.001219, lambdas[71] = 0.066667
etas[72] = 0.086965, lambdas[72] = 0.080309
etas[73] = 0.031659, lambdas[73] = 0.092885
etas[74] = 0.165712, lambdas[74] = 0.095636
etas[75] = -0.079321, lambdas[75] = 0.096461
etas[76] = 0.126666, lambdas[76] = 0.096948
etas[77] = 0.025861, lambdas[77] = 0.098023
etas[78] = -0.031002, lambdas[78] = 0.099519
etas[79] = 0.193721, lambdas[79] = 0.117756
etas[80] = 0.145191, lambdas[80] = 0.126786
etas[81] = -0.130197, lambdas[81] = 0.130090
etas[82] = -0.339844, lambdas[82] = 0.132676
etas[83] = 0.067786, lambdas[83] = 0.138672
etas[84] = -0.132788, lambdas[84] = 0.142430
etas[85] = 0.008855, lambdas[85] = 0.145815
etas[86] = 0.081699, lambdas[86] = 0.149577
etas[87] = -0.037500, lambdas[87] = 0.149834
etas[88] = -0.227209, lambdas[88] = 0.154063
etas[89] = 0.065861, lambdas[89] = 0.155408
etas[90] = -0.441534, lambdas[90] = 0.156186
etas[91] = -0.208459, lambdas[91] = 0.158992
etas[92] = 0.064549, lambdas[92] = 0.160842
etas[93] = 0.035704, lambdas[93] = 0.163790
etas[94] = 0.292577, lambdas[94] = 0.166532
etas[95] = 0.402005, lambdas[95] = 0.167180
etas[96] = -0.023947, lambdas[96] = 0.167688
etas[97] = -0.055378, lambdas[97] = 0.170962
etas[98] = 0.012190, lambdas[98] = 0.171721
etas[99] = -0.059789, lambdas[99] = 0.173140
etas[100] = 0.245136, lambdas[100] = 0.173647
etas[101] = 0.356277, lambdas[101] = 0.174515
etas[102] = 0.028609, lambdas[102] = 0.178095
etas[103] = -0.200286, lambdas[103] = 0.178423
etas[104] = -0.097434, lambdas[104] = 0.178963
etas[105] = -0.296077, lambdas[105] = 0.179234
etas[106] = 0.342567, lambdas[106] = 0.180636
etas[107] = -0.036222, lambdas[107] = 0.181244
etas[108] = -0.132892, lambdas[108] = 0.182516
etas[109] = 0.253791, lambdas[109] = 0.183875
etas[110] = 0.122409, lambdas[110] = 0.184300
etas[111] = -0.025568, lambdas[111] = 0.185829
etas[112] = 0.041352, lambdas[112] = 0.186669
etas[113] = 0.171544, lambdas[113] = 0.187019
etas[114] = 0.251639, lambdas[114] = 0.188205
etas[115] = -0.088471, lambdas[115] = 0.188856
etas[116] = -0.046327, lambdas[116] = 0.189369
etas[117] = 0.328992, lambdas[117] = 0.190896
etas[118] = -0.008348, lambdas[118] = 0.191161
etas[119] = -0.179835, lambdas[119] = 0.191779
etas[120] = -0.449297, lambdas[120] = 0.193039
etas[121] = -0.122294, lambdas[121] = 0.193311
etas[122] = -0.135041, lambdas[122] = 0.194000
etas[123] = -0.095585, lambdas[123] = 0.194478
etas[124] = -0.067623, lambdas[124] = 0.195600
etas[125] = -0.274909, lambdas[125] = 0.196220
etas[126] = -0.408685, lambdas[126] = 0.197160
etas[127] = -0.101712, lambdas[127] = 0.197891
etas[128] = -0.106898, lambdas[128] = 0.197959
etas[129] = 0.015428, lambdas[129] = 0.198581
etas[130] = 0.203802, lambdas[130] = 0.199157
etas[131] = -0.235660, lambdas[131] = 0.199776
etas[132] = -0.070531, lambdas[132] = 0.200349
etas[133] = -0.108518, lambdas[133] = 0.201771
etas[134] = -0.130790, lambdas[134] = 0.202281
etas[135] = -0.034263, lambdas[135] = 0.202816
etas[136] = -0.135312, lambdas[136] = 0.203484
etas[137] = 0.066644, lambdas[137] = 0.204127
etas[138] = -0.067908, lambdas[138] = 0.204388
etas[139] = 0.230938, lambdas[139] = 0.205450
etas[140] = 0.063138, lambdas[140] = 0.206805
etas[141] = -0.340086, lambdas[141] = 0.207800
etas[142] = 0.060307, lambdas[142] = 0.208111
etas[143] = -0.318861, lambdas[143] = 0.208788
etas[144] = 0.159027, lambdas[144] = 0.209704
etas[145] = 0.294521, lambdas[145] = 0.210428
etas[146] = 0.299920, lambdas[146] = 0.211797
etas[147] = -0.126857, lambdas[147] = 0.212004
etas[148] = 0.041187, lambdas[148] = 0.213189
etas[149] = -0.176041, lambdas[149] = 0.213416
etas[150] = -0.167586, lambdas[150] = 0.214154
etas[151] = -0.182801, lambdas[151] = 0.214870
etas[152] = -0.369207, lambdas[152] = 0.215258
etas[153] = -0.093271, lambdas[153] = 0.215711
etas[154] = 0.164743, lambdas[154] = 0.216341
etas[155] = -0.119230, lambdas[155] = 0.217000
etas[156] = -0.043449, lambdas[156] = 0.217696
etas[157] = -0.171757, lambdas[157] = 0.217933
etas[158] = -0.465254, lambdas[158] = 0.219226
etas[159] = -0.186738, lambdas[159] = 0.219522
etas[160] = 0.016728, lambdas[160] = 0.220127
etas[161] = -0.052968, lambdas[161] = 0.221317
etas[162] = 0.052618, lambdas[162] = 0.222125
etas[163] = -0.128910, lambdas[163] = 0.222611
etas[164] = -0.135390, lambdas[164] = 0.223420
etas[165] = -0.387745, lambdas[165] = 0.225432
etas[166] = 0.087602, lambdas[166] = 0.225686
etas[167] = 0.134839, lambdas[167] = 0.226155
etas[168] = -0.287001, lambdas[168] = 0.226601
etas[169] = -0.238786, lambdas[169] = 0.227819
etas[170] = 0.087254, lambdas[170] = 0.227993
etas[171] = 0.038433, lambdas[171] = 0.228986
etas[172] = 0.269738, lambdas[172] = 0.229859
etas[173] = -0.166934, lambdas[173] = 0.230018
etas[174] = -0.386679, lambdas[174] = 0.230418
etas[175] = -0.245696, lambdas[175] = 0.231485
etas[176] = 0.307420, lambdas[176] = 0.232308
etas[177] = 0.242380, lambdas[177] = 0.232828
etas[178] = -0.134309, lambdas[178] = 0.233380
etas[179] = 0.127284, lambdas[179] = 0.234614
etas[180] = 0.104738, lambdas[180] = 0.235109
etas[181] = 0.238935, lambdas[181] = 0.236166
etas[182] = -0.341331, lambdas[182] = 0.237265
etas[183] = 0.062901, lambdas[183] = 0.237873
etas[184] = 0.309384, lambdas[184] = 0.239395
etas[185] = -0.154402, lambdas[185] = 0.240269
etas[186] = 0.147468, lambdas[186] = 0.240861
etas[187] = -0.114608, lambdas[187] = 0.241511
etas[188] = 0.034039, lambdas[188] = 0.241737
etas[189] = -0.000304, lambdas[189] = 0.242264
etas[190] = -0.201493, lambdas[190] = 0.243888
etas[191] = -0.059872, lambdas[191] = 0.244293
etas[192] = -0.065461, lambdas[192] = 0.245443
etas[193] = -0.176724, lambdas[193] = 0.245737
etas[194] = -0.006943, lambdas[194] = 0.246314
etas[195] = 0.099485, lambdas[195] = 0.247403
etas[196] = -0.354170, lambdas[196] = 0.247958
etas[197] = -0.061046, lambdas[197] = 0.248539
etas[198] = 0.088667, lambdas[198] = 0.249388
etas[199] = -0.004672, lambdas[199] = 0.250799
etas[200] = -0.326663, lambdas[200] = 0.250925
etas[201] = -0.179345, lambdas[201] = 0.253531
etas[202] = 0.111668, lambdas[202] = 0.253957
etas[203] = 0.091069, lambdas[203] = 0.254492
etas[204] = -0.478161, lambdas[204] = 0.255347
etas[205] = 0.344138, lambdas[205] = 0.255870
etas[206] = 0.291325, lambdas[206] = 0.257696
etas[207] = -0.428177, lambdas[207] = 0.258348
etas[208] = 0.060186, lambdas[208] = 0.258523
etas[209] = 0.108460, lambdas[209] = 0.258666
etas[210] = -0.171192, lambdas[210] = 0.259935
etas[211] = -0.179726, lambdas[211] = 0.260634
etas[212] = -0.281434, lambdas[212] = 0.262406
etas[213] = -0.097777, lambdas[213] = 0.263085
etas[214] = 0.147061, lambdas[214] = 0.263368
etas[215] = 0.061735, lambdas[215] = 0.264189
etas[216] = -0.108572, lambdas[216] = 0.265374
etas[217] = 0.210147, lambdas[217] = 0.265989
etas[218] = -0.021765, lambdas[218] = 0.267079
etas[219] = -0.372728, lambdas[219] = 0.268230
etas[220] = -0.047915, lambdas[220] = 0.269888
etas[221] = -0.068929, lambdas[221] = 0.271952
etas[222] = 0.469930, lambdas[222] = 0.272659
etas[223] = -0.276373, lambdas[223] = 0.274146
etas[224] = -0.080861, lambdas[224] = 0.277201
etas[225] = -0.512623, lambdas[225] = 0.279836
etas[226] = -0.197430, lambdas[226] = 0.281303
etas[227] = -0.485684, lambdas[227] = 0.283196
etas[228] = 0.392835, lambdas[228] = 0.284193
etas[229] = 0.372749, lambdas[229] = 0.286465
etas[230] = 0.218907, lambdas[230] = 0.286696
etas[231] = 0.247800, lambdas[231] = 0.287974
etas[232] = 0.388984, lambdas[232] = 0.290693
etas[233] = 0.151297, lambdas[233] = 0.291832
etas[234] = -0.044479, lambdas[234] = 0.293082
etas[235] = 0.071262, lambdas[235] = 0.296440
etas[236] = 0.090895, lambdas[236] = 0.300196
etas[237] = 0.070299, lambdas[237] = 0.301455
etas[238] = -0.028394, lambdas[238] = 0.304126
etas[239] = -0.106527, lambdas[239] = 0.308258
etas[240] = 0.165557, lambdas[240] = 0.318900
etas[241] = 0.053265, lambdas[241] = 0.323696
etas[242] = 0.123768, lambdas[242] = 0.329568
etas[243] = -0.117740, lambdas[243] = 0.332646
etas[244] = 0.027108, lambdas[244] = 0.337231
etas[245] = 0.285575, lambdas[245] = 0.339015
etas[246] = 0.105072, lambdas[246] = 0.344884
etas[247] = 0.190944, lambdas[247] = 0.352159
etas[248] = -0.283222, lambdas[248] = 0.360261
etas[249] = 0.148268, lambdas[249] = 0.364910
etas[250] = -0.212513, lambdas[250] = 0.394015
etas[251] = -0.430764, lambdas[251] = 0.405418
etas[252] = -0.256594, lambdas[252] = 0.409897
etas[253] = 0.038516, lambdas[253] = 0.418070
etas[254] = 0.441741, lambdas[254] = 0.428056
etas[255] = 0.010357, lambdas[255] = 0.435557
etas[256] = -0.409519, lambdas[256] = 0.444575
etas[257] = 0.079922, lambdas[257] = 0.448919
etas[258] = -0.136542, lambdas[258] = 0.471784
etas[259] = -0.132768, lambdas[259] = 0.482764
etas[260] = -0.189248, lambdas[260] = 0.492819
etas[261] = 0.490379, lambdas[261] = 0.500117
etas[262] = 0.295455, lambdas[262] = 0.520012
etas[263] = -0.001344, lambdas[263] = 0.561475
etas[264] = -0.651548, lambdas[264] = 0.577673
etas[265] = 0.054399, lambdas[265] = 0.588074
etas[266] = 0.063044, lambdas[266] = 0.606532
etas[267] = 0.154416, lambdas[267] = 0.618411
etas[268] = -0.331366, lambdas[268] = 0.638991
etas[269] = -0.174765, lambdas[269] = 0.652849
etas[270] = 0.202513, lambdas[270] = 0.654533
etas[271] = 0.123228, lambdas[271] = 0.723663
etas[272] = 0.370583, lambdas[272] = 0.742652
etas[273] = 0.637877, lambdas[273] = 0.756600
etas[274] = 0.539428, lambdas[274] = 0.849408
etas[275] = -0.088780, lambdas[275] = 0.854678
etas[276] = -0.465837, lambdas[276] = 0.902962
etas[277] = -0.172597, lambdas[277] = 1.010361
etas[278] = -0.153653, lambdas[278] = 1.018749
etas[279] = -0.228960, lambdas[279] = 1.107579
etas[280] = 0.373930, lambdas[280] = 1.151074
etas[281] = -0.311101, lambdas[281] = 1.284806
etas[282] = -0.796585, lambdas[282] = 1.450214
etas[283] = 0.530721, lambdas[283] = 1.538245
etas[284] = 0.468659, lambdas[284] = 1.655926
etas[285] = 0.229696, lambdas[285] = 1.732079
etas[286] = -0.375691, lambdas[286] = 194.919044
0	193.008581	192.836304	69.777738
1	192.836304	192.626082	69.779677
2	192.626082	192.369613	69.782044
3	192.369613	192.056803	69.784930
4	192.056803	191.675392	69.788451
5	191.675392	191.210513	69.792743
6	191.210513	190.644161	69.797973
7	190.644161	189.954579	69.804345
8	189.954579	189.115529	69.812102
9	189.115529	188.095471	69.821538
10	188.095471	186.856623	69.833007
11	186.856623	185.353927	69.846931
12	185.353927	183.533947	69.863814
13	183.533947	181.333737	69.884251
14	181.333737	178.679792	69.908940
15	178.679792	175.487196	69.938694
16	175.487196	171.659185	69.974445
17	171.659185	167.087436	70.017245
18	167.087436	161.653462	70.068256
19	161.653462	155.231653	70.128718
20	155.231653	147.694558	70.199901
21	147.694558	138.921094	70.283009
22	138.921094	128.808253	70.379044
23	128.808253	117.286636	70.488598
24	117.286636	104.339576	70.611570
25	104.339576	90.024677	70.746796
26	90.024677	74.495324	70.891579
27	74.495324	58.018255	71.041160
28	58.018255	40.982021	71.188148
29	40.982021	23.890682	71.322003
30	23.890682	7.338151	71.428685
31	7.338151	-8.038396	71.490596
32	-8.038396	-21.622704	71.486976
33	-21.622704	-32.892140	71.394842
34	-32.892140	-41.485194	71.190494
35	-41.485194	-47.248739	70.851479
36	-47.248739	-50.253364	70.358762
37	-50.253364	-50.772720	69.698752
38	-50.772720	-49.232155	68.864814
39	-49.232155	-46.139605	67.857988
40	-46.139605	-42.014828	66.686787
41	-42.014828	-37.331045	65.366184
42	-37.331045	-32.477305	63.916051
43	-32.477305	-27.743096	62.359411
44	-27.743096	-23.321346	60.720843
45	-23.321346	-19.323162	59.025251
46	-19.323162	-15.797527	57.297093
47	-15.797527	-12.750685	55.559977
48	-12.750685	-10.162204	53.836497
49	-10.162204	-7.996680	52.148104
50	-7.996680	-6.211429	50.514891
51	-6.211429	-4.761138	48.955212
52	-4.761138	-3.600561	47.485158
53	-3.600561	-2.686122	46.117987
54	-2.686122	-1.976978	44.863597
55	-1.976978	-1.435799	43.728191
56	-1.435799	-1.029346	42.714192
57	-1.029346	-0.728816	41.820434
58	-0.728816	-0.509940	41.042605
59	-0.509940	-0.352819	40.373855
60	-0.352819	-0.241572	39.805487
61	-0.241572	-0.163830	39.327640
62	-0.163830	-0.110178	38.929903
63	-0.110178	-0.073595	38.601817
64	-0.073595	-0.048941	38.333248
65	-0.048941	-0.032515	38.114656
66	-0.032515	-0.021689	37.937249
67	-0.021689	-0.014624	37.793080
68	-0.014624	-0.010048	37.675083
69	-0.010048	-0.007094	37.577086
70	-0.007094	-0.005177	37.493806
71	-0.005177	-0.003913	37.420844
72	-0.003913	-0.003050	37.354672
73	-0.003050	-0.002432	37.292614
74	-0.002432	-0.001964	37.232808
75	-0.001964	-0.001590	37.174144
76	-0.001590	-0.001281	37.116168
77	-0.001281	-0.001021	37.058948
78	-0.001021	-0.000802	37.002929
79	-0.000802	-0.000621	36.948764
80	-0.000621	-0.000472	36.897172
81	-0.000472	-0.000354	36.848813
82	-0.000354	-0.000261	36.804209
83	-0.000261	-0.000190	36.763697
84	-0.000190	-0.000137	36.727426
85	-0.000137	-0.000097	36.695370
86	-0.000097	-0.000069	36.667365
87	-0.000069	-0.000048	36.643147
88	-0.000048	-0.000033	36.622386
89	-0.000033	-0.000023	36.604722
90	-0.000023	-0.000016	36.589791
91	-0.000016	-0.000011	36.577236
92	-0.000011	-0.000007	36.566729
93	-0.000007	-0.000005	36.557968
94	-0.000005	-0.000003	36.550687
95	-0.000003	-0.000002	36.544651
96	-0.000002	-0.000002	36.539659
97	-0.000002	-0.000001	36.535538
98	-0.000001	-0.000001	36.532140
99	-0.000001	-0.000000	36.529342
REMLE (delta=0.024553, REML=71.498423, REML0=36.516526)- elapsed CPU time is 0.012261
eigen_L - elapsed CPU time is 0.062409


Reading TPED file /mnt/data/shahar/gwas_barley/morexV3_analysis/barley_for_publication_project/01_USED_GWAS_V2_pipeline/intermediates/morexV3_gwas_genotypes...

Reading 0-th SNP and testing association....

Reading 10000-th SNP and testing association....

Reading 20000-th SNP and testing association....

Reading 30000-th SNP and testing association....

Reading 40000-th SNP and testing association....

Reading 50000-th SNP and testing association....

Reading 60000-th SNP and testing association....

Reading 70000-th SNP and testing association....

Reading 80000-th SNP and testing association....

Reading 90000-th SNP and testing association....

Reading 100000-th SNP and testing association....

Reading 110000-th SNP and testing association....

Reading 120000-th SNP and testing association....

Reading 130000-th SNP and testing association....

Reading 140000-th SNP and testing association....

Reading 150000-th SNP and testing association....

Reading 160000-th SNP and testing association....

Reading 170000-th SNP and testing association....

Reading 180000-th SNP and testing association....

Reading 190000-th SNP and testing association....

Reading 200000-th SNP and testing association....

Reading 210000-th SNP and testing association....

Reading 220000-th SNP and testing association....

Reading 230000-th SNP and testing association....

Reading 240000-th SNP and testing association....

Reading 250000-th SNP and testing association....

Reading 260000-th SNP and testing association....

Reading 270000-th SNP and testing association....

Reading 280000-th SNP and testing association....

Reading 290000-th SNP and testing association....

Reading 300000-th SNP and testing association....

Reading 310000-th SNP and testing association....

Reading 320000-th SNP and testing association....

Reading 330000-th SNP and testing association....

Reading 340000-th SNP and testing association....

Reading 350000-th SNP and testing association....

Reading 360000-th SNP and testing association....

Reading 370000-th SNP and testing association....

Reading 380000-th SNP and testing association....

Reading 390000-th SNP and testing association....

Reading 400000-th SNP and testing association....

Reading 410000-th SNP and testing association....

Reading 420000-th SNP and testing association....

Reading 430000-th SNP and testing association....

Reading 440000-th SNP and testing association....

Reading 450000-th SNP and testing association....

Reading 460000-th SNP and testing association....

Reading 470000-th SNP and testing association....

Reading 480000-th SNP and testing association....

Reading 490000-th SNP and testing association....

Reading 500000-th SNP and testing association....

Reading 510000-th SNP and testing association....

Reading 520000-th SNP and testing association....

Reading 530000-th SNP and testing association....

Reading 540000-th SNP and testing association....

Reading 550000-th SNP and testing association....

Reading 560000-th SNP and testing association....

Reading 570000-th SNP and testing association....

Reading 580000-th SNP and testing association....

Reading 590000-th SNP and testing association....

Reading 600000-th SNP and testing association....

Reading 610000-th SNP and testing association....

Reading 620000-th SNP and testing association....

Reading 630000-th SNP and testing association....

Reading 640000-th SNP and testing association....

Reading 650000-th SNP and testing association....

Reading 660000-th SNP and testing association....

Reading 670000-th SNP and testing association....

Reading 680000-th SNP and testing association....

Reading 690000-th SNP and testing association....

Reading 700000-th SNP and testing association....

Reading 710000-th SNP and testing association....

Reading 720000-th SNP and testing association....

Reading 730000-th SNP and testing association....

Reading 740000-th SNP and testing association....

Reading 750000-th SNP and testing association....

Reading 760000-th SNP and testing association....

Reading 770000-th SNP and testing association....

Reading 780000-th SNP and testing association....

Reading 790000-th SNP and testing association....

Reading 800000-th SNP and testing association....

Reading 810000-th SNP and testing association....

Reading 820000-th SNP and testing association....

Reading 830000-th SNP and testing association....

Reading 840000-th SNP and testing association....

Reading 850000-th SNP and testing association....

Reading 860000-th SNP and testing association....

Reading 870000-th SNP and testing association....

Reading 880000-th SNP and testing association....

Reading 890000-th SNP and testing association....

Reading 900000-th SNP and testing association....

Reading 910000-th SNP and testing association....

Reading 920000-th SNP and testing association....

Reading 930000-th SNP and testing association....

Reading 940000-th SNP and testing association....

Reading 950000-th SNP and testing association....

Reading 960000-th SNP and testing association....

Reading 970000-th SNP and testing association....

Reading 980000-th SNP and testing association....

Reading 990000-th SNP and testing association....

Reading 1000000-th SNP and testing association....

Reading 1010000-th SNP and testing association....

Reading 1020000-th SNP and testing association....

Reading 1030000-th SNP and testing association....

Reading 1040000-th SNP and testing association....

Reading 1050000-th SNP and testing association....

Reading 1060000-th SNP and testing association....

Reading 1070000-th SNP and testing association....

Reading 1080000-th SNP and testing association....

Reading 1090000-th SNP and testing association....

Reading 1100000-th SNP and testing association....

Reading 1110000-th SNP and testing association....

Reading 1120000-th SNP and testing association....

Reading 1130000-th SNP and testing association....

Reading 1140000-th SNP and testing association....

Reading 1150000-th SNP and testing association....

Reading 1160000-th SNP and testing association....

Reading 1170000-th SNP and testing association....

Reading 1180000-th SNP and testing association....

Reading 1190000-th SNP and testing association....

Reading 1200000-th SNP and testing association....

Reading 1210000-th SNP and testing association....

Reading 1220000-th SNP and testing association....

Reading 1230000-th SNP and testing association....

Reading 1240000-th SNP and testing association....

Reading 1250000-th SNP and testing association....

Reading 1260000-th SNP and testing association....

Reading 1270000-th SNP and testing association....

Reading 1280000-th SNP and testing association....

Reading 1290000-th SNP and testing association....

Reading 1300000-th SNP and testing association....

Reading 1310000-th SNP and testing association....

Reading 1320000-th SNP and testing association....

Reading 1330000-th SNP and testing association....

Reading 1340000-th SNP and testing association....

Reading 1350000-th SNP and testing association....

Reading 1360000-th SNP and testing association....

Reading 1370000-th SNP and testing association....

Reading 1380000-th SNP and testing association....

Reading 1390000-th SNP and testing association....

Reading 1400000-th SNP and testing association....

Reading 1410000-th SNP and testing association....

Reading 1420000-th SNP and testing association....

Reading 1430000-th SNP and testing association....

Reading 1440000-th SNP and testing association....

Reading 1450000-th SNP and testing association....

Reading 1460000-th SNP and testing association....

Reading 1470000-th SNP and testing association....

Reading 1480000-th SNP and testing association....

Reading 1490000-th SNP and testing association....

Reading 1500000-th SNP and testing association....

Reading 1510000-th SNP and testing association....

Reading 1520000-th SNP and testing association....

Reading 1530000-th SNP and testing association....

Reading 1540000-th SNP and testing association....

Reading 1550000-th SNP and testing association....

Reading 1560000-th SNP and testing association....

Reading 1570000-th SNP and testing association....

Reading 1580000-th SNP and testing association....

Reading 1590000-th SNP and testing association....

Reading 1600000-th SNP and testing association....

Reading 1610000-th SNP and testing association....

Reading 1620000-th SNP and testing association....

Reading 1630000-th SNP and testing association....

Reading 1640000-th SNP and testing association....

Reading 1650000-th SNP and testing association....

Reading 1660000-th SNP and testing association....

Reading 1670000-th SNP and testing association....

Reading 1680000-th SNP and testing association....

Reading 1690000-th SNP and testing association....

Reading 1700000-th SNP and testing association....

Reading 1710000-th SNP and testing association....

Reading 1720000-th SNP and testing association....

Reading 1730000-th SNP and testing association....

Reading 1740000-th SNP and testing association....

Reading 1750000-th SNP and testing association....

Reading 1760000-th SNP and testing association....

Reading 1770000-th SNP and testing association....

Reading 1780000-th SNP and testing association....

Reading 1790000-th SNP and testing association....

Reading 1800000-th SNP and testing association....

Reading 1810000-th SNP and testing association....

Reading 1820000-th SNP and testing association....

Reading 1830000-th SNP and testing association....

Reading 1840000-th SNP and testing association....

Reading 1850000-th SNP and testing association....

Reading 1860000-th SNP and testing association....

Reading 1870000-th SNP and testing association....

Reading 1880000-th SNP and testing association....

Reading 1890000-th SNP and testing association....

Reading 1900000-th SNP and testing association....

Reading 1910000-th SNP and testing association....

Reading 1920000-th SNP and testing association....

Reading 1930000-th SNP and testing association....

Reading 1940000-th SNP and testing association....

Reading 1950000-th SNP and testing association....

Reading 1960000-th SNP and testing association....

Reading 1970000-th SNP and testing association....

Reading 1980000-th SNP and testing association....

Reading 1990000-th SNP and testing association....

Reading 2000000-th SNP and testing association....

Reading 2010000-th SNP and testing association....

Reading 2020000-th SNP and testing association....

Reading 2030000-th SNP and testing association....

Reading 2040000-th SNP and testing association....

Reading 2050000-th SNP and testing association....

Reading 2060000-th SNP and testing association....

Reading 2070000-th SNP and testing association....

Reading 2080000-th SNP and testing association....

Reading 2090000-th SNP and testing association....

Reading 2100000-th SNP and testing association....

Reading 2110000-th SNP and testing association....

Reading 2120000-th SNP and testing association....

Reading 2130000-th SNP and testing association....

Reading 2140000-th SNP and testing association....

Reading 2150000-th SNP and testing association....

Reading 2160000-th SNP and testing association....

Reading 2170000-th SNP and testing association....

Reading 2180000-th SNP and testing association....

Reading 2190000-th SNP and testing association....

Reading 2200000-th SNP and testing association....

Reading 2210000-th SNP and testing association....

Reading 2220000-th SNP and testing association....

Reading 2230000-th SNP and testing association....

Reading 2240000-th SNP and testing association....

Reading 2250000-th SNP and testing association....

Reading 2260000-th SNP and testing association....

Reading 2270000-th SNP and testing association....

Reading 2280000-th SNP and testing association....

Reading 2290000-th SNP and testing association....

Reading 2300000-th SNP and testing association....

Reading 2310000-th SNP and testing association....

Reading 2320000-th SNP and testing association....

Reading 2330000-th SNP and testing association....

Reading 2340000-th SNP and testing association....

Reading 2350000-th SNP and testing association....

Reading 2360000-th SNP and testing association....

Reading 2370000-th SNP and testing association....

Reading 2380000-th SNP and testing association....

Reading 2390000-th SNP and testing association....

Reading 2400000-th SNP and testing association....

Reading 2410000-th SNP and testing association....

Reading 2420000-th SNP and testing association....

Reading 2430000-th SNP and testing association....

Reading 2440000-th SNP and testing association....

Reading 2450000-th SNP and testing association....

Reading 2460000-th SNP and testing association....

Reading 2470000-th SNP and testing association....

Reading 2480000-th SNP and testing association....

Reading 2490000-th SNP and testing association....

Reading 2500000-th SNP and testing association....

Reading 2510000-th SNP and testing association....

Reading 2520000-th SNP and testing association....

Reading 2530000-th SNP and testing association....

Reading 2540000-th SNP and testing association....

Reading 2550000-th SNP and testing association....

Reading 2560000-th SNP and testing association....

Reading 2570000-th SNP and testing association....

Reading 2580000-th SNP and testing association....

Reading 2590000-th SNP and testing association....

Reading 2600000-th SNP and testing association....

Reading 2610000-th SNP and testing association....

Reading 2620000-th SNP and testing association....

Reading 2630000-th SNP and testing association....

Reading 2640000-th SNP and testing association....

Reading 2650000-th SNP and testing association....

Reading 2660000-th SNP and testing association....

Reading 2670000-th SNP and testing association....

Reading 2680000-th SNP and testing association....

Reading 2690000-th SNP and testing association....

Reading 2700000-th SNP and testing association....

Reading 2710000-th SNP and testing association....

Reading 2720000-th SNP and testing association....

Reading 2730000-th SNP and testing association....

Reading 2740000-th SNP and testing association....

Reading 2750000-th SNP and testing association....

Reading 2760000-th SNP and testing association....

Reading 2770000-th SNP and testing association....

Reading 2780000-th SNP and testing association....

Reading 2790000-th SNP and testing association....

Reading 2800000-th SNP and testing association....

Reading 2810000-th SNP and testing association....

Reading 2820000-th SNP and testing association....

Reading 2830000-th SNP and testing association....

Reading 2840000-th SNP and testing association....

Reading 2850000-th SNP and testing association....

Reading 2860000-th SNP and testing association....

Reading 2870000-th SNP and testing association....

Reading 2880000-th SNP and testing association....

Reading 2890000-th SNP and testing association....

Reading 2900000-th SNP and testing association....

Reading 2910000-th SNP and testing association....

Reading 2920000-th SNP and testing association....

Reading 2930000-th SNP and testing association....

Reading 2940000-th SNP and testing association....

Reading 2950000-th SNP and testing association....

Reading 2960000-th SNP and testing association....

Reading 2970000-th SNP and testing association....

Reading 2980000-th SNP and testing association....

Reading 2990000-th SNP and testing association....

Reading 3000000-th SNP and testing association....

Reading 3010000-th SNP and testing association....

Reading 3020000-th SNP and testing association....

Reading 3030000-th SNP and testing association....

Reading 3040000-th SNP and testing association....

Reading 3050000-th SNP and testing association....

Reading 3060000-th SNP and testing association....

Reading 3070000-th SNP and testing association....

Reading 3080000-th SNP and testing association....

Reading 3090000-th SNP and testing association....

Reading 3100000-th SNP and testing association....

Reading 3110000-th SNP and testing association....

Reading 3120000-th SNP and testing association....

Reading 3130000-th SNP and testing association....

Reading 3140000-th SNP and testing association....

Reading 3150000-th SNP and testing association....

Reading 3160000-th SNP and testing association....

Reading 3170000-th SNP and testing association....

Reading 3180000-th SNP and testing association....

Reading 3190000-th SNP and testing association....

Reading 3200000-th SNP and testing association....

Reading 3210000-th SNP and testing association....

Reading 3220000-th SNP and testing association....

Reading 3230000-th SNP and testing association....

Reading 3240000-th SNP and testing association....

Reading 3250000-th SNP and testing association....

Reading 3260000-th SNP and testing association....

Reading 3270000-th SNP and testing association....

Reading 3280000-th SNP and testing association....

Reading 3290000-th SNP and testing association....

Reading 3300000-th SNP and testing association....

Reading 3310000-th SNP and testing association....

Reading 3320000-th SNP and testing association....

Reading 3330000-th SNP and testing association....

Reading 3340000-th SNP and testing association....

Reading 3350000-th SNP and testing association....

Reading 3360000-th SNP and testing association....

Reading 3370000-th SNP and testing association....

Reading 3380000-th SNP and testing association....

Reading 3390000-th SNP and testing association....

Reading 3400000-th SNP and testing association....

Reading 3410000-th SNP and testing association....

Reading 3420000-th SNP and testing association....

Reading 3430000-th SNP and testing association....

Reading 3440000-th SNP and testing association....

Reading 3450000-th SNP and testing association....

Reading 3460000-th SNP and testing association....

Reading 3470000-th SNP and testing association....

Reading 3480000-th SNP and testing association....

Reading 3490000-th SNP and testing association....

Reading 3500000-th SNP and testing association....

Reading 3510000-th SNP and testing association....

Reading 3520000-th SNP and testing association....

Reading 3530000-th SNP and testing association....

Reading 3540000-th SNP and testing association....

Reading 3550000-th SNP and testing association....

Reading 3560000-th SNP and testing association....

Reading 3570000-th SNP and testing association....

Reading 3580000-th SNP and testing association....

Reading 3590000-th SNP and testing association....

Reading 3600000-th SNP and testing association....

Reading 3610000-th SNP and testing association....

Reading 3620000-th SNP and testing association....

Reading 3630000-th SNP and testing association....

Reading 3640000-th SNP and testing association....

Reading 3650000-th SNP and testing association....

Reading 3660000-th SNP and testing association....

Reading 3670000-th SNP and testing association....

Reading 3680000-th SNP and testing association....

Reading 3690000-th SNP and testing association....

Reading 3700000-th SNP and testing association....

Reading 3710000-th SNP and testing association....

Reading 3720000-th SNP and testing association....

Reading 3730000-th SNP and testing association....

Reading 3740000-th SNP and testing association....

Reading 3750000-th SNP and testing association....

Reading 3760000-th SNP and testing association....

Reading 3770000-th SNP and testing association....

Reading 3780000-th SNP and testing association....

Reading 3790000-th SNP and testing association....

Reading 3800000-th SNP and testing association....

Reading 3810000-th SNP and testing association....

Reading 3820000-th SNP and testing association....

Reading 3830000-th SNP and testing association....

Reading 3840000-th SNP and testing association....

Reading 3850000-th SNP and testing association....

Reading 3860000-th SNP and testing association....

Reading 3870000-th SNP and testing association....

Reading 3880000-th SNP and testing association....

Reading 3890000-th SNP and testing association....

Reading 3900000-th SNP and testing association....

Reading 3910000-th SNP and testing association....

Reading 3920000-th SNP and testing association....

Reading 3930000-th SNP and testing association....

Reading 3940000-th SNP and testing association....

Reading 3950000-th SNP and testing association....

Reading 3960000-th SNP and testing association....

Reading 3970000-th SNP and testing association....

Reading 3980000-th SNP and testing association....

Reading 3990000-th SNP and testing association....

Reading 4000000-th SNP and testing association....

Reading 4010000-th SNP and testing association....

Reading 4020000-th SNP and testing association....

Reading 4030000-th SNP and testing association....

Reading 4040000-th SNP and testing association....

Reading 4050000-th SNP and testing association....

Reading 4060000-th SNP and testing association....

Reading 4070000-th SNP and testing association....

Reading 4080000-th SNP and testing association....

Reading 4090000-th SNP and testing association....

Reading 4100000-th SNP and testing association....

Reading 4110000-th SNP and testing association....

Reading 4120000-th SNP and testing association....

Reading 4130000-th SNP and testing association....

Reading 4140000-th SNP and testing association....

Reading 4150000-th SNP and testing association....

Reading 4160000-th SNP and testing association....

Reading 4170000-th SNP and testing association....

Reading 4180000-th SNP and testing association....

Reading 4190000-th SNP and testing association....

Reading 4200000-th SNP and testing association....

Reading 4210000-th SNP and testing association....

Reading 4220000-th SNP and testing association....

Reading 4230000-th SNP and testing association....

Reading 4240000-th SNP and testing association....

Reading 4250000-th SNP and testing association....

Reading 4260000-th SNP and testing association....

Reading 4270000-th SNP and testing association....

Reading 4280000-th SNP and testing association....

Reading 4290000-th SNP and testing association....

Reading 4300000-th SNP and testing association....

Reading 4310000-th SNP and testing association....

Reading 4320000-th SNP and testing association....

Reading 4330000-th SNP and testing association....

Reading 4340000-th SNP and testing association....

Reading 4350000-th SNP and testing association....

Reading 4360000-th SNP and testing association....

Reading 4370000-th SNP and testing association....

Reading 4380000-th SNP and testing association....

Reading 4390000-th SNP and testing association....

Reading 4400000-th SNP and testing association....

Reading 4410000-th SNP and testing association....

Reading 4420000-th SNP and testing association....

Reading 4430000-th SNP and testing association....

Reading 4440000-th SNP and testing association....

Reading 4450000-th SNP and testing association....

Reading 4460000-th SNP and testing association....

Reading 4470000-th SNP and testing association....

Reading 4480000-th SNP and testing association....

Reading 4490000-th SNP and testing association....

Reading 4500000-th SNP and testing association....

Reading 4510000-th SNP and testing association....

Reading 4520000-th SNP and testing association....

Reading 4530000-th SNP and testing association....

Reading 4540000-th SNP and testing association....

Reading 4550000-th SNP and testing association....

Reading 4560000-th SNP and testing association....

Reading 4570000-th SNP and testing association....

Reading 4580000-th SNP and testing association....

Reading 4590000-th SNP and testing association....

Reading 4600000-th SNP and testing association....

Reading 4610000-th SNP and testing association....

Reading 4620000-th SNP and testing association....

Reading 4630000-th SNP and testing association....

Reading 4640000-th SNP and testing association....

Reading 4650000-th SNP and testing association....

Reading 4660000-th SNP and testing association....

Reading 4670000-th SNP and testing association....

Reading 4680000-th SNP and testing association....

Reading 4690000-th SNP and testing association....

Reading 4700000-th SNP and testing association....

Reading 4710000-th SNP and testing association....

Reading 4720000-th SNP and testing association....

Reading 4730000-th SNP and testing association....

Reading 4740000-th SNP and testing association....

Reading 4750000-th SNP and testing association....

Reading 4760000-th SNP and testing association....

Reading 4770000-th SNP and testing association....

Reading 4780000-th SNP and testing association....

Reading 4790000-th SNP and testing association....

Reading 4800000-th SNP and testing association....

Reading 4810000-th SNP and testing association....

Reading 4820000-th SNP and testing association....

Reading 4830000-th SNP and testing association....

Reading 4840000-th SNP and testing association....

Reading 4850000-th SNP and testing association....

Reading 4860000-th SNP and testing association....

Reading 4870000-th SNP and testing association....

Reading 4880000-th SNP and testing association....

Reading 4890000-th SNP and testing association....

Reading 4900000-th SNP and testing association....

Reading 4910000-th SNP and testing association....

Reading 4920000-th SNP and testing association....

Reading 4930000-th SNP and testing association....

Reading 4940000-th SNP and testing association....

Reading 4950000-th SNP and testing association....

Reading 4960000-th SNP and testing association....

Reading 4970000-th SNP and testing association....

Reading 4980000-th SNP and testing association....

Reading 4990000-th SNP and testing association....

Reading 5000000-th SNP and testing association....

Reading 5010000-th SNP and testing association....

Reading 5020000-th SNP and testing association....

Reading 5030000-th SNP and testing association....

Reading 5040000-th SNP and testing association....

Reading 5050000-th SNP and testing association....

Reading 5060000-th SNP and testing association....

Reading 5070000-th SNP and testing association....

Reading 5080000-th SNP and testing association....

Reading 5090000-th SNP and testing association....

Reading 5100000-th SNP and testing association....

Reading 5110000-th SNP and testing association....

Reading 5120000-th SNP and testing association....

Reading 5130000-th SNP and testing association....

Reading 5140000-th SNP and testing association....

Reading 5150000-th SNP and testing association....

Reading 5160000-th SNP and testing association....

Reading 5170000-th SNP and testing association....

Reading 5180000-th SNP and testing association....

Reading 5190000-th SNP and testing association....

Reading 5200000-th SNP and testing association....

Reading 5210000-th SNP and testing association....

Reading 5220000-th SNP and testing association....

Reading 5230000-th SNP and testing association....

Reading 5240000-th SNP and testing association....

Reading 5250000-th SNP and testing association....

Reading 5260000-th SNP and testing association....

Reading 5270000-th SNP and testing association....

Reading 5280000-th SNP and testing association....

Reading 5290000-th SNP and testing association....

Reading 5300000-th SNP and testing association....

Reading 5310000-th SNP and testing association....

Reading 5320000-th SNP and testing association....

Reading 5330000-th SNP and testing association....

Reading 5340000-th SNP and testing association....

Reading 5350000-th SNP and testing association....

Reading 5360000-th SNP and testing association....

Reading 5370000-th SNP and testing association....

Reading 5380000-th SNP and testing association....

Reading 5390000-th SNP and testing association....

Reading 5400000-th SNP and testing association....

Reading 5410000-th SNP and testing association....

Reading 5420000-th SNP and testing association....

Reading 5430000-th SNP and testing association....

Reading 5440000-th SNP and testing association....

Reading 5450000-th SNP and testing association....

Reading 5460000-th SNP and testing association....

Reading 5470000-th SNP and testing association....

Reading 5480000-th SNP and testing association....

Reading 5490000-th SNP and testing association....

Reading 5500000-th SNP and testing association....

Reading 5510000-th SNP and testing association....

Reading 5520000-th SNP and testing association....

Reading 5530000-th SNP and testing association....

Reading 5540000-th SNP and testing association....

Reading 5550000-th SNP and testing association....

Reading 5560000-th SNP and testing association....

Reading 5570000-th SNP and testing association....

Reading 5580000-th SNP and testing association....

Reading 5590000-th SNP and testing association....

Reading 5600000-th SNP and testing association....

Reading 5610000-th SNP and testing association....

Reading 5620000-th SNP and testing association....

Reading 5630000-th SNP and testing association....

Reading 5640000-th SNP and testing association....

Reading 5650000-th SNP and testing association....

Reading 5660000-th SNP and testing association....

Reading 5670000-th SNP and testing association....

Reading 5680000-th SNP and testing association....

Reading 5690000-th SNP and testing association....

Reading 5700000-th SNP and testing association....

Reading 5710000-th SNP and testing association....

Reading 5720000-th SNP and testing association....

Reading 5730000-th SNP and testing association....

Reading 5740000-th SNP and testing association....

Reading 5750000-th SNP and testing association....

Reading 5760000-th SNP and testing association....

Reading 5770000-th SNP and testing association....

Reading 5780000-th SNP and testing association....

Reading 5790000-th SNP and testing association....

Reading 5800000-th SNP and testing association....

Reading 5810000-th SNP and testing association....

Reading 5820000-th SNP and testing association....

Reading 5830000-th SNP and testing association....

Reading 5840000-th SNP and testing association....

Reading 5850000-th SNP and testing association....

Reading 5860000-th SNP and testing association....

Reading 5870000-th SNP and testing association....

Reading 5880000-th SNP and testing association....

Reading 5890000-th SNP and testing association....

Reading 5900000-th SNP and testing association....

Reading 5910000-th SNP and testing association....

Reading 5920000-th SNP and testing association....

Reading 5930000-th SNP and testing association....

Reading 5940000-th SNP and testing association....

Reading 5950000-th SNP and testing association....

Reading 5960000-th SNP and testing association....

Reading 5970000-th SNP and testing association....

Reading 5980000-th SNP and testing association....

Reading 5990000-th SNP and testing association....

Reading 6000000-th SNP and testing association....

Reading 6010000-th SNP and testing association....

Reading 6020000-th SNP and testing association....

Reading 6030000-th SNP and testing association....

Reading 6040000-th SNP and testing association....

Reading 6050000-th SNP and testing association....

Reading 6060000-th SNP and testing association....

Reading 6070000-th SNP and testing association....

Reading 6080000-th SNP and testing association....

Reading 6090000-th SNP and testing association....

Reading 6100000-th SNP and testing association....

Reading 6110000-th SNP and testing association....

Reading 6120000-th SNP and testing association....

Reading 6130000-th SNP and testing association....

Reading 6140000-th SNP and testing association....

Reading 6150000-th SNP and testing association....

Reading 6160000-th SNP and testing association....

Reading 6170000-th SNP and testing association....

Reading 6180000-th SNP and testing association....

Reading 6190000-th SNP and testing association....

Reading 6200000-th SNP and testing association....

Reading 6210000-th SNP and testing association....

Reading 6220000-th SNP and testing association....

Reading 6230000-th SNP and testing association....

Reading 6240000-th SNP and testing association....

Reading 6250000-th SNP and testing association....

Reading 6260000-th SNP and testing association....

Reading 6270000-th SNP and testing association....

Reading 6280000-th SNP and testing association....

Reading 6290000-th SNP and testing association....

Reading 6300000-th SNP and testing association....

Reading 6310000-th SNP and testing association....

Reading 6320000-th SNP and testing association....

Reading 6330000-th SNP and testing association....

Reading 6340000-th SNP and testing association....

Reading 6350000-th SNP and testing association....

Reading 6360000-th SNP and testing association....

Reading 6370000-th SNP and testing association....

Reading 6380000-th SNP and testing association....

Reading 6390000-th SNP and testing association....

Reading 6400000-th SNP and testing association....

Reading 6410000-th SNP and testing association....

Reading 6420000-th SNP and testing association....

Reading 6430000-th SNP and testing association....

Reading 6440000-th SNP and testing association....

Reading 6450000-th SNP and testing association....

Reading 6460000-th SNP and testing association....

Reading 6470000-th SNP and testing association....

Reading 6480000-th SNP and testing association....

Reading 6490000-th SNP and testing association....

Reading 6500000-th SNP and testing association....

Reading 6510000-th SNP and testing association....

Reading 6520000-th SNP and testing association....

Reading 6530000-th SNP and testing association....

Reading 6540000-th SNP and testing association....

Reading 6550000-th SNP and testing association....

Reading 6560000-th SNP and testing association....

Reading 6570000-th SNP and testing association....

Reading 6580000-th SNP and testing association....

Reading 6590000-th SNP and testing association....

Reading 6600000-th SNP and testing association....

Reading 6610000-th SNP and testing association....

Reading 6620000-th SNP and testing association....

Reading 6630000-th SNP and testing association....

Reading 6640000-th SNP and testing association....

Reading 6650000-th SNP and testing association....

Reading 6660000-th SNP and testing association....

Reading 6670000-th SNP and testing association....

Reading 6680000-th SNP and testing association....

Reading 6690000-th SNP and testing association....

Reading 6700000-th SNP and testing association....

Reading 6710000-th SNP and testing association....

Reading 6720000-th SNP and testing association....

Reading 6730000-th SNP and testing association....

Reading 6740000-th SNP and testing association....

Reading 6750000-th SNP and testing association....

Reading 6760000-th SNP and testing association....

Reading 6770000-th SNP and testing association....

Reading 6780000-th SNP and testing association....

Reading 6790000-th SNP and testing association....

Reading 6800000-th SNP and testing association....

Reading 6810000-th SNP and testing association....

Reading 6820000-th SNP and testing association....

Reading 6830000-th SNP and testing association....

Reading 6840000-th SNP and testing association....

Reading 6850000-th SNP and testing association....

Reading 6860000-th SNP and testing association....

Reading 6870000-th SNP and testing association....

Reading 6880000-th SNP and testing association....

Reading 6890000-th SNP and testing association....

Reading 6900000-th SNP and testing association....

Reading 6910000-th SNP and testing association....

Reading 6920000-th SNP and testing association....

Reading 6930000-th SNP and testing association....

Reading 6940000-th SNP and testing association....

Reading 6950000-th SNP and testing association....

Reading 6960000-th SNP and testing association....

Reading 6970000-th SNP and testing association....

Reading 6980000-th SNP and testing association....

Reading 6990000-th SNP and testing association....

Reading 7000000-th SNP and testing association....

Reading 7010000-th SNP and testing association....

Reading 7020000-th SNP and testing association....

Reading 7030000-th SNP and testing association....

Reading 7040000-th SNP and testing association....

Reading 7050000-th SNP and testing association....

Reading 7060000-th SNP and testing association....

Reading 7070000-th SNP and testing association....

Reading 7080000-th SNP and testing association....

Reading 7090000-th SNP and testing association....

Reading 7100000-th SNP and testing association....

Reading 7110000-th SNP and testing association....

GLS association - elapsed CPU time is 1165.138335

Breakdown for input file parsing : 675.801938

              matrix computation : 213.292092

             p-value computation : 38.900703

