
Reading TFAM file /mnt/data/shahar/gwas_barley/morexV3_analysis/barley_for_publication_project/01_USED_GWAS_V2_pipeline/intermediates/morexV3_gwas_genotypes.tfam ....


Reading kinship file /mnt/data/shahar/gwas_barley/morexV3_analysis/barley_for_publication_project/01_USED_GWAS_V2_pipeline/intermediates/morexV3_kinship.aIBS.kinf...

  290 rows and 290 columns were observed with 0 missing values.


Reading the phenotype file /mnt/data/shahar/gwas_barley/data/inputs/BLUE_betaglucan_V3.pheno...

  290 rows and 1 columns were observed with 0 missing values


Reading covariate file /mnt/data/shahar/gwas_barley/morexV3_analysis/barley_for_publication_project/01_USED_GWAS_V2_pipeline/intermediates/covariates/pca_pc3.cov...

  290 rows and 3 columns were observed with 0 missing values. Make sure that the intercept is included in the covariates

File reading - elapsed CPU time is 0.018940

eRvals[0] = 0.024260, eRvals[n-q-1] = 194.919044, eRvals[n-q] = 0.000000
eigen_R - elapsed CPU time is 0.090657
etas[0] = -0.171588, lambdas[0] = 0.024260
etas[1] = -0.022359, lambdas[1] = 0.028012
etas[2] = -0.081293, lambdas[2] = 0.029349
etas[3] = 0.198357, lambdas[3] = 0.029685
etas[4] = 0.224735, lambdas[4] = 0.030250
etas[5] = 0.235766, lambdas[5] = 0.031062
etas[6] = -0.297063, lambdas[6] = 0.032120
etas[7] = -0.181997, lambdas[7] = 0.032463
etas[8] = -0.270436, lambdas[8] = 0.032705
etas[9] = 0.056293, lambdas[9] = 0.033161
etas[10] = 0.141729, lambdas[10] = 0.033914
etas[11] = 0.455719, lambdas[11] = 0.034581
etas[12] = 0.118294, lambdas[12] = 0.034932
etas[13] = -0.068239, lambdas[13] = 0.035258
etas[14] = 0.089982, lambdas[14] = 0.035632
etas[15] = 0.241855, lambdas[15] = 0.037092
etas[16] = -0.321066, lambdas[16] = 0.037619
etas[17] = -0.195469, lambdas[17] = 0.038082
etas[18] = 0.225914, lambdas[18] = 0.038669
etas[19] = -0.247873, lambdas[19] = 0.039170
etas[20] = 0.337669, lambdas[20] = 0.039653
etas[21] = 0.150171, lambdas[21] = 0.040239
etas[22] = -0.174605, lambdas[22] = 0.040520
etas[23] = -0.176154, lambdas[23] = 0.041180
etas[24] = 0.022467, lambdas[24] = 0.041463
etas[25] = -0.124343, lambdas[25] = 0.041825
etas[26] = 0.075258, lambdas[26] = 0.041969
etas[27] = 0.088767, lambdas[27] = 0.042254
etas[28] = -0.169559, lambdas[28] = 0.042448
etas[29] = 0.020598, lambdas[29] = 0.043254
etas[30] = -0.166561, lambdas[30] = 0.043752
etas[31] = 0.357759, lambdas[31] = 0.043932
etas[32] = 0.121857, lambdas[32] = 0.044270
etas[33] = 0.012198, lambdas[33] = 0.044491
etas[34] = 0.263279, lambdas[34] = 0.044741
etas[35] = -0.046530, lambdas[35] = 0.045007
etas[36] = -0.301249, lambdas[36] = 0.045273
etas[37] = -0.096029, lambdas[37] = 0.045708
etas[38] = -0.207873, lambdas[38] = 0.045954
etas[39] = -0.258601, lambdas[39] = 0.046077
etas[40] = 0.039812, lambdas[40] = 0.046260
etas[41] = 0.174911, lambdas[41] = 0.046463
etas[42] = -0.231788, lambdas[42] = 0.046590
etas[43] = -0.234533, lambdas[43] = 0.047040
etas[44] = 0.165678, lambdas[44] = 0.047273
etas[45] = 0.103979, lambdas[45] = 0.047366
etas[46] = 0.175038, lambdas[46] = 0.047463
etas[47] = -0.106975, lambdas[47] = 0.047935
etas[48] = 0.367577, lambdas[48] = 0.048190
etas[49] = 0.138270, lambdas[49] = 0.048584
etas[50] = 0.084639, lambdas[50] = 0.048767
etas[51] = -0.308683, lambdas[51] = 0.049458
etas[52] = -0.505514, lambdas[52] = 0.049683
etas[53] = -0.298344, lambdas[53] = 0.049964
etas[54] = 0.293289, lambdas[54] = 0.050489
etas[55] = 0.315311, lambdas[55] = 0.050613
etas[56] = -0.279339, lambdas[56] = 0.050799
etas[57] = 0.284448, lambdas[57] = 0.051002
etas[58] = 0.101450, lambdas[58] = 0.051252
etas[59] = 0.022916, lambdas[59] = 0.051781
etas[60] = 0.084801, lambdas[60] = 0.052313
etas[61] = -0.023657, lambdas[61] = 0.052603
etas[62] = -0.345226, lambdas[62] = 0.053507
etas[63] = 0.024107, lambdas[63] = 0.054069
etas[64] = 0.109134, lambdas[64] = 0.054200
etas[65] = -0.003344, lambdas[65] = 0.054556
etas[66] = -0.387176, lambdas[66] = 0.055528
etas[67] = -0.060464, lambdas[67] = 0.056656
etas[68] = 0.006754, lambdas[68] = 0.057829
etas[69] = 0.031495, lambdas[69] = 0.059866
etas[70] = 0.121056, lambdas[70] = 0.060192
etas[71] = -0.272229, lambdas[71] = 0.066667
etas[72] = 0.004606, lambdas[72] = 0.080309
etas[73] = 0.361568, lambdas[73] = 0.092885
etas[74] = -0.391935, lambdas[74] = 0.095636
etas[75] = 0.009716, lambdas[75] = 0.096461
etas[76] = -0.031219, lambdas[76] = 0.096948
etas[77] = -0.107872, lambdas[77] = 0.098023
etas[78] = -0.017129, lambdas[78] = 0.099519
etas[79] = 0.312757, lambdas[79] = 0.117756
etas[80] = 0.019474, lambdas[80] = 0.126786
etas[81] = -0.249259, lambdas[81] = 0.130090
etas[82] = -0.424994, lambdas[82] = 0.132676
etas[83] = -0.299188, lambdas[83] = 0.138672
etas[84] = -0.532824, lambdas[84] = 0.142430
etas[85] = -0.224704, lambdas[85] = 0.145815
etas[86] = -0.215783, lambdas[86] = 0.149577
etas[87] = -0.086202, lambdas[87] = 0.149834
etas[88] = -0.435179, lambdas[88] = 0.154063
etas[89] = -0.324025, lambdas[89] = 0.155408
etas[90] = -0.197021, lambdas[90] = 0.156186
etas[91] = -0.333276, lambdas[91] = 0.158992
etas[92] = -0.113356, lambdas[92] = 0.160842
etas[93] = 0.419880, lambdas[93] = 0.163790
etas[94] = -0.216327, lambdas[94] = 0.166532
etas[95] = -0.404818, lambdas[95] = 0.167180
etas[96] = -0.664936, lambdas[96] = 0.167688
etas[97] = -0.598089, lambdas[97] = 0.170962
etas[98] = 0.731903, lambdas[98] = 0.171721
etas[99] = 0.733044, lambdas[99] = 0.173140
etas[100] = -0.114056, lambdas[100] = 0.173647
etas[101] = -0.211739, lambdas[101] = 0.174515
etas[102] = 0.769508, lambdas[102] = 0.178095
etas[103] = -0.432156, lambdas[103] = 0.178423
etas[104] = 0.222018, lambdas[104] = 0.178963
etas[105] = -0.614620, lambdas[105] = 0.179234
etas[106] = 0.852669, lambdas[106] = 0.180636
etas[107] = 0.102241, lambdas[107] = 0.181244
etas[108] = -0.215707, lambdas[108] = 0.182516
etas[109] = -0.125928, lambdas[109] = 0.183875
etas[110] = 0.088859, lambdas[110] = 0.184300
etas[111] = 0.438429, lambdas[111] = 0.185829
etas[112] = 0.294761, lambdas[112] = 0.186669
etas[113] = 0.416097, lambdas[113] = 0.187019
etas[114] = 0.043284, lambdas[114] = 0.188205
etas[115] = -0.185714, lambdas[115] = 0.188856
etas[116] = -0.714480, lambdas[116] = 0.189369
etas[117] = 0.583772, lambdas[117] = 0.190896
etas[118] = -0.111812, lambdas[118] = 0.191161
etas[119] = -0.001599, lambdas[119] = 0.191779
etas[120] = -0.492267, lambdas[120] = 0.193039
etas[121] = -1.294433, lambdas[121] = 0.193311
etas[122] = -0.126982, lambdas[122] = 0.194000
etas[123] = 0.139050, lambdas[123] = 0.194478
etas[124] = -0.052137, lambdas[124] = 0.195600
etas[125] = 0.814690, lambdas[125] = 0.196220
etas[126] = 0.107593, lambdas[126] = 0.197160
etas[127] = -0.160690, lambdas[127] = 0.197891
etas[128] = -0.266748, lambdas[128] = 0.197959
etas[129] = -0.504947, lambdas[129] = 0.198581
etas[130] = -0.035366, lambdas[130] = 0.199157
etas[131] = -0.121802, lambdas[131] = 0.199776
etas[132] = 0.724390, lambdas[132] = 0.200349
etas[133] = -0.674517, lambdas[133] = 0.201771
etas[134] = -0.784498, lambdas[134] = 0.202281
etas[135] = -0.481621, lambdas[135] = 0.202816
etas[136] = -0.568244, lambdas[136] = 0.203484
etas[137] = 0.765384, lambdas[137] = 0.204127
etas[138] = 0.155946, lambdas[138] = 0.204388
etas[139] = -0.103767, lambdas[139] = 0.205450
etas[140] = 0.467000, lambdas[140] = 0.206805
etas[141] = -0.336040, lambdas[141] = 0.207800
etas[142] = 0.135830, lambdas[142] = 0.208111
etas[143] = 0.243921, lambdas[143] = 0.208788
etas[144] = 0.023431, lambdas[144] = 0.209704
etas[145] = 0.564912, lambdas[145] = 0.210428
etas[146] = 0.004032, lambdas[146] = 0.211797
etas[147] = 0.017208, lambdas[147] = 0.212004
etas[148] = -0.291756, lambdas[148] = 0.213189
etas[149] = 0.031486, lambdas[149] = 0.213416
etas[150] = 0.369531, lambdas[150] = 0.214154
etas[151] = 0.181658, lambdas[151] = 0.214870
etas[152] = -0.174352, lambdas[152] = 0.215258
etas[153] = 0.382896, lambdas[153] = 0.215711
etas[154] = 0.269231, lambdas[154] = 0.216341
etas[155] = 0.211635, lambdas[155] = 0.217000
etas[156] = 0.256273, lambdas[156] = 0.217696
etas[157] = -0.042236, lambdas[157] = 0.217933
etas[158] = -0.218359, lambdas[158] = 0.219226
etas[159] = 0.029396, lambdas[159] = 0.219522
etas[160] = 0.430303, lambdas[160] = 0.220127
etas[161] = 0.750974, lambdas[161] = 0.221317
etas[162] = 0.225067, lambdas[162] = 0.222125
etas[163] = -0.008281, lambdas[163] = 0.222611
etas[164] = -0.326587, lambdas[164] = 0.223420
etas[165] = 0.514911, lambdas[165] = 0.225432
etas[166] = 0.255981, lambdas[166] = 0.225686
etas[167] = -0.193698, lambdas[167] = 0.226155
etas[168] = -0.335650, lambdas[168] = 0.226601
etas[169] = 0.650776, lambdas[169] = 0.227819
etas[170] = -0.230270, lambdas[170] = 0.227993
etas[171] = 0.406088, lambdas[171] = 0.228986
etas[172] = 0.050621, lambdas[172] = 0.229859
etas[173] = -0.654601, lambdas[173] = 0.230018
etas[174] = -0.025743, lambdas[174] = 0.230418
etas[175] = 0.167244, lambdas[175] = 0.231485
etas[176] = 0.339673, lambdas[176] = 0.232308
etas[177] = 0.051175, lambdas[177] = 0.232828
etas[178] = 0.127875, lambdas[178] = 0.233380
etas[179] = -0.404393, lambdas[179] = 0.234614
etas[180] = -0.132534, lambdas[180] = 0.235109
etas[181] = 0.425976, lambdas[181] = 0.236166
etas[182] = 0.458433, lambdas[182] = 0.237265
etas[183] = -0.237458, lambdas[183] = 0.237873
etas[184] = 0.112441, lambdas[184] = 0.239395
etas[185] = 0.143319, lambdas[185] = 0.240269
etas[186] = 0.228808, lambdas[186] = 0.240861
etas[187] = -0.048941, lambdas[187] = 0.241511
etas[188] = 0.547783, lambdas[188] = 0.241737
etas[189] = 0.507896, lambdas[189] = 0.242264
etas[190] = 0.188077, lambdas[190] = 0.243888
etas[191] = -0.052064, lambdas[191] = 0.244293
etas[192] = -0.842802, lambdas[192] = 0.245443
etas[193] = 0.419246, lambdas[193] = 0.245737
etas[194] = -0.262439, lambdas[194] = 0.246314
etas[195] = -0.287490, lambdas[195] = 0.247403
etas[196] = -0.091533, lambdas[196] = 0.247958
etas[197] = -0.444403, lambdas[197] = 0.248539
etas[198] = -0.176695, lambdas[198] = 0.249388
etas[199] = 0.408575, lambdas[199] = 0.250799
etas[200] = -0.314413, lambdas[200] = 0.250925
etas[201] = -0.459867, lambdas[201] = 0.253531
etas[202] = -0.134240, lambdas[202] = 0.253957
etas[203] = -0.790963, lambdas[203] = 0.254492
etas[204] = -0.205552, lambdas[204] = 0.255347
etas[205] = -0.339295, lambdas[205] = 0.255870
etas[206] = 0.565460, lambdas[206] = 0.257696
etas[207] = -0.180678, lambdas[207] = 0.258348
etas[208] = -0.313828, lambdas[208] = 0.258523
etas[209] = 0.722822, lambdas[209] = 0.258666
etas[210] = -0.208247, lambdas[210] = 0.259935
etas[211] = 0.606379, lambdas[211] = 0.260634
etas[212] = -1.490636, lambdas[212] = 0.262406
etas[213] = -0.751566, lambdas[213] = 0.263085
etas[214] = 0.769407, lambdas[214] = 0.263368
etas[215] = -0.197185, lambdas[215] = 0.264189
etas[216] = 0.624806, lambdas[216] = 0.265374
etas[217] = -0.513259, lambdas[217] = 0.265989
etas[218] = -0.394342, lambdas[218] = 0.267079
etas[219] = -0.128209, lambdas[219] = 0.268230
etas[220] = -0.862319, lambdas[220] = 0.269888
etas[221] = -0.697021, lambdas[221] = 0.271952
etas[222] = -0.001529, lambdas[222] = 0.272659
etas[223] = 0.476200, lambdas[223] = 0.274146
etas[224] = -0.396568, lambdas[224] = 0.277201
etas[225] = 0.181435, lambdas[225] = 0.279836
etas[226] = 0.125646, lambdas[226] = 0.281303
etas[227] = 0.657255, lambdas[227] = 0.283196
etas[228] = 0.905598, lambdas[228] = 0.284193
etas[229] = 0.880243, lambdas[229] = 0.286465
etas[230] = 0.696692, lambdas[230] = 0.286696
etas[231] = 0.641519, lambdas[231] = 0.287974
etas[232] = -0.893192, lambdas[232] = 0.290693
etas[233] = -0.449293, lambdas[233] = 0.291832
etas[234] = -0.202652, lambdas[234] = 0.293082
etas[235] = -0.245017, lambdas[235] = 0.296440
etas[236] = 0.094220, lambdas[236] = 0.300196
etas[237] = 0.003476, lambdas[237] = 0.301455
etas[238] = -0.149061, lambdas[238] = 0.304126
etas[239] = -0.018396, lambdas[239] = 0.308258
etas[240] = -0.135101, lambdas[240] = 0.318900
etas[241] = -0.337759, lambdas[241] = 0.323696
etas[242] = -0.614742, lambdas[242] = 0.329568
etas[243] = -0.470726, lambdas[243] = 0.332646
etas[244] = -0.685738, lambdas[244] = 0.337231
etas[245] = 0.069899, lambdas[245] = 0.339015
etas[246] = 0.336732, lambdas[246] = 0.344884
etas[247] = -0.275783, lambdas[247] = 0.352159
etas[248] = -0.423125, lambdas[248] = 0.360261
etas[249] = -0.306285, lambdas[249] = 0.364910
etas[250] = -0.625034, lambdas[250] = 0.394015
etas[251] = -0.888097, lambdas[251] = 0.405418
etas[252] = -1.323531, lambdas[252] = 0.409897
etas[253] = 0.897252, lambdas[253] = 0.418070
etas[254] = 0.249928, lambdas[254] = 0.428056
etas[255] = -0.102401, lambdas[255] = 0.435557
etas[256] = 0.911016, lambdas[256] = 0.444575
etas[257] = -0.496250, lambdas[257] = 0.448919
etas[258] = -0.107102, lambdas[258] = 0.471784
etas[259] = 0.272335, lambdas[259] = 0.482764
etas[260] = -1.104413, lambdas[260] = 0.492819
etas[261] = -0.190879, lambdas[261] = 0.500117
etas[262] = 0.579676, lambdas[262] = 0.520012
etas[263] = 0.660181, lambdas[263] = 0.561475
etas[264] = -0.281956, lambdas[264] = 0.577673
etas[265] = 0.622490, lambdas[265] = 0.588074
etas[266] = 1.355909, lambdas[266] = 0.606532
etas[267] = -0.066755, lambdas[267] = 0.618411
etas[268] = 0.304257, lambdas[268] = 0.638991
etas[269] = -0.117625, lambdas[269] = 0.652849
etas[270] = 0.686184, lambdas[270] = 0.654533
etas[271] = -0.979962, lambdas[271] = 0.723663
etas[272] = 0.384203, lambdas[272] = 0.742652
etas[273] = 0.226899, lambdas[273] = 0.756600
etas[274] = -0.240505, lambdas[274] = 0.849408
etas[275] = 0.635563, lambdas[275] = 0.854678
etas[276] = -1.456968, lambdas[276] = 0.902962
etas[277] = -0.600689, lambdas[277] = 1.010361
etas[278] = -0.000203, lambdas[278] = 1.018749
etas[279] = -1.168985, lambdas[279] = 1.107579
etas[280] = 1.686957, lambdas[280] = 1.151074
etas[281] = 0.187541, lambdas[281] = 1.284806
etas[282] = -0.667939, lambdas[282] = 1.450214
etas[283] = -0.603122, lambdas[283] = 1.538245
etas[284] = -0.595022, lambdas[284] = 1.655926
etas[285] = -1.301401, lambdas[285] = 1.732079
etas[286] = -0.152350, lambdas[286] = 194.919044
0	135.343417	135.168494	-138.954519
1	135.168494	134.955064	-138.953160
2	134.955064	134.694711	-138.951501
3	134.694711	134.377208	-138.949480
4	134.377208	133.990141	-138.947016
5	133.990141	133.518469	-138.944014
6	133.518469	132.943988	-138.940359
7	132.943988	132.244727	-138.935913
8	132.244727	131.394226	-138.930508
9	131.394226	130.360731	-138.923945
10	130.360731	129.106281	-138.915987
11	129.106281	127.585722	-138.906351
12	127.585722	125.745676	-138.894708
13	125.745676	123.523526	-138.880674
14	123.523526	120.846528	-138.863807
15	120.846528	117.631204	-138.843611
16	117.631204	113.783264	-138.819538
17	113.783264	109.198378	-138.791007
18	109.198378	103.764245	-138.757431
19	103.764245	97.364506	-138.718265
20	97.364506	89.885149	-138.673088
21	89.885149	81.224028	-138.621723
22	81.224028	71.304028	-138.564404
23	71.304028	60.089988	-138.502013
24	60.089988	47.608803	-138.436396
25	47.608803	33.971012	-138.370754
26	33.971012	19.390777	-138.310109
27	19.390777	4.199620	-138.261816
28	4.199620	-11.151710	-138.236054
29	-11.151710	-26.108816	-138.246221
30	-26.108816	-40.050224	-138.309095
31	-40.050224	-52.344446	-138.444630
32	-52.344446	-62.421314	-138.675263
33	-62.421314	-69.845697	-139.024661
34	-69.845697	-74.378308	-139.515962
35	-74.378308	-76.009174	-140.169654
36	-76.009174	-74.954978	-141.001414
37	-74.954978	-71.620515	-142.020246
38	-71.620515	-66.533678	-143.227284
39	-66.533678	-60.269414	-144.615460
40	-60.269414	-53.378979	-146.170093
41	-53.378979	-46.336917	-147.870235
42	-46.336917	-39.511477	-149.690458
43	-39.511477	-33.157583	-151.602748
44	-33.157583	-27.426858	-153.578165
45	-27.426858	-22.387401	-155.588119
46	-22.387401	-18.046595	-157.605181
47	-18.046595	-14.372185	-159.603530
48	-14.372185	-11.309119	-161.559179
49	-11.309119	-8.791521	-163.450138
50	-8.791521	-6.750400	-165.256640
51	-6.750400	-5.118176	-166.961477
52	-5.118176	-3.831171	-168.550420
53	-3.831171	-2.830927	-170.012641
54	-2.830927	-2.064926	-171.341031
55	-2.064926	-1.486959	-172.532328
56	-1.486959	-1.057253	-173.586997
57	-1.057253	-0.742360	-174.508864
58	-0.742360	-0.514811	-175.304559
59	-0.514811	-0.352579	-175.982841
60	-0.352579	-0.238404	-176.553890
61	-0.238404	-0.159051	-177.028642
62	-0.159051	-0.104573	-177.418219
63	-0.104573	-0.067631	-177.733480
64	-0.067631	-0.042900	-177.984700
65	-0.042900	-0.026569	-178.181367
66	-0.026569	-0.015951	-178.332076
67	-0.015951	-0.009173	-178.444491
68	-0.009173	-0.004942	-178.525369
69	-0.004942	-0.002378	-178.580608
70	-0.002378	-0.000885	-178.615318
71	-0.000885	-0.000067	-178.633891
72	-0.000067	0.000338	-178.640077
73	0.000338	0.000499	-178.637045
74	0.000499	0.000524	-178.627446
75	0.000524	0.000481	-178.613459
76	0.000481	0.000409	-178.596842
77	0.000409	0.000331	-178.578974
78	0.000331	0.000258	-178.560899
79	0.000258	0.000196	-178.543371
80	0.000196	0.000146	-178.526901
81	0.000146	0.000106	-178.511800
82	0.000106	0.000076	-178.498225
83	0.000076	0.000054	-178.486217
84	0.000054	0.000038	-178.475736
85	0.000038	0.000027	-178.466686
86	0.000027	0.000018	-178.458945
87	0.000018	0.000013	-178.452373
88	0.000013	0.000009	-178.446829
89	0.000009	0.000006	-178.442176
90	0.000006	0.000004	-178.438289
91	0.000004	0.000003	-178.435052
92	0.000003	0.000002	-178.432366
93	0.000002	0.000001	-178.430141
94	0.000001	0.000001	-178.428303
95	0.000001	0.000001	-178.426786
96	0.000001	0.000000	-178.425537
97	0.000000	0.000000	-178.424508
98	0.000000	0.000000	-178.423663
99	0.000000	0.000000	-178.422968
REMLE (delta=0.012967, REML=-138.234619, REML0=-178.419804)- elapsed CPU time is 0.014536
eigen_L - elapsed CPU time is 0.048458


Reading TPED file /mnt/data/shahar/gwas_barley/morexV3_analysis/barley_for_publication_project/01_USED_GWAS_V2_pipeline/intermediates/morexV3_gwas_genotypes...

Reading 0-th SNP and testing association....

Reading 10000-th SNP and testing association....

Reading 20000-th SNP and testing association....

Reading 30000-th SNP and testing association....

Reading 40000-th SNP and testing association....

Reading 50000-th SNP and testing association....

Reading 60000-th SNP and testing association....

Reading 70000-th SNP and testing association....

Reading 80000-th SNP and testing association....

Reading 90000-th SNP and testing association....

Reading 100000-th SNP and testing association....

Reading 110000-th SNP and testing association....

Reading 120000-th SNP and testing association....

Reading 130000-th SNP and testing association....

Reading 140000-th SNP and testing association....

Reading 150000-th SNP and testing association....

Reading 160000-th SNP and testing association....

Reading 170000-th SNP and testing association....

Reading 180000-th SNP and testing association....

Reading 190000-th SNP and testing association....

Reading 200000-th SNP and testing association....

Reading 210000-th SNP and testing association....

Reading 220000-th SNP and testing association....

Reading 230000-th SNP and testing association....

Reading 240000-th SNP and testing association....

Reading 250000-th SNP and testing association....

Reading 260000-th SNP and testing association....

Reading 270000-th SNP and testing association....

Reading 280000-th SNP and testing association....

Reading 290000-th SNP and testing association....

Reading 300000-th SNP and testing association....

Reading 310000-th SNP and testing association....

Reading 320000-th SNP and testing association....

Reading 330000-th SNP and testing association....

Reading 340000-th SNP and testing association....

Reading 350000-th SNP and testing association....

Reading 360000-th SNP and testing association....

Reading 370000-th SNP and testing association....

Reading 380000-th SNP and testing association....

Reading 390000-th SNP and testing association....

Reading 400000-th SNP and testing association....

Reading 410000-th SNP and testing association....

Reading 420000-th SNP and testing association....

Reading 430000-th SNP and testing association....

Reading 440000-th SNP and testing association....

Reading 450000-th SNP and testing association....

Reading 460000-th SNP and testing association....

Reading 470000-th SNP and testing association....

Reading 480000-th SNP and testing association....

Reading 490000-th SNP and testing association....

Reading 500000-th SNP and testing association....

Reading 510000-th SNP and testing association....

Reading 520000-th SNP and testing association....

Reading 530000-th SNP and testing association....

Reading 540000-th SNP and testing association....

Reading 550000-th SNP and testing association....

Reading 560000-th SNP and testing association....

Reading 570000-th SNP and testing association....

Reading 580000-th SNP and testing association....

Reading 590000-th SNP and testing association....

Reading 600000-th SNP and testing association....

Reading 610000-th SNP and testing association....

Reading 620000-th SNP and testing association....

Reading 630000-th SNP and testing association....

Reading 640000-th SNP and testing association....

Reading 650000-th SNP and testing association....

Reading 660000-th SNP and testing association....

Reading 670000-th SNP and testing association....

Reading 680000-th SNP and testing association....

Reading 690000-th SNP and testing association....

Reading 700000-th SNP and testing association....

Reading 710000-th SNP and testing association....

Reading 720000-th SNP and testing association....

Reading 730000-th SNP and testing association....

Reading 740000-th SNP and testing association....

Reading 750000-th SNP and testing association....

Reading 760000-th SNP and testing association....

Reading 770000-th SNP and testing association....

Reading 780000-th SNP and testing association....

Reading 790000-th SNP and testing association....

Reading 800000-th SNP and testing association....

Reading 810000-th SNP and testing association....

Reading 820000-th SNP and testing association....

Reading 830000-th SNP and testing association....

Reading 840000-th SNP and testing association....

Reading 850000-th SNP and testing association....

Reading 860000-th SNP and testing association....

Reading 870000-th SNP and testing association....

Reading 880000-th SNP and testing association....

Reading 890000-th SNP and testing association....

Reading 900000-th SNP and testing association....

Reading 910000-th SNP and testing association....

Reading 920000-th SNP and testing association....

Reading 930000-th SNP and testing association....

Reading 940000-th SNP and testing association....

Reading 950000-th SNP and testing association....

Reading 960000-th SNP and testing association....

Reading 970000-th SNP and testing association....

Reading 980000-th SNP and testing association....

Reading 990000-th SNP and testing association....

Reading 1000000-th SNP and testing association....

Reading 1010000-th SNP and testing association....

Reading 1020000-th SNP and testing association....

Reading 1030000-th SNP and testing association....

Reading 1040000-th SNP and testing association....

Reading 1050000-th SNP and testing association....

Reading 1060000-th SNP and testing association....

Reading 1070000-th SNP and testing association....

Reading 1080000-th SNP and testing association....

Reading 1090000-th SNP and testing association....

Reading 1100000-th SNP and testing association....

Reading 1110000-th SNP and testing association....

Reading 1120000-th SNP and testing association....

Reading 1130000-th SNP and testing association....

Reading 1140000-th SNP and testing association....

Reading 1150000-th SNP and testing association....

Reading 1160000-th SNP and testing association....

Reading 1170000-th SNP and testing association....

Reading 1180000-th SNP and testing association....

Reading 1190000-th SNP and testing association....

Reading 1200000-th SNP and testing association....

Reading 1210000-th SNP and testing association....

Reading 1220000-th SNP and testing association....

Reading 1230000-th SNP and testing association....

Reading 1240000-th SNP and testing association....

Reading 1250000-th SNP and testing association....

Reading 1260000-th SNP and testing association....

Reading 1270000-th SNP and testing association....

Reading 1280000-th SNP and testing association....

Reading 1290000-th SNP and testing association....

Reading 1300000-th SNP and testing association....

Reading 1310000-th SNP and testing association....

Reading 1320000-th SNP and testing association....

Reading 1330000-th SNP and testing association....

Reading 1340000-th SNP and testing association....

Reading 1350000-th SNP and testing association....

Reading 1360000-th SNP and testing association....

Reading 1370000-th SNP and testing association....

Reading 1380000-th SNP and testing association....

Reading 1390000-th SNP and testing association....

Reading 1400000-th SNP and testing association....

Reading 1410000-th SNP and testing association....

Reading 1420000-th SNP and testing association....

Reading 1430000-th SNP and testing association....

Reading 1440000-th SNP and testing association....

Reading 1450000-th SNP and testing association....

Reading 1460000-th SNP and testing association....

Reading 1470000-th SNP and testing association....

Reading 1480000-th SNP and testing association....

Reading 1490000-th SNP and testing association....

Reading 1500000-th SNP and testing association....

Reading 1510000-th SNP and testing association....

Reading 1520000-th SNP and testing association....

Reading 1530000-th SNP and testing association....

Reading 1540000-th SNP and testing association....

Reading 1550000-th SNP and testing association....

Reading 1560000-th SNP and testing association....

Reading 1570000-th SNP and testing association....

Reading 1580000-th SNP and testing association....

Reading 1590000-th SNP and testing association....

Reading 1600000-th SNP and testing association....

Reading 1610000-th SNP and testing association....

Reading 1620000-th SNP and testing association....

Reading 1630000-th SNP and testing association....

Reading 1640000-th SNP and testing association....

Reading 1650000-th SNP and testing association....

Reading 1660000-th SNP and testing association....

Reading 1670000-th SNP and testing association....

Reading 1680000-th SNP and testing association....

Reading 1690000-th SNP and testing association....

Reading 1700000-th SNP and testing association....

Reading 1710000-th SNP and testing association....

Reading 1720000-th SNP and testing association....

Reading 1730000-th SNP and testing association....

Reading 1740000-th SNP and testing association....

Reading 1750000-th SNP and testing association....

Reading 1760000-th SNP and testing association....

Reading 1770000-th SNP and testing association....

Reading 1780000-th SNP and testing association....

Reading 1790000-th SNP and testing association....

Reading 1800000-th SNP and testing association....

Reading 1810000-th SNP and testing association....

Reading 1820000-th SNP and testing association....

Reading 1830000-th SNP and testing association....

Reading 1840000-th SNP and testing association....

Reading 1850000-th SNP and testing association....

Reading 1860000-th SNP and testing association....

Reading 1870000-th SNP and testing association....

Reading 1880000-th SNP and testing association....

Reading 1890000-th SNP and testing association....

Reading 1900000-th SNP and testing association....

Reading 1910000-th SNP and testing association....

Reading 1920000-th SNP and testing association....

Reading 1930000-th SNP and testing association....

Reading 1940000-th SNP and testing association....

Reading 1950000-th SNP and testing association....

Reading 1960000-th SNP and testing association....

Reading 1970000-th SNP and testing association....

Reading 1980000-th SNP and testing association....

Reading 1990000-th SNP and testing association....

Reading 2000000-th SNP and testing association....

Reading 2010000-th SNP and testing association....

Reading 2020000-th SNP and testing association....

Reading 2030000-th SNP and testing association....

Reading 2040000-th SNP and testing association....

Reading 2050000-th SNP and testing association....

Reading 2060000-th SNP and testing association....

Reading 2070000-th SNP and testing association....

Reading 2080000-th SNP and testing association....

Reading 2090000-th SNP and testing association....

Reading 2100000-th SNP and testing association....

Reading 2110000-th SNP and testing association....

Reading 2120000-th SNP and testing association....

Reading 2130000-th SNP and testing association....

Reading 2140000-th SNP and testing association....

Reading 2150000-th SNP and testing association....

Reading 2160000-th SNP and testing association....

Reading 2170000-th SNP and testing association....

Reading 2180000-th SNP and testing association....

Reading 2190000-th SNP and testing association....

Reading 2200000-th SNP and testing association....

Reading 2210000-th SNP and testing association....

Reading 2220000-th SNP and testing association....

Reading 2230000-th SNP and testing association....

Reading 2240000-th SNP and testing association....

Reading 2250000-th SNP and testing association....

Reading 2260000-th SNP and testing association....

Reading 2270000-th SNP and testing association....

Reading 2280000-th SNP and testing association....

Reading 2290000-th SNP and testing association....

Reading 2300000-th SNP and testing association....

Reading 2310000-th SNP and testing association....

Reading 2320000-th SNP and testing association....

Reading 2330000-th SNP and testing association....

Reading 2340000-th SNP and testing association....

Reading 2350000-th SNP and testing association....

Reading 2360000-th SNP and testing association....

Reading 2370000-th SNP and testing association....

Reading 2380000-th SNP and testing association....

Reading 2390000-th SNP and testing association....

Reading 2400000-th SNP and testing association....

Reading 2410000-th SNP and testing association....

Reading 2420000-th SNP and testing association....

Reading 2430000-th SNP and testing association....

Reading 2440000-th SNP and testing association....

Reading 2450000-th SNP and testing association....

Reading 2460000-th SNP and testing association....

Reading 2470000-th SNP and testing association....

Reading 2480000-th SNP and testing association....

Reading 2490000-th SNP and testing association....

Reading 2500000-th SNP and testing association....

Reading 2510000-th SNP and testing association....

Reading 2520000-th SNP and testing association....

Reading 2530000-th SNP and testing association....

Reading 2540000-th SNP and testing association....

Reading 2550000-th SNP and testing association....

Reading 2560000-th SNP and testing association....

Reading 2570000-th SNP and testing association....

Reading 2580000-th SNP and testing association....

Reading 2590000-th SNP and testing association....

Reading 2600000-th SNP and testing association....

Reading 2610000-th SNP and testing association....

Reading 2620000-th SNP and testing association....

Reading 2630000-th SNP and testing association....

Reading 2640000-th SNP and testing association....

Reading 2650000-th SNP and testing association....

Reading 2660000-th SNP and testing association....

Reading 2670000-th SNP and testing association....

Reading 2680000-th SNP and testing association....

Reading 2690000-th SNP and testing association....

Reading 2700000-th SNP and testing association....

Reading 2710000-th SNP and testing association....

Reading 2720000-th SNP and testing association....

Reading 2730000-th SNP and testing association....

Reading 2740000-th SNP and testing association....

Reading 2750000-th SNP and testing association....

Reading 2760000-th SNP and testing association....

Reading 2770000-th SNP and testing association....

Reading 2780000-th SNP and testing association....

Reading 2790000-th SNP and testing association....

Reading 2800000-th SNP and testing association....

Reading 2810000-th SNP and testing association....

Reading 2820000-th SNP and testing association....

Reading 2830000-th SNP and testing association....

Reading 2840000-th SNP and testing association....

Reading 2850000-th SNP and testing association....

Reading 2860000-th SNP and testing association....

Reading 2870000-th SNP and testing association....

Reading 2880000-th SNP and testing association....

Reading 2890000-th SNP and testing association....

Reading 2900000-th SNP and testing association....

Reading 2910000-th SNP and testing association....

Reading 2920000-th SNP and testing association....

Reading 2930000-th SNP and testing association....

Reading 2940000-th SNP and testing association....

Reading 2950000-th SNP and testing association....

Reading 2960000-th SNP and testing association....

Reading 2970000-th SNP and testing association....

Reading 2980000-th SNP and testing association....

Reading 2990000-th SNP and testing association....

Reading 3000000-th SNP and testing association....

Reading 3010000-th SNP and testing association....

Reading 3020000-th SNP and testing association....

Reading 3030000-th SNP and testing association....

Reading 3040000-th SNP and testing association....

Reading 3050000-th SNP and testing association....

Reading 3060000-th SNP and testing association....

Reading 3070000-th SNP and testing association....

Reading 3080000-th SNP and testing association....

Reading 3090000-th SNP and testing association....

Reading 3100000-th SNP and testing association....

Reading 3110000-th SNP and testing association....

Reading 3120000-th SNP and testing association....

Reading 3130000-th SNP and testing association....

Reading 3140000-th SNP and testing association....

Reading 3150000-th SNP and testing association....

Reading 3160000-th SNP and testing association....

Reading 3170000-th SNP and testing association....

Reading 3180000-th SNP and testing association....

Reading 3190000-th SNP and testing association....

Reading 3200000-th SNP and testing association....

Reading 3210000-th SNP and testing association....

Reading 3220000-th SNP and testing association....

Reading 3230000-th SNP and testing association....

Reading 3240000-th SNP and testing association....

Reading 3250000-th SNP and testing association....

Reading 3260000-th SNP and testing association....

Reading 3270000-th SNP and testing association....

Reading 3280000-th SNP and testing association....

Reading 3290000-th SNP and testing association....

Reading 3300000-th SNP and testing association....

Reading 3310000-th SNP and testing association....

Reading 3320000-th SNP and testing association....

Reading 3330000-th SNP and testing association....

Reading 3340000-th SNP and testing association....

Reading 3350000-th SNP and testing association....

Reading 3360000-th SNP and testing association....

Reading 3370000-th SNP and testing association....

Reading 3380000-th SNP and testing association....

Reading 3390000-th SNP and testing association....

Reading 3400000-th SNP and testing association....

Reading 3410000-th SNP and testing association....

Reading 3420000-th SNP and testing association....

Reading 3430000-th SNP and testing association....

Reading 3440000-th SNP and testing association....

Reading 3450000-th SNP and testing association....

Reading 3460000-th SNP and testing association....

Reading 3470000-th SNP and testing association....

Reading 3480000-th SNP and testing association....

Reading 3490000-th SNP and testing association....

Reading 3500000-th SNP and testing association....

Reading 3510000-th SNP and testing association....

Reading 3520000-th SNP and testing association....

Reading 3530000-th SNP and testing association....

Reading 3540000-th SNP and testing association....

Reading 3550000-th SNP and testing association....

Reading 3560000-th SNP and testing association....

Reading 3570000-th SNP and testing association....

Reading 3580000-th SNP and testing association....

Reading 3590000-th SNP and testing association....

Reading 3600000-th SNP and testing association....

Reading 3610000-th SNP and testing association....

Reading 3620000-th SNP and testing association....

Reading 3630000-th SNP and testing association....

Reading 3640000-th SNP and testing association....

Reading 3650000-th SNP and testing association....

Reading 3660000-th SNP and testing association....

Reading 3670000-th SNP and testing association....

Reading 3680000-th SNP and testing association....

Reading 3690000-th SNP and testing association....

Reading 3700000-th SNP and testing association....

Reading 3710000-th SNP and testing association....

Reading 3720000-th SNP and testing association....

Reading 3730000-th SNP and testing association....

Reading 3740000-th SNP and testing association....

Reading 3750000-th SNP and testing association....

Reading 3760000-th SNP and testing association....

Reading 3770000-th SNP and testing association....

Reading 3780000-th SNP and testing association....

Reading 3790000-th SNP and testing association....

Reading 3800000-th SNP and testing association....

Reading 3810000-th SNP and testing association....

Reading 3820000-th SNP and testing association....

Reading 3830000-th SNP and testing association....

Reading 3840000-th SNP and testing association....

Reading 3850000-th SNP and testing association....

Reading 3860000-th SNP and testing association....

Reading 3870000-th SNP and testing association....

Reading 3880000-th SNP and testing association....

Reading 3890000-th SNP and testing association....

Reading 3900000-th SNP and testing association....

Reading 3910000-th SNP and testing association....

Reading 3920000-th SNP and testing association....

Reading 3930000-th SNP and testing association....

Reading 3940000-th SNP and testing association....

Reading 3950000-th SNP and testing association....

Reading 3960000-th SNP and testing association....

Reading 3970000-th SNP and testing association....

Reading 3980000-th SNP and testing association....

Reading 3990000-th SNP and testing association....

Reading 4000000-th SNP and testing association....

Reading 4010000-th SNP and testing association....

Reading 4020000-th SNP and testing association....

Reading 4030000-th SNP and testing association....

Reading 4040000-th SNP and testing association....

Reading 4050000-th SNP and testing association....

Reading 4060000-th SNP and testing association....

Reading 4070000-th SNP and testing association....

Reading 4080000-th SNP and testing association....

Reading 4090000-th SNP and testing association....

Reading 4100000-th SNP and testing association....

Reading 4110000-th SNP and testing association....

Reading 4120000-th SNP and testing association....

Reading 4130000-th SNP and testing association....

Reading 4140000-th SNP and testing association....

Reading 4150000-th SNP and testing association....

Reading 4160000-th SNP and testing association....

Reading 4170000-th SNP and testing association....

Reading 4180000-th SNP and testing association....

Reading 4190000-th SNP and testing association....

Reading 4200000-th SNP and testing association....

Reading 4210000-th SNP and testing association....

Reading 4220000-th SNP and testing association....

Reading 4230000-th SNP and testing association....

Reading 4240000-th SNP and testing association....

Reading 4250000-th SNP and testing association....

Reading 4260000-th SNP and testing association....

Reading 4270000-th SNP and testing association....

Reading 4280000-th SNP and testing association....

Reading 4290000-th SNP and testing association....

Reading 4300000-th SNP and testing association....

Reading 4310000-th SNP and testing association....

Reading 4320000-th SNP and testing association....

Reading 4330000-th SNP and testing association....

Reading 4340000-th SNP and testing association....

Reading 4350000-th SNP and testing association....

Reading 4360000-th SNP and testing association....

Reading 4370000-th SNP and testing association....

Reading 4380000-th SNP and testing association....

Reading 4390000-th SNP and testing association....

Reading 4400000-th SNP and testing association....

Reading 4410000-th SNP and testing association....

Reading 4420000-th SNP and testing association....

Reading 4430000-th SNP and testing association....

Reading 4440000-th SNP and testing association....

Reading 4450000-th SNP and testing association....

Reading 4460000-th SNP and testing association....

Reading 4470000-th SNP and testing association....

Reading 4480000-th SNP and testing association....

Reading 4490000-th SNP and testing association....

Reading 4500000-th SNP and testing association....

Reading 4510000-th SNP and testing association....

Reading 4520000-th SNP and testing association....

Reading 4530000-th SNP and testing association....

Reading 4540000-th SNP and testing association....

Reading 4550000-th SNP and testing association....

Reading 4560000-th SNP and testing association....

Reading 4570000-th SNP and testing association....

Reading 4580000-th SNP and testing association....

Reading 4590000-th SNP and testing association....

Reading 4600000-th SNP and testing association....

Reading 4610000-th SNP and testing association....

Reading 4620000-th SNP and testing association....

Reading 4630000-th SNP and testing association....

Reading 4640000-th SNP and testing association....

Reading 4650000-th SNP and testing association....

Reading 4660000-th SNP and testing association....

Reading 4670000-th SNP and testing association....

Reading 4680000-th SNP and testing association....

Reading 4690000-th SNP and testing association....

Reading 4700000-th SNP and testing association....

Reading 4710000-th SNP and testing association....

Reading 4720000-th SNP and testing association....

Reading 4730000-th SNP and testing association....

Reading 4740000-th SNP and testing association....

Reading 4750000-th SNP and testing association....

Reading 4760000-th SNP and testing association....

Reading 4770000-th SNP and testing association....

Reading 4780000-th SNP and testing association....

Reading 4790000-th SNP and testing association....

Reading 4800000-th SNP and testing association....

Reading 4810000-th SNP and testing association....

Reading 4820000-th SNP and testing association....

Reading 4830000-th SNP and testing association....

Reading 4840000-th SNP and testing association....

Reading 4850000-th SNP and testing association....

Reading 4860000-th SNP and testing association....

Reading 4870000-th SNP and testing association....

Reading 4880000-th SNP and testing association....

Reading 4890000-th SNP and testing association....

Reading 4900000-th SNP and testing association....

Reading 4910000-th SNP and testing association....

Reading 4920000-th SNP and testing association....

Reading 4930000-th SNP and testing association....

Reading 4940000-th SNP and testing association....

Reading 4950000-th SNP and testing association....

Reading 4960000-th SNP and testing association....

Reading 4970000-th SNP and testing association....

Reading 4980000-th SNP and testing association....

Reading 4990000-th SNP and testing association....

Reading 5000000-th SNP and testing association....

Reading 5010000-th SNP and testing association....

Reading 5020000-th SNP and testing association....

Reading 5030000-th SNP and testing association....

Reading 5040000-th SNP and testing association....

Reading 5050000-th SNP and testing association....

Reading 5060000-th SNP and testing association....

Reading 5070000-th SNP and testing association....

Reading 5080000-th SNP and testing association....

Reading 5090000-th SNP and testing association....

Reading 5100000-th SNP and testing association....

Reading 5110000-th SNP and testing association....

Reading 5120000-th SNP and testing association....

Reading 5130000-th SNP and testing association....

Reading 5140000-th SNP and testing association....

Reading 5150000-th SNP and testing association....

Reading 5160000-th SNP and testing association....

Reading 5170000-th SNP and testing association....

Reading 5180000-th SNP and testing association....

Reading 5190000-th SNP and testing association....

Reading 5200000-th SNP and testing association....

Reading 5210000-th SNP and testing association....

Reading 5220000-th SNP and testing association....

Reading 5230000-th SNP and testing association....

Reading 5240000-th SNP and testing association....

Reading 5250000-th SNP and testing association....

Reading 5260000-th SNP and testing association....

Reading 5270000-th SNP and testing association....

Reading 5280000-th SNP and testing association....

Reading 5290000-th SNP and testing association....

Reading 5300000-th SNP and testing association....

Reading 5310000-th SNP and testing association....

Reading 5320000-th SNP and testing association....

Reading 5330000-th SNP and testing association....

Reading 5340000-th SNP and testing association....

Reading 5350000-th SNP and testing association....

Reading 5360000-th SNP and testing association....

Reading 5370000-th SNP and testing association....

Reading 5380000-th SNP and testing association....

Reading 5390000-th SNP and testing association....

Reading 5400000-th SNP and testing association....

Reading 5410000-th SNP and testing association....

Reading 5420000-th SNP and testing association....

Reading 5430000-th SNP and testing association....

Reading 5440000-th SNP and testing association....

Reading 5450000-th SNP and testing association....

Reading 5460000-th SNP and testing association....

Reading 5470000-th SNP and testing association....

Reading 5480000-th SNP and testing association....

Reading 5490000-th SNP and testing association....

Reading 5500000-th SNP and testing association....

Reading 5510000-th SNP and testing association....

Reading 5520000-th SNP and testing association....

Reading 5530000-th SNP and testing association....

Reading 5540000-th SNP and testing association....

Reading 5550000-th SNP and testing association....

Reading 5560000-th SNP and testing association....

Reading 5570000-th SNP and testing association....

Reading 5580000-th SNP and testing association....

Reading 5590000-th SNP and testing association....

Reading 5600000-th SNP and testing association....

Reading 5610000-th SNP and testing association....

Reading 5620000-th SNP and testing association....

Reading 5630000-th SNP and testing association....

Reading 5640000-th SNP and testing association....

Reading 5650000-th SNP and testing association....

Reading 5660000-th SNP and testing association....

Reading 5670000-th SNP and testing association....

Reading 5680000-th SNP and testing association....

Reading 5690000-th SNP and testing association....

Reading 5700000-th SNP and testing association....

Reading 5710000-th SNP and testing association....

Reading 5720000-th SNP and testing association....

Reading 5730000-th SNP and testing association....

Reading 5740000-th SNP and testing association....

Reading 5750000-th SNP and testing association....

Reading 5760000-th SNP and testing association....

Reading 5770000-th SNP and testing association....

Reading 5780000-th SNP and testing association....

Reading 5790000-th SNP and testing association....

Reading 5800000-th SNP and testing association....

Reading 5810000-th SNP and testing association....

Reading 5820000-th SNP and testing association....

Reading 5830000-th SNP and testing association....

Reading 5840000-th SNP and testing association....

Reading 5850000-th SNP and testing association....

Reading 5860000-th SNP and testing association....

Reading 5870000-th SNP and testing association....

Reading 5880000-th SNP and testing association....

Reading 5890000-th SNP and testing association....

Reading 5900000-th SNP and testing association....

Reading 5910000-th SNP and testing association....

Reading 5920000-th SNP and testing association....

Reading 5930000-th SNP and testing association....

Reading 5940000-th SNP and testing association....

Reading 5950000-th SNP and testing association....

Reading 5960000-th SNP and testing association....

Reading 5970000-th SNP and testing association....

Reading 5980000-th SNP and testing association....

Reading 5990000-th SNP and testing association....

Reading 6000000-th SNP and testing association....

Reading 6010000-th SNP and testing association....

Reading 6020000-th SNP and testing association....

Reading 6030000-th SNP and testing association....

Reading 6040000-th SNP and testing association....

Reading 6050000-th SNP and testing association....

Reading 6060000-th SNP and testing association....

Reading 6070000-th SNP and testing association....

Reading 6080000-th SNP and testing association....

Reading 6090000-th SNP and testing association....

Reading 6100000-th SNP and testing association....

Reading 6110000-th SNP and testing association....

Reading 6120000-th SNP and testing association....

Reading 6130000-th SNP and testing association....

Reading 6140000-th SNP and testing association....

Reading 6150000-th SNP and testing association....

Reading 6160000-th SNP and testing association....

Reading 6170000-th SNP and testing association....

Reading 6180000-th SNP and testing association....

Reading 6190000-th SNP and testing association....

Reading 6200000-th SNP and testing association....

Reading 6210000-th SNP and testing association....

Reading 6220000-th SNP and testing association....

Reading 6230000-th SNP and testing association....

Reading 6240000-th SNP and testing association....

Reading 6250000-th SNP and testing association....

Reading 6260000-th SNP and testing association....

Reading 6270000-th SNP and testing association....

Reading 6280000-th SNP and testing association....

Reading 6290000-th SNP and testing association....

Reading 6300000-th SNP and testing association....

Reading 6310000-th SNP and testing association....

Reading 6320000-th SNP and testing association....

Reading 6330000-th SNP and testing association....

Reading 6340000-th SNP and testing association....

Reading 6350000-th SNP and testing association....

Reading 6360000-th SNP and testing association....

Reading 6370000-th SNP and testing association....

Reading 6380000-th SNP and testing association....

Reading 6390000-th SNP and testing association....

Reading 6400000-th SNP and testing association....

Reading 6410000-th SNP and testing association....

Reading 6420000-th SNP and testing association....

Reading 6430000-th SNP and testing association....

Reading 6440000-th SNP and testing association....

Reading 6450000-th SNP and testing association....

Reading 6460000-th SNP and testing association....

Reading 6470000-th SNP and testing association....

Reading 6480000-th SNP and testing association....

Reading 6490000-th SNP and testing association....

Reading 6500000-th SNP and testing association....

Reading 6510000-th SNP and testing association....

Reading 6520000-th SNP and testing association....

Reading 6530000-th SNP and testing association....

Reading 6540000-th SNP and testing association....

Reading 6550000-th SNP and testing association....

Reading 6560000-th SNP and testing association....

Reading 6570000-th SNP and testing association....

Reading 6580000-th SNP and testing association....

Reading 6590000-th SNP and testing association....

Reading 6600000-th SNP and testing association....

Reading 6610000-th SNP and testing association....

Reading 6620000-th SNP and testing association....

Reading 6630000-th SNP and testing association....

Reading 6640000-th SNP and testing association....

Reading 6650000-th SNP and testing association....

Reading 6660000-th SNP and testing association....

Reading 6670000-th SNP and testing association....

Reading 6680000-th SNP and testing association....

Reading 6690000-th SNP and testing association....

Reading 6700000-th SNP and testing association....

Reading 6710000-th SNP and testing association....

Reading 6720000-th SNP and testing association....

Reading 6730000-th SNP and testing association....

Reading 6740000-th SNP and testing association....

Reading 6750000-th SNP and testing association....

Reading 6760000-th SNP and testing association....

Reading 6770000-th SNP and testing association....

Reading 6780000-th SNP and testing association....

Reading 6790000-th SNP and testing association....

Reading 6800000-th SNP and testing association....

Reading 6810000-th SNP and testing association....

Reading 6820000-th SNP and testing association....

Reading 6830000-th SNP and testing association....

Reading 6840000-th SNP and testing association....

Reading 6850000-th SNP and testing association....

Reading 6860000-th SNP and testing association....

Reading 6870000-th SNP and testing association....

Reading 6880000-th SNP and testing association....

Reading 6890000-th SNP and testing association....

Reading 6900000-th SNP and testing association....

Reading 6910000-th SNP and testing association....

Reading 6920000-th SNP and testing association....

Reading 6930000-th SNP and testing association....

Reading 6940000-th SNP and testing association....

Reading 6950000-th SNP and testing association....

Reading 6960000-th SNP and testing association....

Reading 6970000-th SNP and testing association....

Reading 6980000-th SNP and testing association....

Reading 6990000-th SNP and testing association....

Reading 7000000-th SNP and testing association....

Reading 7010000-th SNP and testing association....

Reading 7020000-th SNP and testing association....

Reading 7030000-th SNP and testing association....

Reading 7040000-th SNP and testing association....

Reading 7050000-th SNP and testing association....

Reading 7060000-th SNP and testing association....

Reading 7070000-th SNP and testing association....

Reading 7080000-th SNP and testing association....

Reading 7090000-th SNP and testing association....

Reading 7100000-th SNP and testing association....

Reading 7110000-th SNP and testing association....

GLS association - elapsed CPU time is 1104.333017

Breakdown for input file parsing : 750.815971

              matrix computation : 179.499500

             p-value computation : 12.615956

