
Reading TFAM file /mnt/data/shahar/gwas_barley/morexV3_analysis/barley_for_publication_project/01_USED_GWAS_V2_pipeline/intermediates/morexV3_gwas_genotypes.tfam ....


Reading kinship file /mnt/data/shahar/gwas_barley/morexV3_analysis/barley_for_publication_project/01_USED_GWAS_V2_pipeline/intermediates/morexV3_kinship.aIBS.kinf...

  290 rows and 290 columns were observed with 0 missing values.


Reading the phenotype file /mnt/data/shahar/gwas_barley/data/inputs/fiber_corrected_V3.pheno...

  290 rows and 1 columns were observed with 0 missing values


Reading covariate file /mnt/data/shahar/gwas_barley/morexV3_analysis/barley_for_publication_project/01_USED_GWAS_V2_pipeline/intermediates/covariates/pca_pc10.cov...

  290 rows and 10 columns were observed with 0 missing values. Make sure that the intercept is included in the covariates

File reading - elapsed CPU time is 0.019574

eRvals[0] = 0.024519, eRvals[n-q-1] = 194.909085, eRvals[n-q] = 0.000000
eigen_R - elapsed CPU time is 0.130881
etas[0] = -0.066241, lambdas[0] = 0.024519
etas[1] = -0.142542, lambdas[1] = 0.028021
etas[2] = 0.052725, lambdas[2] = 0.029533
etas[3] = 0.093554, lambdas[3] = 0.029827
etas[4] = -0.041561, lambdas[4] = 0.030636
etas[5] = 0.053161, lambdas[5] = 0.031377
etas[6] = -0.050968, lambdas[6] = 0.032141
etas[7] = 0.085966, lambdas[7] = 0.032712
etas[8] = -0.033263, lambdas[8] = 0.032962
etas[9] = 0.029510, lambdas[9] = 0.033327
etas[10] = -0.041454, lambdas[10] = 0.033942
etas[11] = -0.057159, lambdas[11] = 0.034817
etas[12] = -0.115349, lambdas[12] = 0.035246
etas[13] = -0.019591, lambdas[13] = 0.035304
etas[14] = 0.135549, lambdas[14] = 0.036060
etas[15] = -0.077544, lambdas[15] = 0.037103
etas[16] = -0.065807, lambdas[16] = 0.037628
etas[17] = 0.063225, lambdas[17] = 0.038247
etas[18] = -0.197020, lambdas[18] = 0.038719
etas[19] = -0.050943, lambdas[19] = 0.039225
etas[20] = -0.083421, lambdas[20] = 0.039841
etas[21] = 0.044091, lambdas[21] = 0.040457
etas[22] = -0.081305, lambdas[22] = 0.040786
etas[23] = -0.040904, lambdas[23] = 0.041320
etas[24] = 0.049208, lambdas[24] = 0.041679
etas[25] = -0.144172, lambdas[25] = 0.042102
etas[26] = -0.262137, lambdas[26] = 0.042328
etas[27] = 0.195554, lambdas[27] = 0.042759
etas[28] = -0.024562, lambdas[28] = 0.043078
etas[29] = -0.138589, lambdas[29] = 0.043335
etas[30] = -0.011255, lambdas[30] = 0.044158
etas[31] = -0.121973, lambdas[31] = 0.044373
etas[32] = -0.044961, lambdas[32] = 0.044575
etas[33] = -0.082704, lambdas[33] = 0.044706
etas[34] = 0.000131, lambdas[34] = 0.044858
etas[35] = 0.116937, lambdas[35] = 0.045097
etas[36] = -0.114446, lambdas[36] = 0.045385
etas[37] = -0.163980, lambdas[37] = 0.045735
etas[38] = 0.107921, lambdas[38] = 0.045993
etas[39] = -0.127345, lambdas[39] = 0.046223
etas[40] = -0.113342, lambdas[40] = 0.046454
etas[41] = 0.037573, lambdas[41] = 0.046603
etas[42] = 0.115973, lambdas[42] = 0.046649
etas[43] = 0.154715, lambdas[43] = 0.047071
etas[44] = 0.093997, lambdas[44] = 0.047333
etas[45] = -0.225642, lambdas[45] = 0.047435
etas[46] = 0.087405, lambdas[46] = 0.047592
etas[47] = 0.184512, lambdas[47] = 0.048017
etas[48] = -0.123129, lambdas[48] = 0.048383
etas[49] = 0.062632, lambdas[49] = 0.049047
etas[50] = 0.144054, lambdas[50] = 0.049356
etas[51] = 0.003583, lambdas[51] = 0.049738
etas[52] = 0.157167, lambdas[52] = 0.049993
etas[53] = -0.087159, lambdas[53] = 0.050237
etas[54] = -0.231822, lambdas[54] = 0.050631
etas[55] = 0.024691, lambdas[55] = 0.050757
etas[56] = -0.017880, lambdas[56] = 0.051013
etas[57] = -0.054576, lambdas[57] = 0.051376
etas[58] = 0.002521, lambdas[58] = 0.051746
etas[59] = 0.106736, lambdas[59] = 0.052182
etas[60] = -0.148682, lambdas[60] = 0.052501
etas[61] = -0.105581, lambdas[61] = 0.052701
etas[62] = 0.020773, lambdas[62] = 0.054094
etas[63] = 0.010285, lambdas[63] = 0.054315
etas[64] = 0.109836, lambdas[64] = 0.054387
etas[65] = 0.123423, lambdas[65] = 0.054630
etas[66] = -0.183503, lambdas[66] = 0.055585
etas[67] = 0.061715, lambdas[67] = 0.058276
etas[68] = 0.071008, lambdas[68] = 0.059038
etas[69] = -0.250029, lambdas[69] = 0.060113
etas[70] = -0.073277, lambdas[70] = 0.060460
etas[71] = 0.001482, lambdas[71] = 0.071498
etas[72] = -0.086204, lambdas[72] = 0.080324
etas[73] = -0.023085, lambdas[73] = 0.092944
etas[74] = -0.178850, lambdas[74] = 0.095669
etas[75] = 0.074251, lambdas[75] = 0.096768
etas[76] = -0.111576, lambdas[76] = 0.097253
etas[77] = -0.002313, lambdas[77] = 0.098391
etas[78] = -0.025748, lambdas[78] = 0.099747
etas[79] = -0.191189, lambdas[79] = 0.117784
etas[80] = -0.145911, lambdas[80] = 0.126916
etas[81] = 0.128024, lambdas[81] = 0.130095
etas[82] = 0.343280, lambdas[82] = 0.132739
etas[83] = -0.066884, lambdas[83] = 0.138695
etas[84] = 0.133502, lambdas[84] = 0.142443
etas[85] = -0.025115, lambdas[85] = 0.146305
etas[86] = 0.092650, lambdas[86] = 0.149648
etas[87] = -0.064806, lambdas[87] = 0.149891
etas[88] = -0.214293, lambdas[88] = 0.154451
etas[89] = 0.116392, lambdas[89] = 0.155774
etas[90] = 0.410611, lambdas[90] = 0.156307
etas[91] = -0.216400, lambdas[91] = 0.159043
etas[92] = 0.052676, lambdas[92] = 0.160886
etas[93] = 0.044327, lambdas[93] = 0.163812
etas[94] = 0.181135, lambdas[94] = 0.166706
etas[95] = 0.437978, lambdas[95] = 0.167282
etas[96] = 0.000911, lambdas[96] = 0.167768
etas[97] = 0.059468, lambdas[97] = 0.170985
etas[98] = 0.015146, lambdas[98] = 0.171919
etas[99] = 0.057274, lambdas[99] = 0.173224
etas[100] = 0.260198, lambdas[100] = 0.173668
etas[101] = 0.338362, lambdas[101] = 0.174572
etas[102] = -0.020777, lambdas[102] = 0.178113
etas[103] = 0.195976, lambdas[103] = 0.178471
etas[104] = 0.196528, lambdas[104] = 0.179061
etas[105] = 0.225135, lambdas[105] = 0.179302
etas[106] = -0.333901, lambdas[106] = 0.180717
etas[107] = 0.010123, lambdas[107] = 0.181305
etas[108] = -0.128028, lambdas[108] = 0.182553
etas[109] = 0.146854, lambdas[109] = 0.184273
etas[110] = -0.222643, lambdas[110] = 0.185033
etas[111] = 0.043976, lambdas[111] = 0.186048
etas[112] = 0.097130, lambdas[112] = 0.186802
etas[113] = 0.137114, lambdas[113] = 0.187108
etas[114] = -0.268366, lambdas[114] = 0.188490
etas[115] = 0.079253, lambdas[115] = 0.189173
etas[116] = -0.016072, lambdas[116] = 0.189720
etas[117] = -0.268489, lambdas[117] = 0.191029
etas[118] = -0.094069, lambdas[118] = 0.191365
etas[119] = 0.221824, lambdas[119] = 0.191923
etas[120] = -0.429923, lambdas[120] = 0.193090
etas[121] = -0.180122, lambdas[121] = 0.193473
etas[122] = -0.155339, lambdas[122] = 0.194080
etas[123] = -0.086393, lambdas[123] = 0.194624
etas[124] = 0.065712, lambdas[124] = 0.195807
etas[125] = 0.303172, lambdas[125] = 0.196271
etas[126] = -0.390599, lambdas[126] = 0.197245
etas[127] = -0.139099, lambdas[127] = 0.197968
etas[128] = -0.063976, lambdas[128] = 0.198267
etas[129] = -0.011276, lambdas[129] = 0.198681
etas[130] = -0.217881, lambdas[130] = 0.199263
etas[131] = 0.259303, lambdas[131] = 0.199834
etas[132] = -0.057065, lambdas[132] = 0.200602
etas[133] = -0.137225, lambdas[133] = 0.201868
etas[134] = 0.095516, lambdas[134] = 0.202539
etas[135] = 0.003747, lambdas[135] = 0.202902
etas[136] = -0.130528, lambdas[136] = 0.203752
etas[137] = 0.100606, lambdas[137] = 0.204198
etas[138] = 0.008771, lambdas[138] = 0.204551
etas[139] = -0.225985, lambdas[139] = 0.205502
etas[140] = -0.084047, lambdas[140] = 0.206952
etas[141] = 0.352634, lambdas[141] = 0.207903
etas[142] = 0.036061, lambdas[142] = 0.208184
etas[143] = -0.308310, lambdas[143] = 0.208832
etas[144] = 0.138017, lambdas[144] = 0.209753
etas[145] = -0.299348, lambdas[145] = 0.210469
etas[146] = -0.283700, lambdas[146] = 0.211833
etas[147] = 0.164064, lambdas[147] = 0.212035
etas[148] = 0.082236, lambdas[148] = 0.213289
etas[149] = -0.171458, lambdas[149] = 0.213460
etas[150] = 0.206397, lambdas[150] = 0.214253
etas[151] = 0.140656, lambdas[151] = 0.214934
etas[152] = 0.373176, lambdas[152] = 0.215375
etas[153] = -0.061724, lambdas[153] = 0.215766
etas[154] = 0.182540, lambdas[154] = 0.216410
etas[155] = -0.131079, lambdas[155] = 0.217104
etas[156] = 0.000399, lambdas[156] = 0.217766
etas[157] = -0.154077, lambdas[157] = 0.218054
etas[158] = -0.421169, lambdas[158] = 0.219306
etas[159] = 0.268018, lambdas[159] = 0.219611
etas[160] = -0.039332, lambdas[160] = 0.220281
etas[161] = -0.082846, lambdas[161] = 0.221488
etas[162] = -0.045066, lambdas[162] = 0.222155
etas[163] = 0.132922, lambdas[163] = 0.222652
etas[164] = 0.146875, lambdas[164] = 0.223442
etas[165] = -0.365335, lambdas[165] = 0.225456
etas[166] = 0.107810, lambdas[166] = 0.225724
etas[167] = -0.123581, lambdas[167] = 0.226289
etas[168] = 0.305967, lambdas[168] = 0.226712
etas[169] = 0.247612, lambdas[169] = 0.227886
etas[170] = -0.078285, lambdas[170] = 0.228075
etas[171] = -0.033694, lambdas[171] = 0.229053
etas[172] = -0.217823, lambdas[172] = 0.229913
etas[173] = -0.207676, lambdas[173] = 0.230107
etas[174] = 0.416849, lambdas[174] = 0.230495
etas[175] = -0.216539, lambdas[175] = 0.231517
etas[176] = 0.284158, lambdas[176] = 0.232351
etas[177] = 0.272480, lambdas[177] = 0.232998
etas[178] = 0.101340, lambdas[178] = 0.233417
etas[179] = 0.129459, lambdas[179] = 0.234627
etas[180] = -0.115296, lambdas[180] = 0.235148
etas[181] = 0.252780, lambdas[181] = 0.236234
etas[182] = 0.339402, lambdas[182] = 0.237292
etas[183] = -0.074429, lambdas[183] = 0.237973
etas[184] = -0.295545, lambdas[184] = 0.239416
etas[185] = -0.152243, lambdas[185] = 0.240319
etas[186] = -0.132155, lambdas[186] = 0.240925
etas[187] = 0.113488, lambdas[187] = 0.241616
etas[188] = -0.050446, lambdas[188] = 0.241766
etas[189] = 0.011559, lambdas[189] = 0.242349
etas[190] = -0.221985, lambdas[190] = 0.244027
etas[191] = -0.060242, lambdas[191] = 0.244326
etas[192] = 0.046729, lambdas[192] = 0.245547
etas[193] = 0.152163, lambdas[193] = 0.245861
etas[194] = 0.008570, lambdas[194] = 0.246391
etas[195] = -0.091305, lambdas[195] = 0.247453
etas[196] = 0.366307, lambdas[196] = 0.248013
etas[197] = 0.077044, lambdas[197] = 0.248585
etas[198] = -0.079502, lambdas[198] = 0.249436
etas[199] = -0.024824, lambdas[199] = 0.250845
etas[200] = 0.316114, lambdas[200] = 0.251154
etas[201] = 0.182226, lambdas[201] = 0.253638
etas[202] = 0.095040, lambdas[202] = 0.253980
etas[203] = -0.153870, lambdas[203] = 0.254600
etas[204] = 0.453832, lambdas[204] = 0.255465
etas[205] = -0.356796, lambdas[205] = 0.255911
etas[206] = 0.276498, lambdas[206] = 0.257725
etas[207] = -0.444790, lambdas[207] = 0.258390
etas[208] = -0.019281, lambdas[208] = 0.258614
etas[209] = -0.076923, lambdas[209] = 0.258710
etas[210] = -0.202914, lambdas[210] = 0.260029
etas[211] = -0.162247, lambdas[211] = 0.260808
etas[212] = 0.275982, lambdas[212] = 0.262458
etas[213] = -0.098417, lambdas[213] = 0.263151
etas[214] = 0.146227, lambdas[214] = 0.263406
etas[215] = -0.073253, lambdas[215] = 0.264239
etas[216] = 0.105072, lambdas[216] = 0.265401
etas[217] = -0.228680, lambdas[217] = 0.266091
etas[218] = 0.073957, lambdas[218] = 0.267200
etas[219] = 0.316099, lambdas[219] = 0.268578
etas[220] = 0.035222, lambdas[220] = 0.270006
etas[221] = 0.011852, lambdas[221] = 0.272044
etas[222] = -0.450333, lambdas[222] = 0.272973
etas[223] = -0.381307, lambdas[223] = 0.274447
etas[224] = -0.039911, lambdas[224] = 0.277722
etas[225] = -0.506679, lambdas[225] = 0.279952
etas[226] = 0.212148, lambdas[226] = 0.281371
etas[227] = 0.452061, lambdas[227] = 0.283289
etas[228] = 0.408060, lambdas[228] = 0.284412
etas[229] = -0.381223, lambdas[229] = 0.286535
etas[230] = -0.180044, lambdas[230] = 0.286761
etas[231] = -0.245804, lambdas[231] = 0.287999
etas[232] = -0.389329, lambdas[232] = 0.290778
etas[233] = -0.155491, lambdas[233] = 0.291887
etas[234] = 0.051450, lambdas[234] = 0.293141
etas[235] = -0.069067, lambdas[235] = 0.296516
etas[236] = -0.091913, lambdas[236] = 0.300225
etas[237] = -0.074863, lambdas[237] = 0.301530
etas[238] = 0.023937, lambdas[238] = 0.304238
etas[239] = 0.111283, lambdas[239] = 0.308421
etas[240] = -0.168003, lambdas[240] = 0.318933
etas[241] = -0.047559, lambdas[241] = 0.323924
etas[242] = 0.121711, lambdas[242] = 0.329604
etas[243] = 0.127938, lambdas[243] = 0.332815
etas[244] = -0.020734, lambdas[244] = 0.337279
etas[245] = -0.287425, lambdas[245] = 0.339120
etas[246] = -0.117835, lambdas[246] = 0.345015
etas[247] = -0.183703, lambdas[247] = 0.352428
etas[248] = -0.270597, lambdas[248] = 0.360421
etas[249] = -0.147803, lambdas[249] = 0.365025
etas[250] = 0.205560, lambdas[250] = 0.394214
etas[251] = -0.413415, lambdas[251] = 0.405616
etas[252] = -0.264978, lambdas[252] = 0.410074
etas[253] = 0.036288, lambdas[253] = 0.418288
etas[254] = 0.440450, lambdas[254] = 0.428104
etas[255] = -0.014811, lambdas[255] = 0.435774
etas[256] = 0.411441, lambdas[256] = 0.444743
etas[257] = -0.071698, lambdas[257] = 0.449694
etas[258] = 0.133897, lambdas[258] = 0.471813
etas[259] = 0.138298, lambdas[259] = 0.483780
etas[260] = 0.191111, lambdas[260] = 0.492827
etas[261] = -0.494893, lambdas[261] = 0.500257
etas[262] = -0.293460, lambdas[262] = 0.520035
etas[263] = -0.011598, lambdas[263] = 0.562158
etas[264] = 0.643691, lambdas[264] = 0.577779
etas[265] = -0.055517, lambdas[265] = 0.588392
etas[266] = -0.058616, lambdas[266] = 0.606811
etas[267] = -0.166653, lambdas[267] = 0.618862
etas[268] = 0.343146, lambdas[268] = 0.639957
etas[269] = -0.105479, lambdas[269] = 0.653182
etas[270] = 0.242218, lambdas[270] = 0.656259
etas[271] = 0.135865, lambdas[271] = 0.724247
etas[272] = 0.387087, lambdas[272] = 0.743648
etas[273] = 0.636433, lambdas[273] = 0.756804
etas[274] = 0.556871, lambdas[274] = 0.850002
etas[275] = -0.132561, lambdas[275] = 0.855691
etas[276] = -0.452724, lambdas[276] = 0.908241
etas[277] = -0.091829, lambdas[277] = 1.019072
etas[278] = 0.353271, lambdas[278] = 1.025267
etas[279] = -0.370056, lambdas[279] = 194.909085
0	183.954582	183.788772	74.776586
1	183.788772	183.586443	74.778434
2	183.586443	183.339600	74.780690
3	183.339600	183.038528	74.783441
4	183.038528	182.671427	74.786796
5	182.671427	182.223985	74.790886
6	182.223985	181.678869	74.795871
7	181.678869	181.015132	74.801944
8	181.015132	180.207513	74.809336
9	180.207513	179.225643	74.818328
10	179.225643	178.033140	74.829256
11	178.033140	176.586608	74.842523
12	176.586608	174.834573	74.858608
13	174.834573	172.716396	74.878077
14	172.716396	170.161242	74.901594
15	170.161242	167.087255	74.929932
16	167.087255	163.401130	74.963975
17	163.401130	158.998363	75.004722
18	158.998363	153.764578	75.053270
19	153.764578	147.578429	75.110794
20	147.578429	140.316667	75.178486
21	140.316667	131.862024	75.257470
22	131.862024	122.114495	75.348667
23	122.114495	111.006350	75.452593
24	111.006350	98.520663	75.569081
25	98.520663	84.712280	75.696923
26	84.712280	69.728896	75.833410
27	69.728896	53.828475	75.973820
28	53.828475	37.388021	76.110858
29	37.388021	20.898131	76.234159
30	20.898131	4.938741	76.329940
31	4.938741	-9.865724	76.380964
32	-9.865724	-22.908806	76.366935
33	-22.908806	-33.673496	76.265455
34	-33.673496	-41.799412	76.053554
35	-41.799412	-47.130855	75.709694
36	-47.130855	-49.733881	75.216005
37	-49.733881	-49.877877	74.560406
38	-49.877877	-47.986276	73.738234
39	-47.986276	-44.568790	72.753065
40	-44.568790	-40.150930	71.616604
41	-40.150930	-35.214837	70.347695
42	-35.214837	-30.160018	68.970687
43	-30.160018	-25.285921	67.513497
44	-25.285921	-20.792940	66.005690
45	-20.792940	-16.795561	64.476806
46	-16.795561	-13.341119	62.955040
47	-13.341119	-10.429038	61.466280
48	-10.429038	-8.027517	60.033407
49	-8.027517	-6.086533	58.675796
50	-6.086533	-4.547254	57.408953
51	-4.547254	-3.348546	56.244293
52	-3.348546	-2.431312	55.189078
53	-2.431312	-1.741271	54.246558
54	-1.741271	-1.230560	53.416319
55	-1.230560	-0.858439	52.694802
56	-0.858439	-0.591316	52.075950
57	-0.591316	-0.402279	51.551903
58	-0.402279	-0.270321	51.113661
59	-0.270321	-0.179427	50.751681
60	-0.179427	-0.117643	50.456346
61	-0.117643	-0.076211	50.218328
62	-0.076211	-0.048820	50.028825
63	-0.048820	-0.030991	49.879703
64	-0.030991	-0.019585	49.763563
65	-0.019585	-0.012430	49.673756
66	-0.012430	-0.008041	49.604359
67	-0.008041	-0.005413	49.550150
68	-0.005413	-0.003877	49.506571
69	-0.003877	-0.002991	49.469705
70	-0.002991	-0.002475	49.436264
71	-0.002475	-0.002151	49.403596
72	-0.002151	-0.001915	49.369690
73	-0.001915	-0.001711	49.333181
74	-0.001711	-0.001513	49.293346
75	-0.001513	-0.001314	49.250056
76	-0.001314	-0.001115	49.203706
77	-0.001115	-0.000924	49.155098
78	-0.000924	-0.000748	49.105303
79	-0.000748	-0.000591	49.055506
80	-0.000591	-0.000457	49.006868
81	-0.000457	-0.000347	48.960415
82	-0.000347	-0.000258	48.916955
83	-0.000258	-0.000190	48.877055
84	-0.000190	-0.000137	48.841033
85	-0.000137	-0.000098	48.808993
86	-0.000098	-0.000069	48.780861
87	-0.000069	-0.000049	48.756437
88	-0.000049	-0.000034	48.735434
89	-0.000034	-0.000023	48.717521
90	-0.000023	-0.000016	48.702348
91	-0.000016	-0.000011	48.689570
92	-0.000011	-0.000007	48.678862
93	-0.000007	-0.000005	48.669925
94	-0.000005	-0.000003	48.662491
95	-0.000003	-0.000002	48.656325
96	-0.000002	-0.000002	48.651221
97	-0.000002	-0.000001	48.647006
98	-0.000001	-0.000001	48.643530
99	-0.000001	-0.000000	48.640667
REMLE (delta=0.023865, REML=76.384595, REML0=48.627542)- elapsed CPU time is 0.017611
eigen_L - elapsed CPU time is 0.077802


Reading TPED file /mnt/data/shahar/gwas_barley/morexV3_analysis/barley_for_publication_project/01_USED_GWAS_V2_pipeline/intermediates/morexV3_gwas_genotypes...

Reading 0-th SNP and testing association....

Reading 10000-th SNP and testing association....

Reading 20000-th SNP and testing association....

Reading 30000-th SNP and testing association....

Reading 40000-th SNP and testing association....

Reading 50000-th SNP and testing association....

Reading 60000-th SNP and testing association....

Reading 70000-th SNP and testing association....

Reading 80000-th SNP and testing association....

Reading 90000-th SNP and testing association....

Reading 100000-th SNP and testing association....

Reading 110000-th SNP and testing association....

Reading 120000-th SNP and testing association....

Reading 130000-th SNP and testing association....

Reading 140000-th SNP and testing association....

Reading 150000-th SNP and testing association....

Reading 160000-th SNP and testing association....

Reading 170000-th SNP and testing association....

Reading 180000-th SNP and testing association....

Reading 190000-th SNP and testing association....

Reading 200000-th SNP and testing association....

Reading 210000-th SNP and testing association....

Reading 220000-th SNP and testing association....

Reading 230000-th SNP and testing association....

Reading 240000-th SNP and testing association....

Reading 250000-th SNP and testing association....

Reading 260000-th SNP and testing association....

Reading 270000-th SNP and testing association....

Reading 280000-th SNP and testing association....

Reading 290000-th SNP and testing association....

Reading 300000-th SNP and testing association....

Reading 310000-th SNP and testing association....

Reading 320000-th SNP and testing association....

Reading 330000-th SNP and testing association....

Reading 340000-th SNP and testing association....

Reading 350000-th SNP and testing association....

Reading 360000-th SNP and testing association....

Reading 370000-th SNP and testing association....

Reading 380000-th SNP and testing association....

Reading 390000-th SNP and testing association....

Reading 400000-th SNP and testing association....

Reading 410000-th SNP and testing association....

Reading 420000-th SNP and testing association....

Reading 430000-th SNP and testing association....

Reading 440000-th SNP and testing association....

Reading 450000-th SNP and testing association....

Reading 460000-th SNP and testing association....

Reading 470000-th SNP and testing association....

Reading 480000-th SNP and testing association....

Reading 490000-th SNP and testing association....

Reading 500000-th SNP and testing association....

Reading 510000-th SNP and testing association....

Reading 520000-th SNP and testing association....

Reading 530000-th SNP and testing association....

Reading 540000-th SNP and testing association....

Reading 550000-th SNP and testing association....

Reading 560000-th SNP and testing association....

Reading 570000-th SNP and testing association....

Reading 580000-th SNP and testing association....

Reading 590000-th SNP and testing association....

Reading 600000-th SNP and testing association....

Reading 610000-th SNP and testing association....

Reading 620000-th SNP and testing association....

Reading 630000-th SNP and testing association....

Reading 640000-th SNP and testing association....

Reading 650000-th SNP and testing association....

Reading 660000-th SNP and testing association....

Reading 670000-th SNP and testing association....

Reading 680000-th SNP and testing association....

Reading 690000-th SNP and testing association....

Reading 700000-th SNP and testing association....

Reading 710000-th SNP and testing association....

Reading 720000-th SNP and testing association....

Reading 730000-th SNP and testing association....

Reading 740000-th SNP and testing association....

Reading 750000-th SNP and testing association....

Reading 760000-th SNP and testing association....

Reading 770000-th SNP and testing association....

Reading 780000-th SNP and testing association....

Reading 790000-th SNP and testing association....

Reading 800000-th SNP and testing association....

Reading 810000-th SNP and testing association....

Reading 820000-th SNP and testing association....

Reading 830000-th SNP and testing association....

Reading 840000-th SNP and testing association....

Reading 850000-th SNP and testing association....

Reading 860000-th SNP and testing association....

Reading 870000-th SNP and testing association....

Reading 880000-th SNP and testing association....

Reading 890000-th SNP and testing association....

Reading 900000-th SNP and testing association....

Reading 910000-th SNP and testing association....

Reading 920000-th SNP and testing association....

Reading 930000-th SNP and testing association....

Reading 940000-th SNP and testing association....

Reading 950000-th SNP and testing association....

Reading 960000-th SNP and testing association....

Reading 970000-th SNP and testing association....

Reading 980000-th SNP and testing association....

Reading 990000-th SNP and testing association....

Reading 1000000-th SNP and testing association....

Reading 1010000-th SNP and testing association....

Reading 1020000-th SNP and testing association....

Reading 1030000-th SNP and testing association....

Reading 1040000-th SNP and testing association....

Reading 1050000-th SNP and testing association....

Reading 1060000-th SNP and testing association....

Reading 1070000-th SNP and testing association....

Reading 1080000-th SNP and testing association....

Reading 1090000-th SNP and testing association....

Reading 1100000-th SNP and testing association....

Reading 1110000-th SNP and testing association....

Reading 1120000-th SNP and testing association....

Reading 1130000-th SNP and testing association....

Reading 1140000-th SNP and testing association....

Reading 1150000-th SNP and testing association....

Reading 1160000-th SNP and testing association....

Reading 1170000-th SNP and testing association....

Reading 1180000-th SNP and testing association....

Reading 1190000-th SNP and testing association....

Reading 1200000-th SNP and testing association....

Reading 1210000-th SNP and testing association....

Reading 1220000-th SNP and testing association....

Reading 1230000-th SNP and testing association....

Reading 1240000-th SNP and testing association....

Reading 1250000-th SNP and testing association....

Reading 1260000-th SNP and testing association....

Reading 1270000-th SNP and testing association....

Reading 1280000-th SNP and testing association....

Reading 1290000-th SNP and testing association....

Reading 1300000-th SNP and testing association....

Reading 1310000-th SNP and testing association....

Reading 1320000-th SNP and testing association....

Reading 1330000-th SNP and testing association....

Reading 1340000-th SNP and testing association....

Reading 1350000-th SNP and testing association....

Reading 1360000-th SNP and testing association....

Reading 1370000-th SNP and testing association....

Reading 1380000-th SNP and testing association....

Reading 1390000-th SNP and testing association....

Reading 1400000-th SNP and testing association....

Reading 1410000-th SNP and testing association....

Reading 1420000-th SNP and testing association....

Reading 1430000-th SNP and testing association....

Reading 1440000-th SNP and testing association....

Reading 1450000-th SNP and testing association....

Reading 1460000-th SNP and testing association....

Reading 1470000-th SNP and testing association....

Reading 1480000-th SNP and testing association....

Reading 1490000-th SNP and testing association....

Reading 1500000-th SNP and testing association....

Reading 1510000-th SNP and testing association....

Reading 1520000-th SNP and testing association....

Reading 1530000-th SNP and testing association....

Reading 1540000-th SNP and testing association....

Reading 1550000-th SNP and testing association....

Reading 1560000-th SNP and testing association....

Reading 1570000-th SNP and testing association....

Reading 1580000-th SNP and testing association....

Reading 1590000-th SNP and testing association....

Reading 1600000-th SNP and testing association....

Reading 1610000-th SNP and testing association....

Reading 1620000-th SNP and testing association....

Reading 1630000-th SNP and testing association....

Reading 1640000-th SNP and testing association....

Reading 1650000-th SNP and testing association....

Reading 1660000-th SNP and testing association....

Reading 1670000-th SNP and testing association....

Reading 1680000-th SNP and testing association....

Reading 1690000-th SNP and testing association....

Reading 1700000-th SNP and testing association....

Reading 1710000-th SNP and testing association....

Reading 1720000-th SNP and testing association....

Reading 1730000-th SNP and testing association....

Reading 1740000-th SNP and testing association....

Reading 1750000-th SNP and testing association....

Reading 1760000-th SNP and testing association....

Reading 1770000-th SNP and testing association....

Reading 1780000-th SNP and testing association....

Reading 1790000-th SNP and testing association....

Reading 1800000-th SNP and testing association....

Reading 1810000-th SNP and testing association....

Reading 1820000-th SNP and testing association....

Reading 1830000-th SNP and testing association....

Reading 1840000-th SNP and testing association....

Reading 1850000-th SNP and testing association....

Reading 1860000-th SNP and testing association....

Reading 1870000-th SNP and testing association....

Reading 1880000-th SNP and testing association....

Reading 1890000-th SNP and testing association....

Reading 1900000-th SNP and testing association....

Reading 1910000-th SNP and testing association....

Reading 1920000-th SNP and testing association....

Reading 1930000-th SNP and testing association....

Reading 1940000-th SNP and testing association....

Reading 1950000-th SNP and testing association....

Reading 1960000-th SNP and testing association....

Reading 1970000-th SNP and testing association....

Reading 1980000-th SNP and testing association....

Reading 1990000-th SNP and testing association....

Reading 2000000-th SNP and testing association....

Reading 2010000-th SNP and testing association....

Reading 2020000-th SNP and testing association....

Reading 2030000-th SNP and testing association....

Reading 2040000-th SNP and testing association....

Reading 2050000-th SNP and testing association....

Reading 2060000-th SNP and testing association....

Reading 2070000-th SNP and testing association....

Reading 2080000-th SNP and testing association....

Reading 2090000-th SNP and testing association....

Reading 2100000-th SNP and testing association....

Reading 2110000-th SNP and testing association....

Reading 2120000-th SNP and testing association....

Reading 2130000-th SNP and testing association....

Reading 2140000-th SNP and testing association....

Reading 2150000-th SNP and testing association....

Reading 2160000-th SNP and testing association....

Reading 2170000-th SNP and testing association....

Reading 2180000-th SNP and testing association....

Reading 2190000-th SNP and testing association....

Reading 2200000-th SNP and testing association....

Reading 2210000-th SNP and testing association....

Reading 2220000-th SNP and testing association....

Reading 2230000-th SNP and testing association....

Reading 2240000-th SNP and testing association....

Reading 2250000-th SNP and testing association....

Reading 2260000-th SNP and testing association....

Reading 2270000-th SNP and testing association....

Reading 2280000-th SNP and testing association....

Reading 2290000-th SNP and testing association....

Reading 2300000-th SNP and testing association....

Reading 2310000-th SNP and testing association....

Reading 2320000-th SNP and testing association....

Reading 2330000-th SNP and testing association....

Reading 2340000-th SNP and testing association....

Reading 2350000-th SNP and testing association....

Reading 2360000-th SNP and testing association....

Reading 2370000-th SNP and testing association....

Reading 2380000-th SNP and testing association....

Reading 2390000-th SNP and testing association....

Reading 2400000-th SNP and testing association....

Reading 2410000-th SNP and testing association....

Reading 2420000-th SNP and testing association....

Reading 2430000-th SNP and testing association....

Reading 2440000-th SNP and testing association....

Reading 2450000-th SNP and testing association....

Reading 2460000-th SNP and testing association....

Reading 2470000-th SNP and testing association....

Reading 2480000-th SNP and testing association....

Reading 2490000-th SNP and testing association....

Reading 2500000-th SNP and testing association....

Reading 2510000-th SNP and testing association....

Reading 2520000-th SNP and testing association....

Reading 2530000-th SNP and testing association....

Reading 2540000-th SNP and testing association....

Reading 2550000-th SNP and testing association....

Reading 2560000-th SNP and testing association....

Reading 2570000-th SNP and testing association....

Reading 2580000-th SNP and testing association....

Reading 2590000-th SNP and testing association....

Reading 2600000-th SNP and testing association....

Reading 2610000-th SNP and testing association....

Reading 2620000-th SNP and testing association....

Reading 2630000-th SNP and testing association....

Reading 2640000-th SNP and testing association....

Reading 2650000-th SNP and testing association....

Reading 2660000-th SNP and testing association....

Reading 2670000-th SNP and testing association....

Reading 2680000-th SNP and testing association....

Reading 2690000-th SNP and testing association....

Reading 2700000-th SNP and testing association....

Reading 2710000-th SNP and testing association....

Reading 2720000-th SNP and testing association....

Reading 2730000-th SNP and testing association....

Reading 2740000-th SNP and testing association....

Reading 2750000-th SNP and testing association....

Reading 2760000-th SNP and testing association....

Reading 2770000-th SNP and testing association....

Reading 2780000-th SNP and testing association....

Reading 2790000-th SNP and testing association....

Reading 2800000-th SNP and testing association....

Reading 2810000-th SNP and testing association....

Reading 2820000-th SNP and testing association....

Reading 2830000-th SNP and testing association....

Reading 2840000-th SNP and testing association....

Reading 2850000-th SNP and testing association....

Reading 2860000-th SNP and testing association....

Reading 2870000-th SNP and testing association....

Reading 2880000-th SNP and testing association....

Reading 2890000-th SNP and testing association....

Reading 2900000-th SNP and testing association....

Reading 2910000-th SNP and testing association....

Reading 2920000-th SNP and testing association....

Reading 2930000-th SNP and testing association....

Reading 2940000-th SNP and testing association....

Reading 2950000-th SNP and testing association....

Reading 2960000-th SNP and testing association....

Reading 2970000-th SNP and testing association....

Reading 2980000-th SNP and testing association....

Reading 2990000-th SNP and testing association....

Reading 3000000-th SNP and testing association....

Reading 3010000-th SNP and testing association....

Reading 3020000-th SNP and testing association....

Reading 3030000-th SNP and testing association....

Reading 3040000-th SNP and testing association....

Reading 3050000-th SNP and testing association....

Reading 3060000-th SNP and testing association....

Reading 3070000-th SNP and testing association....

Reading 3080000-th SNP and testing association....

Reading 3090000-th SNP and testing association....

Reading 3100000-th SNP and testing association....

Reading 3110000-th SNP and testing association....

Reading 3120000-th SNP and testing association....

Reading 3130000-th SNP and testing association....

Reading 3140000-th SNP and testing association....

Reading 3150000-th SNP and testing association....

Reading 3160000-th SNP and testing association....

Reading 3170000-th SNP and testing association....

Reading 3180000-th SNP and testing association....

Reading 3190000-th SNP and testing association....

Reading 3200000-th SNP and testing association....

Reading 3210000-th SNP and testing association....

Reading 3220000-th SNP and testing association....

Reading 3230000-th SNP and testing association....

Reading 3240000-th SNP and testing association....

Reading 3250000-th SNP and testing association....

Reading 3260000-th SNP and testing association....

Reading 3270000-th SNP and testing association....

Reading 3280000-th SNP and testing association....

Reading 3290000-th SNP and testing association....

Reading 3300000-th SNP and testing association....

Reading 3310000-th SNP and testing association....

Reading 3320000-th SNP and testing association....

Reading 3330000-th SNP and testing association....

Reading 3340000-th SNP and testing association....

Reading 3350000-th SNP and testing association....

Reading 3360000-th SNP and testing association....

Reading 3370000-th SNP and testing association....

Reading 3380000-th SNP and testing association....

Reading 3390000-th SNP and testing association....

Reading 3400000-th SNP and testing association....

Reading 3410000-th SNP and testing association....

Reading 3420000-th SNP and testing association....

Reading 3430000-th SNP and testing association....

Reading 3440000-th SNP and testing association....

Reading 3450000-th SNP and testing association....

Reading 3460000-th SNP and testing association....

Reading 3470000-th SNP and testing association....

Reading 3480000-th SNP and testing association....

Reading 3490000-th SNP and testing association....

Reading 3500000-th SNP and testing association....

Reading 3510000-th SNP and testing association....

Reading 3520000-th SNP and testing association....

Reading 3530000-th SNP and testing association....

Reading 3540000-th SNP and testing association....

Reading 3550000-th SNP and testing association....

Reading 3560000-th SNP and testing association....

Reading 3570000-th SNP and testing association....

Reading 3580000-th SNP and testing association....

Reading 3590000-th SNP and testing association....

Reading 3600000-th SNP and testing association....

Reading 3610000-th SNP and testing association....

Reading 3620000-th SNP and testing association....

Reading 3630000-th SNP and testing association....

Reading 3640000-th SNP and testing association....

Reading 3650000-th SNP and testing association....

Reading 3660000-th SNP and testing association....

Reading 3670000-th SNP and testing association....

Reading 3680000-th SNP and testing association....

Reading 3690000-th SNP and testing association....

Reading 3700000-th SNP and testing association....

Reading 3710000-th SNP and testing association....

Reading 3720000-th SNP and testing association....

Reading 3730000-th SNP and testing association....

Reading 3740000-th SNP and testing association....

Reading 3750000-th SNP and testing association....

Reading 3760000-th SNP and testing association....

Reading 3770000-th SNP and testing association....

Reading 3780000-th SNP and testing association....

Reading 3790000-th SNP and testing association....

Reading 3800000-th SNP and testing association....

Reading 3810000-th SNP and testing association....

Reading 3820000-th SNP and testing association....

Reading 3830000-th SNP and testing association....

Reading 3840000-th SNP and testing association....

Reading 3850000-th SNP and testing association....

Reading 3860000-th SNP and testing association....

Reading 3870000-th SNP and testing association....

Reading 3880000-th SNP and testing association....

Reading 3890000-th SNP and testing association....

Reading 3900000-th SNP and testing association....

Reading 3910000-th SNP and testing association....

Reading 3920000-th SNP and testing association....

Reading 3930000-th SNP and testing association....

Reading 3940000-th SNP and testing association....

Reading 3950000-th SNP and testing association....

Reading 3960000-th SNP and testing association....

Reading 3970000-th SNP and testing association....

Reading 3980000-th SNP and testing association....

Reading 3990000-th SNP and testing association....

Reading 4000000-th SNP and testing association....

Reading 4010000-th SNP and testing association....

Reading 4020000-th SNP and testing association....

Reading 4030000-th SNP and testing association....

Reading 4040000-th SNP and testing association....

Reading 4050000-th SNP and testing association....

Reading 4060000-th SNP and testing association....

Reading 4070000-th SNP and testing association....

Reading 4080000-th SNP and testing association....

Reading 4090000-th SNP and testing association....

Reading 4100000-th SNP and testing association....

Reading 4110000-th SNP and testing association....

Reading 4120000-th SNP and testing association....

Reading 4130000-th SNP and testing association....

Reading 4140000-th SNP and testing association....

Reading 4150000-th SNP and testing association....

Reading 4160000-th SNP and testing association....

Reading 4170000-th SNP and testing association....

Reading 4180000-th SNP and testing association....

Reading 4190000-th SNP and testing association....

Reading 4200000-th SNP and testing association....

Reading 4210000-th SNP and testing association....

Reading 4220000-th SNP and testing association....

Reading 4230000-th SNP and testing association....

Reading 4240000-th SNP and testing association....

Reading 4250000-th SNP and testing association....

Reading 4260000-th SNP and testing association....

Reading 4270000-th SNP and testing association....

Reading 4280000-th SNP and testing association....

Reading 4290000-th SNP and testing association....

Reading 4300000-th SNP and testing association....

Reading 4310000-th SNP and testing association....

Reading 4320000-th SNP and testing association....

Reading 4330000-th SNP and testing association....

Reading 4340000-th SNP and testing association....

Reading 4350000-th SNP and testing association....

Reading 4360000-th SNP and testing association....

Reading 4370000-th SNP and testing association....

Reading 4380000-th SNP and testing association....

Reading 4390000-th SNP and testing association....

Reading 4400000-th SNP and testing association....

Reading 4410000-th SNP and testing association....

Reading 4420000-th SNP and testing association....

Reading 4430000-th SNP and testing association....

Reading 4440000-th SNP and testing association....

Reading 4450000-th SNP and testing association....

Reading 4460000-th SNP and testing association....

Reading 4470000-th SNP and testing association....

Reading 4480000-th SNP and testing association....

Reading 4490000-th SNP and testing association....

Reading 4500000-th SNP and testing association....

Reading 4510000-th SNP and testing association....

Reading 4520000-th SNP and testing association....

Reading 4530000-th SNP and testing association....

Reading 4540000-th SNP and testing association....

Reading 4550000-th SNP and testing association....

Reading 4560000-th SNP and testing association....

Reading 4570000-th SNP and testing association....

Reading 4580000-th SNP and testing association....

Reading 4590000-th SNP and testing association....

Reading 4600000-th SNP and testing association....

Reading 4610000-th SNP and testing association....

Reading 4620000-th SNP and testing association....

Reading 4630000-th SNP and testing association....

Reading 4640000-th SNP and testing association....

Reading 4650000-th SNP and testing association....

Reading 4660000-th SNP and testing association....

Reading 4670000-th SNP and testing association....

Reading 4680000-th SNP and testing association....

Reading 4690000-th SNP and testing association....

Reading 4700000-th SNP and testing association....

Reading 4710000-th SNP and testing association....

Reading 4720000-th SNP and testing association....

Reading 4730000-th SNP and testing association....

Reading 4740000-th SNP and testing association....

Reading 4750000-th SNP and testing association....

Reading 4760000-th SNP and testing association....

Reading 4770000-th SNP and testing association....

Reading 4780000-th SNP and testing association....

Reading 4790000-th SNP and testing association....

Reading 4800000-th SNP and testing association....

Reading 4810000-th SNP and testing association....

Reading 4820000-th SNP and testing association....

Reading 4830000-th SNP and testing association....

Reading 4840000-th SNP and testing association....

Reading 4850000-th SNP and testing association....

Reading 4860000-th SNP and testing association....

Reading 4870000-th SNP and testing association....

Reading 4880000-th SNP and testing association....

Reading 4890000-th SNP and testing association....

Reading 4900000-th SNP and testing association....

Reading 4910000-th SNP and testing association....

Reading 4920000-th SNP and testing association....

Reading 4930000-th SNP and testing association....

Reading 4940000-th SNP and testing association....

Reading 4950000-th SNP and testing association....

Reading 4960000-th SNP and testing association....

Reading 4970000-th SNP and testing association....

Reading 4980000-th SNP and testing association....

Reading 4990000-th SNP and testing association....

Reading 5000000-th SNP and testing association....

Reading 5010000-th SNP and testing association....

Reading 5020000-th SNP and testing association....

Reading 5030000-th SNP and testing association....

Reading 5040000-th SNP and testing association....

Reading 5050000-th SNP and testing association....

Reading 5060000-th SNP and testing association....

Reading 5070000-th SNP and testing association....

Reading 5080000-th SNP and testing association....

Reading 5090000-th SNP and testing association....

Reading 5100000-th SNP and testing association....

Reading 5110000-th SNP and testing association....

Reading 5120000-th SNP and testing association....

Reading 5130000-th SNP and testing association....

Reading 5140000-th SNP and testing association....

Reading 5150000-th SNP and testing association....

Reading 5160000-th SNP and testing association....

Reading 5170000-th SNP and testing association....

Reading 5180000-th SNP and testing association....

Reading 5190000-th SNP and testing association....

Reading 5200000-th SNP and testing association....

Reading 5210000-th SNP and testing association....

Reading 5220000-th SNP and testing association....

Reading 5230000-th SNP and testing association....

Reading 5240000-th SNP and testing association....

Reading 5250000-th SNP and testing association....

Reading 5260000-th SNP and testing association....

Reading 5270000-th SNP and testing association....

Reading 5280000-th SNP and testing association....

Reading 5290000-th SNP and testing association....

Reading 5300000-th SNP and testing association....

Reading 5310000-th SNP and testing association....

Reading 5320000-th SNP and testing association....

Reading 5330000-th SNP and testing association....

Reading 5340000-th SNP and testing association....

Reading 5350000-th SNP and testing association....

Reading 5360000-th SNP and testing association....

Reading 5370000-th SNP and testing association....

Reading 5380000-th SNP and testing association....

Reading 5390000-th SNP and testing association....

Reading 5400000-th SNP and testing association....

Reading 5410000-th SNP and testing association....

Reading 5420000-th SNP and testing association....

Reading 5430000-th SNP and testing association....

Reading 5440000-th SNP and testing association....

Reading 5450000-th SNP and testing association....

Reading 5460000-th SNP and testing association....

Reading 5470000-th SNP and testing association....

Reading 5480000-th SNP and testing association....

Reading 5490000-th SNP and testing association....

Reading 5500000-th SNP and testing association....

Reading 5510000-th SNP and testing association....

Reading 5520000-th SNP and testing association....

Reading 5530000-th SNP and testing association....

Reading 5540000-th SNP and testing association....

Reading 5550000-th SNP and testing association....

Reading 5560000-th SNP and testing association....

Reading 5570000-th SNP and testing association....

Reading 5580000-th SNP and testing association....

Reading 5590000-th SNP and testing association....

Reading 5600000-th SNP and testing association....

Reading 5610000-th SNP and testing association....

Reading 5620000-th SNP and testing association....

Reading 5630000-th SNP and testing association....

Reading 5640000-th SNP and testing association....

Reading 5650000-th SNP and testing association....

Reading 5660000-th SNP and testing association....

Reading 5670000-th SNP and testing association....

Reading 5680000-th SNP and testing association....

Reading 5690000-th SNP and testing association....

Reading 5700000-th SNP and testing association....

Reading 5710000-th SNP and testing association....

Reading 5720000-th SNP and testing association....

Reading 5730000-th SNP and testing association....

Reading 5740000-th SNP and testing association....

Reading 5750000-th SNP and testing association....

Reading 5760000-th SNP and testing association....

Reading 5770000-th SNP and testing association....

Reading 5780000-th SNP and testing association....

Reading 5790000-th SNP and testing association....

Reading 5800000-th SNP and testing association....

Reading 5810000-th SNP and testing association....

Reading 5820000-th SNP and testing association....

Reading 5830000-th SNP and testing association....

Reading 5840000-th SNP and testing association....

Reading 5850000-th SNP and testing association....

Reading 5860000-th SNP and testing association....

Reading 5870000-th SNP and testing association....

Reading 5880000-th SNP and testing association....

Reading 5890000-th SNP and testing association....

Reading 5900000-th SNP and testing association....

Reading 5910000-th SNP and testing association....

Reading 5920000-th SNP and testing association....

Reading 5930000-th SNP and testing association....

Reading 5940000-th SNP and testing association....

Reading 5950000-th SNP and testing association....

Reading 5960000-th SNP and testing association....

Reading 5970000-th SNP and testing association....

Reading 5980000-th SNP and testing association....

Reading 5990000-th SNP and testing association....

Reading 6000000-th SNP and testing association....

Reading 6010000-th SNP and testing association....

Reading 6020000-th SNP and testing association....

Reading 6030000-th SNP and testing association....

Reading 6040000-th SNP and testing association....

Reading 6050000-th SNP and testing association....

Reading 6060000-th SNP and testing association....

Reading 6070000-th SNP and testing association....

Reading 6080000-th SNP and testing association....

Reading 6090000-th SNP and testing association....

Reading 6100000-th SNP and testing association....

Reading 6110000-th SNP and testing association....

Reading 6120000-th SNP and testing association....

Reading 6130000-th SNP and testing association....

Reading 6140000-th SNP and testing association....

Reading 6150000-th SNP and testing association....

Reading 6160000-th SNP and testing association....

Reading 6170000-th SNP and testing association....

Reading 6180000-th SNP and testing association....

Reading 6190000-th SNP and testing association....

Reading 6200000-th SNP and testing association....

Reading 6210000-th SNP and testing association....

Reading 6220000-th SNP and testing association....

Reading 6230000-th SNP and testing association....

Reading 6240000-th SNP and testing association....

Reading 6250000-th SNP and testing association....

Reading 6260000-th SNP and testing association....

Reading 6270000-th SNP and testing association....

Reading 6280000-th SNP and testing association....

Reading 6290000-th SNP and testing association....

Reading 6300000-th SNP and testing association....

Reading 6310000-th SNP and testing association....

Reading 6320000-th SNP and testing association....

Reading 6330000-th SNP and testing association....

Reading 6340000-th SNP and testing association....

Reading 6350000-th SNP and testing association....

Reading 6360000-th SNP and testing association....

Reading 6370000-th SNP and testing association....

Reading 6380000-th SNP and testing association....

Reading 6390000-th SNP and testing association....

Reading 6400000-th SNP and testing association....

Reading 6410000-th SNP and testing association....

Reading 6420000-th SNP and testing association....

Reading 6430000-th SNP and testing association....

Reading 6440000-th SNP and testing association....

Reading 6450000-th SNP and testing association....

Reading 6460000-th SNP and testing association....

Reading 6470000-th SNP and testing association....

Reading 6480000-th SNP and testing association....

Reading 6490000-th SNP and testing association....

Reading 6500000-th SNP and testing association....

Reading 6510000-th SNP and testing association....

Reading 6520000-th SNP and testing association....

Reading 6530000-th SNP and testing association....

Reading 6540000-th SNP and testing association....

Reading 6550000-th SNP and testing association....

Reading 6560000-th SNP and testing association....

Reading 6570000-th SNP and testing association....

Reading 6580000-th SNP and testing association....

Reading 6590000-th SNP and testing association....

Reading 6600000-th SNP and testing association....

Reading 6610000-th SNP and testing association....

Reading 6620000-th SNP and testing association....

Reading 6630000-th SNP and testing association....

Reading 6640000-th SNP and testing association....

Reading 6650000-th SNP and testing association....

Reading 6660000-th SNP and testing association....

Reading 6670000-th SNP and testing association....

Reading 6680000-th SNP and testing association....

Reading 6690000-th SNP and testing association....

Reading 6700000-th SNP and testing association....

Reading 6710000-th SNP and testing association....

Reading 6720000-th SNP and testing association....

Reading 6730000-th SNP and testing association....

Reading 6740000-th SNP and testing association....

Reading 6750000-th SNP and testing association....

Reading 6760000-th SNP and testing association....

Reading 6770000-th SNP and testing association....

Reading 6780000-th SNP and testing association....

Reading 6790000-th SNP and testing association....

Reading 6800000-th SNP and testing association....

Reading 6810000-th SNP and testing association....

Reading 6820000-th SNP and testing association....

Reading 6830000-th SNP and testing association....

Reading 6840000-th SNP and testing association....

Reading 6850000-th SNP and testing association....

Reading 6860000-th SNP and testing association....

Reading 6870000-th SNP and testing association....

Reading 6880000-th SNP and testing association....

Reading 6890000-th SNP and testing association....

Reading 6900000-th SNP and testing association....

Reading 6910000-th SNP and testing association....

Reading 6920000-th SNP and testing association....

Reading 6930000-th SNP and testing association....

Reading 6940000-th SNP and testing association....

Reading 6950000-th SNP and testing association....

Reading 6960000-th SNP and testing association....

Reading 6970000-th SNP and testing association....

Reading 6980000-th SNP and testing association....

Reading 6990000-th SNP and testing association....

Reading 7000000-th SNP and testing association....

Reading 7010000-th SNP and testing association....

Reading 7020000-th SNP and testing association....

Reading 7030000-th SNP and testing association....

Reading 7040000-th SNP and testing association....

Reading 7050000-th SNP and testing association....

Reading 7060000-th SNP and testing association....

Reading 7070000-th SNP and testing association....

Reading 7080000-th SNP and testing association....

Reading 7090000-th SNP and testing association....

Reading 7100000-th SNP and testing association....

Reading 7110000-th SNP and testing association....

GLS association - elapsed CPU time is 1555.353713

Breakdown for input file parsing : 521.648543

              matrix computation : 789.659936

             p-value computation : 25.645062

