
Reading TFAM file /mnt/data/shahar/gwas_barley/morexV3_analysis/barley_for_publication_project/01_USED_GWAS_V2_pipeline/intermediates/morexV3_gwas_genotypes.tfam ....


Reading kinship file /mnt/data/shahar/gwas_barley/morexV3_analysis/barley_for_publication_project/01_USED_GWAS_V2_pipeline/intermediates/morexV3_kinship.aIBS.kinf...

  290 rows and 290 columns were observed with 0 missing values.


Reading the phenotype file /mnt/data/shahar/gwas_barley/data/inputs/betaglucan_corrected_V3.pheno...

  290 rows and 1 columns were observed with 0 missing values


Reading covariate file /mnt/data/shahar/gwas_barley/morexV3_analysis/barley_for_publication_project/01_USED_GWAS_V2_pipeline/intermediates/covariates/pca_pc3.cov...

  290 rows and 3 columns were observed with 0 missing values. Make sure that the intercept is included in the covariates

File reading - elapsed CPU time is 0.023386

eRvals[0] = 0.024260, eRvals[n-q-1] = 194.919044, eRvals[n-q] = 0.000000
eigen_R - elapsed CPU time is 0.092462
etas[0] = -0.138257, lambdas[0] = 0.024260
etas[1] = -0.022244, lambdas[1] = 0.028012
etas[2] = -0.071243, lambdas[2] = 0.029349
etas[3] = 0.162100, lambdas[3] = 0.029685
etas[4] = 0.180650, lambdas[4] = 0.030250
etas[5] = 0.194196, lambdas[5] = 0.031062
etas[6] = -0.244575, lambdas[6] = 0.032120
etas[7] = -0.151047, lambdas[7] = 0.032463
etas[8] = -0.224510, lambdas[8] = 0.032705
etas[9] = 0.054621, lambdas[9] = 0.033161
etas[10] = 0.106598, lambdas[10] = 0.033914
etas[11] = 0.384264, lambdas[11] = 0.034581
etas[12] = 0.116816, lambdas[12] = 0.034932
etas[13] = -0.068353, lambdas[13] = 0.035258
etas[14] = 0.077589, lambdas[14] = 0.035632
etas[15] = 0.203403, lambdas[15] = 0.037092
etas[16] = -0.270776, lambdas[16] = 0.037619
etas[17] = -0.163286, lambdas[17] = 0.038082
etas[18] = 0.175495, lambdas[18] = 0.038669
etas[19] = -0.205970, lambdas[19] = 0.039170
etas[20] = 0.279756, lambdas[20] = 0.039653
etas[21] = 0.122983, lambdas[21] = 0.040239
etas[22] = -0.147397, lambdas[22] = 0.040520
etas[23] = -0.142899, lambdas[23] = 0.041180
etas[24] = 0.020048, lambdas[24] = 0.041463
etas[25] = -0.101984, lambdas[25] = 0.041825
etas[26] = 0.060665, lambdas[26] = 0.041969
etas[27] = 0.076186, lambdas[27] = 0.042254
etas[28] = -0.139152, lambdas[28] = 0.042448
etas[29] = 0.023199, lambdas[29] = 0.043254
etas[30] = -0.139909, lambdas[30] = 0.043752
etas[31] = 0.292492, lambdas[31] = 0.043932
etas[32] = 0.108349, lambdas[32] = 0.044270
etas[33] = 0.013820, lambdas[33] = 0.044491
etas[34] = 0.199965, lambdas[34] = 0.044741
etas[35] = -0.033398, lambdas[35] = 0.045007
etas[36] = -0.267080, lambdas[36] = 0.045273
etas[37] = -0.091825, lambdas[37] = 0.045708
etas[38] = -0.187822, lambdas[38] = 0.045954
etas[39] = -0.215335, lambdas[39] = 0.046077
etas[40] = 0.039288, lambdas[40] = 0.046260
etas[41] = 0.139173, lambdas[41] = 0.046463
etas[42] = -0.192963, lambdas[42] = 0.046590
etas[43] = -0.186454, lambdas[43] = 0.047040
etas[44] = 0.137373, lambdas[44] = 0.047273
etas[45] = 0.089325, lambdas[45] = 0.047366
etas[46] = 0.146977, lambdas[46] = 0.047463
etas[47] = -0.081438, lambdas[47] = 0.047935
etas[48] = 0.301686, lambdas[48] = 0.048190
etas[49] = 0.108262, lambdas[49] = 0.048584
etas[50] = 0.049738, lambdas[50] = 0.048767
etas[51] = -0.263489, lambdas[51] = 0.049458
etas[52] = -0.399181, lambdas[52] = 0.049683
etas[53] = -0.247921, lambdas[53] = 0.049964
etas[54] = 0.246080, lambdas[54] = 0.050489
etas[55] = 0.243935, lambdas[55] = 0.050613
etas[56] = -0.233759, lambdas[56] = 0.050799
etas[57] = 0.221944, lambdas[57] = 0.051002
etas[58] = 0.089756, lambdas[58] = 0.051252
etas[59] = 0.011105, lambdas[59] = 0.051781
etas[60] = 0.072746, lambdas[60] = 0.052313
etas[61] = -0.019969, lambdas[61] = 0.052603
etas[62] = -0.286474, lambdas[62] = 0.053507
etas[63] = 0.023629, lambdas[63] = 0.054069
etas[64] = 0.094572, lambdas[64] = 0.054200
etas[65] = 0.000955, lambdas[65] = 0.054556
etas[66] = -0.316149, lambdas[66] = 0.055528
etas[67] = -0.051740, lambdas[67] = 0.056656
etas[68] = 0.007261, lambdas[68] = 0.057829
etas[69] = 0.029696, lambdas[69] = 0.059866
etas[70] = 0.086300, lambdas[70] = 0.060192
etas[71] = -0.225265, lambdas[71] = 0.066667
etas[72] = -0.013260, lambdas[72] = 0.080309
etas[73] = 0.294617, lambdas[73] = 0.092885
etas[74] = -0.315970, lambdas[74] = 0.095636
etas[75] = 0.002193, lambdas[75] = 0.096461
etas[76] = -0.029359, lambdas[76] = 0.096948
etas[77] = -0.092001, lambdas[77] = 0.098023
etas[78] = -0.018492, lambdas[78] = 0.099519
etas[79] = 0.273602, lambdas[79] = 0.117756
etas[80] = 0.009016, lambdas[80] = 0.126786
etas[81] = -0.195198, lambdas[81] = 0.130090
etas[82] = -0.351763, lambdas[82] = 0.132676
etas[83] = -0.249803, lambdas[83] = 0.138672
etas[84] = -0.434597, lambdas[84] = 0.142430
etas[85] = -0.182666, lambdas[85] = 0.145815
etas[86] = -0.174122, lambdas[86] = 0.149577
etas[87] = -0.071463, lambdas[87] = 0.149834
etas[88] = -0.360141, lambdas[88] = 0.154063
etas[89] = -0.271354, lambdas[89] = 0.155408
etas[90] = -0.161722, lambdas[90] = 0.156186
etas[91] = -0.264634, lambdas[91] = 0.158992
etas[92] = -0.081605, lambdas[92] = 0.160842
etas[93] = 0.343407, lambdas[93] = 0.163790
etas[94] = -0.182051, lambdas[94] = 0.166532
etas[95] = -0.332320, lambdas[95] = 0.167180
etas[96] = -0.549520, lambdas[96] = 0.167688
etas[97] = -0.492161, lambdas[97] = 0.170962
etas[98] = 0.587751, lambdas[98] = 0.171721
etas[99] = 0.604944, lambdas[99] = 0.173140
etas[100] = -0.096320, lambdas[100] = 0.173647
etas[101] = -0.185279, lambdas[101] = 0.174515
etas[102] = 0.629056, lambdas[102] = 0.178095
etas[103] = -0.340816, lambdas[103] = 0.178423
etas[104] = 0.187504, lambdas[104] = 0.178963
etas[105] = -0.492849, lambdas[105] = 0.179234
etas[106] = 0.698415, lambdas[106] = 0.180636
etas[107] = 0.069831, lambdas[107] = 0.181244
etas[108] = -0.175018, lambdas[108] = 0.182516
etas[109] = -0.085937, lambdas[109] = 0.183875
etas[110] = 0.054621, lambdas[110] = 0.184300
etas[111] = 0.358650, lambdas[111] = 0.185829
etas[112] = 0.234964, lambdas[112] = 0.186669
etas[113] = 0.331419, lambdas[113] = 0.187019
etas[114] = 0.021763, lambdas[114] = 0.188205
etas[115] = -0.153192, lambdas[115] = 0.188856
etas[116] = -0.593764, lambdas[116] = 0.189369
etas[117] = 0.476422, lambdas[117] = 0.190896
etas[118] = -0.086727, lambdas[118] = 0.191161
etas[119] = 0.010050, lambdas[119] = 0.191779
etas[120] = -0.401653, lambdas[120] = 0.193039
etas[121] = -1.060661, lambdas[121] = 0.193311
etas[122] = -0.105517, lambdas[122] = 0.194000
etas[123] = 0.113121, lambdas[123] = 0.194478
etas[124] = -0.052409, lambdas[124] = 0.195600
etas[125] = 0.669602, lambdas[125] = 0.196220
etas[126] = 0.072444, lambdas[126] = 0.197160
etas[127] = -0.121776, lambdas[127] = 0.197891
etas[128] = -0.215422, lambdas[128] = 0.197959
etas[129] = -0.398677, lambdas[129] = 0.198581
etas[130] = -0.024122, lambdas[130] = 0.199157
etas[131] = -0.102104, lambdas[131] = 0.199776
etas[132] = 0.609235, lambdas[132] = 0.200349
etas[133] = -0.539975, lambdas[133] = 0.201771
etas[134] = -0.643924, lambdas[134] = 0.202281
etas[135] = -0.383545, lambdas[135] = 0.202816
etas[136] = -0.461967, lambdas[136] = 0.203484
etas[137] = 0.624240, lambdas[137] = 0.204127
etas[138] = 0.123364, lambdas[138] = 0.204388
etas[139] = -0.094832, lambdas[139] = 0.205450
etas[140] = 0.370250, lambdas[140] = 0.206805
etas[141] = -0.279705, lambdas[141] = 0.207800
etas[142] = 0.100484, lambdas[142] = 0.208111
etas[143] = 0.202470, lambdas[143] = 0.208788
etas[144] = 0.034817, lambdas[144] = 0.209704
etas[145] = 0.452388, lambdas[145] = 0.210428
etas[146] = 0.004432, lambdas[146] = 0.211797
etas[147] = -0.000844, lambdas[147] = 0.212004
etas[148] = -0.232769, lambdas[148] = 0.213189
etas[149] = 0.013082, lambdas[149] = 0.213416
etas[150] = 0.299750, lambdas[150] = 0.214154
etas[151] = 0.140384, lambdas[151] = 0.214870
etas[152] = -0.146998, lambdas[152] = 0.215258
etas[153] = 0.307184, lambdas[153] = 0.215711
etas[154] = 0.220263, lambdas[154] = 0.216341
etas[155] = 0.187451, lambdas[155] = 0.217000
etas[156] = 0.218661, lambdas[156] = 0.217696
etas[157] = -0.025809, lambdas[157] = 0.217933
etas[158] = -0.173675, lambdas[158] = 0.219226
etas[159] = 0.020355, lambdas[159] = 0.219522
etas[160] = 0.346028, lambdas[160] = 0.220127
etas[161] = 0.617927, lambdas[161] = 0.221317
etas[162] = 0.194897, lambdas[162] = 0.222125
etas[163] = -0.013013, lambdas[163] = 0.222611
etas[164] = -0.254729, lambdas[164] = 0.223420
etas[165] = 0.421847, lambdas[165] = 0.225432
etas[166] = 0.194965, lambdas[166] = 0.225686
etas[167] = -0.158206, lambdas[167] = 0.226155
etas[168] = -0.274448, lambdas[168] = 0.226601
etas[169] = 0.522125, lambdas[169] = 0.227819
etas[170] = -0.169170, lambdas[170] = 0.227993
etas[171] = 0.333778, lambdas[171] = 0.228986
etas[172] = 0.042942, lambdas[172] = 0.229859
etas[173] = -0.532895, lambdas[173] = 0.230018
etas[174] = -0.004917, lambdas[174] = 0.230418
etas[175] = 0.146840, lambdas[175] = 0.231485
etas[176] = 0.273722, lambdas[176] = 0.232308
etas[177] = 0.047647, lambdas[177] = 0.232828
etas[178] = 0.095305, lambdas[178] = 0.233380
etas[179] = -0.338890, lambdas[179] = 0.234614
etas[180] = -0.095756, lambdas[180] = 0.235109
etas[181] = 0.342679, lambdas[181] = 0.236166
etas[182] = 0.371361, lambdas[182] = 0.237265
etas[183] = -0.190399, lambdas[183] = 0.237873
etas[184] = 0.096327, lambdas[184] = 0.239395
etas[185] = 0.120160, lambdas[185] = 0.240269
etas[186] = 0.184505, lambdas[186] = 0.240861
etas[187] = -0.036981, lambdas[187] = 0.241511
etas[188] = 0.447201, lambdas[188] = 0.241737
etas[189] = 0.423259, lambdas[189] = 0.242264
etas[190] = 0.159718, lambdas[190] = 0.243888
etas[191] = -0.054798, lambdas[191] = 0.244293
etas[192] = -0.693532, lambdas[192] = 0.245443
etas[193] = 0.351042, lambdas[193] = 0.245737
etas[194] = -0.216698, lambdas[194] = 0.246314
etas[195] = -0.236449, lambdas[195] = 0.247403
etas[196] = -0.076692, lambdas[196] = 0.247958
etas[197] = -0.360856, lambdas[197] = 0.248539
etas[198] = -0.142424, lambdas[198] = 0.249388
etas[199] = 0.338807, lambdas[199] = 0.250799
etas[200] = -0.244665, lambdas[200] = 0.250925
etas[201] = -0.362316, lambdas[201] = 0.253531
etas[202] = -0.113010, lambdas[202] = 0.253957
etas[203] = -0.629521, lambdas[203] = 0.254492
etas[204] = -0.174563, lambdas[204] = 0.255347
etas[205] = -0.270289, lambdas[205] = 0.255870
etas[206] = 0.461937, lambdas[206] = 0.257696
etas[207] = -0.164790, lambdas[207] = 0.258348
etas[208] = -0.236242, lambdas[208] = 0.258523
etas[209] = 0.595303, lambdas[209] = 0.258666
etas[210] = -0.148110, lambdas[210] = 0.259935
etas[211] = 0.497601, lambdas[211] = 0.260634
etas[212] = -1.214427, lambdas[212] = 0.262406
etas[213] = -0.588342, lambdas[213] = 0.263085
etas[214] = 0.629894, lambdas[214] = 0.263368
etas[215] = -0.152710, lambdas[215] = 0.264189
etas[216] = 0.499669, lambdas[216] = 0.265374
etas[217] = -0.420867, lambdas[217] = 0.265989
etas[218] = -0.342811, lambdas[218] = 0.267079
etas[219] = -0.103755, lambdas[219] = 0.268230
etas[220] = -0.702060, lambdas[220] = 0.269888
etas[221] = -0.554774, lambdas[221] = 0.271952
etas[222] = 0.009952, lambdas[222] = 0.272659
etas[223] = 0.396633, lambdas[223] = 0.274146
etas[224] = -0.330912, lambdas[224] = 0.277201
etas[225] = 0.138934, lambdas[225] = 0.279836
etas[226] = 0.092455, lambdas[226] = 0.281303
etas[227] = 0.551524, lambdas[227] = 0.283196
etas[228] = 0.745886, lambdas[228] = 0.284193
etas[229] = 0.708888, lambdas[229] = 0.286465
etas[230] = 0.581830, lambdas[230] = 0.286696
etas[231] = 0.492101, lambdas[231] = 0.287974
etas[232] = -0.722966, lambdas[232] = 0.290693
etas[233] = -0.378491, lambdas[233] = 0.291832
etas[234] = -0.161343, lambdas[234] = 0.293082
etas[235] = -0.207445, lambdas[235] = 0.296440
etas[236] = 0.069964, lambdas[236] = 0.300196
etas[237] = -0.009750, lambdas[237] = 0.301455
etas[238] = -0.118284, lambdas[238] = 0.304126
etas[239] = -0.019393, lambdas[239] = 0.308258
etas[240] = -0.098725, lambdas[240] = 0.318900
etas[241] = -0.278934, lambdas[241] = 0.323696
etas[242] = -0.506347, lambdas[242] = 0.329568
etas[243] = -0.379482, lambdas[243] = 0.332646
etas[244] = -0.567695, lambdas[244] = 0.337231
etas[245] = 0.059348, lambdas[245] = 0.339015
etas[246] = 0.270993, lambdas[246] = 0.344884
etas[247] = -0.232601, lambdas[247] = 0.352159
etas[248] = -0.362210, lambdas[248] = 0.360261
etas[249] = -0.258468, lambdas[249] = 0.364910
etas[250] = -0.504745, lambdas[250] = 0.394015
etas[251] = -0.736554, lambdas[251] = 0.405418
etas[252] = -1.094109, lambdas[252] = 0.409897
etas[253] = 0.734571, lambdas[253] = 0.418070
etas[254] = 0.202076, lambdas[254] = 0.428056
etas[255] = -0.087326, lambdas[255] = 0.435557
etas[256] = 0.747070, lambdas[256] = 0.444575
etas[257] = -0.410786, lambdas[257] = 0.448919
etas[258] = -0.097882, lambdas[258] = 0.471784
etas[259] = 0.222398, lambdas[259] = 0.482764
etas[260] = -0.888262, lambdas[260] = 0.492819
etas[261] = -0.163945, lambdas[261] = 0.500117
etas[262] = 0.485781, lambdas[262] = 0.520012
etas[263] = 0.539901, lambdas[263] = 0.561475
etas[264] = -0.247294, lambdas[264] = 0.577673
etas[265] = 0.510589, lambdas[265] = 0.588074
etas[266] = 1.113818, lambdas[266] = 0.606532
etas[267] = -0.052537, lambdas[267] = 0.618411
etas[268] = 0.244805, lambdas[268] = 0.638991
etas[269] = -0.107349, lambdas[269] = 0.652849
etas[270] = 0.559633, lambdas[270] = 0.654533
etas[271] = -0.800894, lambdas[271] = 0.723663
etas[272] = 0.329865, lambdas[272] = 0.742652
etas[273] = 0.182239, lambdas[273] = 0.756600
etas[274] = -0.202781, lambdas[274] = 0.849408
etas[275] = 0.514441, lambdas[275] = 0.854678
etas[276] = -1.210698, lambdas[276] = 0.902962
etas[277] = -0.497114, lambdas[277] = 1.010361
etas[278] = 0.016797, lambdas[278] = 1.018749
etas[279] = -0.939742, lambdas[279] = 1.107579
etas[280] = 1.402674, lambdas[280] = 1.151074
etas[281] = 0.159172, lambdas[281] = 1.284806
etas[282] = -0.547643, lambdas[282] = 1.450214
etas[283] = -0.493753, lambdas[283] = 1.538245
etas[284] = -0.488932, lambdas[284] = 1.655926
etas[285] = -1.079307, lambdas[285] = 1.732079
etas[286] = -0.152161, lambdas[286] = 194.919044
0	149.253574	149.072521	-81.702861
1	149.072521	148.851608	-81.701361
2	148.851608	148.582124	-81.699533
3	148.582124	148.253480	-81.697302
4	148.253480	147.852823	-81.694584
5	147.852823	147.364577	-81.691272
6	147.364577	146.769893	-81.687239
7	146.769893	146.046014	-81.682331
8	146.046014	145.165531	-81.676363
9	145.165531	144.095543	-81.669114
10	144.095543	142.796711	-81.660319
11	142.796711	141.222226	-81.649665
12	141.222226	139.316733	-81.636783
13	139.316733	137.015263	-81.621241
14	137.015263	134.242294	-81.602543
15	134.242294	130.911091	-81.580124
16	130.911091	126.923583	-81.553359
17	126.923583	122.171104	-81.521571
18	122.171104	116.536456	-81.484062
19	116.536456	109.897869	-81.440160
20	109.897869	102.135497	-81.389299
21	102.135497	93.141142	-81.331134
22	93.141142	82.831727	-81.265715
23	82.831727	71.166666	-81.193728
24	71.166666	58.168576	-81.116811
25	58.168576	43.945622	-81.037960
26	43.945622	28.712329	-80.962005
27	28.712329	12.804160	-80.896141
28	12.804160	-3.319948	-80.850447
29	-3.319948	-19.092847	-80.838299
30	-19.092847	-33.875987	-80.876561
31	-33.875987	-47.017385	-80.985403
32	-47.017385	-57.924515	-81.187625
33	-57.924515	-66.140046	-81.507407
34	-66.140046	-71.404808	-81.968532
35	-71.404808	-73.693121	-82.592246
36	-73.693121	-73.211373	-83.395047
37	-73.211373	-70.359894	-84.386778
38	-70.359894	-65.667547	-85.569371
39	-65.667547	-59.714704	-86.936465
40	-59.714704	-53.061206	-88.473959
41	-53.061206	-46.192001	-90.161320
42	-46.192001	-39.486388	-91.973361
43	-39.486388	-33.210084	-93.882117
44	-33.210084	-27.524620	-95.858522
45	-27.524620	-22.506745	-97.873690
46	-22.506745	-18.171074	-99.899757
47	-18.171074	-14.491148	-101.910353
48	-14.491148	-11.416360	-103.880863
49	-11.416360	-8.884087	-105.788633
50	-8.884087	-6.827585	-107.613225
51	-6.827585	-5.180710	-109.336795
52	-5.180710	-3.880600	-110.944535
53	-3.880600	-2.869169	-112.425124
54	-2.869169	-2.093961	-113.771056
55	-2.093961	-1.508642	-114.978774
56	-1.508642	-1.073215	-116.048543
57	-1.073215	-0.753966	-116.984084
58	-0.753966	-0.523162	-117.791998
59	-0.523162	-0.358538	-118.481073
60	-0.358538	-0.242630	-119.061569
61	-0.242630	-0.162035	-119.544527
62	-0.162035	-0.106678	-119.941197
63	-0.106678	-0.069117	-120.262570
64	-0.069117	-0.043953	-120.519057
65	-0.043953	-0.027321	-120.720274
66	-0.027321	-0.016494	-120.874935
67	-0.016494	-0.009570	-120.990814
68	-0.009570	-0.005237	-121.074765
69	-0.005237	-0.002601	-121.132771
70	-0.002601	-0.001056	-121.170011
71	-0.001056	-0.000200	-121.190937
72	-0.000200	0.000233	-121.199342
73	0.000233	0.000416	-121.198428
74	0.000416	0.000459	-121.190864
75	0.000459	0.000430	-121.178840
76	0.000430	0.000369	-121.164112
77	0.000369	0.000300	-121.148051
78	0.000300	0.000235	-121.131692
79	0.000235	0.000178	-121.115774
80	0.000178	0.000132	-121.100797
81	0.000132	0.000097	-121.087063
82	0.000097	0.000069	-121.074724
83	0.000069	0.000049	-121.063819
84	0.000049	0.000035	-121.054310
85	0.000035	0.000024	-121.046110
86	0.000024	0.000017	-121.039104
87	0.000017	0.000011	-121.033162
88	0.000011	0.000008	-121.028154
89	0.000008	0.000005	-121.023955
90	0.000005	0.000004	-121.020449
91	0.000004	0.000002	-121.017532
92	0.000002	0.000002	-121.015112
93	0.000002	0.000001	-121.013109
94	0.000001	0.000001	-121.011455
95	0.000001	0.000001	-121.010091
96	0.000001	0.000000	-121.008967
97	0.000000	0.000000	-121.008042
98	0.000000	0.000000	-121.007282
99	0.000000	0.000000	-121.006658
REMLE (delta=0.014390, REML=-80.837284, REML0=-121.003815)- elapsed CPU time is 0.002784
eigen_L - elapsed CPU time is 0.048117


Reading TPED file /mnt/data/shahar/gwas_barley/morexV3_analysis/barley_for_publication_project/01_USED_GWAS_V2_pipeline/intermediates/morexV3_gwas_genotypes...

Reading 0-th SNP and testing association....

Reading 10000-th SNP and testing association....

Reading 20000-th SNP and testing association....

Reading 30000-th SNP and testing association....

Reading 40000-th SNP and testing association....

Reading 50000-th SNP and testing association....

Reading 60000-th SNP and testing association....

Reading 70000-th SNP and testing association....

Reading 80000-th SNP and testing association....

Reading 90000-th SNP and testing association....

Reading 100000-th SNP and testing association....

Reading 110000-th SNP and testing association....

Reading 120000-th SNP and testing association....

Reading 130000-th SNP and testing association....

Reading 140000-th SNP and testing association....

Reading 150000-th SNP and testing association....

Reading 160000-th SNP and testing association....

Reading 170000-th SNP and testing association....

Reading 180000-th SNP and testing association....

Reading 190000-th SNP and testing association....

Reading 200000-th SNP and testing association....

Reading 210000-th SNP and testing association....

Reading 220000-th SNP and testing association....

Reading 230000-th SNP and testing association....

Reading 240000-th SNP and testing association....

Reading 250000-th SNP and testing association....

Reading 260000-th SNP and testing association....

Reading 270000-th SNP and testing association....

Reading 280000-th SNP and testing association....

Reading 290000-th SNP and testing association....

Reading 300000-th SNP and testing association....

Reading 310000-th SNP and testing association....

Reading 320000-th SNP and testing association....

Reading 330000-th SNP and testing association....

Reading 340000-th SNP and testing association....

Reading 350000-th SNP and testing association....

Reading 360000-th SNP and testing association....

Reading 370000-th SNP and testing association....

Reading 380000-th SNP and testing association....

Reading 390000-th SNP and testing association....

Reading 400000-th SNP and testing association....

Reading 410000-th SNP and testing association....

Reading 420000-th SNP and testing association....

Reading 430000-th SNP and testing association....

Reading 440000-th SNP and testing association....

Reading 450000-th SNP and testing association....

Reading 460000-th SNP and testing association....

Reading 470000-th SNP and testing association....

Reading 480000-th SNP and testing association....

Reading 490000-th SNP and testing association....

Reading 500000-th SNP and testing association....

Reading 510000-th SNP and testing association....

Reading 520000-th SNP and testing association....

Reading 530000-th SNP and testing association....

Reading 540000-th SNP and testing association....

Reading 550000-th SNP and testing association....

Reading 560000-th SNP and testing association....

Reading 570000-th SNP and testing association....

Reading 580000-th SNP and testing association....

Reading 590000-th SNP and testing association....

Reading 600000-th SNP and testing association....

Reading 610000-th SNP and testing association....

Reading 620000-th SNP and testing association....

Reading 630000-th SNP and testing association....

Reading 640000-th SNP and testing association....

Reading 650000-th SNP and testing association....

Reading 660000-th SNP and testing association....

Reading 670000-th SNP and testing association....

Reading 680000-th SNP and testing association....

Reading 690000-th SNP and testing association....

Reading 700000-th SNP and testing association....

Reading 710000-th SNP and testing association....

Reading 720000-th SNP and testing association....

Reading 730000-th SNP and testing association....

Reading 740000-th SNP and testing association....

Reading 750000-th SNP and testing association....

Reading 760000-th SNP and testing association....

Reading 770000-th SNP and testing association....

Reading 780000-th SNP and testing association....

Reading 790000-th SNP and testing association....

Reading 800000-th SNP and testing association....

Reading 810000-th SNP and testing association....

Reading 820000-th SNP and testing association....

Reading 830000-th SNP and testing association....

Reading 840000-th SNP and testing association....

Reading 850000-th SNP and testing association....

Reading 860000-th SNP and testing association....

Reading 870000-th SNP and testing association....

Reading 880000-th SNP and testing association....

Reading 890000-th SNP and testing association....

Reading 900000-th SNP and testing association....

Reading 910000-th SNP and testing association....

Reading 920000-th SNP and testing association....

Reading 930000-th SNP and testing association....

Reading 940000-th SNP and testing association....

Reading 950000-th SNP and testing association....

Reading 960000-th SNP and testing association....

Reading 970000-th SNP and testing association....

Reading 980000-th SNP and testing association....

Reading 990000-th SNP and testing association....

Reading 1000000-th SNP and testing association....

Reading 1010000-th SNP and testing association....

Reading 1020000-th SNP and testing association....

Reading 1030000-th SNP and testing association....

Reading 1040000-th SNP and testing association....

Reading 1050000-th SNP and testing association....

Reading 1060000-th SNP and testing association....

Reading 1070000-th SNP and testing association....

Reading 1080000-th SNP and testing association....

Reading 1090000-th SNP and testing association....

Reading 1100000-th SNP and testing association....

Reading 1110000-th SNP and testing association....

Reading 1120000-th SNP and testing association....

Reading 1130000-th SNP and testing association....

Reading 1140000-th SNP and testing association....

Reading 1150000-th SNP and testing association....

Reading 1160000-th SNP and testing association....

Reading 1170000-th SNP and testing association....

Reading 1180000-th SNP and testing association....

Reading 1190000-th SNP and testing association....

Reading 1200000-th SNP and testing association....

Reading 1210000-th SNP and testing association....

Reading 1220000-th SNP and testing association....

Reading 1230000-th SNP and testing association....

Reading 1240000-th SNP and testing association....

Reading 1250000-th SNP and testing association....

Reading 1260000-th SNP and testing association....

Reading 1270000-th SNP and testing association....

Reading 1280000-th SNP and testing association....

Reading 1290000-th SNP and testing association....

Reading 1300000-th SNP and testing association....

Reading 1310000-th SNP and testing association....

Reading 1320000-th SNP and testing association....

Reading 1330000-th SNP and testing association....

Reading 1340000-th SNP and testing association....

Reading 1350000-th SNP and testing association....

Reading 1360000-th SNP and testing association....

Reading 1370000-th SNP and testing association....

Reading 1380000-th SNP and testing association....

Reading 1390000-th SNP and testing association....

Reading 1400000-th SNP and testing association....

Reading 1410000-th SNP and testing association....

Reading 1420000-th SNP and testing association....

Reading 1430000-th SNP and testing association....

Reading 1440000-th SNP and testing association....

Reading 1450000-th SNP and testing association....

Reading 1460000-th SNP and testing association....

Reading 1470000-th SNP and testing association....

Reading 1480000-th SNP and testing association....

Reading 1490000-th SNP and testing association....

Reading 1500000-th SNP and testing association....

Reading 1510000-th SNP and testing association....

Reading 1520000-th SNP and testing association....

Reading 1530000-th SNP and testing association....

Reading 1540000-th SNP and testing association....

Reading 1550000-th SNP and testing association....

Reading 1560000-th SNP and testing association....

Reading 1570000-th SNP and testing association....

Reading 1580000-th SNP and testing association....

Reading 1590000-th SNP and testing association....

Reading 1600000-th SNP and testing association....

Reading 1610000-th SNP and testing association....

Reading 1620000-th SNP and testing association....

Reading 1630000-th SNP and testing association....

Reading 1640000-th SNP and testing association....

Reading 1650000-th SNP and testing association....

Reading 1660000-th SNP and testing association....

Reading 1670000-th SNP and testing association....

Reading 1680000-th SNP and testing association....

Reading 1690000-th SNP and testing association....

Reading 1700000-th SNP and testing association....

Reading 1710000-th SNP and testing association....

Reading 1720000-th SNP and testing association....

Reading 1730000-th SNP and testing association....

Reading 1740000-th SNP and testing association....

Reading 1750000-th SNP and testing association....

Reading 1760000-th SNP and testing association....

Reading 1770000-th SNP and testing association....

Reading 1780000-th SNP and testing association....

Reading 1790000-th SNP and testing association....

Reading 1800000-th SNP and testing association....

Reading 1810000-th SNP and testing association....

Reading 1820000-th SNP and testing association....

Reading 1830000-th SNP and testing association....

Reading 1840000-th SNP and testing association....

Reading 1850000-th SNP and testing association....

Reading 1860000-th SNP and testing association....

Reading 1870000-th SNP and testing association....

Reading 1880000-th SNP and testing association....

Reading 1890000-th SNP and testing association....

Reading 1900000-th SNP and testing association....

Reading 1910000-th SNP and testing association....

Reading 1920000-th SNP and testing association....

Reading 1930000-th SNP and testing association....

Reading 1940000-th SNP and testing association....

Reading 1950000-th SNP and testing association....

Reading 1960000-th SNP and testing association....

Reading 1970000-th SNP and testing association....

Reading 1980000-th SNP and testing association....

Reading 1990000-th SNP and testing association....

Reading 2000000-th SNP and testing association....

Reading 2010000-th SNP and testing association....

Reading 2020000-th SNP and testing association....

Reading 2030000-th SNP and testing association....

Reading 2040000-th SNP and testing association....

Reading 2050000-th SNP and testing association....

Reading 2060000-th SNP and testing association....

Reading 2070000-th SNP and testing association....

Reading 2080000-th SNP and testing association....

Reading 2090000-th SNP and testing association....

Reading 2100000-th SNP and testing association....

Reading 2110000-th SNP and testing association....

Reading 2120000-th SNP and testing association....

Reading 2130000-th SNP and testing association....

Reading 2140000-th SNP and testing association....

Reading 2150000-th SNP and testing association....

Reading 2160000-th SNP and testing association....

Reading 2170000-th SNP and testing association....

Reading 2180000-th SNP and testing association....

Reading 2190000-th SNP and testing association....

Reading 2200000-th SNP and testing association....

Reading 2210000-th SNP and testing association....

Reading 2220000-th SNP and testing association....

Reading 2230000-th SNP and testing association....

Reading 2240000-th SNP and testing association....

Reading 2250000-th SNP and testing association....

Reading 2260000-th SNP and testing association....

Reading 2270000-th SNP and testing association....

Reading 2280000-th SNP and testing association....

Reading 2290000-th SNP and testing association....

Reading 2300000-th SNP and testing association....

Reading 2310000-th SNP and testing association....

Reading 2320000-th SNP and testing association....

Reading 2330000-th SNP and testing association....

Reading 2340000-th SNP and testing association....

Reading 2350000-th SNP and testing association....

Reading 2360000-th SNP and testing association....

Reading 2370000-th SNP and testing association....

Reading 2380000-th SNP and testing association....

Reading 2390000-th SNP and testing association....

Reading 2400000-th SNP and testing association....

Reading 2410000-th SNP and testing association....

Reading 2420000-th SNP and testing association....

Reading 2430000-th SNP and testing association....

Reading 2440000-th SNP and testing association....

Reading 2450000-th SNP and testing association....

Reading 2460000-th SNP and testing association....

Reading 2470000-th SNP and testing association....

Reading 2480000-th SNP and testing association....

Reading 2490000-th SNP and testing association....

Reading 2500000-th SNP and testing association....

Reading 2510000-th SNP and testing association....

Reading 2520000-th SNP and testing association....

Reading 2530000-th SNP and testing association....

Reading 2540000-th SNP and testing association....

Reading 2550000-th SNP and testing association....

Reading 2560000-th SNP and testing association....

Reading 2570000-th SNP and testing association....

Reading 2580000-th SNP and testing association....

Reading 2590000-th SNP and testing association....

Reading 2600000-th SNP and testing association....

Reading 2610000-th SNP and testing association....

Reading 2620000-th SNP and testing association....

Reading 2630000-th SNP and testing association....

Reading 2640000-th SNP and testing association....

Reading 2650000-th SNP and testing association....

Reading 2660000-th SNP and testing association....

Reading 2670000-th SNP and testing association....

Reading 2680000-th SNP and testing association....

Reading 2690000-th SNP and testing association....

Reading 2700000-th SNP and testing association....

Reading 2710000-th SNP and testing association....

Reading 2720000-th SNP and testing association....

Reading 2730000-th SNP and testing association....

Reading 2740000-th SNP and testing association....

Reading 2750000-th SNP and testing association....

Reading 2760000-th SNP and testing association....

Reading 2770000-th SNP and testing association....

Reading 2780000-th SNP and testing association....

Reading 2790000-th SNP and testing association....

Reading 2800000-th SNP and testing association....

Reading 2810000-th SNP and testing association....

Reading 2820000-th SNP and testing association....

Reading 2830000-th SNP and testing association....

Reading 2840000-th SNP and testing association....

Reading 2850000-th SNP and testing association....

Reading 2860000-th SNP and testing association....

Reading 2870000-th SNP and testing association....

Reading 2880000-th SNP and testing association....

Reading 2890000-th SNP and testing association....

Reading 2900000-th SNP and testing association....

Reading 2910000-th SNP and testing association....

Reading 2920000-th SNP and testing association....

Reading 2930000-th SNP and testing association....

Reading 2940000-th SNP and testing association....

Reading 2950000-th SNP and testing association....

Reading 2960000-th SNP and testing association....

Reading 2970000-th SNP and testing association....

Reading 2980000-th SNP and testing association....

Reading 2990000-th SNP and testing association....

Reading 3000000-th SNP and testing association....

Reading 3010000-th SNP and testing association....

Reading 3020000-th SNP and testing association....

Reading 3030000-th SNP and testing association....

Reading 3040000-th SNP and testing association....

Reading 3050000-th SNP and testing association....

Reading 3060000-th SNP and testing association....

Reading 3070000-th SNP and testing association....

Reading 3080000-th SNP and testing association....

Reading 3090000-th SNP and testing association....

Reading 3100000-th SNP and testing association....

Reading 3110000-th SNP and testing association....

Reading 3120000-th SNP and testing association....

Reading 3130000-th SNP and testing association....

Reading 3140000-th SNP and testing association....

Reading 3150000-th SNP and testing association....

Reading 3160000-th SNP and testing association....

Reading 3170000-th SNP and testing association....

Reading 3180000-th SNP and testing association....

Reading 3190000-th SNP and testing association....

Reading 3200000-th SNP and testing association....

Reading 3210000-th SNP and testing association....

Reading 3220000-th SNP and testing association....

Reading 3230000-th SNP and testing association....

Reading 3240000-th SNP and testing association....

Reading 3250000-th SNP and testing association....

Reading 3260000-th SNP and testing association....

Reading 3270000-th SNP and testing association....

Reading 3280000-th SNP and testing association....

Reading 3290000-th SNP and testing association....

Reading 3300000-th SNP and testing association....

Reading 3310000-th SNP and testing association....

Reading 3320000-th SNP and testing association....

Reading 3330000-th SNP and testing association....

Reading 3340000-th SNP and testing association....

Reading 3350000-th SNP and testing association....

Reading 3360000-th SNP and testing association....

Reading 3370000-th SNP and testing association....

Reading 3380000-th SNP and testing association....

Reading 3390000-th SNP and testing association....

Reading 3400000-th SNP and testing association....

Reading 3410000-th SNP and testing association....

Reading 3420000-th SNP and testing association....

Reading 3430000-th SNP and testing association....

Reading 3440000-th SNP and testing association....

Reading 3450000-th SNP and testing association....

Reading 3460000-th SNP and testing association....

Reading 3470000-th SNP and testing association....

Reading 3480000-th SNP and testing association....

Reading 3490000-th SNP and testing association....

Reading 3500000-th SNP and testing association....

Reading 3510000-th SNP and testing association....

Reading 3520000-th SNP and testing association....

Reading 3530000-th SNP and testing association....

Reading 3540000-th SNP and testing association....

Reading 3550000-th SNP and testing association....

Reading 3560000-th SNP and testing association....

Reading 3570000-th SNP and testing association....

Reading 3580000-th SNP and testing association....

Reading 3590000-th SNP and testing association....

Reading 3600000-th SNP and testing association....

Reading 3610000-th SNP and testing association....

Reading 3620000-th SNP and testing association....

Reading 3630000-th SNP and testing association....

Reading 3640000-th SNP and testing association....

Reading 3650000-th SNP and testing association....

Reading 3660000-th SNP and testing association....

Reading 3670000-th SNP and testing association....

Reading 3680000-th SNP and testing association....

Reading 3690000-th SNP and testing association....

Reading 3700000-th SNP and testing association....

Reading 3710000-th SNP and testing association....

Reading 3720000-th SNP and testing association....

Reading 3730000-th SNP and testing association....

Reading 3740000-th SNP and testing association....

Reading 3750000-th SNP and testing association....

Reading 3760000-th SNP and testing association....

Reading 3770000-th SNP and testing association....

Reading 3780000-th SNP and testing association....

Reading 3790000-th SNP and testing association....

Reading 3800000-th SNP and testing association....

Reading 3810000-th SNP and testing association....

Reading 3820000-th SNP and testing association....

Reading 3830000-th SNP and testing association....

Reading 3840000-th SNP and testing association....

Reading 3850000-th SNP and testing association....

Reading 3860000-th SNP and testing association....

Reading 3870000-th SNP and testing association....

Reading 3880000-th SNP and testing association....

Reading 3890000-th SNP and testing association....

Reading 3900000-th SNP and testing association....

Reading 3910000-th SNP and testing association....

Reading 3920000-th SNP and testing association....

Reading 3930000-th SNP and testing association....

Reading 3940000-th SNP and testing association....

Reading 3950000-th SNP and testing association....

Reading 3960000-th SNP and testing association....

Reading 3970000-th SNP and testing association....

Reading 3980000-th SNP and testing association....

Reading 3990000-th SNP and testing association....

Reading 4000000-th SNP and testing association....

Reading 4010000-th SNP and testing association....

Reading 4020000-th SNP and testing association....

Reading 4030000-th SNP and testing association....

Reading 4040000-th SNP and testing association....

Reading 4050000-th SNP and testing association....

Reading 4060000-th SNP and testing association....

Reading 4070000-th SNP and testing association....

Reading 4080000-th SNP and testing association....

Reading 4090000-th SNP and testing association....

Reading 4100000-th SNP and testing association....

Reading 4110000-th SNP and testing association....

Reading 4120000-th SNP and testing association....

Reading 4130000-th SNP and testing association....

Reading 4140000-th SNP and testing association....

Reading 4150000-th SNP and testing association....

Reading 4160000-th SNP and testing association....

Reading 4170000-th SNP and testing association....

Reading 4180000-th SNP and testing association....

Reading 4190000-th SNP and testing association....

Reading 4200000-th SNP and testing association....

Reading 4210000-th SNP and testing association....

Reading 4220000-th SNP and testing association....

Reading 4230000-th SNP and testing association....

Reading 4240000-th SNP and testing association....

Reading 4250000-th SNP and testing association....

Reading 4260000-th SNP and testing association....

Reading 4270000-th SNP and testing association....

Reading 4280000-th SNP and testing association....

Reading 4290000-th SNP and testing association....

Reading 4300000-th SNP and testing association....

Reading 4310000-th SNP and testing association....

Reading 4320000-th SNP and testing association....

Reading 4330000-th SNP and testing association....

Reading 4340000-th SNP and testing association....

Reading 4350000-th SNP and testing association....

Reading 4360000-th SNP and testing association....

Reading 4370000-th SNP and testing association....

Reading 4380000-th SNP and testing association....

Reading 4390000-th SNP and testing association....

Reading 4400000-th SNP and testing association....

Reading 4410000-th SNP and testing association....

Reading 4420000-th SNP and testing association....

Reading 4430000-th SNP and testing association....

Reading 4440000-th SNP and testing association....

Reading 4450000-th SNP and testing association....

Reading 4460000-th SNP and testing association....

Reading 4470000-th SNP and testing association....

Reading 4480000-th SNP and testing association....

Reading 4490000-th SNP and testing association....

Reading 4500000-th SNP and testing association....

Reading 4510000-th SNP and testing association....

Reading 4520000-th SNP and testing association....

Reading 4530000-th SNP and testing association....

Reading 4540000-th SNP and testing association....

Reading 4550000-th SNP and testing association....

Reading 4560000-th SNP and testing association....

Reading 4570000-th SNP and testing association....

Reading 4580000-th SNP and testing association....

Reading 4590000-th SNP and testing association....

Reading 4600000-th SNP and testing association....

Reading 4610000-th SNP and testing association....

Reading 4620000-th SNP and testing association....

Reading 4630000-th SNP and testing association....

Reading 4640000-th SNP and testing association....

Reading 4650000-th SNP and testing association....

Reading 4660000-th SNP and testing association....

Reading 4670000-th SNP and testing association....

Reading 4680000-th SNP and testing association....

Reading 4690000-th SNP and testing association....

Reading 4700000-th SNP and testing association....

Reading 4710000-th SNP and testing association....

Reading 4720000-th SNP and testing association....

Reading 4730000-th SNP and testing association....

Reading 4740000-th SNP and testing association....

Reading 4750000-th SNP and testing association....

Reading 4760000-th SNP and testing association....

Reading 4770000-th SNP and testing association....

Reading 4780000-th SNP and testing association....

Reading 4790000-th SNP and testing association....

Reading 4800000-th SNP and testing association....

Reading 4810000-th SNP and testing association....

Reading 4820000-th SNP and testing association....

Reading 4830000-th SNP and testing association....

Reading 4840000-th SNP and testing association....

Reading 4850000-th SNP and testing association....

Reading 4860000-th SNP and testing association....

Reading 4870000-th SNP and testing association....

Reading 4880000-th SNP and testing association....

Reading 4890000-th SNP and testing association....

Reading 4900000-th SNP and testing association....

Reading 4910000-th SNP and testing association....

Reading 4920000-th SNP and testing association....

Reading 4930000-th SNP and testing association....

Reading 4940000-th SNP and testing association....

Reading 4950000-th SNP and testing association....

Reading 4960000-th SNP and testing association....

Reading 4970000-th SNP and testing association....

Reading 4980000-th SNP and testing association....

Reading 4990000-th SNP and testing association....

Reading 5000000-th SNP and testing association....

Reading 5010000-th SNP and testing association....

Reading 5020000-th SNP and testing association....

Reading 5030000-th SNP and testing association....

Reading 5040000-th SNP and testing association....

Reading 5050000-th SNP and testing association....

Reading 5060000-th SNP and testing association....

Reading 5070000-th SNP and testing association....

Reading 5080000-th SNP and testing association....

Reading 5090000-th SNP and testing association....

Reading 5100000-th SNP and testing association....

Reading 5110000-th SNP and testing association....

Reading 5120000-th SNP and testing association....

Reading 5130000-th SNP and testing association....

Reading 5140000-th SNP and testing association....

Reading 5150000-th SNP and testing association....

Reading 5160000-th SNP and testing association....

Reading 5170000-th SNP and testing association....

Reading 5180000-th SNP and testing association....

Reading 5190000-th SNP and testing association....

Reading 5200000-th SNP and testing association....

Reading 5210000-th SNP and testing association....

Reading 5220000-th SNP and testing association....

Reading 5230000-th SNP and testing association....

Reading 5240000-th SNP and testing association....

Reading 5250000-th SNP and testing association....

Reading 5260000-th SNP and testing association....

Reading 5270000-th SNP and testing association....

Reading 5280000-th SNP and testing association....

Reading 5290000-th SNP and testing association....

Reading 5300000-th SNP and testing association....

Reading 5310000-th SNP and testing association....

Reading 5320000-th SNP and testing association....

Reading 5330000-th SNP and testing association....

Reading 5340000-th SNP and testing association....

Reading 5350000-th SNP and testing association....

Reading 5360000-th SNP and testing association....

Reading 5370000-th SNP and testing association....

Reading 5380000-th SNP and testing association....

Reading 5390000-th SNP and testing association....

Reading 5400000-th SNP and testing association....

Reading 5410000-th SNP and testing association....

Reading 5420000-th SNP and testing association....

Reading 5430000-th SNP and testing association....

Reading 5440000-th SNP and testing association....

Reading 5450000-th SNP and testing association....

Reading 5460000-th SNP and testing association....

Reading 5470000-th SNP and testing association....

Reading 5480000-th SNP and testing association....

Reading 5490000-th SNP and testing association....

Reading 5500000-th SNP and testing association....

Reading 5510000-th SNP and testing association....

Reading 5520000-th SNP and testing association....

Reading 5530000-th SNP and testing association....

Reading 5540000-th SNP and testing association....

Reading 5550000-th SNP and testing association....

Reading 5560000-th SNP and testing association....

Reading 5570000-th SNP and testing association....

Reading 5580000-th SNP and testing association....

Reading 5590000-th SNP and testing association....

Reading 5600000-th SNP and testing association....

Reading 5610000-th SNP and testing association....

Reading 5620000-th SNP and testing association....

Reading 5630000-th SNP and testing association....

Reading 5640000-th SNP and testing association....

Reading 5650000-th SNP and testing association....

Reading 5660000-th SNP and testing association....

Reading 5670000-th SNP and testing association....

Reading 5680000-th SNP and testing association....

Reading 5690000-th SNP and testing association....

Reading 5700000-th SNP and testing association....

Reading 5710000-th SNP and testing association....

Reading 5720000-th SNP and testing association....

Reading 5730000-th SNP and testing association....

Reading 5740000-th SNP and testing association....

Reading 5750000-th SNP and testing association....

Reading 5760000-th SNP and testing association....

Reading 5770000-th SNP and testing association....

Reading 5780000-th SNP and testing association....

Reading 5790000-th SNP and testing association....

Reading 5800000-th SNP and testing association....

Reading 5810000-th SNP and testing association....

Reading 5820000-th SNP and testing association....

Reading 5830000-th SNP and testing association....

Reading 5840000-th SNP and testing association....

Reading 5850000-th SNP and testing association....

Reading 5860000-th SNP and testing association....

Reading 5870000-th SNP and testing association....

Reading 5880000-th SNP and testing association....

Reading 5890000-th SNP and testing association....

Reading 5900000-th SNP and testing association....

Reading 5910000-th SNP and testing association....

Reading 5920000-th SNP and testing association....

Reading 5930000-th SNP and testing association....

Reading 5940000-th SNP and testing association....

Reading 5950000-th SNP and testing association....

Reading 5960000-th SNP and testing association....

Reading 5970000-th SNP and testing association....

Reading 5980000-th SNP and testing association....

Reading 5990000-th SNP and testing association....

Reading 6000000-th SNP and testing association....

Reading 6010000-th SNP and testing association....

Reading 6020000-th SNP and testing association....

Reading 6030000-th SNP and testing association....

Reading 6040000-th SNP and testing association....

Reading 6050000-th SNP and testing association....

Reading 6060000-th SNP and testing association....

Reading 6070000-th SNP and testing association....

Reading 6080000-th SNP and testing association....

Reading 6090000-th SNP and testing association....

Reading 6100000-th SNP and testing association....

Reading 6110000-th SNP and testing association....

Reading 6120000-th SNP and testing association....

Reading 6130000-th SNP and testing association....

Reading 6140000-th SNP and testing association....

Reading 6150000-th SNP and testing association....

Reading 6160000-th SNP and testing association....

Reading 6170000-th SNP and testing association....

Reading 6180000-th SNP and testing association....

Reading 6190000-th SNP and testing association....

Reading 6200000-th SNP and testing association....

Reading 6210000-th SNP and testing association....

Reading 6220000-th SNP and testing association....

Reading 6230000-th SNP and testing association....

Reading 6240000-th SNP and testing association....

Reading 6250000-th SNP and testing association....

Reading 6260000-th SNP and testing association....

Reading 6270000-th SNP and testing association....

Reading 6280000-th SNP and testing association....

Reading 6290000-th SNP and testing association....

Reading 6300000-th SNP and testing association....

Reading 6310000-th SNP and testing association....

Reading 6320000-th SNP and testing association....

Reading 6330000-th SNP and testing association....

Reading 6340000-th SNP and testing association....

Reading 6350000-th SNP and testing association....

Reading 6360000-th SNP and testing association....

Reading 6370000-th SNP and testing association....

Reading 6380000-th SNP and testing association....

Reading 6390000-th SNP and testing association....

Reading 6400000-th SNP and testing association....

Reading 6410000-th SNP and testing association....

Reading 6420000-th SNP and testing association....

Reading 6430000-th SNP and testing association....

Reading 6440000-th SNP and testing association....

Reading 6450000-th SNP and testing association....

Reading 6460000-th SNP and testing association....

Reading 6470000-th SNP and testing association....

Reading 6480000-th SNP and testing association....

Reading 6490000-th SNP and testing association....

Reading 6500000-th SNP and testing association....

Reading 6510000-th SNP and testing association....

Reading 6520000-th SNP and testing association....

Reading 6530000-th SNP and testing association....

Reading 6540000-th SNP and testing association....

Reading 6550000-th SNP and testing association....

Reading 6560000-th SNP and testing association....

Reading 6570000-th SNP and testing association....

Reading 6580000-th SNP and testing association....

Reading 6590000-th SNP and testing association....

Reading 6600000-th SNP and testing association....

Reading 6610000-th SNP and testing association....

Reading 6620000-th SNP and testing association....

Reading 6630000-th SNP and testing association....

Reading 6640000-th SNP and testing association....

Reading 6650000-th SNP and testing association....

Reading 6660000-th SNP and testing association....

Reading 6670000-th SNP and testing association....

Reading 6680000-th SNP and testing association....

Reading 6690000-th SNP and testing association....

Reading 6700000-th SNP and testing association....

Reading 6710000-th SNP and testing association....

Reading 6720000-th SNP and testing association....

Reading 6730000-th SNP and testing association....

Reading 6740000-th SNP and testing association....

Reading 6750000-th SNP and testing association....

Reading 6760000-th SNP and testing association....

Reading 6770000-th SNP and testing association....

Reading 6780000-th SNP and testing association....

Reading 6790000-th SNP and testing association....

Reading 6800000-th SNP and testing association....

Reading 6810000-th SNP and testing association....

Reading 6820000-th SNP and testing association....

Reading 6830000-th SNP and testing association....

Reading 6840000-th SNP and testing association....

Reading 6850000-th SNP and testing association....

Reading 6860000-th SNP and testing association....

Reading 6870000-th SNP and testing association....

Reading 6880000-th SNP and testing association....

Reading 6890000-th SNP and testing association....

Reading 6900000-th SNP and testing association....

Reading 6910000-th SNP and testing association....

Reading 6920000-th SNP and testing association....

Reading 6930000-th SNP and testing association....

Reading 6940000-th SNP and testing association....

Reading 6950000-th SNP and testing association....

Reading 6960000-th SNP and testing association....

Reading 6970000-th SNP and testing association....

Reading 6980000-th SNP and testing association....

Reading 6990000-th SNP and testing association....

Reading 7000000-th SNP and testing association....

Reading 7010000-th SNP and testing association....

Reading 7020000-th SNP and testing association....

Reading 7030000-th SNP and testing association....

Reading 7040000-th SNP and testing association....

Reading 7050000-th SNP and testing association....

Reading 7060000-th SNP and testing association....

Reading 7070000-th SNP and testing association....

Reading 7080000-th SNP and testing association....

Reading 7090000-th SNP and testing association....

Reading 7100000-th SNP and testing association....

Reading 7110000-th SNP and testing association....

GLS association - elapsed CPU time is 1163.133450

Breakdown for input file parsing : 708.034860

              matrix computation : 258.709310

             p-value computation : 29.367771

