
Reading TFAM file /mnt/data/shahar/gwas_barley/morexV3_analysis/barley_for_publication_project/01_USED_GWAS_V2_pipeline/intermediates/morexV3_gwas_genotypes.tfam ....


Reading kinship file /mnt/data/shahar/gwas_barley/morexV3_analysis/barley_for_publication_project/01_USED_GWAS_V2_pipeline/intermediates/morexV3_kinship.aIBS.kinf...

  290 rows and 290 columns were observed with 0 missing values.


Reading the phenotype file /mnt/data/shahar/gwas_barley/data/inputs/BLUE_betaglucan_V3.pheno...

  290 rows and 1 columns were observed with 0 missing values


Reading covariate file /mnt/data/shahar/gwas_barley/morexV3_analysis/barley_for_publication_project/01_USED_GWAS_V2_pipeline/intermediates/covariates/pca_pc5.cov...

  290 rows and 5 columns were observed with 0 missing values. Make sure that the intercept is included in the covariates

File reading - elapsed CPU time is 0.038484

eRvals[0] = 0.024406, eRvals[n-q-1] = 194.917766, eRvals[n-q] = 0.000000
eigen_R - elapsed CPU time is 0.091064
etas[0] = 0.163284, lambdas[0] = 0.024406
etas[1] = 0.021781, lambdas[1] = 0.028015
etas[2] = 0.085620, lambdas[2] = 0.029468
etas[3] = -0.229976, lambdas[3] = 0.029703
etas[4] = -0.219578, lambdas[4] = 0.030414
etas[5] = 0.213402, lambdas[5] = 0.031153
etas[6] = 0.296226, lambdas[6] = 0.032120
etas[7] = 0.100869, lambdas[7] = 0.032543
etas[8] = 0.286110, lambdas[8] = 0.032730
etas[9] = -0.060855, lambdas[9] = 0.033164
etas[10] = 0.162627, lambdas[10] = 0.033924
etas[11] = -0.438039, lambdas[11] = 0.034752
etas[12] = 0.105267, lambdas[12] = 0.035200
etas[13] = -0.064821, lambdas[13] = 0.035262
etas[14] = -0.137010, lambdas[14] = 0.035791
etas[15] = -0.243394, lambdas[15] = 0.037095
etas[16] = 0.322320, lambdas[16] = 0.037622
etas[17] = 0.202109, lambdas[17] = 0.038094
etas[18] = -0.230491, lambdas[18] = 0.038707
etas[19] = 0.284474, lambdas[19] = 0.039206
etas[20] = -0.329494, lambdas[20] = 0.039658
etas[21] = -0.131515, lambdas[21] = 0.040305
etas[22] = 0.179061, lambdas[22] = 0.040742
etas[23] = 0.138073, lambdas[23] = 0.041301
etas[24] = 0.019718, lambdas[24] = 0.041577
etas[25] = -0.048679, lambdas[25] = 0.042022
etas[26] = -0.144244, lambdas[26] = 0.042147
etas[27] = 0.175466, lambdas[27] = 0.042302
etas[28] = 0.090721, lambdas[28] = 0.042743
etas[29] = -0.013174, lambdas[29] = 0.043265
etas[30] = -0.373519, lambdas[30] = 0.043897
etas[31] = -0.165650, lambdas[31] = 0.043976
etas[32] = -0.099705, lambdas[32] = 0.044343
etas[33] = 0.028755, lambdas[33] = 0.044514
etas[34] = -0.246379, lambdas[34] = 0.044775
etas[35] = 0.069329, lambdas[35] = 0.045050
etas[36] = 0.314343, lambdas[36] = 0.045281
etas[37] = 0.101398, lambdas[37] = 0.045713
etas[38] = 0.164751, lambdas[38] = 0.045965
etas[39] = 0.261929, lambdas[39] = 0.046109
etas[40] = -0.086042, lambdas[40] = 0.046286
etas[41] = -0.175404, lambdas[41] = 0.046562
etas[42] = 0.267008, lambdas[42] = 0.046623
etas[43] = 0.212702, lambdas[43] = 0.047046
etas[44] = -0.161441, lambdas[44] = 0.047275
etas[45] = -0.054233, lambdas[45] = 0.047399
etas[46] = -0.180275, lambdas[46] = 0.047482
etas[47] = -0.161731, lambdas[47] = 0.047998
etas[48] = -0.344798, lambdas[48] = 0.048233
etas[49] = -0.229173, lambdas[49] = 0.048668
etas[50] = 0.133548, lambdas[50] = 0.048866
etas[51] = 0.171150, lambdas[51] = 0.049636
etas[52] = 0.418775, lambdas[52] = 0.049715
etas[53] = 0.279478, lambdas[53] = 0.050103
etas[54] = -0.426727, lambdas[54] = 0.050604
etas[55] = 0.295027, lambdas[55] = 0.050727
etas[56] = 0.255460, lambdas[56] = 0.050929
etas[57] = -0.084531, lambdas[57] = 0.051205
etas[58] = -0.244780, lambdas[58] = 0.051707
etas[59] = -0.346886, lambdas[59] = 0.052006
etas[60] = -0.154508, lambdas[60] = 0.052487
etas[61] = 0.089357, lambdas[61] = 0.052663
etas[62] = 0.303623, lambdas[62] = 0.053829
etas[63] = -0.074904, lambdas[63] = 0.054108
etas[64] = 0.235896, lambdas[64] = 0.054257
etas[65] = -0.007032, lambdas[65] = 0.054567
etas[66] = 0.361125, lambdas[66] = 0.055538
etas[67] = -0.056336, lambdas[67] = 0.057396
etas[68] = -0.039423, lambdas[68] = 0.058669
etas[69] = 0.075233, lambdas[69] = 0.059912
etas[70] = -0.090903, lambdas[70] = 0.060305
etas[71] = 0.261213, lambdas[71] = 0.069939
etas[72] = -0.004651, lambdas[72] = 0.080309
etas[73] = -0.356260, lambdas[73] = 0.092894
etas[74] = 0.392625, lambdas[74] = 0.095642
etas[75] = -0.014656, lambdas[75] = 0.096472
etas[76] = 0.026603, lambdas[76] = 0.097043
etas[77] = 0.105794, lambdas[77] = 0.098042
etas[78] = -0.018246, lambdas[78] = 0.099527
etas[79] = -0.312889, lambdas[79] = 0.117756
etas[80] = -0.025237, lambdas[80] = 0.126803
etas[81] = 0.248318, lambdas[81] = 0.130090
etas[82] = 0.423174, lambdas[82] = 0.132678
etas[83] = 0.299148, lambdas[83] = 0.138672
etas[84] = 0.532534, lambdas[84] = 0.142431
etas[85] = 0.222843, lambdas[85] = 0.145826
etas[86] = 0.212376, lambdas[86] = 0.149586
etas[87] = 0.086887, lambdas[87] = 0.149834
etas[88] = 0.439771, lambdas[88] = 0.154078
etas[89] = 0.324799, lambdas[89] = 0.155435
etas[90] = 0.191557, lambdas[90] = 0.156192
etas[91] = 0.332016, lambdas[91] = 0.159004
etas[92] = 0.114085, lambdas[92] = 0.160844
etas[93] = -0.421777, lambdas[93] = 0.163795
etas[94] = -0.212049, lambdas[94] = 0.166553
etas[95] = 0.406802, lambdas[95] = 0.167194
etas[96] = 0.676380, lambdas[96] = 0.167693
etas[97] = 0.591828, lambdas[97] = 0.170966
etas[98] = -0.731629, lambdas[98] = 0.171721
etas[99] = -0.735695, lambdas[99] = 0.173142
etas[100] = -0.119651, lambdas[100] = 0.173650
etas[101] = 0.207350, lambdas[101] = 0.174516
etas[102] = -0.764752, lambdas[102] = 0.178097
etas[103] = 0.428617, lambdas[103] = 0.178433
etas[104] = -0.210670, lambdas[104] = 0.178968
etas[105] = 0.610754, lambdas[105] = 0.179236
etas[106] = -0.852577, lambdas[106] = 0.180667
etas[107] = -0.114038, lambdas[107] = 0.181264
etas[108] = -0.212982, lambdas[108] = 0.182520
etas[109] = 0.125674, lambdas[109] = 0.183876
etas[110] = -0.091434, lambdas[110] = 0.184312
etas[111] = -0.452585, lambdas[111] = 0.185849
etas[112] = 0.300819, lambdas[112] = 0.186697
etas[113] = -0.402450, lambdas[113] = 0.187029
etas[114] = -0.061300, lambdas[114] = 0.188220
etas[115] = 0.265914, lambdas[115] = 0.188970
etas[116] = 0.672411, lambdas[116] = 0.189406
etas[117] = -0.584229, lambdas[117] = 0.190929
etas[118] = 0.116208, lambdas[118] = 0.191174
etas[119] = 0.011452, lambdas[119] = 0.191797
etas[120] = -0.499049, lambdas[120] = 0.193048
etas[121] = 1.292081, lambdas[121] = 0.193312
etas[122] = 0.135465, lambdas[122] = 0.194021
etas[123] = -0.149611, lambdas[123] = 0.194492
etas[124] = 0.114288, lambdas[124] = 0.195743
etas[125] = -0.806937, lambdas[125] = 0.196230
etas[126] = -0.106483, lambdas[126] = 0.197176
etas[127] = 0.255042, lambdas[127] = 0.197931
etas[128] = 0.181016, lambdas[128] = 0.197970
etas[129] = 0.513150, lambdas[129] = 0.198587
etas[130] = 0.037616, lambdas[130] = 0.199157
etas[131] = 0.065175, lambdas[131] = 0.199809
etas[132] = 0.745787, lambdas[132] = 0.200454
etas[133] = 0.689734, lambdas[133] = 0.201822
etas[134] = 0.748422, lambdas[134] = 0.202305
etas[135] = 0.460917, lambdas[135] = 0.202830
etas[136] = -0.567502, lambdas[136] = 0.203539
etas[137] = -0.793031, lambdas[137] = 0.204142
etas[138] = -0.242916, lambdas[138] = 0.204408
etas[139] = 0.085245, lambdas[139] = 0.205456
etas[140] = -0.480670, lambdas[140] = 0.206810
etas[141] = 0.315024, lambdas[141] = 0.207850
etas[142] = -0.124020, lambdas[142] = 0.208133
etas[143] = 0.245388, lambdas[143] = 0.208793
etas[144] = -0.030022, lambdas[144] = 0.209723
etas[145] = -0.583215, lambdas[145] = 0.210443
etas[146] = -0.001604, lambdas[146] = 0.211798
etas[147] = -0.000593, lambdas[147] = 0.212010
etas[148] = 0.242965, lambdas[148] = 0.213270
etas[149] = -0.007654, lambdas[149] = 0.213431
etas[150] = -0.367693, lambdas[150] = 0.214188
etas[151] = -0.178764, lambdas[151] = 0.214885
etas[152] = 0.175268, lambdas[152] = 0.215261
etas[153] = 0.380484, lambdas[153] = 0.215714
etas[154] = -0.274701, lambdas[154] = 0.216351
etas[155] = -0.210189, lambdas[155] = 0.217026
etas[156] = -0.281973, lambdas[156] = 0.217725
etas[157] = 0.031614, lambdas[157] = 0.217936
etas[158] = -0.244238, lambdas[158] = 0.219248
etas[159] = -0.004550, lambdas[159] = 0.219531
etas[160] = -0.393487, lambdas[160] = 0.220163
etas[161] = -0.736560, lambdas[161] = 0.221336
etas[162] = -0.231699, lambdas[162] = 0.222152
etas[163] = 0.004129, lambdas[163] = 0.222617
etas[164] = 0.325775, lambdas[164] = 0.223421
etas[165] = -0.528203, lambdas[165] = 0.225437
etas[166] = -0.212918, lambdas[166] = 0.225714
etas[167] = 0.168237, lambdas[167] = 0.226209
etas[168] = 0.338527, lambdas[168] = 0.226629
etas[169] = -0.689151, lambdas[169] = 0.227844
etas[170] = 0.113104, lambdas[170] = 0.228030
etas[171] = -0.402030, lambdas[171] = 0.228991
etas[172] = -0.053082, lambdas[172] = 0.229861
etas[173] = 0.653820, lambdas[173] = 0.230019
etas[174] = 0.025393, lambdas[174] = 0.230429
etas[175] = -0.166358, lambdas[175] = 0.231486
etas[176] = -0.340361, lambdas[176] = 0.232316
etas[177] = -0.057581, lambdas[177] = 0.232837
etas[178] = -0.130887, lambdas[178] = 0.233382
etas[179] = -0.399442, lambdas[179] = 0.234623
etas[180] = 0.133708, lambdas[180] = 0.235111
etas[181] = 0.426798, lambdas[181] = 0.236181
etas[182] = -0.455658, lambdas[182] = 0.237268
etas[183] = 0.250931, lambdas[183] = 0.237927
etas[184] = -0.117119, lambdas[184] = 0.239399
etas[185] = 0.143870, lambdas[185] = 0.240270
etas[186] = -0.222872, lambdas[186] = 0.240866
etas[187] = 0.080319, lambdas[187] = 0.241531
etas[188] = -0.538620, lambdas[188] = 0.241740
etas[189] = -0.510968, lambdas[189] = 0.242285
etas[190] = -0.188360, lambdas[190] = 0.243888
etas[191] = 0.051363, lambdas[191] = 0.244306
etas[192] = 0.844301, lambdas[192] = 0.245445
etas[193] = -0.421674, lambdas[193] = 0.245741
etas[194] = 0.265639, lambdas[194] = 0.246359
etas[195] = 0.288387, lambdas[195] = 0.247403
etas[196] = 0.099710, lambdas[196] = 0.247969
etas[197] = 0.449516, lambdas[197] = 0.248543
etas[198] = 0.165205, lambdas[198] = 0.249399
etas[199] = -0.417959, lambdas[199] = 0.250800
etas[200] = 0.294225, lambdas[200] = 0.250968
etas[201] = 0.470528, lambdas[201] = 0.253536
etas[202] = -0.124343, lambdas[202] = 0.253958
etas[203] = 0.781927, lambdas[203] = 0.254510
etas[204] = 0.224425, lambdas[204] = 0.255382
etas[205] = 0.347064, lambdas[205] = 0.255872
etas[206] = -0.560128, lambdas[206] = 0.257699
etas[207] = 0.215902, lambdas[207] = 0.258364
etas[208] = 0.285377, lambdas[208] = 0.258540
etas[209] = -0.720992, lambdas[209] = 0.258674
etas[210] = 0.203257, lambdas[210] = 0.259939
etas[211] = -0.612455, lambdas[211] = 0.260651
etas[212] = 1.485526, lambdas[212] = 0.262412
etas[213] = 0.749047, lambdas[213] = 0.263088
etas[214] = -0.770008, lambdas[214] = 0.263368
etas[215] = 0.194305, lambdas[215] = 0.264206
etas[216] = -0.617824, lambdas[216] = 0.265379
etas[217] = 0.515673, lambdas[217] = 0.266000
etas[218] = 0.402299, lambdas[218] = 0.267101
etas[219] = 0.082395, lambdas[219] = 0.268308
etas[220] = 0.856101, lambdas[220] = 0.269961
etas[221] = 0.722397, lambdas[221] = 0.271996
etas[222] = -0.140682, lambdas[222] = 0.272823
etas[223] = -0.426743, lambdas[223] = 0.274249
etas[224] = 0.412206, lambdas[224] = 0.277375
etas[225] = -0.170574, lambdas[225] = 0.279878
etas[226] = -0.125642, lambdas[226] = 0.281303
etas[227] = -0.657410, lambdas[227] = 0.283252
etas[228] = -0.891242, lambdas[228] = 0.284223
etas[229] = -0.841597, lambdas[229] = 0.286483
etas[230] = -0.751391, lambdas[230] = 0.286712
etas[231] = -0.655962, lambdas[231] = 0.287982
etas[232] = 0.878366, lambdas[232] = 0.290709
etas[233] = 0.461357, lambdas[233] = 0.291860
etas[234] = 0.192358, lambdas[234] = 0.293104
etas[235] = 0.247019, lambdas[235] = 0.296449
etas[236] = -0.091902, lambdas[236] = 0.300204
etas[237] = -0.002185, lambdas[237] = 0.301460
etas[238] = 0.149521, lambdas[238] = 0.304127
etas[239] = 0.018331, lambdas[239] = 0.308275
etas[240] = -0.138027, lambdas[240] = 0.318906
etas[241] = -0.332190, lambdas[241] = 0.323747
etas[242] = 0.611964, lambdas[242] = 0.329576
etas[243] = -0.474184, lambdas[243] = 0.332698
etas[244] = -0.684127, lambdas[244] = 0.337250
etas[245] = -0.069099, lambdas[245] = 0.339017
etas[246] = 0.338867, lambdas[246] = 0.344938
etas[247] = 0.280746, lambdas[247] = 0.352185
etas[248] = -0.422917, lambdas[248] = 0.360293
etas[249] = -0.305790, lambdas[249] = 0.364911
etas[250] = -0.625510, lambdas[250] = 0.394018
etas[251] = -0.883345, lambdas[251] = 0.405424
etas[252] = -1.323664, lambdas[252] = 0.409919
etas[253] = 0.896140, lambdas[253] = 0.418072
etas[254] = 0.248364, lambdas[254] = 0.428067
etas[255] = -0.105477, lambdas[255] = 0.435619
etas[256] = 0.912480, lambdas[256] = 0.444578
etas[257] = -0.496331, lambdas[257] = 0.449100
etas[258] = -0.106689, lambdas[258] = 0.471785
etas[259] = 0.271548, lambdas[259] = 0.482780
etas[260] = -1.104506, lambdas[260] = 0.492819
etas[261] = -0.193898, lambdas[261] = 0.500138
etas[262] = 0.581316, lambdas[262] = 0.520015
etas[263] = 0.657708, lambdas[263] = 0.561484
etas[264] = -0.281409, lambdas[264] = 0.577673
etas[265] = 0.624784, lambdas[265] = 0.588087
etas[266] = 1.356944, lambdas[266] = 0.606624
etas[267] = -0.062203, lambdas[267] = 0.618419
etas[268] = 0.293794, lambdas[268] = 0.639070
etas[269] = -0.102252, lambdas[269] = 0.652907
etas[270] = 0.687872, lambdas[270] = 0.654558
etas[271] = 0.971143, lambdas[271] = 0.723729
etas[272] = -0.382443, lambdas[272] = 0.742661
etas[273] = -0.228958, lambdas[273] = 0.756608
etas[274] = 0.237644, lambdas[274] = 0.849418
etas[275] = -0.634277, lambdas[275] = 0.854692
etas[276] = 1.453631, lambdas[276] = 0.903185
etas[277] = 0.595252, lambdas[277] = 1.010423
etas[278] = -0.002252, lambdas[278] = 1.018775
etas[279] = 1.185570, lambdas[279] = 1.107859
etas[280] = -1.724480, lambdas[280] = 1.152556
etas[281] = -0.175215, lambdas[281] = 1.284842
etas[282] = 0.630747, lambdas[282] = 1.454124
etas[283] = 1.004798, lambdas[283] = 1.572837
etas[284] = -0.149892, lambdas[284] = 194.917766
0	131.878054	131.707535	-136.797994
1	131.707535	131.499476	-136.796669
2	131.499476	131.245673	-136.795054
3	131.245673	130.936152	-136.793084
4	130.936152	130.558811	-136.790683
5	130.558811	130.098980	-136.787758
6	130.098980	129.538909	-136.784197
7	129.538909	128.857167	-136.779864
8	128.857167	128.027944	-136.774598
9	128.027944	127.020259	-136.768203
10	127.020259	125.797071	-136.760449
11	125.797071	124.314309	-136.751060
12	124.314309	122.519858	-136.739716
13	122.519858	120.352560	-136.726041
14	120.352560	117.741332	-136.709607
15	117.741332	114.604558	-136.689930
16	114.604558	110.849976	-136.666476
17	110.849976	106.375397	-136.638680
18	106.375397	101.070678	-136.605970
19	101.070678	94.821479	-136.567818
20	94.821479	87.515447	-136.523818
21	87.515447	79.051440	-136.473801
22	79.051440	69.352325	-136.418003
23	69.352325	58.381486	-136.357298
24	58.381486	46.162507	-136.293509
25	46.162507	32.800434	-136.229791
26	32.800434	18.501619	-136.171092
27	18.501619	3.587658	-136.124667
28	3.587658	-11.502103	-136.100563
29	-11.502103	-26.225012	-136.112021
30	-26.225012	-39.970174	-136.175648
31	-39.970174	-52.113836	-136.311229
32	-52.113836	-62.089282	-136.541060
33	-62.089282	-69.459730	-136.888722
34	-69.459730	-73.979275	-137.377335
35	-73.979275	-75.627469	-138.027456
36	-75.627469	-74.608538	-138.854893
37	-74.608538	-71.315003	-139.868819
38	-71.315003	-66.264574	-141.070508
39	-66.264574	-60.025368	-142.452940
40	-60.025368	-53.145604	-144.001316
41	-53.145604	-46.100252	-145.694347
42	-46.100252	-39.260610	-147.506007
43	-39.260610	-32.886193	-149.407422
44	-32.886193	-27.133691	-151.368581
45	-27.133691	-22.075853	-153.359680
46	-22.075853	-17.723674	-155.352053
47	-17.723674	-14.047130	-157.318755
48	-14.047130	-10.991922	-159.234932
49	-10.991922	-8.491590	-161.078129
50	-8.491590	-6.475503	-162.828618
51	-6.475503	-4.873775	-164.469790
52	-4.873775	-3.620170	-165.988561
53	-3.620170	-2.653798	-167.375712
54	-2.653798	-1.920116	-168.626061
55	-1.920116	-1.371461	-169.738407
56	-1.371461	-0.967209	-170.715216
57	-0.967209	-0.673601	-171.562101
58	-0.673601	-0.463274	-172.287137
59	-0.463274	-0.314586	-172.900131
60	-0.314586	-0.210800	-173.411906
61	-0.210800	-0.139247	-173.833676
62	-0.139247	-0.090520	-174.176533
63	-0.090520	-0.057752	-174.451078
64	-0.057752	-0.036009	-174.667174
65	-0.036009	-0.021794	-174.833800
66	-0.021794	-0.012661	-174.959000
67	-0.012661	-0.006917	-175.049887
68	-0.006917	-0.003400	-175.112689
69	-0.003400	-0.001328	-175.152815
70	-0.001328	-0.000172	-175.174931
71	-0.000172	0.000417	-175.183040
72	0.000417	0.000665	-175.180549
73	0.000665	0.000720	-175.170337
74	0.000720	0.000674	-175.154804
75	0.000674	0.000582	-175.135918
76	0.000582	0.000477	-175.115259
77	0.000477	0.000377	-175.094059
78	0.000377	0.000289	-175.073239
79	0.000289	0.000217	-175.053451
80	0.000217	0.000160	-175.035119
81	0.000160	0.000116	-175.018487
82	0.000116	0.000083	-175.003653
83	0.000083	0.000059	-174.990609
84	0.000059	0.000041	-174.979277
85	0.000041	0.000029	-174.969528
86	0.000029	0.000020	-174.961213
87	0.000020	0.000014	-174.954170
88	0.000014	0.000009	-174.948239
89	0.000009	0.000006	-174.943269
90	0.000006	0.000004	-174.939121
91	0.000004	0.000003	-174.935671
92	0.000003	0.000002	-174.932810
93	0.000002	0.000001	-174.930442
94	0.000001	0.000001	-174.928486
95	0.000001	0.000001	-174.926873
96	0.000001	0.000000	-174.925545
97	0.000000	0.000000	-174.924452
98	0.000000	0.000000	-174.923554
99	0.000000	0.000000	-174.922816
REMLE (delta=0.012875, REML=-136.099500, REML0=-174.919456)- elapsed CPU time is 0.014766
eigen_L - elapsed CPU time is 0.048364


Reading TPED file /mnt/data/shahar/gwas_barley/morexV3_analysis/barley_for_publication_project/01_USED_GWAS_V2_pipeline/intermediates/morexV3_gwas_genotypes...

Reading 0-th SNP and testing association....

Reading 10000-th SNP and testing association....

Reading 20000-th SNP and testing association....

Reading 30000-th SNP and testing association....

Reading 40000-th SNP and testing association....

Reading 50000-th SNP and testing association....

Reading 60000-th SNP and testing association....

Reading 70000-th SNP and testing association....

Reading 80000-th SNP and testing association....

Reading 90000-th SNP and testing association....

Reading 100000-th SNP and testing association....

Reading 110000-th SNP and testing association....

Reading 120000-th SNP and testing association....

Reading 130000-th SNP and testing association....

Reading 140000-th SNP and testing association....

Reading 150000-th SNP and testing association....

Reading 160000-th SNP and testing association....

Reading 170000-th SNP and testing association....

Reading 180000-th SNP and testing association....

Reading 190000-th SNP and testing association....

Reading 200000-th SNP and testing association....

Reading 210000-th SNP and testing association....

Reading 220000-th SNP and testing association....

Reading 230000-th SNP and testing association....

Reading 240000-th SNP and testing association....

Reading 250000-th SNP and testing association....

Reading 260000-th SNP and testing association....

Reading 270000-th SNP and testing association....

Reading 280000-th SNP and testing association....

Reading 290000-th SNP and testing association....

Reading 300000-th SNP and testing association....

Reading 310000-th SNP and testing association....

Reading 320000-th SNP and testing association....

Reading 330000-th SNP and testing association....

Reading 340000-th SNP and testing association....

Reading 350000-th SNP and testing association....

Reading 360000-th SNP and testing association....

Reading 370000-th SNP and testing association....

Reading 380000-th SNP and testing association....

Reading 390000-th SNP and testing association....

Reading 400000-th SNP and testing association....

Reading 410000-th SNP and testing association....

Reading 420000-th SNP and testing association....

Reading 430000-th SNP and testing association....

Reading 440000-th SNP and testing association....

Reading 450000-th SNP and testing association....

Reading 460000-th SNP and testing association....

Reading 470000-th SNP and testing association....

Reading 480000-th SNP and testing association....

Reading 490000-th SNP and testing association....

Reading 500000-th SNP and testing association....

Reading 510000-th SNP and testing association....

Reading 520000-th SNP and testing association....

Reading 530000-th SNP and testing association....

Reading 540000-th SNP and testing association....

Reading 550000-th SNP and testing association....

Reading 560000-th SNP and testing association....

Reading 570000-th SNP and testing association....

Reading 580000-th SNP and testing association....

Reading 590000-th SNP and testing association....

Reading 600000-th SNP and testing association....

Reading 610000-th SNP and testing association....

Reading 620000-th SNP and testing association....

Reading 630000-th SNP and testing association....

Reading 640000-th SNP and testing association....

Reading 650000-th SNP and testing association....

Reading 660000-th SNP and testing association....

Reading 670000-th SNP and testing association....

Reading 680000-th SNP and testing association....

Reading 690000-th SNP and testing association....

Reading 700000-th SNP and testing association....

Reading 710000-th SNP and testing association....

Reading 720000-th SNP and testing association....

Reading 730000-th SNP and testing association....

Reading 740000-th SNP and testing association....

Reading 750000-th SNP and testing association....

Reading 760000-th SNP and testing association....

Reading 770000-th SNP and testing association....

Reading 780000-th SNP and testing association....

Reading 790000-th SNP and testing association....

Reading 800000-th SNP and testing association....

Reading 810000-th SNP and testing association....

Reading 820000-th SNP and testing association....

Reading 830000-th SNP and testing association....

Reading 840000-th SNP and testing association....

Reading 850000-th SNP and testing association....

Reading 860000-th SNP and testing association....

Reading 870000-th SNP and testing association....

Reading 880000-th SNP and testing association....

Reading 890000-th SNP and testing association....

Reading 900000-th SNP and testing association....

Reading 910000-th SNP and testing association....

Reading 920000-th SNP and testing association....

Reading 930000-th SNP and testing association....

Reading 940000-th SNP and testing association....

Reading 950000-th SNP and testing association....

Reading 960000-th SNP and testing association....

Reading 970000-th SNP and testing association....

Reading 980000-th SNP and testing association....

Reading 990000-th SNP and testing association....

Reading 1000000-th SNP and testing association....

Reading 1010000-th SNP and testing association....

Reading 1020000-th SNP and testing association....

Reading 1030000-th SNP and testing association....

Reading 1040000-th SNP and testing association....

Reading 1050000-th SNP and testing association....

Reading 1060000-th SNP and testing association....

Reading 1070000-th SNP and testing association....

Reading 1080000-th SNP and testing association....

Reading 1090000-th SNP and testing association....

Reading 1100000-th SNP and testing association....

Reading 1110000-th SNP and testing association....

Reading 1120000-th SNP and testing association....

Reading 1130000-th SNP and testing association....

Reading 1140000-th SNP and testing association....

Reading 1150000-th SNP and testing association....

Reading 1160000-th SNP and testing association....

Reading 1170000-th SNP and testing association....

Reading 1180000-th SNP and testing association....

Reading 1190000-th SNP and testing association....

Reading 1200000-th SNP and testing association....

Reading 1210000-th SNP and testing association....

Reading 1220000-th SNP and testing association....

Reading 1230000-th SNP and testing association....

Reading 1240000-th SNP and testing association....

Reading 1250000-th SNP and testing association....

Reading 1260000-th SNP and testing association....

Reading 1270000-th SNP and testing association....

Reading 1280000-th SNP and testing association....

Reading 1290000-th SNP and testing association....

Reading 1300000-th SNP and testing association....

Reading 1310000-th SNP and testing association....

Reading 1320000-th SNP and testing association....

Reading 1330000-th SNP and testing association....

Reading 1340000-th SNP and testing association....

Reading 1350000-th SNP and testing association....

Reading 1360000-th SNP and testing association....

Reading 1370000-th SNP and testing association....

Reading 1380000-th SNP and testing association....

Reading 1390000-th SNP and testing association....

Reading 1400000-th SNP and testing association....

Reading 1410000-th SNP and testing association....

Reading 1420000-th SNP and testing association....

Reading 1430000-th SNP and testing association....

Reading 1440000-th SNP and testing association....

Reading 1450000-th SNP and testing association....

Reading 1460000-th SNP and testing association....

Reading 1470000-th SNP and testing association....

Reading 1480000-th SNP and testing association....

Reading 1490000-th SNP and testing association....

Reading 1500000-th SNP and testing association....

Reading 1510000-th SNP and testing association....

Reading 1520000-th SNP and testing association....

Reading 1530000-th SNP and testing association....

Reading 1540000-th SNP and testing association....

Reading 1550000-th SNP and testing association....

Reading 1560000-th SNP and testing association....

Reading 1570000-th SNP and testing association....

Reading 1580000-th SNP and testing association....

Reading 1590000-th SNP and testing association....

Reading 1600000-th SNP and testing association....

Reading 1610000-th SNP and testing association....

Reading 1620000-th SNP and testing association....

Reading 1630000-th SNP and testing association....

Reading 1640000-th SNP and testing association....

Reading 1650000-th SNP and testing association....

Reading 1660000-th SNP and testing association....

Reading 1670000-th SNP and testing association....

Reading 1680000-th SNP and testing association....

Reading 1690000-th SNP and testing association....

Reading 1700000-th SNP and testing association....

Reading 1710000-th SNP and testing association....

Reading 1720000-th SNP and testing association....

Reading 1730000-th SNP and testing association....

Reading 1740000-th SNP and testing association....

Reading 1750000-th SNP and testing association....

Reading 1760000-th SNP and testing association....

Reading 1770000-th SNP and testing association....

Reading 1780000-th SNP and testing association....

Reading 1790000-th SNP and testing association....

Reading 1800000-th SNP and testing association....

Reading 1810000-th SNP and testing association....

Reading 1820000-th SNP and testing association....

Reading 1830000-th SNP and testing association....

Reading 1840000-th SNP and testing association....

Reading 1850000-th SNP and testing association....

Reading 1860000-th SNP and testing association....

Reading 1870000-th SNP and testing association....

Reading 1880000-th SNP and testing association....

Reading 1890000-th SNP and testing association....

Reading 1900000-th SNP and testing association....

Reading 1910000-th SNP and testing association....

Reading 1920000-th SNP and testing association....

Reading 1930000-th SNP and testing association....

Reading 1940000-th SNP and testing association....

Reading 1950000-th SNP and testing association....

Reading 1960000-th SNP and testing association....

Reading 1970000-th SNP and testing association....

Reading 1980000-th SNP and testing association....

Reading 1990000-th SNP and testing association....

Reading 2000000-th SNP and testing association....

Reading 2010000-th SNP and testing association....

Reading 2020000-th SNP and testing association....

Reading 2030000-th SNP and testing association....

Reading 2040000-th SNP and testing association....

Reading 2050000-th SNP and testing association....

Reading 2060000-th SNP and testing association....

Reading 2070000-th SNP and testing association....

Reading 2080000-th SNP and testing association....

Reading 2090000-th SNP and testing association....

Reading 2100000-th SNP and testing association....

Reading 2110000-th SNP and testing association....

Reading 2120000-th SNP and testing association....

Reading 2130000-th SNP and testing association....

Reading 2140000-th SNP and testing association....

Reading 2150000-th SNP and testing association....

Reading 2160000-th SNP and testing association....

Reading 2170000-th SNP and testing association....

Reading 2180000-th SNP and testing association....

Reading 2190000-th SNP and testing association....

Reading 2200000-th SNP and testing association....

Reading 2210000-th SNP and testing association....

Reading 2220000-th SNP and testing association....

Reading 2230000-th SNP and testing association....

Reading 2240000-th SNP and testing association....

Reading 2250000-th SNP and testing association....

Reading 2260000-th SNP and testing association....

Reading 2270000-th SNP and testing association....

Reading 2280000-th SNP and testing association....

Reading 2290000-th SNP and testing association....

Reading 2300000-th SNP and testing association....

Reading 2310000-th SNP and testing association....

Reading 2320000-th SNP and testing association....

Reading 2330000-th SNP and testing association....

Reading 2340000-th SNP and testing association....

Reading 2350000-th SNP and testing association....

Reading 2360000-th SNP and testing association....

Reading 2370000-th SNP and testing association....

Reading 2380000-th SNP and testing association....

Reading 2390000-th SNP and testing association....

Reading 2400000-th SNP and testing association....

Reading 2410000-th SNP and testing association....

Reading 2420000-th SNP and testing association....

Reading 2430000-th SNP and testing association....

Reading 2440000-th SNP and testing association....

Reading 2450000-th SNP and testing association....

Reading 2460000-th SNP and testing association....

Reading 2470000-th SNP and testing association....

Reading 2480000-th SNP and testing association....

Reading 2490000-th SNP and testing association....

Reading 2500000-th SNP and testing association....

Reading 2510000-th SNP and testing association....

Reading 2520000-th SNP and testing association....

Reading 2530000-th SNP and testing association....

Reading 2540000-th SNP and testing association....

Reading 2550000-th SNP and testing association....

Reading 2560000-th SNP and testing association....

Reading 2570000-th SNP and testing association....

Reading 2580000-th SNP and testing association....

Reading 2590000-th SNP and testing association....

Reading 2600000-th SNP and testing association....

Reading 2610000-th SNP and testing association....

Reading 2620000-th SNP and testing association....

Reading 2630000-th SNP and testing association....

Reading 2640000-th SNP and testing association....

Reading 2650000-th SNP and testing association....

Reading 2660000-th SNP and testing association....

Reading 2670000-th SNP and testing association....

Reading 2680000-th SNP and testing association....

Reading 2690000-th SNP and testing association....

Reading 2700000-th SNP and testing association....

Reading 2710000-th SNP and testing association....

Reading 2720000-th SNP and testing association....

Reading 2730000-th SNP and testing association....

Reading 2740000-th SNP and testing association....

Reading 2750000-th SNP and testing association....

Reading 2760000-th SNP and testing association....

Reading 2770000-th SNP and testing association....

Reading 2780000-th SNP and testing association....

Reading 2790000-th SNP and testing association....

Reading 2800000-th SNP and testing association....

Reading 2810000-th SNP and testing association....

Reading 2820000-th SNP and testing association....

Reading 2830000-th SNP and testing association....

Reading 2840000-th SNP and testing association....

Reading 2850000-th SNP and testing association....

Reading 2860000-th SNP and testing association....

Reading 2870000-th SNP and testing association....

Reading 2880000-th SNP and testing association....

Reading 2890000-th SNP and testing association....

Reading 2900000-th SNP and testing association....

Reading 2910000-th SNP and testing association....

Reading 2920000-th SNP and testing association....

Reading 2930000-th SNP and testing association....

Reading 2940000-th SNP and testing association....

Reading 2950000-th SNP and testing association....

Reading 2960000-th SNP and testing association....

Reading 2970000-th SNP and testing association....

Reading 2980000-th SNP and testing association....

Reading 2990000-th SNP and testing association....

Reading 3000000-th SNP and testing association....

Reading 3010000-th SNP and testing association....

Reading 3020000-th SNP and testing association....

Reading 3030000-th SNP and testing association....

Reading 3040000-th SNP and testing association....

Reading 3050000-th SNP and testing association....

Reading 3060000-th SNP and testing association....

Reading 3070000-th SNP and testing association....

Reading 3080000-th SNP and testing association....

Reading 3090000-th SNP and testing association....

Reading 3100000-th SNP and testing association....

Reading 3110000-th SNP and testing association....

Reading 3120000-th SNP and testing association....

Reading 3130000-th SNP and testing association....

Reading 3140000-th SNP and testing association....

Reading 3150000-th SNP and testing association....

Reading 3160000-th SNP and testing association....

Reading 3170000-th SNP and testing association....

Reading 3180000-th SNP and testing association....

Reading 3190000-th SNP and testing association....

Reading 3200000-th SNP and testing association....

Reading 3210000-th SNP and testing association....

Reading 3220000-th SNP and testing association....

Reading 3230000-th SNP and testing association....

Reading 3240000-th SNP and testing association....

Reading 3250000-th SNP and testing association....

Reading 3260000-th SNP and testing association....

Reading 3270000-th SNP and testing association....

Reading 3280000-th SNP and testing association....

Reading 3290000-th SNP and testing association....

Reading 3300000-th SNP and testing association....

Reading 3310000-th SNP and testing association....

Reading 3320000-th SNP and testing association....

Reading 3330000-th SNP and testing association....

Reading 3340000-th SNP and testing association....

Reading 3350000-th SNP and testing association....

Reading 3360000-th SNP and testing association....

Reading 3370000-th SNP and testing association....

Reading 3380000-th SNP and testing association....

Reading 3390000-th SNP and testing association....

Reading 3400000-th SNP and testing association....

Reading 3410000-th SNP and testing association....

Reading 3420000-th SNP and testing association....

Reading 3430000-th SNP and testing association....

Reading 3440000-th SNP and testing association....

Reading 3450000-th SNP and testing association....

Reading 3460000-th SNP and testing association....

Reading 3470000-th SNP and testing association....

Reading 3480000-th SNP and testing association....

Reading 3490000-th SNP and testing association....

Reading 3500000-th SNP and testing association....

Reading 3510000-th SNP and testing association....

Reading 3520000-th SNP and testing association....

Reading 3530000-th SNP and testing association....

Reading 3540000-th SNP and testing association....

Reading 3550000-th SNP and testing association....

Reading 3560000-th SNP and testing association....

Reading 3570000-th SNP and testing association....

Reading 3580000-th SNP and testing association....

Reading 3590000-th SNP and testing association....

Reading 3600000-th SNP and testing association....

Reading 3610000-th SNP and testing association....

Reading 3620000-th SNP and testing association....

Reading 3630000-th SNP and testing association....

Reading 3640000-th SNP and testing association....

Reading 3650000-th SNP and testing association....

Reading 3660000-th SNP and testing association....

Reading 3670000-th SNP and testing association....

Reading 3680000-th SNP and testing association....

Reading 3690000-th SNP and testing association....

Reading 3700000-th SNP and testing association....

Reading 3710000-th SNP and testing association....

Reading 3720000-th SNP and testing association....

Reading 3730000-th SNP and testing association....

Reading 3740000-th SNP and testing association....

Reading 3750000-th SNP and testing association....

Reading 3760000-th SNP and testing association....

Reading 3770000-th SNP and testing association....

Reading 3780000-th SNP and testing association....

Reading 3790000-th SNP and testing association....

Reading 3800000-th SNP and testing association....

Reading 3810000-th SNP and testing association....

Reading 3820000-th SNP and testing association....

Reading 3830000-th SNP and testing association....

Reading 3840000-th SNP and testing association....

Reading 3850000-th SNP and testing association....

Reading 3860000-th SNP and testing association....

Reading 3870000-th SNP and testing association....

Reading 3880000-th SNP and testing association....

Reading 3890000-th SNP and testing association....

Reading 3900000-th SNP and testing association....

Reading 3910000-th SNP and testing association....

Reading 3920000-th SNP and testing association....

Reading 3930000-th SNP and testing association....

Reading 3940000-th SNP and testing association....

Reading 3950000-th SNP and testing association....

Reading 3960000-th SNP and testing association....

Reading 3970000-th SNP and testing association....

Reading 3980000-th SNP and testing association....

Reading 3990000-th SNP and testing association....

Reading 4000000-th SNP and testing association....

Reading 4010000-th SNP and testing association....

Reading 4020000-th SNP and testing association....

Reading 4030000-th SNP and testing association....

Reading 4040000-th SNP and testing association....

Reading 4050000-th SNP and testing association....

Reading 4060000-th SNP and testing association....

Reading 4070000-th SNP and testing association....

Reading 4080000-th SNP and testing association....

Reading 4090000-th SNP and testing association....

Reading 4100000-th SNP and testing association....

Reading 4110000-th SNP and testing association....

Reading 4120000-th SNP and testing association....

Reading 4130000-th SNP and testing association....

Reading 4140000-th SNP and testing association....

Reading 4150000-th SNP and testing association....

Reading 4160000-th SNP and testing association....

Reading 4170000-th SNP and testing association....

Reading 4180000-th SNP and testing association....

Reading 4190000-th SNP and testing association....

Reading 4200000-th SNP and testing association....

Reading 4210000-th SNP and testing association....

Reading 4220000-th SNP and testing association....

Reading 4230000-th SNP and testing association....

Reading 4240000-th SNP and testing association....

Reading 4250000-th SNP and testing association....

Reading 4260000-th SNP and testing association....

Reading 4270000-th SNP and testing association....

Reading 4280000-th SNP and testing association....

Reading 4290000-th SNP and testing association....

Reading 4300000-th SNP and testing association....

Reading 4310000-th SNP and testing association....

Reading 4320000-th SNP and testing association....

Reading 4330000-th SNP and testing association....

Reading 4340000-th SNP and testing association....

Reading 4350000-th SNP and testing association....

Reading 4360000-th SNP and testing association....

Reading 4370000-th SNP and testing association....

Reading 4380000-th SNP and testing association....

Reading 4390000-th SNP and testing association....

Reading 4400000-th SNP and testing association....

Reading 4410000-th SNP and testing association....

Reading 4420000-th SNP and testing association....

Reading 4430000-th SNP and testing association....

Reading 4440000-th SNP and testing association....

Reading 4450000-th SNP and testing association....

Reading 4460000-th SNP and testing association....

Reading 4470000-th SNP and testing association....

Reading 4480000-th SNP and testing association....

Reading 4490000-th SNP and testing association....

Reading 4500000-th SNP and testing association....

Reading 4510000-th SNP and testing association....

Reading 4520000-th SNP and testing association....

Reading 4530000-th SNP and testing association....

Reading 4540000-th SNP and testing association....

Reading 4550000-th SNP and testing association....

Reading 4560000-th SNP and testing association....

Reading 4570000-th SNP and testing association....

Reading 4580000-th SNP and testing association....

Reading 4590000-th SNP and testing association....

Reading 4600000-th SNP and testing association....

Reading 4610000-th SNP and testing association....

Reading 4620000-th SNP and testing association....

Reading 4630000-th SNP and testing association....

Reading 4640000-th SNP and testing association....

Reading 4650000-th SNP and testing association....

Reading 4660000-th SNP and testing association....

Reading 4670000-th SNP and testing association....

Reading 4680000-th SNP and testing association....

Reading 4690000-th SNP and testing association....

Reading 4700000-th SNP and testing association....

Reading 4710000-th SNP and testing association....

Reading 4720000-th SNP and testing association....

Reading 4730000-th SNP and testing association....

Reading 4740000-th SNP and testing association....

Reading 4750000-th SNP and testing association....

Reading 4760000-th SNP and testing association....

Reading 4770000-th SNP and testing association....

Reading 4780000-th SNP and testing association....

Reading 4790000-th SNP and testing association....

Reading 4800000-th SNP and testing association....

Reading 4810000-th SNP and testing association....

Reading 4820000-th SNP and testing association....

Reading 4830000-th SNP and testing association....

Reading 4840000-th SNP and testing association....

Reading 4850000-th SNP and testing association....

Reading 4860000-th SNP and testing association....

Reading 4870000-th SNP and testing association....

Reading 4880000-th SNP and testing association....

Reading 4890000-th SNP and testing association....

Reading 4900000-th SNP and testing association....

Reading 4910000-th SNP and testing association....

Reading 4920000-th SNP and testing association....

Reading 4930000-th SNP and testing association....

Reading 4940000-th SNP and testing association....

Reading 4950000-th SNP and testing association....

Reading 4960000-th SNP and testing association....

Reading 4970000-th SNP and testing association....

Reading 4980000-th SNP and testing association....

Reading 4990000-th SNP and testing association....

Reading 5000000-th SNP and testing association....

Reading 5010000-th SNP and testing association....

Reading 5020000-th SNP and testing association....

Reading 5030000-th SNP and testing association....

Reading 5040000-th SNP and testing association....

Reading 5050000-th SNP and testing association....

Reading 5060000-th SNP and testing association....

Reading 5070000-th SNP and testing association....

Reading 5080000-th SNP and testing association....

Reading 5090000-th SNP and testing association....

Reading 5100000-th SNP and testing association....

Reading 5110000-th SNP and testing association....

Reading 5120000-th SNP and testing association....

Reading 5130000-th SNP and testing association....

Reading 5140000-th SNP and testing association....

Reading 5150000-th SNP and testing association....

Reading 5160000-th SNP and testing association....

Reading 5170000-th SNP and testing association....

Reading 5180000-th SNP and testing association....

Reading 5190000-th SNP and testing association....

Reading 5200000-th SNP and testing association....

Reading 5210000-th SNP and testing association....

Reading 5220000-th SNP and testing association....

Reading 5230000-th SNP and testing association....

Reading 5240000-th SNP and testing association....

Reading 5250000-th SNP and testing association....

Reading 5260000-th SNP and testing association....

Reading 5270000-th SNP and testing association....

Reading 5280000-th SNP and testing association....

Reading 5290000-th SNP and testing association....

Reading 5300000-th SNP and testing association....

Reading 5310000-th SNP and testing association....

Reading 5320000-th SNP and testing association....

Reading 5330000-th SNP and testing association....

Reading 5340000-th SNP and testing association....

Reading 5350000-th SNP and testing association....

Reading 5360000-th SNP and testing association....

Reading 5370000-th SNP and testing association....

Reading 5380000-th SNP and testing association....

Reading 5390000-th SNP and testing association....

Reading 5400000-th SNP and testing association....

Reading 5410000-th SNP and testing association....

Reading 5420000-th SNP and testing association....

Reading 5430000-th SNP and testing association....

Reading 5440000-th SNP and testing association....

Reading 5450000-th SNP and testing association....

Reading 5460000-th SNP and testing association....

Reading 5470000-th SNP and testing association....

Reading 5480000-th SNP and testing association....

Reading 5490000-th SNP and testing association....

Reading 5500000-th SNP and testing association....

Reading 5510000-th SNP and testing association....

Reading 5520000-th SNP and testing association....

Reading 5530000-th SNP and testing association....

Reading 5540000-th SNP and testing association....

Reading 5550000-th SNP and testing association....

Reading 5560000-th SNP and testing association....

Reading 5570000-th SNP and testing association....

Reading 5580000-th SNP and testing association....

Reading 5590000-th SNP and testing association....

Reading 5600000-th SNP and testing association....

Reading 5610000-th SNP and testing association....

Reading 5620000-th SNP and testing association....

Reading 5630000-th SNP and testing association....

Reading 5640000-th SNP and testing association....

Reading 5650000-th SNP and testing association....

Reading 5660000-th SNP and testing association....

Reading 5670000-th SNP and testing association....

Reading 5680000-th SNP and testing association....

Reading 5690000-th SNP and testing association....

Reading 5700000-th SNP and testing association....

Reading 5710000-th SNP and testing association....

Reading 5720000-th SNP and testing association....

Reading 5730000-th SNP and testing association....

Reading 5740000-th SNP and testing association....

Reading 5750000-th SNP and testing association....

Reading 5760000-th SNP and testing association....

Reading 5770000-th SNP and testing association....

Reading 5780000-th SNP and testing association....

Reading 5790000-th SNP and testing association....

Reading 5800000-th SNP and testing association....

Reading 5810000-th SNP and testing association....

Reading 5820000-th SNP and testing association....

Reading 5830000-th SNP and testing association....

Reading 5840000-th SNP and testing association....

Reading 5850000-th SNP and testing association....

Reading 5860000-th SNP and testing association....

Reading 5870000-th SNP and testing association....

Reading 5880000-th SNP and testing association....

Reading 5890000-th SNP and testing association....

Reading 5900000-th SNP and testing association....

Reading 5910000-th SNP and testing association....

Reading 5920000-th SNP and testing association....

Reading 5930000-th SNP and testing association....

Reading 5940000-th SNP and testing association....

Reading 5950000-th SNP and testing association....

Reading 5960000-th SNP and testing association....

Reading 5970000-th SNP and testing association....

Reading 5980000-th SNP and testing association....

Reading 5990000-th SNP and testing association....

Reading 6000000-th SNP and testing association....

Reading 6010000-th SNP and testing association....

Reading 6020000-th SNP and testing association....

Reading 6030000-th SNP and testing association....

Reading 6040000-th SNP and testing association....

Reading 6050000-th SNP and testing association....

Reading 6060000-th SNP and testing association....

Reading 6070000-th SNP and testing association....

Reading 6080000-th SNP and testing association....

Reading 6090000-th SNP and testing association....

Reading 6100000-th SNP and testing association....

Reading 6110000-th SNP and testing association....

Reading 6120000-th SNP and testing association....

Reading 6130000-th SNP and testing association....

Reading 6140000-th SNP and testing association....

Reading 6150000-th SNP and testing association....

Reading 6160000-th SNP and testing association....

Reading 6170000-th SNP and testing association....

Reading 6180000-th SNP and testing association....

Reading 6190000-th SNP and testing association....

Reading 6200000-th SNP and testing association....

Reading 6210000-th SNP and testing association....

Reading 6220000-th SNP and testing association....

Reading 6230000-th SNP and testing association....

Reading 6240000-th SNP and testing association....

Reading 6250000-th SNP and testing association....

Reading 6260000-th SNP and testing association....

Reading 6270000-th SNP and testing association....

Reading 6280000-th SNP and testing association....

Reading 6290000-th SNP and testing association....

Reading 6300000-th SNP and testing association....

Reading 6310000-th SNP and testing association....

Reading 6320000-th SNP and testing association....

Reading 6330000-th SNP and testing association....

Reading 6340000-th SNP and testing association....

Reading 6350000-th SNP and testing association....

Reading 6360000-th SNP and testing association....

Reading 6370000-th SNP and testing association....

Reading 6380000-th SNP and testing association....

Reading 6390000-th SNP and testing association....

Reading 6400000-th SNP and testing association....

Reading 6410000-th SNP and testing association....

Reading 6420000-th SNP and testing association....

Reading 6430000-th SNP and testing association....

Reading 6440000-th SNP and testing association....

Reading 6450000-th SNP and testing association....

Reading 6460000-th SNP and testing association....

Reading 6470000-th SNP and testing association....

Reading 6480000-th SNP and testing association....

Reading 6490000-th SNP and testing association....

Reading 6500000-th SNP and testing association....

Reading 6510000-th SNP and testing association....

Reading 6520000-th SNP and testing association....

Reading 6530000-th SNP and testing association....

Reading 6540000-th SNP and testing association....

Reading 6550000-th SNP and testing association....

Reading 6560000-th SNP and testing association....

Reading 6570000-th SNP and testing association....

Reading 6580000-th SNP and testing association....

Reading 6590000-th SNP and testing association....

Reading 6600000-th SNP and testing association....

Reading 6610000-th SNP and testing association....

Reading 6620000-th SNP and testing association....

Reading 6630000-th SNP and testing association....

Reading 6640000-th SNP and testing association....

Reading 6650000-th SNP and testing association....

Reading 6660000-th SNP and testing association....

Reading 6670000-th SNP and testing association....

Reading 6680000-th SNP and testing association....

Reading 6690000-th SNP and testing association....

Reading 6700000-th SNP and testing association....

Reading 6710000-th SNP and testing association....

Reading 6720000-th SNP and testing association....

Reading 6730000-th SNP and testing association....

Reading 6740000-th SNP and testing association....

Reading 6750000-th SNP and testing association....

Reading 6760000-th SNP and testing association....

Reading 6770000-th SNP and testing association....

Reading 6780000-th SNP and testing association....

Reading 6790000-th SNP and testing association....

Reading 6800000-th SNP and testing association....

Reading 6810000-th SNP and testing association....

Reading 6820000-th SNP and testing association....

Reading 6830000-th SNP and testing association....

Reading 6840000-th SNP and testing association....

Reading 6850000-th SNP and testing association....

Reading 6860000-th SNP and testing association....

Reading 6870000-th SNP and testing association....

Reading 6880000-th SNP and testing association....

Reading 6890000-th SNP and testing association....

Reading 6900000-th SNP and testing association....

Reading 6910000-th SNP and testing association....

Reading 6920000-th SNP and testing association....

Reading 6930000-th SNP and testing association....

Reading 6940000-th SNP and testing association....

Reading 6950000-th SNP and testing association....

Reading 6960000-th SNP and testing association....

Reading 6970000-th SNP and testing association....

Reading 6980000-th SNP and testing association....

Reading 6990000-th SNP and testing association....

Reading 7000000-th SNP and testing association....

Reading 7010000-th SNP and testing association....

Reading 7020000-th SNP and testing association....

Reading 7030000-th SNP and testing association....

Reading 7040000-th SNP and testing association....

Reading 7050000-th SNP and testing association....

Reading 7060000-th SNP and testing association....

Reading 7070000-th SNP and testing association....

Reading 7080000-th SNP and testing association....

Reading 7090000-th SNP and testing association....

Reading 7100000-th SNP and testing association....

Reading 7110000-th SNP and testing association....

GLS association - elapsed CPU time is 1122.406613

Breakdown for input file parsing : 699.828506

              matrix computation : 180.810805

             p-value computation : 22.742764

