
Reading TFAM file /mnt/data/shahar/gwas_barley/morexV3_analysis/barley_for_publication_project/01_USED_GWAS_V2_pipeline/intermediates/morexV3_gwas_genotypes.tfam ....


Reading kinship file /mnt/data/shahar/gwas_barley/morexV3_analysis/barley_for_publication_project/01_USED_GWAS_V2_pipeline/intermediates/morexV3_kinship.aIBS.kinf...

  290 rows and 290 columns were observed with 0 missing values.


Reading the phenotype file /mnt/data/shahar/gwas_barley/data/inputs/BLUE_betaglucan_V3.pheno...

  290 rows and 1 columns were observed with 0 missing values


Reading covariate file /mnt/data/shahar/gwas_barley/morexV3_analysis/barley_for_publication_project/01_USED_GWAS_V2_pipeline/intermediates/covariates/pca_pc10.cov...

  290 rows and 10 columns were observed with 0 missing values. Make sure that the intercept is included in the covariates

File reading - elapsed CPU time is 0.019221

eRvals[0] = 0.024519, eRvals[n-q-1] = 194.909085, eRvals[n-q] = 0.000000
eigen_R - elapsed CPU time is 0.092636
etas[0] = -0.189947, lambdas[0] = 0.024519
etas[1] = 0.013015, lambdas[1] = 0.028021
etas[2] = 0.082948, lambdas[2] = 0.029533
etas[3] = -0.202699, lambdas[3] = 0.029827
etas[4] = -0.213030, lambdas[4] = 0.030636
etas[5] = -0.198315, lambdas[5] = 0.031377
etas[6] = -0.281561, lambdas[6] = 0.032141
etas[7] = 0.123601, lambdas[7] = 0.032712
etas[8] = 0.287530, lambdas[8] = 0.032962
etas[9] = 0.072122, lambdas[9] = 0.033327
etas[10] = -0.185398, lambdas[10] = 0.033942
etas[11] = -0.423031, lambdas[11] = 0.034817
etas[12] = 0.044570, lambdas[12] = 0.035246
etas[13] = -0.081935, lambdas[13] = 0.035304
etas[14] = -0.196298, lambdas[14] = 0.036060
etas[15] = 0.225195, lambdas[15] = 0.037103
etas[16] = 0.309494, lambdas[16] = 0.037628
etas[17] = 0.198622, lambdas[17] = 0.038247
etas[18] = 0.232814, lambdas[18] = 0.038719
etas[19] = 0.299730, lambdas[19] = 0.039225
etas[20] = 0.307959, lambdas[20] = 0.039841
etas[21] = -0.090880, lambdas[21] = 0.040457
etas[22] = 0.215334, lambdas[22] = 0.040786
etas[23] = 0.137192, lambdas[23] = 0.041320
etas[24] = 0.068071, lambdas[24] = 0.041679
etas[25] = -0.008433, lambdas[25] = 0.042102
etas[26] = -0.175976, lambdas[26] = 0.042328
etas[27] = 0.104133, lambdas[27] = 0.042759
etas[28] = 0.073151, lambdas[28] = 0.043078
etas[29] = 0.003448, lambdas[29] = 0.043335
etas[30] = -0.414750, lambdas[30] = 0.044158
etas[31] = 0.245747, lambdas[31] = 0.044373
etas[32] = 0.082216, lambdas[32] = 0.044575
etas[33] = -0.141270, lambdas[33] = 0.044706
etas[34] = -0.117569, lambdas[34] = 0.044858
etas[35] = -0.160322, lambdas[35] = 0.045097
etas[36] = 0.269101, lambdas[36] = 0.045385
etas[37] = 0.120832, lambdas[37] = 0.045735
etas[38] = 0.176589, lambdas[38] = 0.045993
etas[39] = 0.280852, lambdas[39] = 0.046223
etas[40] = 0.219762, lambdas[40] = 0.046454
etas[41] = 0.062046, lambdas[41] = 0.046603
etas[42] = 0.218707, lambdas[42] = 0.046649
etas[43] = 0.222606, lambdas[43] = 0.047071
etas[44] = -0.195928, lambdas[44] = 0.047333
etas[45] = 0.015983, lambdas[45] = 0.047435
etas[46] = -0.176427, lambdas[46] = 0.047592
etas[47] = 0.166048, lambdas[47] = 0.048017
etas[48] = -0.156031, lambdas[48] = 0.048383
etas[49] = -0.112676, lambdas[49] = 0.049047
etas[50] = -0.178031, lambdas[50] = 0.049356
etas[51] = 0.456645, lambdas[51] = 0.049738
etas[52] = 0.306665, lambdas[52] = 0.049993
etas[53] = 0.116807, lambdas[53] = 0.050237
etas[54] = 0.479824, lambdas[54] = 0.050631
etas[55] = 0.167639, lambdas[55] = 0.050757
etas[56] = 0.276532, lambdas[56] = 0.051013
etas[57] = -0.017543, lambdas[57] = 0.051376
etas[58] = -0.262368, lambdas[58] = 0.051746
etas[59] = 0.330471, lambdas[59] = 0.052182
etas[60] = -0.148374, lambdas[60] = 0.052501
etas[61] = 0.103372, lambdas[61] = 0.052701
etas[62] = -0.359871, lambdas[62] = 0.054094
etas[63] = 0.209593, lambdas[63] = 0.054315
etas[64] = -0.111160, lambdas[64] = 0.054387
etas[65] = 0.071042, lambdas[65] = 0.054630
etas[66] = 0.341739, lambdas[66] = 0.055585
etas[67] = -0.075890, lambdas[67] = 0.058276
etas[68] = 0.118475, lambdas[68] = 0.059038
etas[69] = -0.070078, lambdas[69] = 0.060113
etas[70] = -0.129234, lambdas[70] = 0.060460
etas[71] = 0.275356, lambdas[71] = 0.071498
etas[72] = -0.008089, lambdas[72] = 0.080324
etas[73] = -0.340415, lambdas[73] = 0.092944
etas[74] = 0.389313, lambdas[74] = 0.095669
etas[75] = -0.002505, lambdas[75] = 0.096768
etas[76] = 0.039803, lambdas[76] = 0.097253
etas[77] = 0.117998, lambdas[77] = 0.098391
etas[78] = -0.035562, lambdas[78] = 0.099747
etas[79] = -0.312233, lambdas[79] = 0.117784
etas[80] = -0.017358, lambdas[80] = 0.126916
etas[81] = 0.247914, lambdas[81] = 0.130095
etas[82] = 0.435729, lambdas[82] = 0.132739
etas[83] = 0.299229, lambdas[83] = 0.138695
etas[84] = 0.532130, lambdas[84] = 0.142443
etas[85] = -0.286129, lambdas[85] = 0.146305
etas[86] = -0.207031, lambdas[86] = 0.149648
etas[87] = -0.109286, lambdas[87] = 0.149891
etas[88] = -0.324810, lambdas[88] = 0.154451
etas[89] = -0.338037, lambdas[89] = 0.155774
etas[90] = 0.249775, lambdas[90] = 0.156307
etas[91] = -0.327700, lambdas[91] = 0.159043
etas[92] = -0.117061, lambdas[92] = 0.160886
etas[93] = 0.418357, lambdas[93] = 0.163812
etas[94] = -0.147936, lambdas[94] = 0.166706
etas[95] = -0.453758, lambdas[95] = 0.167282
etas[96] = -0.682132, lambdas[96] = 0.167768
etas[97] = 0.604333, lambdas[97] = 0.170985
etas[98] = 0.676257, lambdas[98] = 0.171919
etas[99] = -0.817548, lambdas[99] = 0.173224
etas[100] = -0.086434, lambdas[100] = 0.173668
etas[101] = -0.250849, lambdas[101] = 0.174572
etas[102] = -0.733462, lambdas[102] = 0.178113
etas[103] = 0.461858, lambdas[103] = 0.178471
etas[104] = 0.000652, lambdas[104] = 0.179061
etas[105] = 0.583223, lambdas[105] = 0.179302
etas[106] = -0.837843, lambdas[106] = 0.180717
etas[107] = -0.129567, lambdas[107] = 0.181305
etas[108] = -0.219309, lambdas[108] = 0.182553
etas[109] = -0.164606, lambdas[109] = 0.184273
etas[110] = 0.030010, lambdas[110] = 0.185033
etas[111] = -0.451413, lambdas[111] = 0.186048
etas[112] = 0.367419, lambdas[112] = 0.186802
etas[113] = 0.336962, lambdas[113] = 0.187108
etas[114] = -0.136279, lambdas[114] = 0.188490
etas[115] = 0.148860, lambdas[115] = 0.189173
etas[116] = 0.748161, lambdas[116] = 0.189720
etas[117] = -0.448189, lambdas[117] = 0.191029
etas[118] = -0.348453, lambdas[118] = 0.191365
etas[119] = 0.186212, lambdas[119] = 0.191923
etas[120] = -0.320220, lambdas[120] = 0.193090
etas[121] = -1.308536, lambdas[121] = 0.193473
etas[122] = -0.112568, lambdas[122] = 0.194080
etas[123] = 0.073764, lambdas[123] = 0.194624
etas[124] = 0.110607, lambdas[124] = 0.195807
etas[125] = -0.805361, lambdas[125] = 0.196271
etas[126] = 0.113758, lambdas[126] = 0.197245
etas[127] = -0.295703, lambdas[127] = 0.197968
etas[128] = -0.278993, lambdas[128] = 0.198267
etas[129] = 0.403535, lambdas[129] = 0.198681
etas[130] = 0.038071, lambdas[130] = 0.199263
etas[131] = 0.084267, lambdas[131] = 0.199834
etas[132] = 0.720017, lambdas[132] = 0.200602
etas[133] = -0.806672, lambdas[133] = 0.201868
etas[134] = 0.714321, lambdas[134] = 0.202539
etas[135] = 0.265619, lambdas[135] = 0.202902
etas[136] = -0.603817, lambdas[136] = 0.203752
etas[137] = 0.709313, lambdas[137] = 0.204198
etas[138] = -0.473280, lambdas[138] = 0.204551
etas[139] = 0.080278, lambdas[139] = 0.205502
etas[140] = -0.541859, lambdas[140] = 0.206952
etas[141] = 0.303518, lambdas[141] = 0.207903
etas[142] = -0.130317, lambdas[142] = 0.208184
etas[143] = 0.253553, lambdas[143] = 0.208832
etas[144] = 0.041893, lambdas[144] = 0.209753
etas[145] = -0.607355, lambdas[145] = 0.210469
etas[146] = -0.017652, lambdas[146] = 0.211833
etas[147] = 0.019367, lambdas[147] = 0.212035
etas[148] = -0.231426, lambdas[148] = 0.213289
etas[149] = -0.014083, lambdas[149] = 0.213460
etas[150] = -0.331571, lambdas[150] = 0.214253
etas[151] = -0.189134, lambdas[151] = 0.214934
etas[152] = 0.086108, lambdas[152] = 0.215375
etas[153] = 0.374915, lambdas[153] = 0.215766
etas[154] = 0.301128, lambdas[154] = 0.216410
etas[155] = 0.192382, lambdas[155] = 0.217104
etas[156] = -0.303795, lambdas[156] = 0.217766
etas[157] = -0.017782, lambdas[157] = 0.218054
etas[158] = -0.271853, lambdas[158] = 0.219306
etas[159] = 0.036320, lambdas[159] = 0.219611
etas[160] = 0.312871, lambdas[160] = 0.220281
etas[161] = 0.763945, lambdas[161] = 0.221488
etas[162] = -0.247364, lambdas[162] = 0.222155
etas[163] = -0.010984, lambdas[163] = 0.222652
etas[164] = 0.304150, lambdas[164] = 0.223442
etas[165] = 0.529070, lambdas[165] = 0.225456
etas[166] = 0.188385, lambdas[166] = 0.225724
etas[167] = 0.185997, lambdas[167] = 0.226289
etas[168] = 0.331577, lambdas[168] = 0.226712
etas[169] = -0.681726, lambdas[169] = 0.227886
etas[170] = 0.177183, lambdas[170] = 0.228075
etas[171] = -0.363192, lambdas[171] = 0.229053
etas[172] = 0.102449, lambdas[172] = 0.229913
etas[173] = -0.680137, lambdas[173] = 0.230107
etas[174] = 0.085795, lambdas[174] = 0.230495
etas[175] = 0.210939, lambdas[175] = 0.231517
etas[176] = 0.319390, lambdas[176] = 0.232351
etas[177] = 0.000746, lambdas[177] = 0.232998
etas[178] = -0.113392, lambdas[178] = 0.233417
etas[179] = -0.403592, lambdas[179] = 0.234627
etas[180] = 0.170207, lambdas[180] = 0.235148
etas[181] = 0.422811, lambdas[181] = 0.236234
etas[182] = -0.445156, lambdas[182] = 0.237292
etas[183] = 0.264062, lambdas[183] = 0.237973
etas[184] = -0.123968, lambdas[184] = 0.239416
etas[185] = 0.137089, lambdas[185] = 0.240319
etas[186] = -0.213980, lambdas[186] = 0.240925
etas[187] = 0.073176, lambdas[187] = 0.241616
etas[188] = -0.579258, lambdas[188] = 0.241766
etas[189] = -0.475152, lambdas[189] = 0.242349
etas[190] = 0.170821, lambdas[190] = 0.244027
etas[191] = -0.045407, lambdas[191] = 0.244326
etas[192] = 0.873038, lambdas[192] = 0.245547
etas[193] = -0.374355, lambdas[193] = 0.245861
etas[194] = 0.210397, lambdas[194] = 0.246391
etas[195] = 0.293941, lambdas[195] = 0.247453
etas[196] = 0.076875, lambdas[196] = 0.248013
etas[197] = 0.445431, lambdas[197] = 0.248585
etas[198] = 0.188468, lambdas[198] = 0.249436
etas[199] = -0.428340, lambdas[199] = 0.250845
etas[200] = 0.294654, lambdas[200] = 0.251154
etas[201] = 0.448262, lambdas[201] = 0.253638
etas[202] = -0.186261, lambdas[202] = 0.253980
etas[203] = 0.752135, lambdas[203] = 0.254600
etas[204] = 0.280561, lambdas[204] = 0.255465
etas[205] = 0.319048, lambdas[205] = 0.255911
etas[206] = 0.558756, lambdas[206] = 0.257725
etas[207] = -0.184056, lambdas[207] = 0.258390
etas[208] = 0.260848, lambdas[208] = 0.258614
etas[209] = -0.708082, lambdas[209] = 0.258710
etas[210] = -0.166118, lambdas[210] = 0.260029
etas[211] = 0.638863, lambdas[211] = 0.260808
etas[212] = 1.531226, lambdas[212] = 0.262458
etas[213] = -0.659279, lambdas[213] = 0.263151
etas[214] = 0.829055, lambdas[214] = 0.263406
etas[215] = 0.149839, lambdas[215] = 0.264239
etas[216] = -0.623828, lambdas[216] = 0.265401
etas[217] = 0.482887, lambdas[217] = 0.266091
etas[218] = 0.390069, lambdas[218] = 0.267200
etas[219] = 0.035022, lambdas[219] = 0.268578
etas[220] = 0.865605, lambdas[220] = 0.270006
etas[221] = -0.734225, lambdas[221] = 0.272044
etas[222] = -0.279024, lambdas[222] = 0.272973
etas[223] = 0.341850, lambdas[223] = 0.274447
etas[224] = 0.387290, lambdas[224] = 0.277722
etas[225] = 0.149977, lambdas[225] = 0.279952
etas[226] = -0.119712, lambdas[226] = 0.281371
etas[227] = -0.704356, lambdas[227] = 0.283289
etas[228] = 0.853224, lambdas[228] = 0.284412
etas[229] = -0.959249, lambdas[229] = 0.286535
etas[230] = -0.595817, lambdas[230] = 0.286761
etas[231] = -0.656049, lambdas[231] = 0.287999
etas[232] = 0.897112, lambdas[232] = 0.290778
etas[233] = 0.446848, lambdas[233] = 0.291887
etas[234] = 0.209581, lambdas[234] = 0.293141
etas[235] = 0.257344, lambdas[235] = 0.296516
etas[236] = -0.091062, lambdas[236] = 0.300225
etas[237] = -0.005643, lambdas[237] = 0.301530
etas[238] = 0.133357, lambdas[238] = 0.304238
etas[239] = 0.001108, lambdas[239] = 0.308421
etas[240] = 0.137146, lambdas[240] = 0.318933
etas[241] = 0.317444, lambdas[241] = 0.323924
etas[242] = -0.610765, lambdas[242] = 0.329604
etas[243] = 0.492945, lambdas[243] = 0.332815
etas[244] = 0.689281, lambdas[244] = 0.337279
etas[245] = -0.031898, lambdas[245] = 0.339120
etas[246] = -0.342491, lambdas[246] = 0.345015
etas[247] = 0.279265, lambdas[247] = 0.352428
etas[248] = -0.403123, lambdas[248] = 0.360421
etas[249] = 0.314486, lambdas[249] = 0.365025
etas[250] = 0.598908, lambdas[250] = 0.394214
etas[251] = -0.820230, lambdas[251] = 0.405616
etas[252] = -1.340444, lambdas[252] = 0.410074
etas[253] = 0.892535, lambdas[253] = 0.418288
etas[254] = 0.248309, lambdas[254] = 0.428104
etas[255] = 0.096217, lambdas[255] = 0.435774
etas[256] = -0.938969, lambdas[256] = 0.444743
etas[257] = 0.475781, lambdas[257] = 0.449694
etas[258] = 0.108757, lambdas[258] = 0.471813
etas[259] = -0.311964, lambdas[259] = 0.483780
etas[260] = 1.099007, lambdas[260] = 0.492827
etas[261] = 0.205448, lambdas[261] = 0.500257
etas[262] = -0.581930, lambdas[262] = 0.520035
etas[263] = -0.631305, lambdas[263] = 0.562158
etas[264] = 0.280452, lambdas[264] = 0.577779
etas[265] = -0.624514, lambdas[265] = 0.588392
etas[266] = -1.343654, lambdas[266] = 0.606811
etas[267] = 0.066235, lambdas[267] = 0.618862
etas[268] = -0.267028, lambdas[268] = 0.639957
etas[269] = 0.042009, lambdas[269] = 0.653182
etas[270] = 0.779334, lambdas[270] = 0.656259
etas[271] = -0.929286, lambdas[271] = 0.724247
etas[272] = 0.415439, lambdas[272] = 0.743648
etas[273] = 0.216742, lambdas[273] = 0.756804
etas[274] = -0.201387, lambdas[274] = 0.850002
etas[275] = 0.628558, lambdas[275] = 0.855691
etas[276] = -1.681481, lambdas[276] = 0.908241
etas[277] = -0.567817, lambdas[277] = 1.019072
etas[278] = 0.873335, lambdas[278] = 1.025267
etas[279] = -0.147696, lambdas[279] = 194.909085
0	118.494296	118.330541	-129.412110
1	118.330541	118.130739	-129.410919
2	118.130739	117.887012	-129.409468
3	117.887012	117.589785	-129.407698
4	117.589785	117.227441	-129.405542
5	117.227441	116.785898	-129.402915
6	116.785898	116.248121	-129.399718
7	116.248121	115.593545	-129.395830
8	115.593545	114.797409	-129.391105
9	114.797409	113.829996	-129.385370
10	113.829996	112.655788	-129.378418
11	112.655788	111.232539	-129.370007
12	111.232539	109.510318	-129.359852
13	109.510318	107.430562	-129.347623
14	107.430562	104.925254	-129.332944
15	104.925254	101.916369	-129.315394
16	101.916369	98.315814	-129.294515
17	98.315814	94.026175	-129.269828
18	94.026175	88.942688	-129.240866
19	88.942688	82.956946	-129.207216
20	82.956946	75.962952	-129.168606
21	75.962952	67.866118	-129.125014
22	67.866118	58.595681	-129.076835
23	58.595681	48.120689	-129.025112
24	48.120689	36.468972	-128.971829
25	36.468972	23.747561	-128.920292
26	23.747561	10.161601	-128.875570
27	10.161601	-3.972554	-128.844979
28	-3.972554	-18.225425	-128.838551
29	-18.225425	-32.068941	-128.869396
30	-32.068941	-44.910902	-128.953845
31	-44.910902	-56.149034	-129.111236
32	-56.149034	-65.238934	-129.363217
33	-65.238934	-71.764774	-129.732507
34	-71.764774	-75.498255	-130.241138
35	-75.498255	-76.431882	-130.908346
36	-76.431882	-74.777824	-131.748388
37	-74.777824	-70.932093	-132.768634
38	-70.932093	-65.412654	-133.968301
39	-65.412654	-58.786034	-135.338036
40	-58.786034	-51.598189	-136.860439
41	-51.598189	-44.321781	-138.511371
42	-44.321781	-37.325799	-140.261798
43	-37.325799	-30.866987	-142.079831
44	-30.866987	-25.098101	-143.932654
45	-25.098101	-20.086104	-145.788174
46	-20.086104	-15.833944	-147.616281
47	-15.833944	-12.301301	-149.389769
48	-12.301301	-9.421836	-151.084976
49	-9.421836	-7.116211	-152.682235
50	-7.116211	-5.301215	-154.166163
51	-5.301215	-3.895811	-155.525817
52	-3.895811	-2.824921	-156.754683
53	-2.824921	-2.021601	-157.850471
54	-2.021601	-1.428076	-158.814716
55	-1.428076	-0.995925	-159.652204
56	-0.995925	-0.685656	-160.370284
57	-0.685656	-0.465868	-160.978127
58	-0.465868	-0.312177	-161.486019
59	-0.312177	-0.206051	-161.904723
60	-0.206051	-0.133685	-162.244971
61	-0.133685	-0.084969	-162.517070
62	-0.084969	-0.052622	-162.730650
63	-0.052622	-0.031471	-162.894503
64	-0.031471	-0.017890	-163.016523
65	-0.017890	-0.009364	-163.103700
66	-0.009364	-0.004169	-163.162162
67	-0.004169	-0.001134	-163.197241
68	-0.001134	0.000525	-163.213552
69	0.000525	0.001331	-163.215071
70	0.001331	0.001625	-163.205214
71	0.001625	0.001629	-163.186906
72	0.001629	0.001481	-163.162631
73	0.001481	0.001269	-163.134486
74	0.001269	0.001043	-163.104210
75	0.001043	0.000830	-163.073221
76	0.000830	0.000643	-163.042638
77	0.000643	0.000488	-163.013306
78	0.000488	0.000364	-162.985829
79	0.000364	0.000267	-162.960594
80	0.000267	0.000193	-162.937808
81	0.000193	0.000138	-162.917535
82	0.000138	0.000098	-162.899725
83	0.000098	0.000069	-162.884249
84	0.000069	0.000048	-162.870929
85	0.000048	0.000033	-162.859556
86	0.000033	0.000023	-162.849913
87	0.000023	0.000016	-162.841784
88	0.000016	0.000011	-162.834965
89	0.000011	0.000007	-162.829269
90	0.000007	0.000005	-162.824528
91	0.000005	0.000003	-162.820593
92	0.000003	0.000002	-162.817334
93	0.000002	0.000002	-162.814641
94	0.000002	0.000001	-162.812419
95	0.000001	0.000001	-162.810589
96	0.000001	0.000000	-162.809082
97	0.000000	0.000000	-162.807844
98	0.000000	0.000000	-162.806826
99	0.000000	0.000000	-162.805991
REMLE (delta=0.011613, REML=-128.837217, REML0=-162.802190)- elapsed CPU time is 0.014749
eigen_L - elapsed CPU time is 0.049682


Reading TPED file /mnt/data/shahar/gwas_barley/morexV3_analysis/barley_for_publication_project/01_USED_GWAS_V2_pipeline/intermediates/morexV3_gwas_genotypes...

Reading 0-th SNP and testing association....

Reading 10000-th SNP and testing association....

Reading 20000-th SNP and testing association....

Reading 30000-th SNP and testing association....

Reading 40000-th SNP and testing association....

Reading 50000-th SNP and testing association....

Reading 60000-th SNP and testing association....

Reading 70000-th SNP and testing association....

Reading 80000-th SNP and testing association....

Reading 90000-th SNP and testing association....

Reading 100000-th SNP and testing association....

Reading 110000-th SNP and testing association....

Reading 120000-th SNP and testing association....

Reading 130000-th SNP and testing association....

Reading 140000-th SNP and testing association....

Reading 150000-th SNP and testing association....

Reading 160000-th SNP and testing association....

Reading 170000-th SNP and testing association....

Reading 180000-th SNP and testing association....

Reading 190000-th SNP and testing association....

Reading 200000-th SNP and testing association....

Reading 210000-th SNP and testing association....

Reading 220000-th SNP and testing association....

Reading 230000-th SNP and testing association....

Reading 240000-th SNP and testing association....

Reading 250000-th SNP and testing association....

Reading 260000-th SNP and testing association....

Reading 270000-th SNP and testing association....

Reading 280000-th SNP and testing association....

Reading 290000-th SNP and testing association....

Reading 300000-th SNP and testing association....

Reading 310000-th SNP and testing association....

Reading 320000-th SNP and testing association....

Reading 330000-th SNP and testing association....

Reading 340000-th SNP and testing association....

Reading 350000-th SNP and testing association....

Reading 360000-th SNP and testing association....

Reading 370000-th SNP and testing association....

Reading 380000-th SNP and testing association....

Reading 390000-th SNP and testing association....

Reading 400000-th SNP and testing association....

Reading 410000-th SNP and testing association....

Reading 420000-th SNP and testing association....

Reading 430000-th SNP and testing association....

Reading 440000-th SNP and testing association....

Reading 450000-th SNP and testing association....

Reading 460000-th SNP and testing association....

Reading 470000-th SNP and testing association....

Reading 480000-th SNP and testing association....

Reading 490000-th SNP and testing association....

Reading 500000-th SNP and testing association....

Reading 510000-th SNP and testing association....

Reading 520000-th SNP and testing association....

Reading 530000-th SNP and testing association....

Reading 540000-th SNP and testing association....

Reading 550000-th SNP and testing association....

Reading 560000-th SNP and testing association....

Reading 570000-th SNP and testing association....

Reading 580000-th SNP and testing association....

Reading 590000-th SNP and testing association....

Reading 600000-th SNP and testing association....

Reading 610000-th SNP and testing association....

Reading 620000-th SNP and testing association....

Reading 630000-th SNP and testing association....

Reading 640000-th SNP and testing association....

Reading 650000-th SNP and testing association....

Reading 660000-th SNP and testing association....

Reading 670000-th SNP and testing association....

Reading 680000-th SNP and testing association....

Reading 690000-th SNP and testing association....

Reading 700000-th SNP and testing association....

Reading 710000-th SNP and testing association....

Reading 720000-th SNP and testing association....

Reading 730000-th SNP and testing association....

Reading 740000-th SNP and testing association....

Reading 750000-th SNP and testing association....

Reading 760000-th SNP and testing association....

Reading 770000-th SNP and testing association....

Reading 780000-th SNP and testing association....

Reading 790000-th SNP and testing association....

Reading 800000-th SNP and testing association....

Reading 810000-th SNP and testing association....

Reading 820000-th SNP and testing association....

Reading 830000-th SNP and testing association....

Reading 840000-th SNP and testing association....

Reading 850000-th SNP and testing association....

Reading 860000-th SNP and testing association....

Reading 870000-th SNP and testing association....

Reading 880000-th SNP and testing association....

Reading 890000-th SNP and testing association....

Reading 900000-th SNP and testing association....

Reading 910000-th SNP and testing association....

Reading 920000-th SNP and testing association....

Reading 930000-th SNP and testing association....

Reading 940000-th SNP and testing association....

Reading 950000-th SNP and testing association....

Reading 960000-th SNP and testing association....

Reading 970000-th SNP and testing association....

Reading 980000-th SNP and testing association....

Reading 990000-th SNP and testing association....

Reading 1000000-th SNP and testing association....

Reading 1010000-th SNP and testing association....

Reading 1020000-th SNP and testing association....

Reading 1030000-th SNP and testing association....

Reading 1040000-th SNP and testing association....

Reading 1050000-th SNP and testing association....

Reading 1060000-th SNP and testing association....

Reading 1070000-th SNP and testing association....

Reading 1080000-th SNP and testing association....

Reading 1090000-th SNP and testing association....

Reading 1100000-th SNP and testing association....

Reading 1110000-th SNP and testing association....

Reading 1120000-th SNP and testing association....

Reading 1130000-th SNP and testing association....

Reading 1140000-th SNP and testing association....

Reading 1150000-th SNP and testing association....

Reading 1160000-th SNP and testing association....

Reading 1170000-th SNP and testing association....

Reading 1180000-th SNP and testing association....

Reading 1190000-th SNP and testing association....

Reading 1200000-th SNP and testing association....

Reading 1210000-th SNP and testing association....

Reading 1220000-th SNP and testing association....

Reading 1230000-th SNP and testing association....

Reading 1240000-th SNP and testing association....

Reading 1250000-th SNP and testing association....

Reading 1260000-th SNP and testing association....

Reading 1270000-th SNP and testing association....

Reading 1280000-th SNP and testing association....

Reading 1290000-th SNP and testing association....

Reading 1300000-th SNP and testing association....

Reading 1310000-th SNP and testing association....

Reading 1320000-th SNP and testing association....

Reading 1330000-th SNP and testing association....

Reading 1340000-th SNP and testing association....

Reading 1350000-th SNP and testing association....

Reading 1360000-th SNP and testing association....

Reading 1370000-th SNP and testing association....

Reading 1380000-th SNP and testing association....

Reading 1390000-th SNP and testing association....

Reading 1400000-th SNP and testing association....

Reading 1410000-th SNP and testing association....

Reading 1420000-th SNP and testing association....

Reading 1430000-th SNP and testing association....

Reading 1440000-th SNP and testing association....

Reading 1450000-th SNP and testing association....

Reading 1460000-th SNP and testing association....

Reading 1470000-th SNP and testing association....

Reading 1480000-th SNP and testing association....

Reading 1490000-th SNP and testing association....

Reading 1500000-th SNP and testing association....

Reading 1510000-th SNP and testing association....

Reading 1520000-th SNP and testing association....

Reading 1530000-th SNP and testing association....

Reading 1540000-th SNP and testing association....

Reading 1550000-th SNP and testing association....

Reading 1560000-th SNP and testing association....

Reading 1570000-th SNP and testing association....

Reading 1580000-th SNP and testing association....

Reading 1590000-th SNP and testing association....

Reading 1600000-th SNP and testing association....

Reading 1610000-th SNP and testing association....

Reading 1620000-th SNP and testing association....

Reading 1630000-th SNP and testing association....

Reading 1640000-th SNP and testing association....

Reading 1650000-th SNP and testing association....

Reading 1660000-th SNP and testing association....

Reading 1670000-th SNP and testing association....

Reading 1680000-th SNP and testing association....

Reading 1690000-th SNP and testing association....

Reading 1700000-th SNP and testing association....

Reading 1710000-th SNP and testing association....

Reading 1720000-th SNP and testing association....

Reading 1730000-th SNP and testing association....

Reading 1740000-th SNP and testing association....

Reading 1750000-th SNP and testing association....

Reading 1760000-th SNP and testing association....

Reading 1770000-th SNP and testing association....

Reading 1780000-th SNP and testing association....

Reading 1790000-th SNP and testing association....

Reading 1800000-th SNP and testing association....

Reading 1810000-th SNP and testing association....

Reading 1820000-th SNP and testing association....

Reading 1830000-th SNP and testing association....

Reading 1840000-th SNP and testing association....

Reading 1850000-th SNP and testing association....

Reading 1860000-th SNP and testing association....

Reading 1870000-th SNP and testing association....

Reading 1880000-th SNP and testing association....

Reading 1890000-th SNP and testing association....

Reading 1900000-th SNP and testing association....

Reading 1910000-th SNP and testing association....

Reading 1920000-th SNP and testing association....

Reading 1930000-th SNP and testing association....

Reading 1940000-th SNP and testing association....

Reading 1950000-th SNP and testing association....

Reading 1960000-th SNP and testing association....

Reading 1970000-th SNP and testing association....

Reading 1980000-th SNP and testing association....

Reading 1990000-th SNP and testing association....

Reading 2000000-th SNP and testing association....

Reading 2010000-th SNP and testing association....

Reading 2020000-th SNP and testing association....

Reading 2030000-th SNP and testing association....

Reading 2040000-th SNP and testing association....

Reading 2050000-th SNP and testing association....

Reading 2060000-th SNP and testing association....

Reading 2070000-th SNP and testing association....

Reading 2080000-th SNP and testing association....

Reading 2090000-th SNP and testing association....

Reading 2100000-th SNP and testing association....

Reading 2110000-th SNP and testing association....

Reading 2120000-th SNP and testing association....

Reading 2130000-th SNP and testing association....

Reading 2140000-th SNP and testing association....

Reading 2150000-th SNP and testing association....

Reading 2160000-th SNP and testing association....

Reading 2170000-th SNP and testing association....

Reading 2180000-th SNP and testing association....

Reading 2190000-th SNP and testing association....

Reading 2200000-th SNP and testing association....

Reading 2210000-th SNP and testing association....

Reading 2220000-th SNP and testing association....

Reading 2230000-th SNP and testing association....

Reading 2240000-th SNP and testing association....

Reading 2250000-th SNP and testing association....

Reading 2260000-th SNP and testing association....

Reading 2270000-th SNP and testing association....

Reading 2280000-th SNP and testing association....

Reading 2290000-th SNP and testing association....

Reading 2300000-th SNP and testing association....

Reading 2310000-th SNP and testing association....

Reading 2320000-th SNP and testing association....

Reading 2330000-th SNP and testing association....

Reading 2340000-th SNP and testing association....

Reading 2350000-th SNP and testing association....

Reading 2360000-th SNP and testing association....

Reading 2370000-th SNP and testing association....

Reading 2380000-th SNP and testing association....

Reading 2390000-th SNP and testing association....

Reading 2400000-th SNP and testing association....

Reading 2410000-th SNP and testing association....

Reading 2420000-th SNP and testing association....

Reading 2430000-th SNP and testing association....

Reading 2440000-th SNP and testing association....

Reading 2450000-th SNP and testing association....

Reading 2460000-th SNP and testing association....

Reading 2470000-th SNP and testing association....

Reading 2480000-th SNP and testing association....

Reading 2490000-th SNP and testing association....

Reading 2500000-th SNP and testing association....

Reading 2510000-th SNP and testing association....

Reading 2520000-th SNP and testing association....

Reading 2530000-th SNP and testing association....

Reading 2540000-th SNP and testing association....

Reading 2550000-th SNP and testing association....

Reading 2560000-th SNP and testing association....

Reading 2570000-th SNP and testing association....

Reading 2580000-th SNP and testing association....

Reading 2590000-th SNP and testing association....

Reading 2600000-th SNP and testing association....

Reading 2610000-th SNP and testing association....

Reading 2620000-th SNP and testing association....

Reading 2630000-th SNP and testing association....

Reading 2640000-th SNP and testing association....

Reading 2650000-th SNP and testing association....

Reading 2660000-th SNP and testing association....

Reading 2670000-th SNP and testing association....

Reading 2680000-th SNP and testing association....

Reading 2690000-th SNP and testing association....

Reading 2700000-th SNP and testing association....

Reading 2710000-th SNP and testing association....

Reading 2720000-th SNP and testing association....

Reading 2730000-th SNP and testing association....

Reading 2740000-th SNP and testing association....

Reading 2750000-th SNP and testing association....

Reading 2760000-th SNP and testing association....

Reading 2770000-th SNP and testing association....

Reading 2780000-th SNP and testing association....

Reading 2790000-th SNP and testing association....

Reading 2800000-th SNP and testing association....

Reading 2810000-th SNP and testing association....

Reading 2820000-th SNP and testing association....

Reading 2830000-th SNP and testing association....

Reading 2840000-th SNP and testing association....

Reading 2850000-th SNP and testing association....

Reading 2860000-th SNP and testing association....

Reading 2870000-th SNP and testing association....

Reading 2880000-th SNP and testing association....

Reading 2890000-th SNP and testing association....

Reading 2900000-th SNP and testing association....

Reading 2910000-th SNP and testing association....

Reading 2920000-th SNP and testing association....

Reading 2930000-th SNP and testing association....

Reading 2940000-th SNP and testing association....

Reading 2950000-th SNP and testing association....

Reading 2960000-th SNP and testing association....

Reading 2970000-th SNP and testing association....

Reading 2980000-th SNP and testing association....

Reading 2990000-th SNP and testing association....

Reading 3000000-th SNP and testing association....

Reading 3010000-th SNP and testing association....

Reading 3020000-th SNP and testing association....

Reading 3030000-th SNP and testing association....

Reading 3040000-th SNP and testing association....

Reading 3050000-th SNP and testing association....

Reading 3060000-th SNP and testing association....

Reading 3070000-th SNP and testing association....

Reading 3080000-th SNP and testing association....

Reading 3090000-th SNP and testing association....

Reading 3100000-th SNP and testing association....

Reading 3110000-th SNP and testing association....

Reading 3120000-th SNP and testing association....

Reading 3130000-th SNP and testing association....

Reading 3140000-th SNP and testing association....

Reading 3150000-th SNP and testing association....

Reading 3160000-th SNP and testing association....

Reading 3170000-th SNP and testing association....

Reading 3180000-th SNP and testing association....

Reading 3190000-th SNP and testing association....

Reading 3200000-th SNP and testing association....

Reading 3210000-th SNP and testing association....

Reading 3220000-th SNP and testing association....

Reading 3230000-th SNP and testing association....

Reading 3240000-th SNP and testing association....

Reading 3250000-th SNP and testing association....

Reading 3260000-th SNP and testing association....

Reading 3270000-th SNP and testing association....

Reading 3280000-th SNP and testing association....

Reading 3290000-th SNP and testing association....

Reading 3300000-th SNP and testing association....

Reading 3310000-th SNP and testing association....

Reading 3320000-th SNP and testing association....

Reading 3330000-th SNP and testing association....

Reading 3340000-th SNP and testing association....

Reading 3350000-th SNP and testing association....

Reading 3360000-th SNP and testing association....

Reading 3370000-th SNP and testing association....

Reading 3380000-th SNP and testing association....

Reading 3390000-th SNP and testing association....

Reading 3400000-th SNP and testing association....

Reading 3410000-th SNP and testing association....

Reading 3420000-th SNP and testing association....

Reading 3430000-th SNP and testing association....

Reading 3440000-th SNP and testing association....

Reading 3450000-th SNP and testing association....

Reading 3460000-th SNP and testing association....

Reading 3470000-th SNP and testing association....

Reading 3480000-th SNP and testing association....

Reading 3490000-th SNP and testing association....

Reading 3500000-th SNP and testing association....

Reading 3510000-th SNP and testing association....

Reading 3520000-th SNP and testing association....

Reading 3530000-th SNP and testing association....

Reading 3540000-th SNP and testing association....

Reading 3550000-th SNP and testing association....

Reading 3560000-th SNP and testing association....

Reading 3570000-th SNP and testing association....

Reading 3580000-th SNP and testing association....

Reading 3590000-th SNP and testing association....

Reading 3600000-th SNP and testing association....

Reading 3610000-th SNP and testing association....

Reading 3620000-th SNP and testing association....

Reading 3630000-th SNP and testing association....

Reading 3640000-th SNP and testing association....

Reading 3650000-th SNP and testing association....

Reading 3660000-th SNP and testing association....

Reading 3670000-th SNP and testing association....

Reading 3680000-th SNP and testing association....

Reading 3690000-th SNP and testing association....

Reading 3700000-th SNP and testing association....

Reading 3710000-th SNP and testing association....

Reading 3720000-th SNP and testing association....

Reading 3730000-th SNP and testing association....

Reading 3740000-th SNP and testing association....

Reading 3750000-th SNP and testing association....

Reading 3760000-th SNP and testing association....

Reading 3770000-th SNP and testing association....

Reading 3780000-th SNP and testing association....

Reading 3790000-th SNP and testing association....

Reading 3800000-th SNP and testing association....

Reading 3810000-th SNP and testing association....

Reading 3820000-th SNP and testing association....

Reading 3830000-th SNP and testing association....

Reading 3840000-th SNP and testing association....

Reading 3850000-th SNP and testing association....

Reading 3860000-th SNP and testing association....

Reading 3870000-th SNP and testing association....

Reading 3880000-th SNP and testing association....

Reading 3890000-th SNP and testing association....

Reading 3900000-th SNP and testing association....

Reading 3910000-th SNP and testing association....

Reading 3920000-th SNP and testing association....

Reading 3930000-th SNP and testing association....

Reading 3940000-th SNP and testing association....

Reading 3950000-th SNP and testing association....

Reading 3960000-th SNP and testing association....

Reading 3970000-th SNP and testing association....

Reading 3980000-th SNP and testing association....

Reading 3990000-th SNP and testing association....

Reading 4000000-th SNP and testing association....

Reading 4010000-th SNP and testing association....

Reading 4020000-th SNP and testing association....

Reading 4030000-th SNP and testing association....

Reading 4040000-th SNP and testing association....

Reading 4050000-th SNP and testing association....

Reading 4060000-th SNP and testing association....

Reading 4070000-th SNP and testing association....

Reading 4080000-th SNP and testing association....

Reading 4090000-th SNP and testing association....

Reading 4100000-th SNP and testing association....

Reading 4110000-th SNP and testing association....

Reading 4120000-th SNP and testing association....

Reading 4130000-th SNP and testing association....

Reading 4140000-th SNP and testing association....

Reading 4150000-th SNP and testing association....

Reading 4160000-th SNP and testing association....

Reading 4170000-th SNP and testing association....

Reading 4180000-th SNP and testing association....

Reading 4190000-th SNP and testing association....

Reading 4200000-th SNP and testing association....

Reading 4210000-th SNP and testing association....

Reading 4220000-th SNP and testing association....

Reading 4230000-th SNP and testing association....

Reading 4240000-th SNP and testing association....

Reading 4250000-th SNP and testing association....

Reading 4260000-th SNP and testing association....

Reading 4270000-th SNP and testing association....

Reading 4280000-th SNP and testing association....

Reading 4290000-th SNP and testing association....

Reading 4300000-th SNP and testing association....

Reading 4310000-th SNP and testing association....

Reading 4320000-th SNP and testing association....

Reading 4330000-th SNP and testing association....

Reading 4340000-th SNP and testing association....

Reading 4350000-th SNP and testing association....

Reading 4360000-th SNP and testing association....

Reading 4370000-th SNP and testing association....

Reading 4380000-th SNP and testing association....

Reading 4390000-th SNP and testing association....

Reading 4400000-th SNP and testing association....

Reading 4410000-th SNP and testing association....

Reading 4420000-th SNP and testing association....

Reading 4430000-th SNP and testing association....

Reading 4440000-th SNP and testing association....

Reading 4450000-th SNP and testing association....

Reading 4460000-th SNP and testing association....

Reading 4470000-th SNP and testing association....

Reading 4480000-th SNP and testing association....

Reading 4490000-th SNP and testing association....

Reading 4500000-th SNP and testing association....

Reading 4510000-th SNP and testing association....

Reading 4520000-th SNP and testing association....

Reading 4530000-th SNP and testing association....

Reading 4540000-th SNP and testing association....

Reading 4550000-th SNP and testing association....

Reading 4560000-th SNP and testing association....

Reading 4570000-th SNP and testing association....

Reading 4580000-th SNP and testing association....

Reading 4590000-th SNP and testing association....

Reading 4600000-th SNP and testing association....

Reading 4610000-th SNP and testing association....

Reading 4620000-th SNP and testing association....

Reading 4630000-th SNP and testing association....

Reading 4640000-th SNP and testing association....

Reading 4650000-th SNP and testing association....

Reading 4660000-th SNP and testing association....

Reading 4670000-th SNP and testing association....

Reading 4680000-th SNP and testing association....

Reading 4690000-th SNP and testing association....

Reading 4700000-th SNP and testing association....

Reading 4710000-th SNP and testing association....

Reading 4720000-th SNP and testing association....

Reading 4730000-th SNP and testing association....

Reading 4740000-th SNP and testing association....

Reading 4750000-th SNP and testing association....

Reading 4760000-th SNP and testing association....

Reading 4770000-th SNP and testing association....

Reading 4780000-th SNP and testing association....

Reading 4790000-th SNP and testing association....

Reading 4800000-th SNP and testing association....

Reading 4810000-th SNP and testing association....

Reading 4820000-th SNP and testing association....

Reading 4830000-th SNP and testing association....

Reading 4840000-th SNP and testing association....

Reading 4850000-th SNP and testing association....

Reading 4860000-th SNP and testing association....

Reading 4870000-th SNP and testing association....

Reading 4880000-th SNP and testing association....

Reading 4890000-th SNP and testing association....

Reading 4900000-th SNP and testing association....

Reading 4910000-th SNP and testing association....

Reading 4920000-th SNP and testing association....

Reading 4930000-th SNP and testing association....

Reading 4940000-th SNP and testing association....

Reading 4950000-th SNP and testing association....

Reading 4960000-th SNP and testing association....

Reading 4970000-th SNP and testing association....

Reading 4980000-th SNP and testing association....

Reading 4990000-th SNP and testing association....

Reading 5000000-th SNP and testing association....

Reading 5010000-th SNP and testing association....

Reading 5020000-th SNP and testing association....

Reading 5030000-th SNP and testing association....

Reading 5040000-th SNP and testing association....

Reading 5050000-th SNP and testing association....

Reading 5060000-th SNP and testing association....

Reading 5070000-th SNP and testing association....

Reading 5080000-th SNP and testing association....

Reading 5090000-th SNP and testing association....

Reading 5100000-th SNP and testing association....

Reading 5110000-th SNP and testing association....

Reading 5120000-th SNP and testing association....

Reading 5130000-th SNP and testing association....

Reading 5140000-th SNP and testing association....

Reading 5150000-th SNP and testing association....

Reading 5160000-th SNP and testing association....

Reading 5170000-th SNP and testing association....

Reading 5180000-th SNP and testing association....

Reading 5190000-th SNP and testing association....

Reading 5200000-th SNP and testing association....

Reading 5210000-th SNP and testing association....

Reading 5220000-th SNP and testing association....

Reading 5230000-th SNP and testing association....

Reading 5240000-th SNP and testing association....

Reading 5250000-th SNP and testing association....

Reading 5260000-th SNP and testing association....

Reading 5270000-th SNP and testing association....

Reading 5280000-th SNP and testing association....

Reading 5290000-th SNP and testing association....

Reading 5300000-th SNP and testing association....

Reading 5310000-th SNP and testing association....

Reading 5320000-th SNP and testing association....

Reading 5330000-th SNP and testing association....

Reading 5340000-th SNP and testing association....

Reading 5350000-th SNP and testing association....

Reading 5360000-th SNP and testing association....

Reading 5370000-th SNP and testing association....

Reading 5380000-th SNP and testing association....

Reading 5390000-th SNP and testing association....

Reading 5400000-th SNP and testing association....

Reading 5410000-th SNP and testing association....

Reading 5420000-th SNP and testing association....

Reading 5430000-th SNP and testing association....

Reading 5440000-th SNP and testing association....

Reading 5450000-th SNP and testing association....

Reading 5460000-th SNP and testing association....

Reading 5470000-th SNP and testing association....

Reading 5480000-th SNP and testing association....

Reading 5490000-th SNP and testing association....

Reading 5500000-th SNP and testing association....

Reading 5510000-th SNP and testing association....

Reading 5520000-th SNP and testing association....

Reading 5530000-th SNP and testing association....

Reading 5540000-th SNP and testing association....

Reading 5550000-th SNP and testing association....

Reading 5560000-th SNP and testing association....

Reading 5570000-th SNP and testing association....

Reading 5580000-th SNP and testing association....

Reading 5590000-th SNP and testing association....

Reading 5600000-th SNP and testing association....

Reading 5610000-th SNP and testing association....

Reading 5620000-th SNP and testing association....

Reading 5630000-th SNP and testing association....

Reading 5640000-th SNP and testing association....

Reading 5650000-th SNP and testing association....

Reading 5660000-th SNP and testing association....

Reading 5670000-th SNP and testing association....

Reading 5680000-th SNP and testing association....

Reading 5690000-th SNP and testing association....

Reading 5700000-th SNP and testing association....

Reading 5710000-th SNP and testing association....

Reading 5720000-th SNP and testing association....

Reading 5730000-th SNP and testing association....

Reading 5740000-th SNP and testing association....

Reading 5750000-th SNP and testing association....

Reading 5760000-th SNP and testing association....

Reading 5770000-th SNP and testing association....

Reading 5780000-th SNP and testing association....

Reading 5790000-th SNP and testing association....

Reading 5800000-th SNP and testing association....

Reading 5810000-th SNP and testing association....

Reading 5820000-th SNP and testing association....

Reading 5830000-th SNP and testing association....

Reading 5840000-th SNP and testing association....

Reading 5850000-th SNP and testing association....

Reading 5860000-th SNP and testing association....

Reading 5870000-th SNP and testing association....

Reading 5880000-th SNP and testing association....

Reading 5890000-th SNP and testing association....

Reading 5900000-th SNP and testing association....

Reading 5910000-th SNP and testing association....

Reading 5920000-th SNP and testing association....

Reading 5930000-th SNP and testing association....

Reading 5940000-th SNP and testing association....

Reading 5950000-th SNP and testing association....

Reading 5960000-th SNP and testing association....

Reading 5970000-th SNP and testing association....

Reading 5980000-th SNP and testing association....

Reading 5990000-th SNP and testing association....

Reading 6000000-th SNP and testing association....

Reading 6010000-th SNP and testing association....

Reading 6020000-th SNP and testing association....

Reading 6030000-th SNP and testing association....

Reading 6040000-th SNP and testing association....

Reading 6050000-th SNP and testing association....

Reading 6060000-th SNP and testing association....

Reading 6070000-th SNP and testing association....

Reading 6080000-th SNP and testing association....

Reading 6090000-th SNP and testing association....

Reading 6100000-th SNP and testing association....

Reading 6110000-th SNP and testing association....

Reading 6120000-th SNP and testing association....

Reading 6130000-th SNP and testing association....

Reading 6140000-th SNP and testing association....

Reading 6150000-th SNP and testing association....

Reading 6160000-th SNP and testing association....

Reading 6170000-th SNP and testing association....

Reading 6180000-th SNP and testing association....

Reading 6190000-th SNP and testing association....

Reading 6200000-th SNP and testing association....

Reading 6210000-th SNP and testing association....

Reading 6220000-th SNP and testing association....

Reading 6230000-th SNP and testing association....

Reading 6240000-th SNP and testing association....

Reading 6250000-th SNP and testing association....

Reading 6260000-th SNP and testing association....

Reading 6270000-th SNP and testing association....

Reading 6280000-th SNP and testing association....

Reading 6290000-th SNP and testing association....

Reading 6300000-th SNP and testing association....

Reading 6310000-th SNP and testing association....

Reading 6320000-th SNP and testing association....

Reading 6330000-th SNP and testing association....

Reading 6340000-th SNP and testing association....

Reading 6350000-th SNP and testing association....

Reading 6360000-th SNP and testing association....

Reading 6370000-th SNP and testing association....

Reading 6380000-th SNP and testing association....

Reading 6390000-th SNP and testing association....

Reading 6400000-th SNP and testing association....

Reading 6410000-th SNP and testing association....

Reading 6420000-th SNP and testing association....

Reading 6430000-th SNP and testing association....

Reading 6440000-th SNP and testing association....

Reading 6450000-th SNP and testing association....

Reading 6460000-th SNP and testing association....

Reading 6470000-th SNP and testing association....

Reading 6480000-th SNP and testing association....

Reading 6490000-th SNP and testing association....

Reading 6500000-th SNP and testing association....

Reading 6510000-th SNP and testing association....

Reading 6520000-th SNP and testing association....

Reading 6530000-th SNP and testing association....

Reading 6540000-th SNP and testing association....

Reading 6550000-th SNP and testing association....

Reading 6560000-th SNP and testing association....

Reading 6570000-th SNP and testing association....

Reading 6580000-th SNP and testing association....

Reading 6590000-th SNP and testing association....

Reading 6600000-th SNP and testing association....

Reading 6610000-th SNP and testing association....

Reading 6620000-th SNP and testing association....

Reading 6630000-th SNP and testing association....

Reading 6640000-th SNP and testing association....

Reading 6650000-th SNP and testing association....

Reading 6660000-th SNP and testing association....

Reading 6670000-th SNP and testing association....

Reading 6680000-th SNP and testing association....

Reading 6690000-th SNP and testing association....

Reading 6700000-th SNP and testing association....

Reading 6710000-th SNP and testing association....

Reading 6720000-th SNP and testing association....

Reading 6730000-th SNP and testing association....

Reading 6740000-th SNP and testing association....

Reading 6750000-th SNP and testing association....

Reading 6760000-th SNP and testing association....

Reading 6770000-th SNP and testing association....

Reading 6780000-th SNP and testing association....

Reading 6790000-th SNP and testing association....

Reading 6800000-th SNP and testing association....

Reading 6810000-th SNP and testing association....

Reading 6820000-th SNP and testing association....

Reading 6830000-th SNP and testing association....

Reading 6840000-th SNP and testing association....

Reading 6850000-th SNP and testing association....

Reading 6860000-th SNP and testing association....

Reading 6870000-th SNP and testing association....

Reading 6880000-th SNP and testing association....

Reading 6890000-th SNP and testing association....

Reading 6900000-th SNP and testing association....

Reading 6910000-th SNP and testing association....

Reading 6920000-th SNP and testing association....

Reading 6930000-th SNP and testing association....

Reading 6940000-th SNP and testing association....

Reading 6950000-th SNP and testing association....

Reading 6960000-th SNP and testing association....

Reading 6970000-th SNP and testing association....

Reading 6980000-th SNP and testing association....

Reading 6990000-th SNP and testing association....

Reading 7000000-th SNP and testing association....

Reading 7010000-th SNP and testing association....

Reading 7020000-th SNP and testing association....

Reading 7030000-th SNP and testing association....

Reading 7040000-th SNP and testing association....

Reading 7050000-th SNP and testing association....

Reading 7060000-th SNP and testing association....

Reading 7070000-th SNP and testing association....

Reading 7080000-th SNP and testing association....

Reading 7090000-th SNP and testing association....

Reading 7100000-th SNP and testing association....

Reading 7110000-th SNP and testing association....

GLS association - elapsed CPU time is 1242.715510

Breakdown for input file parsing : 450.746761

              matrix computation : 638.123453

             p-value computation : 11.168990

