
Reading TFAM file /mnt/data/shahar/gwas_barley/morexV3_analysis/barley_for_publication_project/01_USED_GWAS_V2_pipeline/intermediates/morexV3_gwas_genotypes.tfam ....


Reading kinship file /mnt/data/shahar/gwas_barley/morexV3_analysis/barley_for_publication_project/01_USED_GWAS_V2_pipeline/intermediates/morexV3_kinship.aIBS.kinf...

  290 rows and 290 columns were observed with 0 missing values.


Reading the phenotype file /mnt/data/shahar/gwas_barley/data/inputs/starch_corrected_V3.pheno...

  290 rows and 1 columns were observed with 0 missing values


Reading covariate file /mnt/data/shahar/gwas_barley/morexV3_analysis/barley_for_publication_project/01_USED_GWAS_V2_pipeline/intermediates/covariates/pca_pc5.cov...

  290 rows and 5 columns were observed with 0 missing values. Make sure that the intercept is included in the covariates

File reading - elapsed CPU time is 0.019263

eRvals[0] = 0.024406, eRvals[n-q-1] = 194.917766, eRvals[n-q] = 0.000000
eigen_R - elapsed CPU time is 0.086848
etas[0] = -1.489344, lambdas[0] = 0.024406
etas[1] = 0.612712, lambdas[1] = 0.028015
etas[2] = -0.988567, lambdas[2] = 0.029468
etas[3] = 0.551736, lambdas[3] = 0.029703
etas[4] = -0.538174, lambdas[4] = 0.030414
etas[5] = -1.673264, lambdas[5] = 0.031153
etas[6] = -0.868533, lambdas[6] = 0.032120
etas[7] = -0.547423, lambdas[7] = 0.032543
etas[8] = -1.268514, lambdas[8] = 0.032730
etas[9] = 0.721461, lambdas[9] = 0.033164
etas[10] = -1.130475, lambdas[10] = 0.033924
etas[11] = 2.356684, lambdas[11] = 0.034752
etas[12] = 0.340508, lambdas[12] = 0.035200
etas[13] = 2.443105, lambdas[13] = 0.035262
etas[14] = 0.087348, lambdas[14] = 0.035791
etas[15] = 0.351144, lambdas[15] = 0.037095
etas[16] = -2.051125, lambdas[16] = 0.037622
etas[17] = 0.390130, lambdas[17] = 0.038094
etas[18] = 0.190329, lambdas[18] = 0.038707
etas[19] = 0.345204, lambdas[19] = 0.039206
etas[20] = 1.829414, lambdas[20] = 0.039658
etas[21] = 1.117321, lambdas[21] = 0.040305
etas[22] = -2.289856, lambdas[22] = 0.040742
etas[23] = 0.568738, lambdas[23] = 0.041301
etas[24] = -1.689908, lambdas[24] = 0.041577
etas[25] = 1.215404, lambdas[25] = 0.042022
etas[26] = 3.807793, lambdas[26] = 0.042147
etas[27] = -0.514001, lambdas[27] = 0.042302
etas[28] = -2.352111, lambdas[28] = 0.042743
etas[29] = 0.930721, lambdas[29] = 0.043265
etas[30] = -0.292678, lambdas[30] = 0.043897
etas[31] = 1.181771, lambdas[31] = 0.043976
etas[32] = -0.367705, lambdas[32] = 0.044343
etas[33] = -1.641050, lambdas[33] = 0.044514
etas[34] = 0.774805, lambdas[34] = 0.044775
etas[35] = 0.413569, lambdas[35] = 0.045050
etas[36] = -1.666160, lambdas[36] = 0.045281
etas[37] = 1.402619, lambdas[37] = 0.045713
etas[38] = -1.356322, lambdas[38] = 0.045965
etas[39] = -0.185870, lambdas[39] = 0.046109
etas[40] = -1.824829, lambdas[40] = 0.046286
etas[41] = -2.108360, lambdas[41] = 0.046562
etas[42] = -0.902668, lambdas[42] = 0.046623
etas[43] = -0.079404, lambdas[43] = 0.047046
etas[44] = 1.257970, lambdas[44] = 0.047275
etas[45] = -1.017937, lambdas[45] = 0.047399
etas[46] = 0.205455, lambdas[46] = 0.047482
etas[47] = 0.953989, lambdas[47] = 0.047998
etas[48] = 2.306338, lambdas[48] = 0.048233
etas[49] = -1.404532, lambdas[49] = 0.048668
etas[50] = -0.880386, lambdas[50] = 0.048866
etas[51] = 0.045107, lambdas[51] = 0.049636
etas[52] = -1.303639, lambdas[52] = 0.049715
etas[53] = -1.070986, lambdas[53] = 0.050103
etas[54] = -2.125947, lambdas[54] = 0.050604
etas[55] = -1.503582, lambdas[55] = 0.050727
etas[56] = 1.628550, lambdas[56] = 0.050929
etas[57] = -2.143735, lambdas[57] = 0.051205
etas[58] = 0.620521, lambdas[58] = 0.051707
etas[59] = 3.469399, lambdas[59] = 0.052006
etas[60] = 1.846988, lambdas[60] = 0.052487
etas[61] = 1.289906, lambdas[61] = 0.052663
etas[62] = -0.281581, lambdas[62] = 0.053829
etas[63] = 2.650051, lambdas[63] = 0.054108
etas[64] = -1.942384, lambdas[64] = 0.054257
etas[65] = -2.974674, lambdas[65] = 0.054567
etas[66] = -0.600092, lambdas[66] = 0.055538
etas[67] = 0.186922, lambdas[67] = 0.057396
etas[68] = -0.832604, lambdas[68] = 0.058669
etas[69] = -1.898341, lambdas[69] = 0.059912
etas[70] = 1.001942, lambdas[70] = 0.060305
etas[71] = -1.857989, lambdas[71] = 0.069939
etas[72] = 0.027530, lambdas[72] = 0.080309
etas[73] = -0.876082, lambdas[73] = 0.092894
etas[74] = -0.787768, lambdas[74] = 0.095642
etas[75] = -0.618072, lambdas[75] = 0.096472
etas[76] = -0.094682, lambdas[76] = 0.097043
etas[77] = 6.512329, lambdas[77] = 0.098042
etas[78] = -1.986524, lambdas[78] = 0.099527
etas[79] = 3.469726, lambdas[79] = 0.117756
etas[80] = 1.403373, lambdas[80] = 0.126803
etas[81] = -4.206430, lambdas[81] = 0.130090
etas[82] = -4.452260, lambdas[82] = 0.132678
etas[83] = -1.088476, lambdas[83] = 0.138672
etas[84] = -2.705877, lambdas[84] = 0.142431
etas[85] = -0.056370, lambdas[85] = 0.145826
etas[86] = 0.696482, lambdas[86] = 0.149586
etas[87] = -0.993393, lambdas[87] = 0.149834
etas[88] = -0.515575, lambdas[88] = 0.154078
etas[89] = -5.601575, lambdas[89] = 0.155435
etas[90] = -1.176173, lambdas[90] = 0.156192
etas[91] = -4.715571, lambdas[91] = 0.159004
etas[92] = -2.072798, lambdas[92] = 0.160844
etas[93] = 3.437681, lambdas[93] = 0.163795
etas[94] = -1.369973, lambdas[94] = 0.166553
etas[95] = 1.927590, lambdas[95] = 0.167194
etas[96] = -1.536586, lambdas[96] = 0.167693
etas[97] = -3.068533, lambdas[97] = 0.170966
etas[98] = 0.641546, lambdas[98] = 0.171721
etas[99] = 4.334441, lambdas[99] = 0.173142
etas[100] = -1.288447, lambdas[100] = 0.173650
etas[101] = 0.308470, lambdas[101] = 0.174516
etas[102] = 2.113699, lambdas[102] = 0.178097
etas[103] = -5.071698, lambdas[103] = 0.178433
etas[104] = -3.297583, lambdas[104] = 0.178968
etas[105] = -1.469462, lambdas[105] = 0.179236
etas[106] = 4.651929, lambdas[106] = 0.180667
etas[107] = -0.987129, lambdas[107] = 0.181264
etas[108] = 2.215130, lambdas[108] = 0.182520
etas[109] = 0.157619, lambdas[109] = 0.183876
etas[110] = 0.513454, lambdas[110] = 0.184312
etas[111] = 0.161214, lambdas[111] = 0.185849
etas[112] = -0.243470, lambdas[112] = 0.186697
etas[113] = 1.766653, lambdas[113] = 0.187029
etas[114] = 6.044360, lambdas[114] = 0.188220
etas[115] = -3.559969, lambdas[115] = 0.188970
etas[116] = -1.041557, lambdas[116] = 0.189406
etas[117] = 2.992569, lambdas[117] = 0.190929
etas[118] = -6.853158, lambdas[118] = 0.191174
etas[119] = 0.059281, lambdas[119] = 0.191797
etas[120] = 7.295980, lambdas[120] = 0.193048
etas[121] = -2.508034, lambdas[121] = 0.193312
etas[122] = 5.907075, lambdas[122] = 0.194021
etas[123] = -4.994122, lambdas[123] = 0.194492
etas[124] = -0.619667, lambdas[124] = 0.195743
etas[125] = -3.299707, lambdas[125] = 0.196230
etas[126] = -4.740097, lambdas[126] = 0.197176
etas[127] = 0.833766, lambdas[127] = 0.197931
etas[128] = -2.067657, lambdas[128] = 0.197970
etas[129] = -7.318464, lambdas[129] = 0.198587
etas[130] = 2.811657, lambdas[130] = 0.199157
etas[131] = -0.519818, lambdas[131] = 0.199809
etas[132] = 1.487222, lambdas[132] = 0.200454
etas[133] = -3.400600, lambdas[133] = 0.201822
etas[134] = -6.359621, lambdas[134] = 0.202305
etas[135] = -6.736276, lambdas[135] = 0.202830
etas[136] = 1.687779, lambdas[136] = 0.203539
etas[137] = 0.187308, lambdas[137] = 0.204142
etas[138] = -2.808409, lambdas[138] = 0.204408
etas[139] = 0.398747, lambdas[139] = 0.205456
etas[140] = 0.774578, lambdas[140] = 0.206810
etas[141] = -4.461542, lambdas[141] = 0.207850
etas[142] = 2.464455, lambdas[142] = 0.208133
etas[143] = 0.277546, lambdas[143] = 0.208793
etas[144] = 0.322489, lambdas[144] = 0.209723
etas[145] = 5.312515, lambdas[145] = 0.210443
etas[146] = 1.506597, lambdas[146] = 0.211798
etas[147] = -0.823045, lambdas[147] = 0.212010
etas[148] = -0.992972, lambdas[148] = 0.213270
etas[149] = -3.098112, lambdas[149] = 0.213431
etas[150] = 0.802934, lambdas[150] = 0.214188
etas[151] = 1.710717, lambdas[151] = 0.214885
etas[152] = 0.743807, lambdas[152] = 0.215261
etas[153] = 0.413671, lambdas[153] = 0.215714
etas[154] = 0.757175, lambdas[154] = 0.216351
etas[155] = -1.351079, lambdas[155] = 0.217026
etas[156] = 2.870368, lambdas[156] = 0.217725
etas[157] = -0.259832, lambdas[157] = 0.217936
etas[158] = 5.474040, lambdas[158] = 0.219248
etas[159] = -4.743185, lambdas[159] = 0.219531
etas[160] = 1.767874, lambdas[160] = 0.220163
etas[161] = -0.556473, lambdas[161] = 0.221336
etas[162] = 4.936806, lambdas[162] = 0.222152
etas[163] = -3.483047, lambdas[163] = 0.222617
etas[164] = -6.327111, lambdas[164] = 0.223421
etas[165] = -0.478360, lambdas[165] = 0.225437
etas[166] = -0.057355, lambdas[166] = 0.225714
etas[167] = 1.417754, lambdas[167] = 0.226209
etas[168] = -4.068567, lambdas[168] = 0.226629
etas[169] = -1.760792, lambdas[169] = 0.227844
etas[170] = 0.789669, lambdas[170] = 0.228030
etas[171] = -0.793591, lambdas[171] = 0.228991
etas[172] = 1.763500, lambdas[172] = 0.229861
etas[173] = -4.813276, lambdas[173] = 0.230019
etas[174] = -2.442632, lambdas[174] = 0.230429
etas[175] = -7.638315, lambdas[175] = 0.231486
etas[176] = 11.671431, lambdas[176] = 0.232316
etas[177] = 2.313984, lambdas[177] = 0.232837
etas[178] = -5.694409, lambdas[178] = 0.233382
etas[179] = 2.511753, lambdas[179] = 0.234623
etas[180] = 1.283008, lambdas[180] = 0.235111
etas[181] = -1.932450, lambdas[181] = 0.236181
etas[182] = -8.017437, lambdas[182] = 0.237268
etas[183] = -0.102970, lambdas[183] = 0.237927
etas[184] = 4.920489, lambdas[184] = 0.239399
etas[185] = -0.530627, lambdas[185] = 0.240270
etas[186] = 1.765485, lambdas[186] = 0.240866
etas[187] = 0.630406, lambdas[187] = 0.241531
etas[188] = -1.868095, lambdas[188] = 0.241740
etas[189] = 0.749830, lambdas[189] = 0.242285
etas[190] = -2.913118, lambdas[190] = 0.243888
etas[191] = 1.999365, lambdas[191] = 0.244306
etas[192] = -6.153744, lambdas[192] = 0.245445
etas[193] = 1.797175, lambdas[193] = 0.245741
etas[194] = -1.117946, lambdas[194] = 0.246359
etas[195] = -3.842807, lambdas[195] = 0.247403
etas[196] = -2.924096, lambdas[196] = 0.247969
etas[197] = 0.427884, lambdas[197] = 0.248543
etas[198] = 0.095267, lambdas[198] = 0.249399
etas[199] = 1.275560, lambdas[199] = 0.250800
etas[200] = -3.412384, lambdas[200] = 0.250968
etas[201] = -4.034749, lambdas[201] = 0.253536
etas[202] = -1.703764, lambdas[202] = 0.253958
etas[203] = 1.658887, lambdas[203] = 0.254510
etas[204] = -10.220388, lambdas[204] = 0.255382
etas[205] = 5.494768, lambdas[205] = 0.255872
etas[206] = 7.772918, lambdas[206] = 0.257699
etas[207] = -9.297736, lambdas[207] = 0.258364
etas[208] = 1.053854, lambdas[208] = 0.258540
etas[209] = -0.521232, lambdas[209] = 0.258674
etas[210] = -1.262228, lambdas[210] = 0.259939
etas[211] = 2.921727, lambdas[211] = 0.260651
etas[212] = -9.202770, lambdas[212] = 0.262412
etas[213] = 2.443718, lambdas[213] = 0.263088
etas[214] = 8.726795, lambdas[214] = 0.263368
etas[215] = 4.670809, lambdas[215] = 0.264206
etas[216] = 2.902299, lambdas[216] = 0.265379
etas[217] = -4.980655, lambdas[217] = 0.266000
etas[218] = -0.202164, lambdas[218] = 0.267101
etas[219] = -7.599452, lambdas[219] = 0.268308
etas[220] = -5.679976, lambdas[220] = 0.269961
etas[221] = 1.455179, lambdas[221] = 0.271996
etas[222] = 5.955788, lambdas[222] = 0.272823
etas[223] = -3.984460, lambdas[223] = 0.274249
etas[224] = -3.882632, lambdas[224] = 0.277375
etas[225] = -3.577947, lambdas[225] = 0.279878
etas[226] = 5.041574, lambdas[226] = 0.281303
etas[227] = -0.103661, lambdas[227] = 0.283252
etas[228] = 4.272018, lambdas[228] = 0.284223
etas[229] = 4.719199, lambdas[229] = 0.286483
etas[230] = 1.629965, lambdas[230] = 0.286712
etas[231] = 5.552562, lambdas[231] = 0.287982
etas[232] = -2.929931, lambdas[232] = 0.290709
etas[233] = -2.260365, lambdas[233] = 0.291860
etas[234] = 0.526742, lambdas[234] = 0.293104
etas[235] = 5.522309, lambdas[235] = 0.296449
etas[236] = 0.960222, lambdas[236] = 0.300204
etas[237] = 2.512235, lambdas[237] = 0.301460
etas[238] = 0.656736, lambdas[238] = 0.304127
etas[239] = 2.193667, lambdas[239] = 0.308275
etas[240] = -6.912303, lambdas[240] = 0.318906
etas[241] = -6.028674, lambdas[241] = 0.323747
etas[242] = 0.850043, lambdas[242] = 0.329576
etas[243] = -4.081048, lambdas[243] = 0.332698
etas[244] = 2.255013, lambdas[244] = 0.337250
etas[245] = 4.461495, lambdas[245] = 0.339017
etas[246] = -4.449657, lambdas[246] = 0.344938
etas[247] = 6.208220, lambdas[247] = 0.352185
etas[248] = 9.632295, lambdas[248] = 0.360293
etas[249] = 0.579575, lambdas[249] = 0.364911
etas[250] = 2.928798, lambdas[250] = 0.394018
etas[251] = 2.607931, lambdas[251] = 0.405424
etas[252] = 13.337632, lambdas[252] = 0.409919
etas[253] = -1.918302, lambdas[253] = 0.418072
etas[254] = -5.495124, lambdas[254] = 0.428067
etas[255] = 2.341466, lambdas[255] = 0.435619
etas[256] = 4.555701, lambdas[256] = 0.444578
etas[257] = -0.860808, lambdas[257] = 0.449100
etas[258] = -0.099533, lambdas[258] = 0.471785
etas[259] = 3.984669, lambdas[259] = 0.482780
etas[260] = 2.592109, lambdas[260] = 0.492819
etas[261] = -5.843239, lambdas[261] = 0.500138
etas[262] = -5.627549, lambdas[262] = 0.520015
etas[263] = 1.650061, lambdas[263] = 0.561484
etas[264] = 7.343503, lambdas[264] = 0.577673
etas[265] = 5.924303, lambdas[265] = 0.588087
etas[266] = -8.891479, lambdas[266] = 0.606624
etas[267] = 4.992493, lambdas[267] = 0.618419
etas[268] = 2.117357, lambdas[268] = 0.639070
etas[269] = -2.159380, lambdas[269] = 0.652907
etas[270] = -5.239573, lambdas[270] = 0.654558
etas[271] = 5.544379, lambdas[271] = 0.723729
etas[272] = 1.451266, lambdas[272] = 0.742661
etas[273] = 5.039124, lambdas[273] = 0.756608
etas[274] = 14.343635, lambdas[274] = 0.849418
etas[275] = -1.178197, lambdas[275] = 0.854692
etas[276] = -11.303962, lambdas[276] = 0.903185
etas[277] = 4.999759, lambdas[277] = 1.010423
etas[278] = 1.650346, lambdas[278] = 1.018775
etas[279] = 0.362685, lambdas[279] = 1.107859
etas[280] = 14.298033, lambdas[280] = 1.152556
etas[281] = -0.800198, lambdas[281] = 1.284842
etas[282] = -4.455986, lambdas[282] = 1.454124
etas[283] = 2.069799, lambdas[283] = 1.572837
etas[284] = 0.608628, lambdas[284] = 194.917766
0	-112.489007	-112.551652	-731.146442
1	-112.551652	-112.628056	-731.147573
2	-112.628056	-112.721210	-731.148955
3	-112.721210	-112.834740	-731.150645
4	-112.834740	-112.973038	-731.152710
5	-112.973038	-113.141407	-731.155236
6	-113.141407	-113.346239	-731.158325
7	-113.346239	-113.595211	-731.162104
8	-113.595211	-113.897510	-731.166729
9	-113.897510	-114.264078	-731.172392
10	-114.264078	-114.707866	-731.179330
11	-114.707866	-115.244090	-731.187833
12	-115.244090	-115.890459	-731.198263
13	-115.890459	-116.667322	-731.211068
14	-116.667322	-117.597698	-731.226805
15	-117.597698	-118.707067	-731.246166
16	-118.707067	-120.022816	-731.270021
17	-120.022816	-121.573164	-731.299457
18	-121.573164	-123.385340	-731.335841
19	-123.385340	-125.482771	-731.380901
20	-125.482771	-127.881013	-731.436816
21	-127.881013	-130.582172	-731.506348
22	-130.582172	-133.567738	-731.592986
23	-133.567738	-136.789984	-731.701141
24	-136.789984	-140.162542	-731.836354
25	-140.162542	-143.551397	-732.005546
26	-143.551397	-146.768299	-732.217261
27	-146.768299	-149.569271	-732.481896
28	-149.569271	-151.661220	-732.811853
29	-151.661220	-152.719226	-733.221552
30	-152.719226	-152.415503	-733.727224
31	-152.415503	-150.458355	-734.346397
32	-150.458355	-146.636001	-735.097029
33	-146.636001	-140.857108	-735.996263
34	-140.857108	-133.178500	-737.058890
35	-133.178500	-123.812010	-738.295671
36	-123.812010	-113.106761	-739.711762
37	-113.106761	-101.509327	-741.305505
38	-101.509327	-89.509869	-743.067830
39	-89.509869	-77.585559	-744.982404
40	-77.585559	-66.152306	-747.026523
41	-66.152306	-55.532438	-749.172592
42	-55.532438	-45.941141	-751.389936
43	-45.941141	-37.489897	-753.646647
44	-37.489897	-30.202079	-755.911213
45	-30.202079	-24.034762	-758.153749
46	-24.034762	-18.901424	-760.346819
47	-18.901424	-14.691749	-762.465888
48	-14.691749	-11.286706	-764.489550
49	-11.286706	-8.568645	-766.399672
50	-8.568645	-6.427232	-768.181541
51	-6.427232	-4.762417	-769.824043
52	-4.762417	-3.485596	-771.319827
53	-3.485596	-2.519802	-772.665390
54	-2.519802	-1.799376	-773.860985
55	-1.799376	-1.269367	-774.910334
56	-1.269367	-0.884697	-775.820140
57	-0.884697	-0.609162	-776.599451
58	-0.609162	-0.414287	-777.258957
59	-0.414287	-0.278140	-777.810304
60	-0.278140	-0.184153	-778.265466
61	-0.184153	-0.120036	-778.636244
62	-0.120036	-0.076823	-778.933888
63	-0.076823	-0.048070	-779.168846
64	-0.048070	-0.029208	-779.350619
65	-0.029208	-0.017038	-779.487709
66	-0.017038	-0.009341	-779.587626
67	-0.009341	-0.004599	-779.656939
68	-0.004599	-0.001780	-779.701350
69	-0.001780	-0.000190	-779.725784
70	-0.000190	0.000631	-779.734474
71	0.000631	0.000987	-779.731043
72	0.000987	0.001073	-779.718574
73	0.001073	0.001014	-779.699677
74	0.001014	0.000886	-779.676532
75	0.000886	0.000737	-779.650935
76	0.000737	0.000590	-779.624332
77	0.000590	0.000459	-779.597852
78	0.000459	0.000349	-779.572340
79	0.000349	0.000260	-779.548388
80	0.000260	0.000190	-779.526377
81	0.000190	0.000138	-779.506508
82	0.000138	0.000098	-779.488843
83	0.000098	0.000070	-779.473340
84	0.000070	0.000049	-779.459886
85	0.000049	0.000034	-779.448318
86	0.000034	0.000023	-779.438453
87	0.000023	0.000016	-779.430097
88	0.000016	0.000011	-779.423060
89	0.000011	0.000008	-779.417162
90	0.000008	0.000005	-779.412238
91	0.000005	0.000003	-779.408142
92	0.000003	0.000002	-779.404744
93	0.000002	0.000002	-779.401931
94	0.000002	0.000001	-779.399607
95	0.000001	0.000001	-779.397691
96	0.000001	0.000000	-779.396112
97	0.000000	0.000000	-779.394813
98	0.000000	0.000000	-779.393746
99	0.000000	0.000000	-779.392868
REMLE (delta=0.000045, REML=-731.146442, REML0=-779.388873)- elapsed CPU time is 0.014979
eigen_L - elapsed CPU time is 0.047558


Reading TPED file /mnt/data/shahar/gwas_barley/morexV3_analysis/barley_for_publication_project/01_USED_GWAS_V2_pipeline/intermediates/morexV3_gwas_genotypes...

Reading 0-th SNP and testing association....

Reading 10000-th SNP and testing association....

Reading 20000-th SNP and testing association....

Reading 30000-th SNP and testing association....

Reading 40000-th SNP and testing association....

Reading 50000-th SNP and testing association....

Reading 60000-th SNP and testing association....

Reading 70000-th SNP and testing association....

Reading 80000-th SNP and testing association....

Reading 90000-th SNP and testing association....

Reading 100000-th SNP and testing association....

Reading 110000-th SNP and testing association....

Reading 120000-th SNP and testing association....

Reading 130000-th SNP and testing association....

Reading 140000-th SNP and testing association....

Reading 150000-th SNP and testing association....

Reading 160000-th SNP and testing association....

Reading 170000-th SNP and testing association....

Reading 180000-th SNP and testing association....

Reading 190000-th SNP and testing association....

Reading 200000-th SNP and testing association....

Reading 210000-th SNP and testing association....

Reading 220000-th SNP and testing association....

Reading 230000-th SNP and testing association....

Reading 240000-th SNP and testing association....

Reading 250000-th SNP and testing association....

Reading 260000-th SNP and testing association....

Reading 270000-th SNP and testing association....

Reading 280000-th SNP and testing association....

Reading 290000-th SNP and testing association....

Reading 300000-th SNP and testing association....

Reading 310000-th SNP and testing association....

Reading 320000-th SNP and testing association....

Reading 330000-th SNP and testing association....

Reading 340000-th SNP and testing association....

Reading 350000-th SNP and testing association....

Reading 360000-th SNP and testing association....

Reading 370000-th SNP and testing association....

Reading 380000-th SNP and testing association....

Reading 390000-th SNP and testing association....

Reading 400000-th SNP and testing association....

Reading 410000-th SNP and testing association....

Reading 420000-th SNP and testing association....

Reading 430000-th SNP and testing association....

Reading 440000-th SNP and testing association....

Reading 450000-th SNP and testing association....

Reading 460000-th SNP and testing association....

Reading 470000-th SNP and testing association....

Reading 480000-th SNP and testing association....

Reading 490000-th SNP and testing association....

Reading 500000-th SNP and testing association....

Reading 510000-th SNP and testing association....

Reading 520000-th SNP and testing association....

Reading 530000-th SNP and testing association....

Reading 540000-th SNP and testing association....

Reading 550000-th SNP and testing association....

Reading 560000-th SNP and testing association....

Reading 570000-th SNP and testing association....

Reading 580000-th SNP and testing association....

Reading 590000-th SNP and testing association....

Reading 600000-th SNP and testing association....

Reading 610000-th SNP and testing association....

Reading 620000-th SNP and testing association....

Reading 630000-th SNP and testing association....

Reading 640000-th SNP and testing association....

Reading 650000-th SNP and testing association....

Reading 660000-th SNP and testing association....

Reading 670000-th SNP and testing association....

Reading 680000-th SNP and testing association....

Reading 690000-th SNP and testing association....

Reading 700000-th SNP and testing association....

Reading 710000-th SNP and testing association....

Reading 720000-th SNP and testing association....

Reading 730000-th SNP and testing association....

Reading 740000-th SNP and testing association....

Reading 750000-th SNP and testing association....

Reading 760000-th SNP and testing association....

Reading 770000-th SNP and testing association....

Reading 780000-th SNP and testing association....

Reading 790000-th SNP and testing association....

Reading 800000-th SNP and testing association....

Reading 810000-th SNP and testing association....

Reading 820000-th SNP and testing association....

Reading 830000-th SNP and testing association....

Reading 840000-th SNP and testing association....

Reading 850000-th SNP and testing association....

Reading 860000-th SNP and testing association....

Reading 870000-th SNP and testing association....

Reading 880000-th SNP and testing association....

Reading 890000-th SNP and testing association....

Reading 900000-th SNP and testing association....

Reading 910000-th SNP and testing association....

Reading 920000-th SNP and testing association....

Reading 930000-th SNP and testing association....

Reading 940000-th SNP and testing association....

Reading 950000-th SNP and testing association....

Reading 960000-th SNP and testing association....

Reading 970000-th SNP and testing association....

Reading 980000-th SNP and testing association....

Reading 990000-th SNP and testing association....

Reading 1000000-th SNP and testing association....

Reading 1010000-th SNP and testing association....

Reading 1020000-th SNP and testing association....

Reading 1030000-th SNP and testing association....

Reading 1040000-th SNP and testing association....

Reading 1050000-th SNP and testing association....

Reading 1060000-th SNP and testing association....

Reading 1070000-th SNP and testing association....

Reading 1080000-th SNP and testing association....

Reading 1090000-th SNP and testing association....

Reading 1100000-th SNP and testing association....

Reading 1110000-th SNP and testing association....

Reading 1120000-th SNP and testing association....

Reading 1130000-th SNP and testing association....

Reading 1140000-th SNP and testing association....

Reading 1150000-th SNP and testing association....

Reading 1160000-th SNP and testing association....

Reading 1170000-th SNP and testing association....

Reading 1180000-th SNP and testing association....

Reading 1190000-th SNP and testing association....

Reading 1200000-th SNP and testing association....

Reading 1210000-th SNP and testing association....

Reading 1220000-th SNP and testing association....

Reading 1230000-th SNP and testing association....

Reading 1240000-th SNP and testing association....

Reading 1250000-th SNP and testing association....

Reading 1260000-th SNP and testing association....

Reading 1270000-th SNP and testing association....

Reading 1280000-th SNP and testing association....

Reading 1290000-th SNP and testing association....

Reading 1300000-th SNP and testing association....

Reading 1310000-th SNP and testing association....

Reading 1320000-th SNP and testing association....

Reading 1330000-th SNP and testing association....

Reading 1340000-th SNP and testing association....

Reading 1350000-th SNP and testing association....

Reading 1360000-th SNP and testing association....

Reading 1370000-th SNP and testing association....

Reading 1380000-th SNP and testing association....

Reading 1390000-th SNP and testing association....

Reading 1400000-th SNP and testing association....

Reading 1410000-th SNP and testing association....

Reading 1420000-th SNP and testing association....

Reading 1430000-th SNP and testing association....

Reading 1440000-th SNP and testing association....

Reading 1450000-th SNP and testing association....

Reading 1460000-th SNP and testing association....

Reading 1470000-th SNP and testing association....

Reading 1480000-th SNP and testing association....

Reading 1490000-th SNP and testing association....

Reading 1500000-th SNP and testing association....

Reading 1510000-th SNP and testing association....

Reading 1520000-th SNP and testing association....

Reading 1530000-th SNP and testing association....

Reading 1540000-th SNP and testing association....

Reading 1550000-th SNP and testing association....

Reading 1560000-th SNP and testing association....

Reading 1570000-th SNP and testing association....

Reading 1580000-th SNP and testing association....

Reading 1590000-th SNP and testing association....

Reading 1600000-th SNP and testing association....

Reading 1610000-th SNP and testing association....

Reading 1620000-th SNP and testing association....

Reading 1630000-th SNP and testing association....

Reading 1640000-th SNP and testing association....

Reading 1650000-th SNP and testing association....

Reading 1660000-th SNP and testing association....

Reading 1670000-th SNP and testing association....

Reading 1680000-th SNP and testing association....

Reading 1690000-th SNP and testing association....

Reading 1700000-th SNP and testing association....

Reading 1710000-th SNP and testing association....

Reading 1720000-th SNP and testing association....

Reading 1730000-th SNP and testing association....

Reading 1740000-th SNP and testing association....

Reading 1750000-th SNP and testing association....

Reading 1760000-th SNP and testing association....

Reading 1770000-th SNP and testing association....

Reading 1780000-th SNP and testing association....

Reading 1790000-th SNP and testing association....

Reading 1800000-th SNP and testing association....

Reading 1810000-th SNP and testing association....

Reading 1820000-th SNP and testing association....

Reading 1830000-th SNP and testing association....

Reading 1840000-th SNP and testing association....

Reading 1850000-th SNP and testing association....

Reading 1860000-th SNP and testing association....

Reading 1870000-th SNP and testing association....

Reading 1880000-th SNP and testing association....

Reading 1890000-th SNP and testing association....

Reading 1900000-th SNP and testing association....

Reading 1910000-th SNP and testing association....

Reading 1920000-th SNP and testing association....

Reading 1930000-th SNP and testing association....

Reading 1940000-th SNP and testing association....

Reading 1950000-th SNP and testing association....

Reading 1960000-th SNP and testing association....

Reading 1970000-th SNP and testing association....

Reading 1980000-th SNP and testing association....

Reading 1990000-th SNP and testing association....

Reading 2000000-th SNP and testing association....

Reading 2010000-th SNP and testing association....

Reading 2020000-th SNP and testing association....

Reading 2030000-th SNP and testing association....

Reading 2040000-th SNP and testing association....

Reading 2050000-th SNP and testing association....

Reading 2060000-th SNP and testing association....

Reading 2070000-th SNP and testing association....

Reading 2080000-th SNP and testing association....

Reading 2090000-th SNP and testing association....

Reading 2100000-th SNP and testing association....

Reading 2110000-th SNP and testing association....

Reading 2120000-th SNP and testing association....

Reading 2130000-th SNP and testing association....

Reading 2140000-th SNP and testing association....

Reading 2150000-th SNP and testing association....

Reading 2160000-th SNP and testing association....

Reading 2170000-th SNP and testing association....

Reading 2180000-th SNP and testing association....

Reading 2190000-th SNP and testing association....

Reading 2200000-th SNP and testing association....

Reading 2210000-th SNP and testing association....

Reading 2220000-th SNP and testing association....

Reading 2230000-th SNP and testing association....

Reading 2240000-th SNP and testing association....

Reading 2250000-th SNP and testing association....

Reading 2260000-th SNP and testing association....

Reading 2270000-th SNP and testing association....

Reading 2280000-th SNP and testing association....

Reading 2290000-th SNP and testing association....

Reading 2300000-th SNP and testing association....

Reading 2310000-th SNP and testing association....

Reading 2320000-th SNP and testing association....

Reading 2330000-th SNP and testing association....

Reading 2340000-th SNP and testing association....

Reading 2350000-th SNP and testing association....

Reading 2360000-th SNP and testing association....

Reading 2370000-th SNP and testing association....

Reading 2380000-th SNP and testing association....

Reading 2390000-th SNP and testing association....

Reading 2400000-th SNP and testing association....

Reading 2410000-th SNP and testing association....

Reading 2420000-th SNP and testing association....

Reading 2430000-th SNP and testing association....

Reading 2440000-th SNP and testing association....

Reading 2450000-th SNP and testing association....

Reading 2460000-th SNP and testing association....

Reading 2470000-th SNP and testing association....

Reading 2480000-th SNP and testing association....

Reading 2490000-th SNP and testing association....

Reading 2500000-th SNP and testing association....

Reading 2510000-th SNP and testing association....

Reading 2520000-th SNP and testing association....

Reading 2530000-th SNP and testing association....

Reading 2540000-th SNP and testing association....

Reading 2550000-th SNP and testing association....

Reading 2560000-th SNP and testing association....

Reading 2570000-th SNP and testing association....

Reading 2580000-th SNP and testing association....

Reading 2590000-th SNP and testing association....

Reading 2600000-th SNP and testing association....

Reading 2610000-th SNP and testing association....

Reading 2620000-th SNP and testing association....

Reading 2630000-th SNP and testing association....

Reading 2640000-th SNP and testing association....

Reading 2650000-th SNP and testing association....

Reading 2660000-th SNP and testing association....

Reading 2670000-th SNP and testing association....

Reading 2680000-th SNP and testing association....

Reading 2690000-th SNP and testing association....

Reading 2700000-th SNP and testing association....

Reading 2710000-th SNP and testing association....

Reading 2720000-th SNP and testing association....

Reading 2730000-th SNP and testing association....

Reading 2740000-th SNP and testing association....

Reading 2750000-th SNP and testing association....

Reading 2760000-th SNP and testing association....

Reading 2770000-th SNP and testing association....

Reading 2780000-th SNP and testing association....

Reading 2790000-th SNP and testing association....

Reading 2800000-th SNP and testing association....

Reading 2810000-th SNP and testing association....

Reading 2820000-th SNP and testing association....

Reading 2830000-th SNP and testing association....

Reading 2840000-th SNP and testing association....

Reading 2850000-th SNP and testing association....

Reading 2860000-th SNP and testing association....

Reading 2870000-th SNP and testing association....

Reading 2880000-th SNP and testing association....

Reading 2890000-th SNP and testing association....

Reading 2900000-th SNP and testing association....

Reading 2910000-th SNP and testing association....

Reading 2920000-th SNP and testing association....

Reading 2930000-th SNP and testing association....

Reading 2940000-th SNP and testing association....

Reading 2950000-th SNP and testing association....

Reading 2960000-th SNP and testing association....

Reading 2970000-th SNP and testing association....

Reading 2980000-th SNP and testing association....

Reading 2990000-th SNP and testing association....

Reading 3000000-th SNP and testing association....

Reading 3010000-th SNP and testing association....

Reading 3020000-th SNP and testing association....

Reading 3030000-th SNP and testing association....

Reading 3040000-th SNP and testing association....

Reading 3050000-th SNP and testing association....

Reading 3060000-th SNP and testing association....

Reading 3070000-th SNP and testing association....

Reading 3080000-th SNP and testing association....

Reading 3090000-th SNP and testing association....

Reading 3100000-th SNP and testing association....

Reading 3110000-th SNP and testing association....

Reading 3120000-th SNP and testing association....

Reading 3130000-th SNP and testing association....

Reading 3140000-th SNP and testing association....

Reading 3150000-th SNP and testing association....

Reading 3160000-th SNP and testing association....

Reading 3170000-th SNP and testing association....

Reading 3180000-th SNP and testing association....

Reading 3190000-th SNP and testing association....

Reading 3200000-th SNP and testing association....

Reading 3210000-th SNP and testing association....

Reading 3220000-th SNP and testing association....

Reading 3230000-th SNP and testing association....

Reading 3240000-th SNP and testing association....

Reading 3250000-th SNP and testing association....

Reading 3260000-th SNP and testing association....

Reading 3270000-th SNP and testing association....

Reading 3280000-th SNP and testing association....

Reading 3290000-th SNP and testing association....

Reading 3300000-th SNP and testing association....

Reading 3310000-th SNP and testing association....

Reading 3320000-th SNP and testing association....

Reading 3330000-th SNP and testing association....

Reading 3340000-th SNP and testing association....

Reading 3350000-th SNP and testing association....

Reading 3360000-th SNP and testing association....

Reading 3370000-th SNP and testing association....

Reading 3380000-th SNP and testing association....

Reading 3390000-th SNP and testing association....

Reading 3400000-th SNP and testing association....

Reading 3410000-th SNP and testing association....

Reading 3420000-th SNP and testing association....

Reading 3430000-th SNP and testing association....

Reading 3440000-th SNP and testing association....

Reading 3450000-th SNP and testing association....

Reading 3460000-th SNP and testing association....

Reading 3470000-th SNP and testing association....

Reading 3480000-th SNP and testing association....

Reading 3490000-th SNP and testing association....

Reading 3500000-th SNP and testing association....

Reading 3510000-th SNP and testing association....

Reading 3520000-th SNP and testing association....

Reading 3530000-th SNP and testing association....

Reading 3540000-th SNP and testing association....

Reading 3550000-th SNP and testing association....

Reading 3560000-th SNP and testing association....

Reading 3570000-th SNP and testing association....

Reading 3580000-th SNP and testing association....

Reading 3590000-th SNP and testing association....

Reading 3600000-th SNP and testing association....

Reading 3610000-th SNP and testing association....

Reading 3620000-th SNP and testing association....

Reading 3630000-th SNP and testing association....

Reading 3640000-th SNP and testing association....

Reading 3650000-th SNP and testing association....

Reading 3660000-th SNP and testing association....

Reading 3670000-th SNP and testing association....

Reading 3680000-th SNP and testing association....

Reading 3690000-th SNP and testing association....

Reading 3700000-th SNP and testing association....

Reading 3710000-th SNP and testing association....

Reading 3720000-th SNP and testing association....

Reading 3730000-th SNP and testing association....

Reading 3740000-th SNP and testing association....

Reading 3750000-th SNP and testing association....

Reading 3760000-th SNP and testing association....

Reading 3770000-th SNP and testing association....

Reading 3780000-th SNP and testing association....

Reading 3790000-th SNP and testing association....

Reading 3800000-th SNP and testing association....

Reading 3810000-th SNP and testing association....

Reading 3820000-th SNP and testing association....

Reading 3830000-th SNP and testing association....

Reading 3840000-th SNP and testing association....

Reading 3850000-th SNP and testing association....

Reading 3860000-th SNP and testing association....

Reading 3870000-th SNP and testing association....

Reading 3880000-th SNP and testing association....

Reading 3890000-th SNP and testing association....

Reading 3900000-th SNP and testing association....

Reading 3910000-th SNP and testing association....

Reading 3920000-th SNP and testing association....

Reading 3930000-th SNP and testing association....

Reading 3940000-th SNP and testing association....

Reading 3950000-th SNP and testing association....

Reading 3960000-th SNP and testing association....

Reading 3970000-th SNP and testing association....

Reading 3980000-th SNP and testing association....

Reading 3990000-th SNP and testing association....

Reading 4000000-th SNP and testing association....

Reading 4010000-th SNP and testing association....

Reading 4020000-th SNP and testing association....

Reading 4030000-th SNP and testing association....

Reading 4040000-th SNP and testing association....

Reading 4050000-th SNP and testing association....

Reading 4060000-th SNP and testing association....

Reading 4070000-th SNP and testing association....

Reading 4080000-th SNP and testing association....

Reading 4090000-th SNP and testing association....

Reading 4100000-th SNP and testing association....

Reading 4110000-th SNP and testing association....

Reading 4120000-th SNP and testing association....

Reading 4130000-th SNP and testing association....

Reading 4140000-th SNP and testing association....

Reading 4150000-th SNP and testing association....

Reading 4160000-th SNP and testing association....

Reading 4170000-th SNP and testing association....

Reading 4180000-th SNP and testing association....

Reading 4190000-th SNP and testing association....

Reading 4200000-th SNP and testing association....

Reading 4210000-th SNP and testing association....

Reading 4220000-th SNP and testing association....

Reading 4230000-th SNP and testing association....

Reading 4240000-th SNP and testing association....

Reading 4250000-th SNP and testing association....

Reading 4260000-th SNP and testing association....

Reading 4270000-th SNP and testing association....

Reading 4280000-th SNP and testing association....

Reading 4290000-th SNP and testing association....

Reading 4300000-th SNP and testing association....

Reading 4310000-th SNP and testing association....

Reading 4320000-th SNP and testing association....

Reading 4330000-th SNP and testing association....

Reading 4340000-th SNP and testing association....

Reading 4350000-th SNP and testing association....

Reading 4360000-th SNP and testing association....

Reading 4370000-th SNP and testing association....

Reading 4380000-th SNP and testing association....

Reading 4390000-th SNP and testing association....

Reading 4400000-th SNP and testing association....

Reading 4410000-th SNP and testing association....

Reading 4420000-th SNP and testing association....

Reading 4430000-th SNP and testing association....

Reading 4440000-th SNP and testing association....

Reading 4450000-th SNP and testing association....

Reading 4460000-th SNP and testing association....

Reading 4470000-th SNP and testing association....

Reading 4480000-th SNP and testing association....

Reading 4490000-th SNP and testing association....

Reading 4500000-th SNP and testing association....

Reading 4510000-th SNP and testing association....

Reading 4520000-th SNP and testing association....

Reading 4530000-th SNP and testing association....

Reading 4540000-th SNP and testing association....

Reading 4550000-th SNP and testing association....

Reading 4560000-th SNP and testing association....

Reading 4570000-th SNP and testing association....

Reading 4580000-th SNP and testing association....

Reading 4590000-th SNP and testing association....

Reading 4600000-th SNP and testing association....

Reading 4610000-th SNP and testing association....

Reading 4620000-th SNP and testing association....

Reading 4630000-th SNP and testing association....

Reading 4640000-th SNP and testing association....

Reading 4650000-th SNP and testing association....

Reading 4660000-th SNP and testing association....

Reading 4670000-th SNP and testing association....

Reading 4680000-th SNP and testing association....

Reading 4690000-th SNP and testing association....

Reading 4700000-th SNP and testing association....

Reading 4710000-th SNP and testing association....

Reading 4720000-th SNP and testing association....

Reading 4730000-th SNP and testing association....

Reading 4740000-th SNP and testing association....

Reading 4750000-th SNP and testing association....

Reading 4760000-th SNP and testing association....

Reading 4770000-th SNP and testing association....

Reading 4780000-th SNP and testing association....

Reading 4790000-th SNP and testing association....

Reading 4800000-th SNP and testing association....

Reading 4810000-th SNP and testing association....

Reading 4820000-th SNP and testing association....

Reading 4830000-th SNP and testing association....

Reading 4840000-th SNP and testing association....

Reading 4850000-th SNP and testing association....

Reading 4860000-th SNP and testing association....

Reading 4870000-th SNP and testing association....

Reading 4880000-th SNP and testing association....

Reading 4890000-th SNP and testing association....

Reading 4900000-th SNP and testing association....

Reading 4910000-th SNP and testing association....

Reading 4920000-th SNP and testing association....

Reading 4930000-th SNP and testing association....

Reading 4940000-th SNP and testing association....

Reading 4950000-th SNP and testing association....

Reading 4960000-th SNP and testing association....

Reading 4970000-th SNP and testing association....

Reading 4980000-th SNP and testing association....

Reading 4990000-th SNP and testing association....

Reading 5000000-th SNP and testing association....

Reading 5010000-th SNP and testing association....

Reading 5020000-th SNP and testing association....

Reading 5030000-th SNP and testing association....

Reading 5040000-th SNP and testing association....

Reading 5050000-th SNP and testing association....

Reading 5060000-th SNP and testing association....

Reading 5070000-th SNP and testing association....

Reading 5080000-th SNP and testing association....

Reading 5090000-th SNP and testing association....

Reading 5100000-th SNP and testing association....

Reading 5110000-th SNP and testing association....

Reading 5120000-th SNP and testing association....

Reading 5130000-th SNP and testing association....

Reading 5140000-th SNP and testing association....

Reading 5150000-th SNP and testing association....

Reading 5160000-th SNP and testing association....

Reading 5170000-th SNP and testing association....

Reading 5180000-th SNP and testing association....

Reading 5190000-th SNP and testing association....

Reading 5200000-th SNP and testing association....

Reading 5210000-th SNP and testing association....

Reading 5220000-th SNP and testing association....

Reading 5230000-th SNP and testing association....

Reading 5240000-th SNP and testing association....

Reading 5250000-th SNP and testing association....

Reading 5260000-th SNP and testing association....

Reading 5270000-th SNP and testing association....

Reading 5280000-th SNP and testing association....

Reading 5290000-th SNP and testing association....

Reading 5300000-th SNP and testing association....

Reading 5310000-th SNP and testing association....

Reading 5320000-th SNP and testing association....

Reading 5330000-th SNP and testing association....

Reading 5340000-th SNP and testing association....

Reading 5350000-th SNP and testing association....

Reading 5360000-th SNP and testing association....

Reading 5370000-th SNP and testing association....

Reading 5380000-th SNP and testing association....

Reading 5390000-th SNP and testing association....

Reading 5400000-th SNP and testing association....

Reading 5410000-th SNP and testing association....

Reading 5420000-th SNP and testing association....

Reading 5430000-th SNP and testing association....

Reading 5440000-th SNP and testing association....

Reading 5450000-th SNP and testing association....

Reading 5460000-th SNP and testing association....

Reading 5470000-th SNP and testing association....

Reading 5480000-th SNP and testing association....

Reading 5490000-th SNP and testing association....

Reading 5500000-th SNP and testing association....

Reading 5510000-th SNP and testing association....

Reading 5520000-th SNP and testing association....

Reading 5530000-th SNP and testing association....

Reading 5540000-th SNP and testing association....

Reading 5550000-th SNP and testing association....

Reading 5560000-th SNP and testing association....

Reading 5570000-th SNP and testing association....

Reading 5580000-th SNP and testing association....

Reading 5590000-th SNP and testing association....

Reading 5600000-th SNP and testing association....

Reading 5610000-th SNP and testing association....

Reading 5620000-th SNP and testing association....

Reading 5630000-th SNP and testing association....

Reading 5640000-th SNP and testing association....

Reading 5650000-th SNP and testing association....

Reading 5660000-th SNP and testing association....

Reading 5670000-th SNP and testing association....

Reading 5680000-th SNP and testing association....

Reading 5690000-th SNP and testing association....

Reading 5700000-th SNP and testing association....

Reading 5710000-th SNP and testing association....

Reading 5720000-th SNP and testing association....

Reading 5730000-th SNP and testing association....

Reading 5740000-th SNP and testing association....

Reading 5750000-th SNP and testing association....

Reading 5760000-th SNP and testing association....

Reading 5770000-th SNP and testing association....

Reading 5780000-th SNP and testing association....

Reading 5790000-th SNP and testing association....

Reading 5800000-th SNP and testing association....

Reading 5810000-th SNP and testing association....

Reading 5820000-th SNP and testing association....

Reading 5830000-th SNP and testing association....

Reading 5840000-th SNP and testing association....

Reading 5850000-th SNP and testing association....

Reading 5860000-th SNP and testing association....

Reading 5870000-th SNP and testing association....

Reading 5880000-th SNP and testing association....

Reading 5890000-th SNP and testing association....

Reading 5900000-th SNP and testing association....

Reading 5910000-th SNP and testing association....

Reading 5920000-th SNP and testing association....

Reading 5930000-th SNP and testing association....

Reading 5940000-th SNP and testing association....

Reading 5950000-th SNP and testing association....

Reading 5960000-th SNP and testing association....

Reading 5970000-th SNP and testing association....

Reading 5980000-th SNP and testing association....

Reading 5990000-th SNP and testing association....

Reading 6000000-th SNP and testing association....

Reading 6010000-th SNP and testing association....

Reading 6020000-th SNP and testing association....

Reading 6030000-th SNP and testing association....

Reading 6040000-th SNP and testing association....

Reading 6050000-th SNP and testing association....

Reading 6060000-th SNP and testing association....

Reading 6070000-th SNP and testing association....

Reading 6080000-th SNP and testing association....

Reading 6090000-th SNP and testing association....

Reading 6100000-th SNP and testing association....

Reading 6110000-th SNP and testing association....

Reading 6120000-th SNP and testing association....

Reading 6130000-th SNP and testing association....

Reading 6140000-th SNP and testing association....

Reading 6150000-th SNP and testing association....

Reading 6160000-th SNP and testing association....

Reading 6170000-th SNP and testing association....

Reading 6180000-th SNP and testing association....

Reading 6190000-th SNP and testing association....

Reading 6200000-th SNP and testing association....

Reading 6210000-th SNP and testing association....

Reading 6220000-th SNP and testing association....

Reading 6230000-th SNP and testing association....

Reading 6240000-th SNP and testing association....

Reading 6250000-th SNP and testing association....

Reading 6260000-th SNP and testing association....

Reading 6270000-th SNP and testing association....

Reading 6280000-th SNP and testing association....

Reading 6290000-th SNP and testing association....

Reading 6300000-th SNP and testing association....

Reading 6310000-th SNP and testing association....

Reading 6320000-th SNP and testing association....

Reading 6330000-th SNP and testing association....

Reading 6340000-th SNP and testing association....

Reading 6350000-th SNP and testing association....

Reading 6360000-th SNP and testing association....

Reading 6370000-th SNP and testing association....

Reading 6380000-th SNP and testing association....

Reading 6390000-th SNP and testing association....

Reading 6400000-th SNP and testing association....

Reading 6410000-th SNP and testing association....

Reading 6420000-th SNP and testing association....

Reading 6430000-th SNP and testing association....

Reading 6440000-th SNP and testing association....

Reading 6450000-th SNP and testing association....

Reading 6460000-th SNP and testing association....

Reading 6470000-th SNP and testing association....

Reading 6480000-th SNP and testing association....

Reading 6490000-th SNP and testing association....

Reading 6500000-th SNP and testing association....

Reading 6510000-th SNP and testing association....

Reading 6520000-th SNP and testing association....

Reading 6530000-th SNP and testing association....

Reading 6540000-th SNP and testing association....

Reading 6550000-th SNP and testing association....

Reading 6560000-th SNP and testing association....

Reading 6570000-th SNP and testing association....

Reading 6580000-th SNP and testing association....

Reading 6590000-th SNP and testing association....

Reading 6600000-th SNP and testing association....

Reading 6610000-th SNP and testing association....

Reading 6620000-th SNP and testing association....

Reading 6630000-th SNP and testing association....

Reading 6640000-th SNP and testing association....

Reading 6650000-th SNP and testing association....

Reading 6660000-th SNP and testing association....

Reading 6670000-th SNP and testing association....

Reading 6680000-th SNP and testing association....

Reading 6690000-th SNP and testing association....

Reading 6700000-th SNP and testing association....

Reading 6710000-th SNP and testing association....

Reading 6720000-th SNP and testing association....

Reading 6730000-th SNP and testing association....

Reading 6740000-th SNP and testing association....

Reading 6750000-th SNP and testing association....

Reading 6760000-th SNP and testing association....

Reading 6770000-th SNP and testing association....

Reading 6780000-th SNP and testing association....

Reading 6790000-th SNP and testing association....

Reading 6800000-th SNP and testing association....

Reading 6810000-th SNP and testing association....

Reading 6820000-th SNP and testing association....

Reading 6830000-th SNP and testing association....

Reading 6840000-th SNP and testing association....

Reading 6850000-th SNP and testing association....

Reading 6860000-th SNP and testing association....

Reading 6870000-th SNP and testing association....

Reading 6880000-th SNP and testing association....

Reading 6890000-th SNP and testing association....

Reading 6900000-th SNP and testing association....

Reading 6910000-th SNP and testing association....

Reading 6920000-th SNP and testing association....

Reading 6930000-th SNP and testing association....

Reading 6940000-th SNP and testing association....

Reading 6950000-th SNP and testing association....

Reading 6960000-th SNP and testing association....

Reading 6970000-th SNP and testing association....

Reading 6980000-th SNP and testing association....

Reading 6990000-th SNP and testing association....

Reading 7000000-th SNP and testing association....

Reading 7010000-th SNP and testing association....

Reading 7020000-th SNP and testing association....

Reading 7030000-th SNP and testing association....

Reading 7040000-th SNP and testing association....

Reading 7050000-th SNP and testing association....

Reading 7060000-th SNP and testing association....

Reading 7070000-th SNP and testing association....

Reading 7080000-th SNP and testing association....

Reading 7090000-th SNP and testing association....

Reading 7100000-th SNP and testing association....

Reading 7110000-th SNP and testing association....

GLS association - elapsed CPU time is 1204.649293

Breakdown for input file parsing : 623.609358

              matrix computation : 283.643284

             p-value computation : 77.553175

