
Reading TFAM file /mnt/data/shahar/gwas_barley/morexV3_analysis/barley_for_publication_project/01_USED_GWAS_V2_pipeline/intermediates/morexV3_gwas_genotypes.tfam ....


Reading kinship file /mnt/data/shahar/gwas_barley/morexV3_analysis/barley_for_publication_project/01_USED_GWAS_V2_pipeline/intermediates/morexV3_kinship.aIBS.kinf...

  290 rows and 290 columns were observed with 0 missing values.


Reading the phenotype file /mnt/data/shahar/gwas_barley/data/inputs/protein_corrected_V3.pheno...

  290 rows and 1 columns were observed with 0 missing values


Reading covariate file /mnt/data/shahar/gwas_barley/morexV3_analysis/barley_for_publication_project/01_USED_GWAS_V2_pipeline/intermediates/covariates/pca_pc3.cov...

  290 rows and 3 columns were observed with 0 missing values. Make sure that the intercept is included in the covariates

File reading - elapsed CPU time is 0.019143

eRvals[0] = 0.024260, eRvals[n-q-1] = 194.919044, eRvals[n-q] = 0.000000
eigen_R - elapsed CPU time is 0.087935
etas[0] = 0.193633, lambdas[0] = 0.024260
etas[1] = -0.423998, lambdas[1] = 0.028012
etas[2] = 0.653692, lambdas[2] = 0.029349
etas[3] = -0.693414, lambdas[3] = 0.029685
etas[4] = -1.374400, lambdas[4] = 0.030250
etas[5] = 0.862099, lambdas[5] = 0.031062
etas[6] = -0.214427, lambdas[6] = 0.032120
etas[7] = 0.802005, lambdas[7] = 0.032463
etas[8] = -0.737351, lambdas[8] = 0.032705
etas[9] = 0.190437, lambdas[9] = 0.033161
etas[10] = 0.655858, lambdas[10] = 0.033914
etas[11] = -0.303117, lambdas[11] = 0.034581
etas[12] = -0.226627, lambdas[12] = 0.034932
etas[13] = 0.320130, lambdas[13] = 0.035258
etas[14] = -0.734702, lambdas[14] = 0.035632
etas[15] = -0.229308, lambdas[15] = 0.037092
etas[16] = 0.685062, lambdas[16] = 0.037619
etas[17] = 0.088005, lambdas[17] = 0.038082
etas[18] = 0.077348, lambdas[18] = 0.038669
etas[19] = 0.708297, lambdas[19] = 0.039170
etas[20] = -0.625494, lambdas[20] = 0.039653
etas[21] = 0.059969, lambdas[21] = 0.040239
etas[22] = 0.594189, lambdas[22] = 0.040520
etas[23] = -0.221245, lambdas[23] = 0.041180
etas[24] = 0.584804, lambdas[24] = 0.041463
etas[25] = -0.174284, lambdas[25] = 0.041825
etas[26] = -0.029099, lambdas[26] = 0.041969
etas[27] = 0.427544, lambdas[27] = 0.042254
etas[28] = -0.074757, lambdas[28] = 0.042448
etas[29] = 0.049682, lambdas[29] = 0.043254
etas[30] = 0.202480, lambdas[30] = 0.043752
etas[31] = -0.301169, lambdas[31] = 0.043932
etas[32] = 0.026023, lambdas[32] = 0.044270
etas[33] = -0.422350, lambdas[33] = 0.044491
etas[34] = 0.472683, lambdas[34] = 0.044741
etas[35] = -0.243861, lambdas[35] = 0.045007
etas[36] = 0.883534, lambdas[36] = 0.045273
etas[37] = 0.496861, lambdas[37] = 0.045708
etas[38] = 0.202922, lambdas[38] = 0.045954
etas[39] = -0.028599, lambdas[39] = 0.046077
etas[40] = 0.419212, lambdas[40] = 0.046260
etas[41] = -0.310676, lambdas[41] = 0.046463
etas[42] = 0.347459, lambdas[42] = 0.046590
etas[43] = 0.221786, lambdas[43] = 0.047040
etas[44] = 0.020561, lambdas[44] = 0.047273
etas[45] = -0.704308, lambdas[45] = 0.047366
etas[46] = 0.048831, lambdas[46] = 0.047463
etas[47] = -0.162460, lambdas[47] = 0.047935
etas[48] = 0.138239, lambdas[48] = 0.048190
etas[49] = -0.086064, lambdas[49] = 0.048584
etas[50] = 0.121002, lambdas[50] = 0.048767
etas[51] = 0.396953, lambdas[51] = 0.049458
etas[52] = 0.050682, lambdas[52] = 0.049683
etas[53] = 0.163715, lambdas[53] = 0.049964
etas[54] = -0.353617, lambdas[54] = 0.050489
etas[55] = -0.494973, lambdas[55] = 0.050613
etas[56] = 0.440615, lambdas[56] = 0.050799
etas[57] = -0.428346, lambdas[57] = 0.051002
etas[58] = 0.369352, lambdas[58] = 0.051252
etas[59] = 0.000120, lambdas[59] = 0.051781
etas[60] = 0.572479, lambdas[60] = 0.052313
etas[61] = -0.219868, lambdas[61] = 0.052603
etas[62] = 0.155420, lambdas[62] = 0.053507
etas[63] = -0.255109, lambdas[63] = 0.054069
etas[64] = 0.751033, lambdas[64] = 0.054200
etas[65] = 0.082602, lambdas[65] = 0.054556
etas[66] = 0.104288, lambdas[66] = 0.055528
etas[67] = 0.107054, lambdas[67] = 0.056656
etas[68] = 0.135544, lambdas[68] = 0.057829
etas[69] = 0.113812, lambdas[69] = 0.059866
etas[70] = -0.729971, lambdas[70] = 0.060192
etas[71] = -0.001585, lambdas[71] = 0.066667
etas[72] = -0.393969, lambdas[72] = 0.080309
etas[73] = 0.475021, lambdas[73] = 0.092885
etas[74] = 0.172704, lambdas[74] = 0.095636
etas[75] = 0.253997, lambdas[75] = 0.096461
etas[76] = -0.357912, lambdas[76] = 0.096948
etas[77] = 0.463945, lambdas[77] = 0.098023
etas[78] = -0.559096, lambdas[78] = 0.099519
etas[79] = -1.606140, lambdas[79] = 0.117756
etas[80] = 0.548932, lambdas[80] = 0.126786
etas[81] = -0.493762, lambdas[81] = 0.130090
etas[82] = -0.531785, lambdas[82] = 0.132676
etas[83] = -0.060200, lambdas[83] = 0.138672
etas[84] = -0.424027, lambdas[84] = 0.142430
etas[85] = -0.917916, lambdas[85] = 0.145815
etas[86] = -1.214854, lambdas[86] = 0.149577
etas[87] = -0.367991, lambdas[87] = 0.149834
etas[88] = -0.537085, lambdas[88] = 0.154063
etas[89] = -0.968221, lambdas[89] = 0.155408
etas[90] = -0.282022, lambdas[90] = 0.156186
etas[91] = -0.326268, lambdas[91] = 0.158992
etas[92] = 0.006632, lambdas[92] = 0.160842
etas[93] = -0.721013, lambdas[93] = 0.163790
etas[94] = -0.732214, lambdas[94] = 0.166532
etas[95] = 0.021998, lambdas[95] = 0.167180
etas[96] = -1.177318, lambdas[96] = 0.167688
etas[97] = 0.670558, lambdas[97] = 0.170962
etas[98] = -0.767691, lambdas[98] = 0.171721
etas[99] = 0.688901, lambdas[99] = 0.173140
etas[100] = 1.161329, lambdas[100] = 0.173647
etas[101] = 0.241104, lambdas[101] = 0.174515
etas[102] = 0.295683, lambdas[102] = 0.178095
etas[103] = 0.669151, lambdas[103] = 0.178423
etas[104] = -1.258128, lambdas[104] = 0.178963
etas[105] = 0.724535, lambdas[105] = 0.179234
etas[106] = -0.577797, lambdas[106] = 0.180636
etas[107] = -0.284924, lambdas[107] = 0.181244
etas[108] = -0.996991, lambdas[108] = 0.182516
etas[109] = 0.430374, lambdas[109] = 0.183875
etas[110] = 0.911026, lambdas[110] = 0.184300
etas[111] = 0.008780, lambdas[111] = 0.185829
etas[112] = -0.061038, lambdas[112] = 0.186669
etas[113] = 1.261594, lambdas[113] = 0.187019
etas[114] = 0.192288, lambdas[114] = 0.188205
etas[115] = -1.786325, lambdas[115] = 0.188856
etas[116] = -1.161027, lambdas[116] = 0.189369
etas[117] = 1.642261, lambdas[117] = 0.190896
etas[118] = -1.383667, lambdas[118] = 0.191161
etas[119] = 0.980189, lambdas[119] = 0.191779
etas[120] = 1.083311, lambdas[120] = 0.193039
etas[121] = 1.484407, lambdas[121] = 0.193311
etas[122] = -0.044920, lambdas[122] = 0.194000
etas[123] = -1.055188, lambdas[123] = 0.194478
etas[124] = -0.658160, lambdas[124] = 0.195600
etas[125] = -0.964074, lambdas[125] = 0.196220
etas[126] = -0.616045, lambdas[126] = 0.197160
etas[127] = 0.915756, lambdas[127] = 0.197891
etas[128] = -0.336265, lambdas[128] = 0.197959
etas[129] = -0.093659, lambdas[129] = 0.198581
etas[130] = 0.222372, lambdas[130] = 0.199157
etas[131] = -0.884428, lambdas[131] = 0.199776
etas[132] = 0.251848, lambdas[132] = 0.200349
etas[133] = -1.138259, lambdas[133] = 0.201771
etas[134] = -0.600480, lambdas[134] = 0.202281
etas[135] = -0.801734, lambdas[135] = 0.202816
etas[136] = 1.402457, lambdas[136] = 0.203484
etas[137] = -1.251311, lambdas[137] = 0.204127
etas[138] = -0.204565, lambdas[138] = 0.204388
etas[139] = -0.179985, lambdas[139] = 0.205450
etas[140] = 0.682379, lambdas[140] = 0.206805
etas[141] = 0.181899, lambdas[141] = 0.207800
etas[142] = 0.380144, lambdas[142] = 0.208111
etas[143] = -0.977332, lambdas[143] = 0.208788
etas[144] = 0.036116, lambdas[144] = 0.209704
etas[145] = 0.481501, lambdas[145] = 0.210428
etas[146] = 0.816183, lambdas[146] = 0.211797
etas[147] = 1.254637, lambdas[147] = 0.212004
etas[148] = 0.588158, lambdas[148] = 0.213189
etas[149] = 0.152348, lambdas[149] = 0.213416
etas[150] = -0.710026, lambdas[150] = 0.214154
etas[151] = 0.680294, lambdas[151] = 0.214870
etas[152] = 0.463418, lambdas[152] = 0.215258
etas[153] = 0.376841, lambdas[153] = 0.215711
etas[154] = -0.677033, lambdas[154] = 0.216341
etas[155] = 0.727536, lambdas[155] = 0.217000
etas[156] = 0.212862, lambdas[156] = 0.217696
etas[157] = 0.809536, lambdas[157] = 0.217933
etas[158] = -1.593022, lambdas[158] = 0.219226
etas[159] = -0.510160, lambdas[159] = 0.219522
etas[160] = 0.642497, lambdas[160] = 0.220127
etas[161] = 0.063289, lambdas[161] = 0.221317
etas[162] = 0.117108, lambdas[162] = 0.222125
etas[163] = -1.455195, lambdas[163] = 0.222611
etas[164] = -2.234169, lambdas[164] = 0.223420
etas[165] = 0.578443, lambdas[165] = 0.225432
etas[166] = 0.469756, lambdas[166] = 0.225686
etas[167] = 0.286117, lambdas[167] = 0.226155
etas[168] = -1.092971, lambdas[168] = 0.226601
etas[169] = -0.808935, lambdas[169] = 0.227819
etas[170] = 0.274486, lambdas[170] = 0.227993
etas[171] = -0.353478, lambdas[171] = 0.228986
etas[172] = 1.668176, lambdas[172] = 0.229859
etas[173] = -0.626569, lambdas[173] = 0.230018
etas[174] = -0.236739, lambdas[174] = 0.230418
etas[175] = -1.033272, lambdas[175] = 0.231485
etas[176] = 1.812379, lambdas[176] = 0.232308
etas[177] = -1.147608, lambdas[177] = 0.232828
etas[178] = -0.643846, lambdas[178] = 0.233380
etas[179] = -0.934257, lambdas[179] = 0.234614
etas[180] = -0.044252, lambdas[180] = 0.235109
etas[181] = 0.477646, lambdas[181] = 0.236166
etas[182] = -1.344738, lambdas[182] = 0.237265
etas[183] = 0.891864, lambdas[183] = 0.237873
etas[184] = 0.005718, lambdas[184] = 0.239395
etas[185] = -0.689932, lambdas[185] = 0.240269
etas[186] = 0.528826, lambdas[186] = 0.240861
etas[187] = -0.056219, lambdas[187] = 0.241511
etas[188] = -0.309806, lambdas[188] = 0.241737
etas[189] = 0.836406, lambdas[189] = 0.242264
etas[190] = -0.343490, lambdas[190] = 0.243888
etas[191] = -0.000122, lambdas[191] = 0.244293
etas[192] = 0.165810, lambdas[192] = 0.245443
etas[193] = 0.336022, lambdas[193] = 0.245737
etas[194] = -1.197348, lambdas[194] = 0.246314
etas[195] = 0.317257, lambdas[195] = 0.247403
etas[196] = 0.839440, lambdas[196] = 0.247958
etas[197] = 1.552295, lambdas[197] = 0.248539
etas[198] = 1.429012, lambdas[198] = 0.249388
etas[199] = -0.613341, lambdas[199] = 0.250799
etas[200] = 0.614203, lambdas[200] = 0.250925
etas[201] = 0.172327, lambdas[201] = 0.253531
etas[202] = 0.701272, lambdas[202] = 0.253957
etas[203] = -0.142209, lambdas[203] = 0.254492
etas[204] = -1.994184, lambdas[204] = 0.255347
etas[205] = 0.323633, lambdas[205] = 0.255870
etas[206] = -0.244387, lambdas[206] = 0.257696
etas[207] = -0.317826, lambdas[207] = 0.258348
etas[208] = -0.286570, lambdas[208] = 0.258523
etas[209] = -0.904634, lambdas[209] = 0.258666
etas[210] = -0.390412, lambdas[210] = 0.259935
etas[211] = 0.265346, lambdas[211] = 0.260634
etas[212] = -0.904978, lambdas[212] = 0.262406
etas[213] = 1.399302, lambdas[213] = 0.263085
etas[214] = 0.598785, lambdas[214] = 0.263368
etas[215] = 0.283412, lambdas[215] = 0.264189
etas[216] = -0.141110, lambdas[216] = 0.265374
etas[217] = -0.631023, lambdas[217] = 0.265989
etas[218] = 1.966896, lambdas[218] = 0.267079
etas[219] = -1.909123, lambdas[219] = 0.268230
etas[220] = 0.221931, lambdas[220] = 0.269888
etas[221] = -1.394230, lambdas[221] = 0.271952
etas[222] = 0.617804, lambdas[222] = 0.272659
etas[223] = 0.328816, lambdas[223] = 0.274146
etas[224] = 0.236779, lambdas[224] = 0.277201
etas[225] = -0.228356, lambdas[225] = 0.279836
etas[226] = 1.203712, lambdas[226] = 0.281303
etas[227] = -1.395922, lambdas[227] = 0.283196
etas[228] = 0.370798, lambdas[228] = 0.284193
etas[229] = 0.474050, lambdas[229] = 0.286465
etas[230] = -1.852158, lambdas[230] = 0.286696
etas[231] = 0.383463, lambdas[231] = 0.287974
etas[232] = 0.317645, lambdas[232] = 0.290693
etas[233] = -0.348671, lambdas[233] = 0.291832
etas[234] = -0.842629, lambdas[234] = 0.293082
etas[235] = 2.347763, lambdas[235] = 0.296440
etas[236] = -1.913885, lambdas[236] = 0.300196
etas[237] = 0.723383, lambdas[237] = 0.301455
etas[238] = -1.483366, lambdas[238] = 0.304126
etas[239] = -1.209165, lambdas[239] = 0.308258
etas[240] = 1.058728, lambdas[240] = 0.318900
etas[241] = 0.723751, lambdas[241] = 0.323696
etas[242] = 0.035361, lambdas[242] = 0.329568
etas[243] = 1.791715, lambdas[243] = 0.332646
etas[244] = -0.576298, lambdas[244] = 0.337231
etas[245] = 0.510993, lambdas[245] = 0.339015
etas[246] = 2.633288, lambdas[246] = 0.344884
etas[247] = 0.103636, lambdas[247] = 0.352159
etas[248] = -0.728632, lambdas[248] = 0.360261
etas[249] = -1.648691, lambdas[249] = 0.364910
etas[250] = 0.019408, lambdas[250] = 0.394015
etas[251] = -1.893583, lambdas[251] = 0.405418
etas[252] = -0.124161, lambdas[252] = 0.409897
etas[253] = -1.479591, lambdas[253] = 0.418070
etas[254] = 1.282981, lambdas[254] = 0.428056
etas[255] = -1.519784, lambdas[255] = 0.435557
etas[256] = -1.946773, lambdas[256] = 0.444575
etas[257] = -0.902106, lambdas[257] = 0.448919
etas[258] = 0.135546, lambdas[258] = 0.471784
etas[259] = -1.422661, lambdas[259] = 0.482764
etas[260] = -1.879043, lambdas[260] = 0.492819
etas[261] = 1.423992, lambdas[261] = 0.500117
etas[262] = -1.178079, lambdas[262] = 0.520012
etas[263] = -1.351163, lambdas[263] = 0.561475
etas[264] = -0.379199, lambdas[264] = 0.577673
etas[265] = -0.292469, lambdas[265] = 0.588074
etas[266] = 0.944411, lambdas[266] = 0.606532
etas[267] = -1.038520, lambdas[267] = 0.618411
etas[268] = -1.106557, lambdas[268] = 0.638991
etas[269] = 0.349408, lambdas[269] = 0.652849
etas[270] = 1.576404, lambdas[270] = 0.654533
etas[271] = -0.231868, lambdas[271] = 0.723663
etas[272] = -0.183752, lambdas[272] = 0.742652
etas[273] = 0.834625, lambdas[273] = 0.756600
etas[274] = 0.784961, lambdas[274] = 0.849408
etas[275] = -0.358060, lambdas[275] = 0.854678
etas[276] = -1.158833, lambdas[276] = 0.902962
etas[277] = -1.284526, lambdas[277] = 1.010361
etas[278] = -0.783497, lambdas[278] = 1.018749
etas[279] = 2.039330, lambdas[279] = 1.107579
etas[280] = -4.532779, lambdas[280] = 1.151074
etas[281] = -1.757221, lambdas[281] = 1.284806
etas[282] = 2.978851, lambdas[282] = 1.450214
etas[283] = 2.022655, lambdas[283] = 1.538245
etas[284] = -1.271353, lambdas[284] = 1.655926
etas[285] = -4.766958, lambdas[285] = 1.732079
etas[286] = -1.394205, lambdas[286] = 194.919044
0	392.697469	392.353047	-349.315145
1	392.353047	391.932805	-349.311200
2	391.932805	391.420169	-349.306385
3	391.420169	390.794999	-349.300512
4	390.794999	390.032854	-349.293349
5	390.032854	389.104106	-349.284615
6	389.104106	387.972914	-349.273971
7	387.972914	386.595999	-349.261004
8	386.595999	384.921251	-349.245218
9	384.921251	382.886116	-349.226013
10	382.886116	380.415812	-349.202668
11	380.415812	377.421370	-349.174322
12	377.421370	373.797593	-349.139948
13	373.797593	369.421037	-349.098330
14	369.421037	364.148231	-349.048040
15	364.148231	357.814431	-348.987413
16	357.814431	350.233383	-348.914535
17	350.233383	341.198703	-348.827239
18	341.198703	330.487734	-348.723119
19	330.487734	317.868906	-348.599582
20	317.868906	303.113771	-348.453940
21	303.113771	286.014885	-348.283574
22	286.014885	266.410374	-348.086180
23	266.410374	244.215243	-347.860132
24	244.215243	219.458091	-347.604977
25	219.458091	192.319759	-347.322064
26	192.319759	163.167874	-347.015316
27	163.167874	132.578716	-346.692068
28	132.578716	101.336488	-346.363910
29	101.336488	70.401128	-346.047361
30	70.401128	40.840348	-345.764212
31	40.840348	13.729583	-345.541309
32	13.729583	-9.966736	-345.409628
33	-9.966736	-29.510990	-345.402567
34	-29.510990	-44.480764	-345.553547
35	-44.480764	-54.809880	-345.893192
36	-54.809880	-60.773422	-346.446515
37	-60.773422	-62.922256	-347.230562
38	-62.922256	-61.984506	-348.252953
39	-61.984506	-58.757192	-349.511525
40	-58.757192	-54.009671	-350.995092
41	-54.009671	-48.413419	-352.685067
42	-48.413419	-42.503552	-354.557561
43	-42.503552	-36.669482	-356.585516
44	-36.669482	-31.167110	-358.740493
45	-31.167110	-26.143386	-360.993882
46	-26.143386	-21.664952	-363.317466
47	-21.664952	-17.744896	-365.683461
48	-17.744896	-14.364241	-368.064246
49	-14.364241	-11.487087	-370.432090
50	-11.487087	-9.069910	-372.759147
51	-9.069910	-7.066473	-375.017865
52	-7.066473	-5.429995	-377.181871
53	-5.429995	-4.114071	-379.227175
54	-4.114071	-3.073306	-381.133483
55	-3.073306	-2.264100	-382.885326
56	-2.264100	-1.645625	-384.472788
57	-1.645625	-1.180798	-385.891715
58	-1.180798	-0.837035	-387.143395
59	-0.837035	-0.586649	-388.233809
60	-0.586649	-0.406850	-389.172633
61	-0.406850	-0.279430	-389.972136
62	-0.279430	-0.190223	-390.646129
63	-0.190223	-0.128473	-391.209060
64	-0.128473	-0.086178	-391.675292
65	-0.086178	-0.057494	-392.058585
66	-0.057494	-0.038221	-392.371753
67	-0.038221	-0.025384	-392.626458
68	-0.025384	-0.016899	-392.833121
69	-0.016899	-0.011325	-393.000900
70	-0.011325	-0.007678	-393.137713
71	-0.007678	-0.005291	-393.250284
72	-0.005291	-0.003719	-393.344206
73	-0.003719	-0.002670	-393.424007
74	-0.002670	-0.001955	-393.493233
75	-0.001955	-0.001454	-393.554539
76	-0.001454	-0.001092	-393.609807
77	-0.001092	-0.000823	-393.660271
78	-0.000823	-0.000619	-393.706663
79	-0.000619	-0.000464	-393.749360
80	-0.000464	-0.000344	-393.788515
81	-0.000344	-0.000253	-393.824172
82	-0.000253	-0.000184	-393.856351
83	-0.000184	-0.000133	-393.885097
84	-0.000133	-0.000095	-393.910512
85	-0.000095	-0.000067	-393.932759
86	-0.000067	-0.000047	-393.952052
87	-0.000047	-0.000033	-393.968641
88	-0.000033	-0.000023	-393.982798
89	-0.000023	-0.000016	-393.994801
90	-0.000016	-0.000011	-394.004920
91	-0.000011	-0.000007	-394.013409
92	-0.000007	-0.000005	-394.020502
93	-0.000005	-0.000003	-394.026407
94	-0.000003	-0.000002	-394.031309
95	-0.000002	-0.000002	-394.035370
96	-0.000002	-0.000001	-394.038725
97	-0.000001	-0.000001	-394.041494
98	-0.000001	-0.000000	-394.043776
99	-0.000000	-0.000000	-394.045654
REMLE (delta=0.030559, REML=-345.388148, REML0=-394.054248)- elapsed CPU time is 0.012241
eigen_L - elapsed CPU time is 0.045976


Reading TPED file /mnt/data/shahar/gwas_barley/morexV3_analysis/barley_for_publication_project/01_USED_GWAS_V2_pipeline/intermediates/morexV3_gwas_genotypes...

Reading 0-th SNP and testing association....

Reading 10000-th SNP and testing association....

Reading 20000-th SNP and testing association....

Reading 30000-th SNP and testing association....

Reading 40000-th SNP and testing association....

Reading 50000-th SNP and testing association....

Reading 60000-th SNP and testing association....

Reading 70000-th SNP and testing association....

Reading 80000-th SNP and testing association....

Reading 90000-th SNP and testing association....

Reading 100000-th SNP and testing association....

Reading 110000-th SNP and testing association....

Reading 120000-th SNP and testing association....

Reading 130000-th SNP and testing association....

Reading 140000-th SNP and testing association....

Reading 150000-th SNP and testing association....

Reading 160000-th SNP and testing association....

Reading 170000-th SNP and testing association....

Reading 180000-th SNP and testing association....

Reading 190000-th SNP and testing association....

Reading 200000-th SNP and testing association....

Reading 210000-th SNP and testing association....

Reading 220000-th SNP and testing association....

Reading 230000-th SNP and testing association....

Reading 240000-th SNP and testing association....

Reading 250000-th SNP and testing association....

Reading 260000-th SNP and testing association....

Reading 270000-th SNP and testing association....

Reading 280000-th SNP and testing association....

Reading 290000-th SNP and testing association....

Reading 300000-th SNP and testing association....

Reading 310000-th SNP and testing association....

Reading 320000-th SNP and testing association....

Reading 330000-th SNP and testing association....

Reading 340000-th SNP and testing association....

Reading 350000-th SNP and testing association....

Reading 360000-th SNP and testing association....

Reading 370000-th SNP and testing association....

Reading 380000-th SNP and testing association....

Reading 390000-th SNP and testing association....

Reading 400000-th SNP and testing association....

Reading 410000-th SNP and testing association....

Reading 420000-th SNP and testing association....

Reading 430000-th SNP and testing association....

Reading 440000-th SNP and testing association....

Reading 450000-th SNP and testing association....

Reading 460000-th SNP and testing association....

Reading 470000-th SNP and testing association....

Reading 480000-th SNP and testing association....

Reading 490000-th SNP and testing association....

Reading 500000-th SNP and testing association....

Reading 510000-th SNP and testing association....

Reading 520000-th SNP and testing association....

Reading 530000-th SNP and testing association....

Reading 540000-th SNP and testing association....

Reading 550000-th SNP and testing association....

Reading 560000-th SNP and testing association....

Reading 570000-th SNP and testing association....

Reading 580000-th SNP and testing association....

Reading 590000-th SNP and testing association....

Reading 600000-th SNP and testing association....

Reading 610000-th SNP and testing association....

Reading 620000-th SNP and testing association....

Reading 630000-th SNP and testing association....

Reading 640000-th SNP and testing association....

Reading 650000-th SNP and testing association....

Reading 660000-th SNP and testing association....

Reading 670000-th SNP and testing association....

Reading 680000-th SNP and testing association....

Reading 690000-th SNP and testing association....

Reading 700000-th SNP and testing association....

Reading 710000-th SNP and testing association....

Reading 720000-th SNP and testing association....

Reading 730000-th SNP and testing association....

Reading 740000-th SNP and testing association....

Reading 750000-th SNP and testing association....

Reading 760000-th SNP and testing association....

Reading 770000-th SNP and testing association....

Reading 780000-th SNP and testing association....

Reading 790000-th SNP and testing association....

Reading 800000-th SNP and testing association....

Reading 810000-th SNP and testing association....

Reading 820000-th SNP and testing association....

Reading 830000-th SNP and testing association....

Reading 840000-th SNP and testing association....

Reading 850000-th SNP and testing association....

Reading 860000-th SNP and testing association....

Reading 870000-th SNP and testing association....

Reading 880000-th SNP and testing association....

Reading 890000-th SNP and testing association....

Reading 900000-th SNP and testing association....

Reading 910000-th SNP and testing association....

Reading 920000-th SNP and testing association....

Reading 930000-th SNP and testing association....

Reading 940000-th SNP and testing association....

Reading 950000-th SNP and testing association....

Reading 960000-th SNP and testing association....

Reading 970000-th SNP and testing association....

Reading 980000-th SNP and testing association....

Reading 990000-th SNP and testing association....

Reading 1000000-th SNP and testing association....

Reading 1010000-th SNP and testing association....

Reading 1020000-th SNP and testing association....

Reading 1030000-th SNP and testing association....

Reading 1040000-th SNP and testing association....

Reading 1050000-th SNP and testing association....

Reading 1060000-th SNP and testing association....

Reading 1070000-th SNP and testing association....

Reading 1080000-th SNP and testing association....

Reading 1090000-th SNP and testing association....

Reading 1100000-th SNP and testing association....

Reading 1110000-th SNP and testing association....

Reading 1120000-th SNP and testing association....

Reading 1130000-th SNP and testing association....

Reading 1140000-th SNP and testing association....

Reading 1150000-th SNP and testing association....

Reading 1160000-th SNP and testing association....

Reading 1170000-th SNP and testing association....

Reading 1180000-th SNP and testing association....

Reading 1190000-th SNP and testing association....

Reading 1200000-th SNP and testing association....

Reading 1210000-th SNP and testing association....

Reading 1220000-th SNP and testing association....

Reading 1230000-th SNP and testing association....

Reading 1240000-th SNP and testing association....

Reading 1250000-th SNP and testing association....

Reading 1260000-th SNP and testing association....

Reading 1270000-th SNP and testing association....

Reading 1280000-th SNP and testing association....

Reading 1290000-th SNP and testing association....

Reading 1300000-th SNP and testing association....

Reading 1310000-th SNP and testing association....

Reading 1320000-th SNP and testing association....

Reading 1330000-th SNP and testing association....

Reading 1340000-th SNP and testing association....

Reading 1350000-th SNP and testing association....

Reading 1360000-th SNP and testing association....

Reading 1370000-th SNP and testing association....

Reading 1380000-th SNP and testing association....

Reading 1390000-th SNP and testing association....

Reading 1400000-th SNP and testing association....

Reading 1410000-th SNP and testing association....

Reading 1420000-th SNP and testing association....

Reading 1430000-th SNP and testing association....

Reading 1440000-th SNP and testing association....

Reading 1450000-th SNP and testing association....

Reading 1460000-th SNP and testing association....

Reading 1470000-th SNP and testing association....

Reading 1480000-th SNP and testing association....

Reading 1490000-th SNP and testing association....

Reading 1500000-th SNP and testing association....

Reading 1510000-th SNP and testing association....

Reading 1520000-th SNP and testing association....

Reading 1530000-th SNP and testing association....

Reading 1540000-th SNP and testing association....

Reading 1550000-th SNP and testing association....

Reading 1560000-th SNP and testing association....

Reading 1570000-th SNP and testing association....

Reading 1580000-th SNP and testing association....

Reading 1590000-th SNP and testing association....

Reading 1600000-th SNP and testing association....

Reading 1610000-th SNP and testing association....

Reading 1620000-th SNP and testing association....

Reading 1630000-th SNP and testing association....

Reading 1640000-th SNP and testing association....

Reading 1650000-th SNP and testing association....

Reading 1660000-th SNP and testing association....

Reading 1670000-th SNP and testing association....

Reading 1680000-th SNP and testing association....

Reading 1690000-th SNP and testing association....

Reading 1700000-th SNP and testing association....

Reading 1710000-th SNP and testing association....

Reading 1720000-th SNP and testing association....

Reading 1730000-th SNP and testing association....

Reading 1740000-th SNP and testing association....

Reading 1750000-th SNP and testing association....

Reading 1760000-th SNP and testing association....

Reading 1770000-th SNP and testing association....

Reading 1780000-th SNP and testing association....

Reading 1790000-th SNP and testing association....

Reading 1800000-th SNP and testing association....

Reading 1810000-th SNP and testing association....

Reading 1820000-th SNP and testing association....

Reading 1830000-th SNP and testing association....

Reading 1840000-th SNP and testing association....

Reading 1850000-th SNP and testing association....

Reading 1860000-th SNP and testing association....

Reading 1870000-th SNP and testing association....

Reading 1880000-th SNP and testing association....

Reading 1890000-th SNP and testing association....

Reading 1900000-th SNP and testing association....

Reading 1910000-th SNP and testing association....

Reading 1920000-th SNP and testing association....

Reading 1930000-th SNP and testing association....

Reading 1940000-th SNP and testing association....

Reading 1950000-th SNP and testing association....

Reading 1960000-th SNP and testing association....

Reading 1970000-th SNP and testing association....

Reading 1980000-th SNP and testing association....

Reading 1990000-th SNP and testing association....

Reading 2000000-th SNP and testing association....

Reading 2010000-th SNP and testing association....

Reading 2020000-th SNP and testing association....

Reading 2030000-th SNP and testing association....

Reading 2040000-th SNP and testing association....

Reading 2050000-th SNP and testing association....

Reading 2060000-th SNP and testing association....

Reading 2070000-th SNP and testing association....

Reading 2080000-th SNP and testing association....

Reading 2090000-th SNP and testing association....

Reading 2100000-th SNP and testing association....

Reading 2110000-th SNP and testing association....

Reading 2120000-th SNP and testing association....

Reading 2130000-th SNP and testing association....

Reading 2140000-th SNP and testing association....

Reading 2150000-th SNP and testing association....

Reading 2160000-th SNP and testing association....

Reading 2170000-th SNP and testing association....

Reading 2180000-th SNP and testing association....

Reading 2190000-th SNP and testing association....

Reading 2200000-th SNP and testing association....

Reading 2210000-th SNP and testing association....

Reading 2220000-th SNP and testing association....

Reading 2230000-th SNP and testing association....

Reading 2240000-th SNP and testing association....

Reading 2250000-th SNP and testing association....

Reading 2260000-th SNP and testing association....

Reading 2270000-th SNP and testing association....

Reading 2280000-th SNP and testing association....

Reading 2290000-th SNP and testing association....

Reading 2300000-th SNP and testing association....

Reading 2310000-th SNP and testing association....

Reading 2320000-th SNP and testing association....

Reading 2330000-th SNP and testing association....

Reading 2340000-th SNP and testing association....

Reading 2350000-th SNP and testing association....

Reading 2360000-th SNP and testing association....

Reading 2370000-th SNP and testing association....

Reading 2380000-th SNP and testing association....

Reading 2390000-th SNP and testing association....

Reading 2400000-th SNP and testing association....

Reading 2410000-th SNP and testing association....

Reading 2420000-th SNP and testing association....

Reading 2430000-th SNP and testing association....

Reading 2440000-th SNP and testing association....

Reading 2450000-th SNP and testing association....

Reading 2460000-th SNP and testing association....

Reading 2470000-th SNP and testing association....

Reading 2480000-th SNP and testing association....

Reading 2490000-th SNP and testing association....

Reading 2500000-th SNP and testing association....

Reading 2510000-th SNP and testing association....

Reading 2520000-th SNP and testing association....

Reading 2530000-th SNP and testing association....

Reading 2540000-th SNP and testing association....

Reading 2550000-th SNP and testing association....

Reading 2560000-th SNP and testing association....

Reading 2570000-th SNP and testing association....

Reading 2580000-th SNP and testing association....

Reading 2590000-th SNP and testing association....

Reading 2600000-th SNP and testing association....

Reading 2610000-th SNP and testing association....

Reading 2620000-th SNP and testing association....

Reading 2630000-th SNP and testing association....

Reading 2640000-th SNP and testing association....

Reading 2650000-th SNP and testing association....

Reading 2660000-th SNP and testing association....

Reading 2670000-th SNP and testing association....

Reading 2680000-th SNP and testing association....

Reading 2690000-th SNP and testing association....

Reading 2700000-th SNP and testing association....

Reading 2710000-th SNP and testing association....

Reading 2720000-th SNP and testing association....

Reading 2730000-th SNP and testing association....

Reading 2740000-th SNP and testing association....

Reading 2750000-th SNP and testing association....

Reading 2760000-th SNP and testing association....

Reading 2770000-th SNP and testing association....

Reading 2780000-th SNP and testing association....

Reading 2790000-th SNP and testing association....

Reading 2800000-th SNP and testing association....

Reading 2810000-th SNP and testing association....

Reading 2820000-th SNP and testing association....

Reading 2830000-th SNP and testing association....

Reading 2840000-th SNP and testing association....

Reading 2850000-th SNP and testing association....

Reading 2860000-th SNP and testing association....

Reading 2870000-th SNP and testing association....

Reading 2880000-th SNP and testing association....

Reading 2890000-th SNP and testing association....

Reading 2900000-th SNP and testing association....

Reading 2910000-th SNP and testing association....

Reading 2920000-th SNP and testing association....

Reading 2930000-th SNP and testing association....

Reading 2940000-th SNP and testing association....

Reading 2950000-th SNP and testing association....

Reading 2960000-th SNP and testing association....

Reading 2970000-th SNP and testing association....

Reading 2980000-th SNP and testing association....

Reading 2990000-th SNP and testing association....

Reading 3000000-th SNP and testing association....

Reading 3010000-th SNP and testing association....

Reading 3020000-th SNP and testing association....

Reading 3030000-th SNP and testing association....

Reading 3040000-th SNP and testing association....

Reading 3050000-th SNP and testing association....

Reading 3060000-th SNP and testing association....

Reading 3070000-th SNP and testing association....

Reading 3080000-th SNP and testing association....

Reading 3090000-th SNP and testing association....

Reading 3100000-th SNP and testing association....

Reading 3110000-th SNP and testing association....

Reading 3120000-th SNP and testing association....

Reading 3130000-th SNP and testing association....

Reading 3140000-th SNP and testing association....

Reading 3150000-th SNP and testing association....

Reading 3160000-th SNP and testing association....

Reading 3170000-th SNP and testing association....

Reading 3180000-th SNP and testing association....

Reading 3190000-th SNP and testing association....

Reading 3200000-th SNP and testing association....

Reading 3210000-th SNP and testing association....

Reading 3220000-th SNP and testing association....

Reading 3230000-th SNP and testing association....

Reading 3240000-th SNP and testing association....

Reading 3250000-th SNP and testing association....

Reading 3260000-th SNP and testing association....

Reading 3270000-th SNP and testing association....

Reading 3280000-th SNP and testing association....

Reading 3290000-th SNP and testing association....

Reading 3300000-th SNP and testing association....

Reading 3310000-th SNP and testing association....

Reading 3320000-th SNP and testing association....

Reading 3330000-th SNP and testing association....

Reading 3340000-th SNP and testing association....

Reading 3350000-th SNP and testing association....

Reading 3360000-th SNP and testing association....

Reading 3370000-th SNP and testing association....

Reading 3380000-th SNP and testing association....

Reading 3390000-th SNP and testing association....

Reading 3400000-th SNP and testing association....

Reading 3410000-th SNP and testing association....

Reading 3420000-th SNP and testing association....

Reading 3430000-th SNP and testing association....

Reading 3440000-th SNP and testing association....

Reading 3450000-th SNP and testing association....

Reading 3460000-th SNP and testing association....

Reading 3470000-th SNP and testing association....

Reading 3480000-th SNP and testing association....

Reading 3490000-th SNP and testing association....

Reading 3500000-th SNP and testing association....

Reading 3510000-th SNP and testing association....

Reading 3520000-th SNP and testing association....

Reading 3530000-th SNP and testing association....

Reading 3540000-th SNP and testing association....

Reading 3550000-th SNP and testing association....

Reading 3560000-th SNP and testing association....

Reading 3570000-th SNP and testing association....

Reading 3580000-th SNP and testing association....

Reading 3590000-th SNP and testing association....

Reading 3600000-th SNP and testing association....

Reading 3610000-th SNP and testing association....

Reading 3620000-th SNP and testing association....

Reading 3630000-th SNP and testing association....

Reading 3640000-th SNP and testing association....

Reading 3650000-th SNP and testing association....

Reading 3660000-th SNP and testing association....

Reading 3670000-th SNP and testing association....

Reading 3680000-th SNP and testing association....

Reading 3690000-th SNP and testing association....

Reading 3700000-th SNP and testing association....

Reading 3710000-th SNP and testing association....

Reading 3720000-th SNP and testing association....

Reading 3730000-th SNP and testing association....

Reading 3740000-th SNP and testing association....

Reading 3750000-th SNP and testing association....

Reading 3760000-th SNP and testing association....

Reading 3770000-th SNP and testing association....

Reading 3780000-th SNP and testing association....

Reading 3790000-th SNP and testing association....

Reading 3800000-th SNP and testing association....

Reading 3810000-th SNP and testing association....

Reading 3820000-th SNP and testing association....

Reading 3830000-th SNP and testing association....

Reading 3840000-th SNP and testing association....

Reading 3850000-th SNP and testing association....

Reading 3860000-th SNP and testing association....

Reading 3870000-th SNP and testing association....

Reading 3880000-th SNP and testing association....

Reading 3890000-th SNP and testing association....

Reading 3900000-th SNP and testing association....

Reading 3910000-th SNP and testing association....

Reading 3920000-th SNP and testing association....

Reading 3930000-th SNP and testing association....

Reading 3940000-th SNP and testing association....

Reading 3950000-th SNP and testing association....

Reading 3960000-th SNP and testing association....

Reading 3970000-th SNP and testing association....

Reading 3980000-th SNP and testing association....

Reading 3990000-th SNP and testing association....

Reading 4000000-th SNP and testing association....

Reading 4010000-th SNP and testing association....

Reading 4020000-th SNP and testing association....

Reading 4030000-th SNP and testing association....

Reading 4040000-th SNP and testing association....

Reading 4050000-th SNP and testing association....

Reading 4060000-th SNP and testing association....

Reading 4070000-th SNP and testing association....

Reading 4080000-th SNP and testing association....

Reading 4090000-th SNP and testing association....

Reading 4100000-th SNP and testing association....

Reading 4110000-th SNP and testing association....

Reading 4120000-th SNP and testing association....

Reading 4130000-th SNP and testing association....

Reading 4140000-th SNP and testing association....

Reading 4150000-th SNP and testing association....

Reading 4160000-th SNP and testing association....

Reading 4170000-th SNP and testing association....

Reading 4180000-th SNP and testing association....

Reading 4190000-th SNP and testing association....

Reading 4200000-th SNP and testing association....

Reading 4210000-th SNP and testing association....

Reading 4220000-th SNP and testing association....

Reading 4230000-th SNP and testing association....

Reading 4240000-th SNP and testing association....

Reading 4250000-th SNP and testing association....

Reading 4260000-th SNP and testing association....

Reading 4270000-th SNP and testing association....

Reading 4280000-th SNP and testing association....

Reading 4290000-th SNP and testing association....

Reading 4300000-th SNP and testing association....

Reading 4310000-th SNP and testing association....

Reading 4320000-th SNP and testing association....

Reading 4330000-th SNP and testing association....

Reading 4340000-th SNP and testing association....

Reading 4350000-th SNP and testing association....

Reading 4360000-th SNP and testing association....

Reading 4370000-th SNP and testing association....

Reading 4380000-th SNP and testing association....

Reading 4390000-th SNP and testing association....

Reading 4400000-th SNP and testing association....

Reading 4410000-th SNP and testing association....

Reading 4420000-th SNP and testing association....

Reading 4430000-th SNP and testing association....

Reading 4440000-th SNP and testing association....

Reading 4450000-th SNP and testing association....

Reading 4460000-th SNP and testing association....

Reading 4470000-th SNP and testing association....

Reading 4480000-th SNP and testing association....

Reading 4490000-th SNP and testing association....

Reading 4500000-th SNP and testing association....

Reading 4510000-th SNP and testing association....

Reading 4520000-th SNP and testing association....

Reading 4530000-th SNP and testing association....

Reading 4540000-th SNP and testing association....

Reading 4550000-th SNP and testing association....

Reading 4560000-th SNP and testing association....

Reading 4570000-th SNP and testing association....

Reading 4580000-th SNP and testing association....

Reading 4590000-th SNP and testing association....

Reading 4600000-th SNP and testing association....

Reading 4610000-th SNP and testing association....

Reading 4620000-th SNP and testing association....

Reading 4630000-th SNP and testing association....

Reading 4640000-th SNP and testing association....

Reading 4650000-th SNP and testing association....

Reading 4660000-th SNP and testing association....

Reading 4670000-th SNP and testing association....

Reading 4680000-th SNP and testing association....

Reading 4690000-th SNP and testing association....

Reading 4700000-th SNP and testing association....

Reading 4710000-th SNP and testing association....

Reading 4720000-th SNP and testing association....

Reading 4730000-th SNP and testing association....

Reading 4740000-th SNP and testing association....

Reading 4750000-th SNP and testing association....

Reading 4760000-th SNP and testing association....

Reading 4770000-th SNP and testing association....

Reading 4780000-th SNP and testing association....

Reading 4790000-th SNP and testing association....

Reading 4800000-th SNP and testing association....

Reading 4810000-th SNP and testing association....

Reading 4820000-th SNP and testing association....

Reading 4830000-th SNP and testing association....

Reading 4840000-th SNP and testing association....

Reading 4850000-th SNP and testing association....

Reading 4860000-th SNP and testing association....

Reading 4870000-th SNP and testing association....

Reading 4880000-th SNP and testing association....

Reading 4890000-th SNP and testing association....

Reading 4900000-th SNP and testing association....

Reading 4910000-th SNP and testing association....

Reading 4920000-th SNP and testing association....

Reading 4930000-th SNP and testing association....

Reading 4940000-th SNP and testing association....

Reading 4950000-th SNP and testing association....

Reading 4960000-th SNP and testing association....

Reading 4970000-th SNP and testing association....

Reading 4980000-th SNP and testing association....

Reading 4990000-th SNP and testing association....

Reading 5000000-th SNP and testing association....

Reading 5010000-th SNP and testing association....

Reading 5020000-th SNP and testing association....

Reading 5030000-th SNP and testing association....

Reading 5040000-th SNP and testing association....

Reading 5050000-th SNP and testing association....

Reading 5060000-th SNP and testing association....

Reading 5070000-th SNP and testing association....

Reading 5080000-th SNP and testing association....

Reading 5090000-th SNP and testing association....

Reading 5100000-th SNP and testing association....

Reading 5110000-th SNP and testing association....

Reading 5120000-th SNP and testing association....

Reading 5130000-th SNP and testing association....

Reading 5140000-th SNP and testing association....

Reading 5150000-th SNP and testing association....

Reading 5160000-th SNP and testing association....

Reading 5170000-th SNP and testing association....

Reading 5180000-th SNP and testing association....

Reading 5190000-th SNP and testing association....

Reading 5200000-th SNP and testing association....

Reading 5210000-th SNP and testing association....

Reading 5220000-th SNP and testing association....

Reading 5230000-th SNP and testing association....

Reading 5240000-th SNP and testing association....

Reading 5250000-th SNP and testing association....

Reading 5260000-th SNP and testing association....

Reading 5270000-th SNP and testing association....

Reading 5280000-th SNP and testing association....

Reading 5290000-th SNP and testing association....

Reading 5300000-th SNP and testing association....

Reading 5310000-th SNP and testing association....

Reading 5320000-th SNP and testing association....

Reading 5330000-th SNP and testing association....

Reading 5340000-th SNP and testing association....

Reading 5350000-th SNP and testing association....

Reading 5360000-th SNP and testing association....

Reading 5370000-th SNP and testing association....

Reading 5380000-th SNP and testing association....

Reading 5390000-th SNP and testing association....

Reading 5400000-th SNP and testing association....

Reading 5410000-th SNP and testing association....

Reading 5420000-th SNP and testing association....

Reading 5430000-th SNP and testing association....

Reading 5440000-th SNP and testing association....

Reading 5450000-th SNP and testing association....

Reading 5460000-th SNP and testing association....

Reading 5470000-th SNP and testing association....

Reading 5480000-th SNP and testing association....

Reading 5490000-th SNP and testing association....

Reading 5500000-th SNP and testing association....

Reading 5510000-th SNP and testing association....

Reading 5520000-th SNP and testing association....

Reading 5530000-th SNP and testing association....

Reading 5540000-th SNP and testing association....

Reading 5550000-th SNP and testing association....

Reading 5560000-th SNP and testing association....

Reading 5570000-th SNP and testing association....

Reading 5580000-th SNP and testing association....

Reading 5590000-th SNP and testing association....

Reading 5600000-th SNP and testing association....

Reading 5610000-th SNP and testing association....

Reading 5620000-th SNP and testing association....

Reading 5630000-th SNP and testing association....

Reading 5640000-th SNP and testing association....

Reading 5650000-th SNP and testing association....

Reading 5660000-th SNP and testing association....

Reading 5670000-th SNP and testing association....

Reading 5680000-th SNP and testing association....

Reading 5690000-th SNP and testing association....

Reading 5700000-th SNP and testing association....

Reading 5710000-th SNP and testing association....

Reading 5720000-th SNP and testing association....

Reading 5730000-th SNP and testing association....

Reading 5740000-th SNP and testing association....

Reading 5750000-th SNP and testing association....

Reading 5760000-th SNP and testing association....

Reading 5770000-th SNP and testing association....

Reading 5780000-th SNP and testing association....

Reading 5790000-th SNP and testing association....

Reading 5800000-th SNP and testing association....

Reading 5810000-th SNP and testing association....

Reading 5820000-th SNP and testing association....

Reading 5830000-th SNP and testing association....

Reading 5840000-th SNP and testing association....

Reading 5850000-th SNP and testing association....

Reading 5860000-th SNP and testing association....

Reading 5870000-th SNP and testing association....

Reading 5880000-th SNP and testing association....

Reading 5890000-th SNP and testing association....

Reading 5900000-th SNP and testing association....

Reading 5910000-th SNP and testing association....

Reading 5920000-th SNP and testing association....

Reading 5930000-th SNP and testing association....

Reading 5940000-th SNP and testing association....

Reading 5950000-th SNP and testing association....

Reading 5960000-th SNP and testing association....

Reading 5970000-th SNP and testing association....

Reading 5980000-th SNP and testing association....

Reading 5990000-th SNP and testing association....

Reading 6000000-th SNP and testing association....

Reading 6010000-th SNP and testing association....

Reading 6020000-th SNP and testing association....

Reading 6030000-th SNP and testing association....

Reading 6040000-th SNP and testing association....

Reading 6050000-th SNP and testing association....

Reading 6060000-th SNP and testing association....

Reading 6070000-th SNP and testing association....

Reading 6080000-th SNP and testing association....

Reading 6090000-th SNP and testing association....

Reading 6100000-th SNP and testing association....

Reading 6110000-th SNP and testing association....

Reading 6120000-th SNP and testing association....

Reading 6130000-th SNP and testing association....

Reading 6140000-th SNP and testing association....

Reading 6150000-th SNP and testing association....

Reading 6160000-th SNP and testing association....

Reading 6170000-th SNP and testing association....

Reading 6180000-th SNP and testing association....

Reading 6190000-th SNP and testing association....

Reading 6200000-th SNP and testing association....

Reading 6210000-th SNP and testing association....

Reading 6220000-th SNP and testing association....

Reading 6230000-th SNP and testing association....

Reading 6240000-th SNP and testing association....

Reading 6250000-th SNP and testing association....

Reading 6260000-th SNP and testing association....

Reading 6270000-th SNP and testing association....

Reading 6280000-th SNP and testing association....

Reading 6290000-th SNP and testing association....

Reading 6300000-th SNP and testing association....

Reading 6310000-th SNP and testing association....

Reading 6320000-th SNP and testing association....

Reading 6330000-th SNP and testing association....

Reading 6340000-th SNP and testing association....

Reading 6350000-th SNP and testing association....

Reading 6360000-th SNP and testing association....

Reading 6370000-th SNP and testing association....

Reading 6380000-th SNP and testing association....

Reading 6390000-th SNP and testing association....

Reading 6400000-th SNP and testing association....

Reading 6410000-th SNP and testing association....

Reading 6420000-th SNP and testing association....

Reading 6430000-th SNP and testing association....

Reading 6440000-th SNP and testing association....

Reading 6450000-th SNP and testing association....

Reading 6460000-th SNP and testing association....

Reading 6470000-th SNP and testing association....

Reading 6480000-th SNP and testing association....

Reading 6490000-th SNP and testing association....

Reading 6500000-th SNP and testing association....

Reading 6510000-th SNP and testing association....

Reading 6520000-th SNP and testing association....

Reading 6530000-th SNP and testing association....

Reading 6540000-th SNP and testing association....

Reading 6550000-th SNP and testing association....

Reading 6560000-th SNP and testing association....

Reading 6570000-th SNP and testing association....

Reading 6580000-th SNP and testing association....

Reading 6590000-th SNP and testing association....

Reading 6600000-th SNP and testing association....

Reading 6610000-th SNP and testing association....

Reading 6620000-th SNP and testing association....

Reading 6630000-th SNP and testing association....

Reading 6640000-th SNP and testing association....

Reading 6650000-th SNP and testing association....

Reading 6660000-th SNP and testing association....

Reading 6670000-th SNP and testing association....

Reading 6680000-th SNP and testing association....

Reading 6690000-th SNP and testing association....

Reading 6700000-th SNP and testing association....

Reading 6710000-th SNP and testing association....

Reading 6720000-th SNP and testing association....

Reading 6730000-th SNP and testing association....

Reading 6740000-th SNP and testing association....

Reading 6750000-th SNP and testing association....

Reading 6760000-th SNP and testing association....

Reading 6770000-th SNP and testing association....

Reading 6780000-th SNP and testing association....

Reading 6790000-th SNP and testing association....

Reading 6800000-th SNP and testing association....

Reading 6810000-th SNP and testing association....

Reading 6820000-th SNP and testing association....

Reading 6830000-th SNP and testing association....

Reading 6840000-th SNP and testing association....

Reading 6850000-th SNP and testing association....

Reading 6860000-th SNP and testing association....

Reading 6870000-th SNP and testing association....

Reading 6880000-th SNP and testing association....

Reading 6890000-th SNP and testing association....

Reading 6900000-th SNP and testing association....

Reading 6910000-th SNP and testing association....

Reading 6920000-th SNP and testing association....

Reading 6930000-th SNP and testing association....

Reading 6940000-th SNP and testing association....

Reading 6950000-th SNP and testing association....

Reading 6960000-th SNP and testing association....

Reading 6970000-th SNP and testing association....

Reading 6980000-th SNP and testing association....

Reading 6990000-th SNP and testing association....

Reading 7000000-th SNP and testing association....

Reading 7010000-th SNP and testing association....

Reading 7020000-th SNP and testing association....

Reading 7030000-th SNP and testing association....

Reading 7040000-th SNP and testing association....

Reading 7050000-th SNP and testing association....

Reading 7060000-th SNP and testing association....

Reading 7070000-th SNP and testing association....

Reading 7080000-th SNP and testing association....

Reading 7090000-th SNP and testing association....

Reading 7100000-th SNP and testing association....

Reading 7110000-th SNP and testing association....

GLS association - elapsed CPU time is 1217.472203

Breakdown for input file parsing : 642.727916

              matrix computation : 254.664997

             p-value computation : 74.071322

