
Reading TFAM file /mnt/data/shahar/gwas_barley/morexV3_analysis/barley_for_publication_project/01_USED_GWAS_V2_pipeline/intermediates/morexV3_gwas_genotypes.tfam ....


Reading kinship file /mnt/data/shahar/gwas_barley/morexV3_analysis/barley_for_publication_project/01_USED_GWAS_V2_pipeline/intermediates/morexV3_kinship.aIBS.kinf...

  290 rows and 290 columns were observed with 0 missing values.


Reading the phenotype file /mnt/data/shahar/gwas_barley/data/inputs/BLUE_fiber_V3.pheno...

  290 rows and 1 columns were observed with 0 missing values


Reading covariate file /mnt/data/shahar/gwas_barley/morexV3_analysis/barley_for_publication_project/01_USED_GWAS_V2_pipeline/intermediates/covariates/pca_pc5.cov...

  290 rows and 5 columns were observed with 0 missing values. Make sure that the intercept is included in the covariates

File reading - elapsed CPU time is 0.019274

eRvals[0] = 0.024406, eRvals[n-q-1] = 194.917766, eRvals[n-q] = 0.000000
eigen_R - elapsed CPU time is 0.086385
etas[0] = 0.069758, lambdas[0] = 0.024406
etas[1] = -0.182889, lambdas[1] = 0.028015
etas[2] = 0.072819, lambdas[2] = 0.029468
etas[3] = 0.106350, lambdas[3] = 0.029703
etas[4] = -0.090610, lambdas[4] = 0.030414
etas[5] = -0.070510, lambdas[5] = 0.031153
etas[6] = 0.065625, lambdas[6] = 0.032120
etas[7] = -0.073853, lambdas[7] = 0.032543
etas[8] = 0.057400, lambdas[8] = 0.032730
etas[9] = -0.056918, lambdas[9] = 0.033164
etas[10] = 0.051267, lambdas[10] = 0.033924
etas[11] = -0.060885, lambdas[11] = 0.034752
etas[12] = -0.146258, lambdas[12] = 0.035200
etas[13] = -0.059421, lambdas[13] = 0.035262
etas[14] = 0.178545, lambdas[14] = 0.035791
etas[15] = 0.099243, lambdas[15] = 0.037095
etas[16] = -0.075858, lambdas[16] = 0.037622
etas[17] = 0.071352, lambdas[17] = 0.038094
etas[18] = 0.252232, lambdas[18] = 0.038707
etas[19] = -0.067919, lambdas[19] = 0.039206
etas[20] = 0.092366, lambdas[20] = 0.039658
etas[21] = 0.047296, lambdas[21] = 0.040305
etas[22] = -0.067393, lambdas[22] = 0.040742
etas[23] = -0.082635, lambdas[23] = 0.041301
etas[24] = 0.050942, lambdas[24] = 0.041577
etas[25] = -0.203805, lambdas[25] = 0.042022
etas[26] = -0.011619, lambdas[26] = 0.042147
etas[27] = 0.305078, lambdas[27] = 0.042302
etas[28] = 0.237366, lambdas[28] = 0.042743
etas[29] = 0.173528, lambdas[29] = 0.043265
etas[30] = 0.037265, lambdas[30] = 0.043897
etas[31] = 0.111378, lambdas[31] = 0.043976
etas[32] = 0.060796, lambdas[32] = 0.044343
etas[33] = -0.098050, lambdas[33] = 0.044514
etas[34] = -0.027944, lambdas[34] = 0.044775
etas[35] = -0.123722, lambdas[35] = 0.045050
etas[36] = -0.169529, lambdas[36] = 0.045281
etas[37] = -0.194539, lambdas[37] = 0.045713
etas[38] = 0.143152, lambdas[38] = 0.045965
etas[39] = -0.111789, lambdas[39] = 0.046109
etas[40] = 0.147065, lambdas[40] = 0.046286
etas[41] = 0.053130, lambdas[41] = 0.046562
etas[42] = 0.109313, lambdas[42] = 0.046623
etas[43] = 0.213693, lambdas[43] = 0.047046
etas[44] = 0.048869, lambdas[44] = 0.047275
etas[45] = 0.304096, lambdas[45] = 0.047399
etas[46] = 0.120819, lambdas[46] = 0.047482
etas[47] = -0.226051, lambdas[47] = 0.047998
etas[48] = -0.107981, lambdas[48] = 0.048233
etas[49] = 0.153372, lambdas[49] = 0.048668
etas[50] = 0.002233, lambdas[50] = 0.048866
etas[51] = 0.256832, lambdas[51] = 0.049636
etas[52] = -0.064602, lambdas[52] = 0.049715
etas[53] = 0.035068, lambdas[53] = 0.050103
etas[54] = 0.253837, lambdas[54] = 0.050604
etas[55] = -0.072691, lambdas[55] = 0.050727
etas[56] = -0.074300, lambdas[56] = 0.050929
etas[57] = 0.023036, lambdas[57] = 0.051205
etas[58] = -0.004507, lambdas[58] = 0.051707
etas[59] = -0.141920, lambdas[59] = 0.052006
etas[60] = -0.152736, lambdas[60] = 0.052487
etas[61] = -0.179024, lambdas[61] = 0.052663
etas[62] = 0.004510, lambdas[62] = 0.053829
etas[63] = 0.123137, lambdas[63] = 0.054108
etas[64] = -0.081498, lambdas[64] = 0.054257
etas[65] = 0.135084, lambdas[65] = 0.054567
etas[66] = -0.219184, lambdas[66] = 0.055538
etas[67] = 0.056064, lambdas[67] = 0.057396
etas[68] = -0.113994, lambdas[68] = 0.058669
etas[69] = 0.300873, lambdas[69] = 0.059912
etas[70] = -0.051403, lambdas[70] = 0.060305
etas[71] = -0.013598, lambdas[71] = 0.069939
etas[72] = -0.094893, lambdas[72] = 0.080309
etas[73] = -0.040896, lambdas[73] = 0.092894
etas[74] = -0.202551, lambdas[74] = 0.095642
etas[75] = 0.095819, lambdas[75] = 0.096472
etas[76] = -0.150454, lambdas[76] = 0.097043
etas[77] = -0.024775, lambdas[77] = 0.098042
etas[78] = -0.035735, lambdas[78] = 0.099527
etas[79] = -0.240480, lambdas[79] = 0.117756
etas[80] = -0.185813, lambdas[80] = 0.126803
etas[81] = 0.170457, lambdas[81] = 0.130090
etas[82] = 0.408304, lambdas[82] = 0.132678
etas[83] = -0.079956, lambdas[83] = 0.138672
etas[84] = 0.162522, lambdas[84] = 0.142431
etas[85] = -0.011191, lambdas[85] = 0.145826
etas[86] = -0.092187, lambdas[86] = 0.149586
etas[87] = 0.043502, lambdas[87] = 0.149834
etas[88] = 0.277040, lambdas[88] = 0.154078
etas[89] = -0.078324, lambdas[89] = 0.155435
etas[90] = 0.546595, lambdas[90] = 0.156192
etas[91] = 0.261595, lambdas[91] = 0.159004
etas[92] = -0.074208, lambdas[92] = 0.160844
etas[93] = -0.048917, lambdas[93] = 0.163795
etas[94] = 0.354027, lambdas[94] = 0.166553
etas[95] = -0.504360, lambdas[95] = 0.167194
etas[96] = 0.012417, lambdas[96] = 0.167693
etas[97] = 0.064730, lambdas[97] = 0.170966
etas[98] = -0.017506, lambdas[98] = 0.171721
etas[99] = 0.076613, lambdas[99] = 0.173142
etas[100] = 0.293957, lambdas[100] = 0.173650
etas[101] = -0.422817, lambdas[101] = 0.174516
etas[102] = -0.030198, lambdas[102] = 0.178097
etas[103] = 0.246279, lambdas[103] = 0.178433
etas[104] = 0.123085, lambdas[104] = 0.178968
etas[105] = 0.371285, lambdas[105] = 0.179236
etas[106] = -0.415289, lambdas[106] = 0.180667
etas[107] = 0.036165, lambdas[107] = 0.181264
etas[108] = -0.174079, lambdas[108] = 0.182520
etas[109] = -0.299774, lambdas[109] = 0.183876
etas[110] = -0.152998, lambdas[110] = 0.184312
etas[111] = 0.026301, lambdas[111] = 0.185849
etas[112] = 0.050023, lambdas[112] = 0.186697
etas[113] = -0.207603, lambdas[113] = 0.187029
etas[114] = -0.313644, lambdas[114] = 0.188220
etas[115] = 0.127289, lambdas[115] = 0.188970
etas[116] = 0.019410, lambdas[116] = 0.189406
etas[117] = -0.399325, lambdas[117] = 0.190929
etas[118] = 0.008657, lambdas[118] = 0.191174
etas[119] = 0.226243, lambdas[119] = 0.191797
etas[120] = -0.542129, lambdas[120] = 0.193048
etas[121] = 0.135675, lambdas[121] = 0.193312
etas[122] = 0.172748, lambdas[122] = 0.194021
etas[123] = 0.105467, lambdas[123] = 0.194492
etas[124] = 0.082138, lambdas[124] = 0.195743
etas[125] = 0.355331, lambdas[125] = 0.196230
etas[126] = 0.520966, lambdas[126] = 0.197176
etas[127] = 0.129064, lambdas[127] = 0.197931
etas[128] = 0.080640, lambdas[128] = 0.197970
etas[129] = -0.032374, lambdas[129] = 0.198587
etas[130] = -0.251141, lambdas[130] = 0.199157
etas[131] = 0.281701, lambdas[131] = 0.199809
etas[132] = -0.038664, lambdas[132] = 0.200454
etas[133] = 0.113416, lambdas[133] = 0.201822
etas[134] = 0.168147, lambdas[134] = 0.202305
etas[135] = 0.029643, lambdas[135] = 0.202830
etas[136] = -0.142328, lambdas[136] = 0.203539
etas[137] = -0.091491, lambdas[137] = 0.204142
etas[138] = 0.083392, lambdas[138] = 0.204408
etas[139] = -0.287773, lambdas[139] = 0.205456
etas[140] = -0.074878, lambdas[140] = 0.206810
etas[141] = 0.440608, lambdas[141] = 0.207850
etas[142] = -0.016873, lambdas[142] = 0.208133
etas[143] = -0.384096, lambdas[143] = 0.208793
etas[144] = -0.188789, lambdas[144] = 0.209723
etas[145] = -0.367815, lambdas[145] = 0.210443
etas[146] = -0.369719, lambdas[146] = 0.211798
etas[147] = 0.147090, lambdas[147] = 0.212010
etas[148] = -0.095282, lambdas[148] = 0.213270
etas[149] = 0.207333, lambdas[149] = 0.213431
etas[150] = 0.232484, lambdas[150] = 0.214188
etas[151] = 0.228837, lambdas[151] = 0.214885
etas[152] = 0.457719, lambdas[152] = 0.215261
etas[153] = -0.099935, lambdas[153] = 0.215714
etas[154] = -0.207474, lambdas[154] = 0.216351
etas[155] = 0.150641, lambdas[155] = 0.217026
etas[156] = 0.058882, lambdas[156] = 0.217725
etas[157] = 0.211873, lambdas[157] = 0.217936
etas[158] = -0.555206, lambdas[158] = 0.219248
etas[159] = 0.254010, lambdas[159] = 0.219531
etas[160] = 0.003401, lambdas[160] = 0.220163
etas[161] = 0.069663, lambdas[161] = 0.221336
etas[162] = -0.041280, lambdas[162] = 0.222152
etas[163] = 0.160980, lambdas[163] = 0.222617
etas[164] = 0.163710, lambdas[164] = 0.223421
etas[165] = 0.462213, lambdas[165] = 0.225437
etas[166] = -0.118971, lambdas[166] = 0.225714
etas[167] = -0.171925, lambdas[167] = 0.226209
etas[168] = 0.357046, lambdas[168] = 0.226629
etas[169] = 0.310189, lambdas[169] = 0.227844
etas[170] = -0.051549, lambdas[170] = 0.228030
etas[171] = -0.037189, lambdas[171] = 0.228991
etas[172] = -0.326442, lambdas[172] = 0.229861
etas[173] = 0.197122, lambdas[173] = 0.230019
etas[174] = 0.477981, lambdas[174] = 0.230429
etas[175] = 0.303903, lambdas[175] = 0.231486
etas[176] = -0.365140, lambdas[176] = 0.232316
etas[177] = -0.294746, lambdas[177] = 0.232837
etas[178] = 0.164247, lambdas[178] = 0.233382
etas[179] = 0.159381, lambdas[179] = 0.234623
etas[180] = -0.129338, lambdas[180] = 0.235111
etas[181] = 0.293254, lambdas[181] = 0.236181
etas[182] = 0.421709, lambdas[182] = 0.237268
etas[183] = -0.090842, lambdas[183] = 0.237927
etas[184] = -0.369839, lambdas[184] = 0.239399
etas[185] = -0.185557, lambdas[185] = 0.240270
etas[186] = -0.176858, lambdas[186] = 0.240866
etas[187] = 0.135979, lambdas[187] = 0.241531
etas[188] = -0.037277, lambdas[188] = 0.241740
etas[189] = -0.001711, lambdas[189] = 0.242285
etas[190] = 0.247144, lambdas[190] = 0.243888
etas[191] = 0.071838, lambdas[191] = 0.244306
etas[192] = 0.073259, lambdas[192] = 0.245445
etas[193] = 0.213665, lambdas[193] = 0.245741
etas[194] = 0.018135, lambdas[194] = 0.246359
etas[195] = -0.128360, lambdas[195] = 0.247403
etas[196] = 0.440306, lambdas[196] = 0.247969
etas[197] = 0.077756, lambdas[197] = 0.248543
etas[198] = -0.123208, lambdas[198] = 0.249399
etas[199] = -0.005872, lambdas[199] = 0.250800
etas[200] = 0.399692, lambdas[200] = 0.250968
etas[201] = 0.227534, lambdas[201] = 0.253536
etas[202] = 0.163592, lambdas[202] = 0.253958
etas[203] = -0.138797, lambdas[203] = 0.254510
etas[204] = 0.584801, lambdas[204] = 0.255382
etas[205] = -0.408051, lambdas[205] = 0.255872
etas[206] = -0.359714, lambdas[206] = 0.257699
etas[207] = 0.530383, lambdas[207] = 0.258364
etas[208] = -0.099696, lambdas[208] = 0.258540
etas[209] = -0.108526, lambdas[209] = 0.258674
etas[210] = 0.215880, lambdas[210] = 0.259939
etas[211] = 0.205498, lambdas[211] = 0.260651
etas[212] = 0.335122, lambdas[212] = 0.262412
etas[213] = 0.115931, lambdas[213] = 0.263088
etas[214] = -0.171529, lambdas[214] = 0.263368
etas[215] = -0.079090, lambdas[215] = 0.264206
etas[216] = 0.141518, lambdas[216] = 0.265379
etas[217] = -0.269542, lambdas[217] = 0.266000
etas[218] = 0.034659, lambdas[218] = 0.267101
etas[219] = 0.429459, lambdas[219] = 0.268308
etas[220] = 0.049375, lambdas[220] = 0.269961
etas[221] = 0.030208, lambdas[221] = 0.271996
etas[222] = -0.571963, lambdas[222] = 0.272823
etas[223] = 0.406793, lambdas[223] = 0.274249
etas[224] = 0.070424, lambdas[224] = 0.277375
etas[225] = 0.644749, lambdas[225] = 0.279878
etas[226] = 0.232362, lambdas[226] = 0.281303
etas[227] = 0.592345, lambdas[227] = 0.283252
etas[228] = -0.480904, lambdas[228] = 0.284223
etas[229] = -0.440969, lambdas[229] = 0.286483
etas[230] = -0.276041, lambdas[230] = 0.286712
etas[231] = -0.329076, lambdas[231] = 0.287982
etas[232] = -0.468068, lambdas[232] = 0.290709
etas[233] = -0.194398, lambdas[233] = 0.291860
etas[234] = 0.071027, lambdas[234] = 0.293104
etas[235] = -0.087052, lambdas[235] = 0.296449
etas[236] = -0.112263, lambdas[236] = 0.300204
etas[237] = -0.088806, lambdas[237] = 0.301460
etas[238] = 0.040085, lambdas[238] = 0.304127
etas[239] = 0.132761, lambdas[239] = 0.308275
etas[240] = 0.204566, lambdas[240] = 0.318906
etas[241] = 0.063945, lambdas[241] = 0.323747
etas[242] = -0.141935, lambdas[242] = 0.329576
etas[243] = -0.148401, lambdas[243] = 0.332698
etas[244] = 0.021505, lambdas[244] = 0.337250
etas[245] = -0.341784, lambdas[245] = 0.339017
etas[246] = 0.121803, lambdas[246] = 0.344938
etas[247] = -0.231521, lambdas[247] = 0.352185
etas[248] = -0.349420, lambdas[248] = 0.360293
etas[249] = 0.186672, lambdas[249] = 0.364911
etas[250] = -0.278194, lambdas[250] = 0.394018
etas[251] = -0.535743, lambdas[251] = 0.405424
etas[252] = -0.320396, lambdas[252] = 0.409919
etas[253] = 0.056655, lambdas[253] = 0.418072
etas[254] = 0.543546, lambdas[254] = 0.428067
etas[255] = 0.004597, lambdas[255] = 0.435619
etas[256] = -0.508197, lambdas[256] = 0.444578
etas[257] = 0.088480, lambdas[257] = 0.449100
etas[258] = -0.168523, lambdas[258] = 0.471785
etas[259] = -0.168067, lambdas[259] = 0.482780
etas[260] = -0.247295, lambdas[260] = 0.492819
etas[261] = 0.591454, lambdas[261] = 0.500138
etas[262] = 0.359711, lambdas[262] = 0.520015
etas[263] = -0.000758, lambdas[263] = 0.561484
etas[264] = -0.804278, lambdas[264] = 0.577673
etas[265] = 0.063440, lambdas[265] = 0.588087
etas[266] = 0.083772, lambdas[266] = 0.606624
etas[267] = 0.188239, lambdas[267] = 0.618419
etas[268] = -0.408300, lambdas[268] = 0.639070
etas[269] = -0.209704, lambdas[269] = 0.652907
etas[270] = 0.252754, lambdas[270] = 0.654558
etas[271] = -0.144422, lambdas[271] = 0.723729
etas[272] = -0.447700, lambdas[272] = 0.742661
etas[273] = -0.772597, lambdas[273] = 0.756608
etas[274] = -0.658623, lambdas[274] = 0.849418
etas[275] = 0.116381, lambdas[275] = 0.854692
etas[276] = 0.563597, lambdas[276] = 0.903185
etas[277] = 0.216529, lambdas[277] = 1.010423
etas[278] = 0.203333, lambdas[278] = 1.018775
etas[279] = 0.275052, lambdas[279] = 1.107859
etas[280] = -0.471351, lambdas[280] = 1.152556
etas[281] = 0.390474, lambdas[281] = 1.284842
etas[282] = 0.996022, lambdas[282] = 1.454124
etas[283] = -0.824000, lambdas[283] = 1.572837
etas[284] = -0.362703, lambdas[284] = 194.917766
0	187.094478	186.923344	12.065232
1	186.923344	186.714519	12.067112
2	186.714519	186.459753	12.069405
3	186.459753	186.149019	12.072203
4	186.149019	185.770141	12.075615
5	185.770141	185.308350	12.079775
6	185.308350	184.745761	12.084845
7	184.745761	184.060761	12.091020
8	184.060761	183.227288	12.098536
9	183.227288	182.214013	12.107679
10	182.214013	180.983407	12.118790
11	180.983407	179.490715	12.132278
12	179.490715	177.682859	12.148628
13	177.682859	175.497324	12.168416
14	175.497324	172.861106	12.192314
15	172.861106	169.689875	12.221105
16	169.689875	165.887548	12.255683
17	165.887548	161.346581	12.297057
18	161.346581	155.949369	12.346334
19	155.949369	149.571287	12.404691
20	149.571287	142.085972	12.473321
21	142.085972	133.373516	12.553337
22	133.373516	123.332168	12.645633
23	123.332168	111.893846	12.750674
24	111.893846	99.043242	12.868213
25	99.043242	84.839339	12.996911
26	84.839339	69.436892	13.133877
27	69.436892	53.103947	13.274127
28	53.103947	36.230226	13.410019
29	36.230226	19.320693	13.530740
30	19.320693	2.969727	13.621952
31	2.969727	-12.185670	13.665747
32	-12.185670	-25.530246	13.641049
33	-25.530246	-36.543315	13.524566
34	-36.543315	-44.866250	13.292314
35	-44.866250	-50.349599	12.921599
36	-50.349599	-53.068176	12.393201
37	-53.068176	-53.300115	11.693427
38	-53.300115	-51.475258	10.815645
39	-51.475258	-48.105845	9.761015
40	-48.105845	-43.715632	8.538315
41	-43.715632	-38.781438	7.162938
42	-38.781438	-33.695421	5.655345
43	-33.695421	-28.749587	4.039309
44	-28.749587	-24.138673	2.340303
45	-24.138673	-19.974796	0.584240
46	-19.974796	-16.307097	-1.203357
47	-16.307097	-13.141151	-2.997803
48	-13.141151	-10.455119	-4.775496
49	-10.455119	-8.211607	-6.514103
50	-8.211607	-6.365540	-8.192830
51	-6.365540	-4.869016	-9.792846
52	-4.869016	-3.674185	-11.297816
53	-3.674185	-2.735011	-12.694479
54	-2.735011	-2.008452	-13.973134
55	-2.008452	-1.455310	-15.127937
56	-1.455310	-1.040827	-16.156927
57	-1.040827	-0.735026	-17.061777
58	-0.735026	-0.512760	-17.847299
59	-0.512760	-0.353504	-18.520799
60	-0.353504	-0.240941	-19.091356
61	-0.240941	-0.162410	-19.569124
62	-0.162410	-0.108303	-19.964716
63	-0.108303	-0.071479	-20.288710
64	-0.071479	-0.046721	-20.551278
65	-0.046721	-0.030279	-20.761938
66	-0.030279	-0.019498	-20.929409
67	-0.019498	-0.012521	-21.061537
68	-0.012521	-0.008063	-21.165279
69	-0.008063	-0.005251	-21.246711
70	-0.005251	-0.003495	-21.311059
71	-0.003495	-0.002401	-21.362731
72	-0.002401	-0.001717	-21.405355
73	-0.001717	-0.001277	-21.441810
74	-0.001277	-0.000983	-21.474280
75	-0.000983	-0.000773	-21.504303
76	-0.000773	-0.000614	-21.532857
77	-0.000614	-0.000487	-21.560449
78	-0.000487	-0.000384	-21.587229
79	-0.000384	-0.000298	-21.613101
80	-0.000298	-0.000229	-21.637833
81	-0.000229	-0.000172	-21.661149
82	-0.000172	-0.000128	-21.682797
83	-0.000128	-0.000094	-21.702588
84	-0.000094	-0.000068	-21.720416
85	-0.000068	-0.000048	-21.736258
86	-0.000048	-0.000034	-21.750164
87	-0.000034	-0.000024	-21.762239
88	-0.000024	-0.000017	-21.772627
89	-0.000017	-0.000012	-21.781491
90	-0.000012	-0.000008	-21.789002
91	-0.000008	-0.000005	-21.795331
92	-0.000005	-0.000004	-21.800636
93	-0.000004	-0.000003	-21.805066
94	-0.000003	-0.000002	-21.808752
95	-0.000002	-0.000001	-21.811811
96	-0.000001	-0.000001	-21.814342
97	-0.000001	-0.000001	-21.816434
98	-0.000001	-0.000000	-21.818159
99	-0.000000	-0.000000	-21.819580
REMLE (delta=0.023232, REML=13.667013, REML0=-21.826097)- elapsed CPU time is 0.002800
eigen_L - elapsed CPU time is 0.047158


Reading TPED file /mnt/data/shahar/gwas_barley/morexV3_analysis/barley_for_publication_project/01_USED_GWAS_V2_pipeline/intermediates/morexV3_gwas_genotypes...

Reading 0-th SNP and testing association....

Reading 10000-th SNP and testing association....

Reading 20000-th SNP and testing association....

Reading 30000-th SNP and testing association....

Reading 40000-th SNP and testing association....

Reading 50000-th SNP and testing association....

Reading 60000-th SNP and testing association....

Reading 70000-th SNP and testing association....

Reading 80000-th SNP and testing association....

Reading 90000-th SNP and testing association....

Reading 100000-th SNP and testing association....

Reading 110000-th SNP and testing association....

Reading 120000-th SNP and testing association....

Reading 130000-th SNP and testing association....

Reading 140000-th SNP and testing association....

Reading 150000-th SNP and testing association....

Reading 160000-th SNP and testing association....

Reading 170000-th SNP and testing association....

Reading 180000-th SNP and testing association....

Reading 190000-th SNP and testing association....

Reading 200000-th SNP and testing association....

Reading 210000-th SNP and testing association....

Reading 220000-th SNP and testing association....

Reading 230000-th SNP and testing association....

Reading 240000-th SNP and testing association....

Reading 250000-th SNP and testing association....

Reading 260000-th SNP and testing association....

Reading 270000-th SNP and testing association....

Reading 280000-th SNP and testing association....

Reading 290000-th SNP and testing association....

Reading 300000-th SNP and testing association....

Reading 310000-th SNP and testing association....

Reading 320000-th SNP and testing association....

Reading 330000-th SNP and testing association....

Reading 340000-th SNP and testing association....

Reading 350000-th SNP and testing association....

Reading 360000-th SNP and testing association....

Reading 370000-th SNP and testing association....

Reading 380000-th SNP and testing association....

Reading 390000-th SNP and testing association....

Reading 400000-th SNP and testing association....

Reading 410000-th SNP and testing association....

Reading 420000-th SNP and testing association....

Reading 430000-th SNP and testing association....

Reading 440000-th SNP and testing association....

Reading 450000-th SNP and testing association....

Reading 460000-th SNP and testing association....

Reading 470000-th SNP and testing association....

Reading 480000-th SNP and testing association....

Reading 490000-th SNP and testing association....

Reading 500000-th SNP and testing association....

Reading 510000-th SNP and testing association....

Reading 520000-th SNP and testing association....

Reading 530000-th SNP and testing association....

Reading 540000-th SNP and testing association....

Reading 550000-th SNP and testing association....

Reading 560000-th SNP and testing association....

Reading 570000-th SNP and testing association....

Reading 580000-th SNP and testing association....

Reading 590000-th SNP and testing association....

Reading 600000-th SNP and testing association....

Reading 610000-th SNP and testing association....

Reading 620000-th SNP and testing association....

Reading 630000-th SNP and testing association....

Reading 640000-th SNP and testing association....

Reading 650000-th SNP and testing association....

Reading 660000-th SNP and testing association....

Reading 670000-th SNP and testing association....

Reading 680000-th SNP and testing association....

Reading 690000-th SNP and testing association....

Reading 700000-th SNP and testing association....

Reading 710000-th SNP and testing association....

Reading 720000-th SNP and testing association....

Reading 730000-th SNP and testing association....

Reading 740000-th SNP and testing association....

Reading 750000-th SNP and testing association....

Reading 760000-th SNP and testing association....

Reading 770000-th SNP and testing association....

Reading 780000-th SNP and testing association....

Reading 790000-th SNP and testing association....

Reading 800000-th SNP and testing association....

Reading 810000-th SNP and testing association....

Reading 820000-th SNP and testing association....

Reading 830000-th SNP and testing association....

Reading 840000-th SNP and testing association....

Reading 850000-th SNP and testing association....

Reading 860000-th SNP and testing association....

Reading 870000-th SNP and testing association....

Reading 880000-th SNP and testing association....

Reading 890000-th SNP and testing association....

Reading 900000-th SNP and testing association....

Reading 910000-th SNP and testing association....

Reading 920000-th SNP and testing association....

Reading 930000-th SNP and testing association....

Reading 940000-th SNP and testing association....

Reading 950000-th SNP and testing association....

Reading 960000-th SNP and testing association....

Reading 970000-th SNP and testing association....

Reading 980000-th SNP and testing association....

Reading 990000-th SNP and testing association....

Reading 1000000-th SNP and testing association....

Reading 1010000-th SNP and testing association....

Reading 1020000-th SNP and testing association....

Reading 1030000-th SNP and testing association....

Reading 1040000-th SNP and testing association....

Reading 1050000-th SNP and testing association....

Reading 1060000-th SNP and testing association....

Reading 1070000-th SNP and testing association....

Reading 1080000-th SNP and testing association....

Reading 1090000-th SNP and testing association....

Reading 1100000-th SNP and testing association....

Reading 1110000-th SNP and testing association....

Reading 1120000-th SNP and testing association....

Reading 1130000-th SNP and testing association....

Reading 1140000-th SNP and testing association....

Reading 1150000-th SNP and testing association....

Reading 1160000-th SNP and testing association....

Reading 1170000-th SNP and testing association....

Reading 1180000-th SNP and testing association....

Reading 1190000-th SNP and testing association....

Reading 1200000-th SNP and testing association....

Reading 1210000-th SNP and testing association....

Reading 1220000-th SNP and testing association....

Reading 1230000-th SNP and testing association....

Reading 1240000-th SNP and testing association....

Reading 1250000-th SNP and testing association....

Reading 1260000-th SNP and testing association....

Reading 1270000-th SNP and testing association....

Reading 1280000-th SNP and testing association....

Reading 1290000-th SNP and testing association....

Reading 1300000-th SNP and testing association....

Reading 1310000-th SNP and testing association....

Reading 1320000-th SNP and testing association....

Reading 1330000-th SNP and testing association....

Reading 1340000-th SNP and testing association....

Reading 1350000-th SNP and testing association....

Reading 1360000-th SNP and testing association....

Reading 1370000-th SNP and testing association....

Reading 1380000-th SNP and testing association....

Reading 1390000-th SNP and testing association....

Reading 1400000-th SNP and testing association....

Reading 1410000-th SNP and testing association....

Reading 1420000-th SNP and testing association....

Reading 1430000-th SNP and testing association....

Reading 1440000-th SNP and testing association....

Reading 1450000-th SNP and testing association....

Reading 1460000-th SNP and testing association....

Reading 1470000-th SNP and testing association....

Reading 1480000-th SNP and testing association....

Reading 1490000-th SNP and testing association....

Reading 1500000-th SNP and testing association....

Reading 1510000-th SNP and testing association....

Reading 1520000-th SNP and testing association....

Reading 1530000-th SNP and testing association....

Reading 1540000-th SNP and testing association....

Reading 1550000-th SNP and testing association....

Reading 1560000-th SNP and testing association....

Reading 1570000-th SNP and testing association....

Reading 1580000-th SNP and testing association....

Reading 1590000-th SNP and testing association....

Reading 1600000-th SNP and testing association....

Reading 1610000-th SNP and testing association....

Reading 1620000-th SNP and testing association....

Reading 1630000-th SNP and testing association....

Reading 1640000-th SNP and testing association....

Reading 1650000-th SNP and testing association....

Reading 1660000-th SNP and testing association....

Reading 1670000-th SNP and testing association....

Reading 1680000-th SNP and testing association....

Reading 1690000-th SNP and testing association....

Reading 1700000-th SNP and testing association....

Reading 1710000-th SNP and testing association....

Reading 1720000-th SNP and testing association....

Reading 1730000-th SNP and testing association....

Reading 1740000-th SNP and testing association....

Reading 1750000-th SNP and testing association....

Reading 1760000-th SNP and testing association....

Reading 1770000-th SNP and testing association....

Reading 1780000-th SNP and testing association....

Reading 1790000-th SNP and testing association....

Reading 1800000-th SNP and testing association....

Reading 1810000-th SNP and testing association....

Reading 1820000-th SNP and testing association....

Reading 1830000-th SNP and testing association....

Reading 1840000-th SNP and testing association....

Reading 1850000-th SNP and testing association....

Reading 1860000-th SNP and testing association....

Reading 1870000-th SNP and testing association....

Reading 1880000-th SNP and testing association....

Reading 1890000-th SNP and testing association....

Reading 1900000-th SNP and testing association....

Reading 1910000-th SNP and testing association....

Reading 1920000-th SNP and testing association....

Reading 1930000-th SNP and testing association....

Reading 1940000-th SNP and testing association....

Reading 1950000-th SNP and testing association....

Reading 1960000-th SNP and testing association....

Reading 1970000-th SNP and testing association....

Reading 1980000-th SNP and testing association....

Reading 1990000-th SNP and testing association....

Reading 2000000-th SNP and testing association....

Reading 2010000-th SNP and testing association....

Reading 2020000-th SNP and testing association....

Reading 2030000-th SNP and testing association....

Reading 2040000-th SNP and testing association....

Reading 2050000-th SNP and testing association....

Reading 2060000-th SNP and testing association....

Reading 2070000-th SNP and testing association....

Reading 2080000-th SNP and testing association....

Reading 2090000-th SNP and testing association....

Reading 2100000-th SNP and testing association....

Reading 2110000-th SNP and testing association....

Reading 2120000-th SNP and testing association....

Reading 2130000-th SNP and testing association....

Reading 2140000-th SNP and testing association....

Reading 2150000-th SNP and testing association....

Reading 2160000-th SNP and testing association....

Reading 2170000-th SNP and testing association....

Reading 2180000-th SNP and testing association....

Reading 2190000-th SNP and testing association....

Reading 2200000-th SNP and testing association....

Reading 2210000-th SNP and testing association....

Reading 2220000-th SNP and testing association....

Reading 2230000-th SNP and testing association....

Reading 2240000-th SNP and testing association....

Reading 2250000-th SNP and testing association....

Reading 2260000-th SNP and testing association....

Reading 2270000-th SNP and testing association....

Reading 2280000-th SNP and testing association....

Reading 2290000-th SNP and testing association....

Reading 2300000-th SNP and testing association....

Reading 2310000-th SNP and testing association....

Reading 2320000-th SNP and testing association....

Reading 2330000-th SNP and testing association....

Reading 2340000-th SNP and testing association....

Reading 2350000-th SNP and testing association....

Reading 2360000-th SNP and testing association....

Reading 2370000-th SNP and testing association....

Reading 2380000-th SNP and testing association....

Reading 2390000-th SNP and testing association....

Reading 2400000-th SNP and testing association....

Reading 2410000-th SNP and testing association....

Reading 2420000-th SNP and testing association....

Reading 2430000-th SNP and testing association....

Reading 2440000-th SNP and testing association....

Reading 2450000-th SNP and testing association....

Reading 2460000-th SNP and testing association....

Reading 2470000-th SNP and testing association....

Reading 2480000-th SNP and testing association....

Reading 2490000-th SNP and testing association....

Reading 2500000-th SNP and testing association....

Reading 2510000-th SNP and testing association....

Reading 2520000-th SNP and testing association....

Reading 2530000-th SNP and testing association....

Reading 2540000-th SNP and testing association....

Reading 2550000-th SNP and testing association....

Reading 2560000-th SNP and testing association....

Reading 2570000-th SNP and testing association....

Reading 2580000-th SNP and testing association....

Reading 2590000-th SNP and testing association....

Reading 2600000-th SNP and testing association....

Reading 2610000-th SNP and testing association....

Reading 2620000-th SNP and testing association....

Reading 2630000-th SNP and testing association....

Reading 2640000-th SNP and testing association....

Reading 2650000-th SNP and testing association....

Reading 2660000-th SNP and testing association....

Reading 2670000-th SNP and testing association....

Reading 2680000-th SNP and testing association....

Reading 2690000-th SNP and testing association....

Reading 2700000-th SNP and testing association....

Reading 2710000-th SNP and testing association....

Reading 2720000-th SNP and testing association....

Reading 2730000-th SNP and testing association....

Reading 2740000-th SNP and testing association....

Reading 2750000-th SNP and testing association....

Reading 2760000-th SNP and testing association....

Reading 2770000-th SNP and testing association....

Reading 2780000-th SNP and testing association....

Reading 2790000-th SNP and testing association....

Reading 2800000-th SNP and testing association....

Reading 2810000-th SNP and testing association....

Reading 2820000-th SNP and testing association....

Reading 2830000-th SNP and testing association....

Reading 2840000-th SNP and testing association....

Reading 2850000-th SNP and testing association....

Reading 2860000-th SNP and testing association....

Reading 2870000-th SNP and testing association....

Reading 2880000-th SNP and testing association....

Reading 2890000-th SNP and testing association....

Reading 2900000-th SNP and testing association....

Reading 2910000-th SNP and testing association....

Reading 2920000-th SNP and testing association....

Reading 2930000-th SNP and testing association....

Reading 2940000-th SNP and testing association....

Reading 2950000-th SNP and testing association....

Reading 2960000-th SNP and testing association....

Reading 2970000-th SNP and testing association....

Reading 2980000-th SNP and testing association....

Reading 2990000-th SNP and testing association....

Reading 3000000-th SNP and testing association....

Reading 3010000-th SNP and testing association....

Reading 3020000-th SNP and testing association....

Reading 3030000-th SNP and testing association....

Reading 3040000-th SNP and testing association....

Reading 3050000-th SNP and testing association....

Reading 3060000-th SNP and testing association....

Reading 3070000-th SNP and testing association....

Reading 3080000-th SNP and testing association....

Reading 3090000-th SNP and testing association....

Reading 3100000-th SNP and testing association....

Reading 3110000-th SNP and testing association....

Reading 3120000-th SNP and testing association....

Reading 3130000-th SNP and testing association....

Reading 3140000-th SNP and testing association....

Reading 3150000-th SNP and testing association....

Reading 3160000-th SNP and testing association....

Reading 3170000-th SNP and testing association....

Reading 3180000-th SNP and testing association....

Reading 3190000-th SNP and testing association....

Reading 3200000-th SNP and testing association....

Reading 3210000-th SNP and testing association....

Reading 3220000-th SNP and testing association....

Reading 3230000-th SNP and testing association....

Reading 3240000-th SNP and testing association....

Reading 3250000-th SNP and testing association....

Reading 3260000-th SNP and testing association....

Reading 3270000-th SNP and testing association....

Reading 3280000-th SNP and testing association....

Reading 3290000-th SNP and testing association....

Reading 3300000-th SNP and testing association....

Reading 3310000-th SNP and testing association....

Reading 3320000-th SNP and testing association....

Reading 3330000-th SNP and testing association....

Reading 3340000-th SNP and testing association....

Reading 3350000-th SNP and testing association....

Reading 3360000-th SNP and testing association....

Reading 3370000-th SNP and testing association....

Reading 3380000-th SNP and testing association....

Reading 3390000-th SNP and testing association....

Reading 3400000-th SNP and testing association....

Reading 3410000-th SNP and testing association....

Reading 3420000-th SNP and testing association....

Reading 3430000-th SNP and testing association....

Reading 3440000-th SNP and testing association....

Reading 3450000-th SNP and testing association....

Reading 3460000-th SNP and testing association....

Reading 3470000-th SNP and testing association....

Reading 3480000-th SNP and testing association....

Reading 3490000-th SNP and testing association....

Reading 3500000-th SNP and testing association....

Reading 3510000-th SNP and testing association....

Reading 3520000-th SNP and testing association....

Reading 3530000-th SNP and testing association....

Reading 3540000-th SNP and testing association....

Reading 3550000-th SNP and testing association....

Reading 3560000-th SNP and testing association....

Reading 3570000-th SNP and testing association....

Reading 3580000-th SNP and testing association....

Reading 3590000-th SNP and testing association....

Reading 3600000-th SNP and testing association....

Reading 3610000-th SNP and testing association....

Reading 3620000-th SNP and testing association....

Reading 3630000-th SNP and testing association....

Reading 3640000-th SNP and testing association....

Reading 3650000-th SNP and testing association....

Reading 3660000-th SNP and testing association....

Reading 3670000-th SNP and testing association....

Reading 3680000-th SNP and testing association....

Reading 3690000-th SNP and testing association....

Reading 3700000-th SNP and testing association....

Reading 3710000-th SNP and testing association....

Reading 3720000-th SNP and testing association....

Reading 3730000-th SNP and testing association....

Reading 3740000-th SNP and testing association....

Reading 3750000-th SNP and testing association....

Reading 3760000-th SNP and testing association....

Reading 3770000-th SNP and testing association....

Reading 3780000-th SNP and testing association....

Reading 3790000-th SNP and testing association....

Reading 3800000-th SNP and testing association....

Reading 3810000-th SNP and testing association....

Reading 3820000-th SNP and testing association....

Reading 3830000-th SNP and testing association....

Reading 3840000-th SNP and testing association....

Reading 3850000-th SNP and testing association....

Reading 3860000-th SNP and testing association....

Reading 3870000-th SNP and testing association....

Reading 3880000-th SNP and testing association....

Reading 3890000-th SNP and testing association....

Reading 3900000-th SNP and testing association....

Reading 3910000-th SNP and testing association....

Reading 3920000-th SNP and testing association....

Reading 3930000-th SNP and testing association....

Reading 3940000-th SNP and testing association....

Reading 3950000-th SNP and testing association....

Reading 3960000-th SNP and testing association....

Reading 3970000-th SNP and testing association....

Reading 3980000-th SNP and testing association....

Reading 3990000-th SNP and testing association....

Reading 4000000-th SNP and testing association....

Reading 4010000-th SNP and testing association....

Reading 4020000-th SNP and testing association....

Reading 4030000-th SNP and testing association....

Reading 4040000-th SNP and testing association....

Reading 4050000-th SNP and testing association....

Reading 4060000-th SNP and testing association....

Reading 4070000-th SNP and testing association....

Reading 4080000-th SNP and testing association....

Reading 4090000-th SNP and testing association....

Reading 4100000-th SNP and testing association....

Reading 4110000-th SNP and testing association....

Reading 4120000-th SNP and testing association....

Reading 4130000-th SNP and testing association....

Reading 4140000-th SNP and testing association....

Reading 4150000-th SNP and testing association....

Reading 4160000-th SNP and testing association....

Reading 4170000-th SNP and testing association....

Reading 4180000-th SNP and testing association....

Reading 4190000-th SNP and testing association....

Reading 4200000-th SNP and testing association....

Reading 4210000-th SNP and testing association....

Reading 4220000-th SNP and testing association....

Reading 4230000-th SNP and testing association....

Reading 4240000-th SNP and testing association....

Reading 4250000-th SNP and testing association....

Reading 4260000-th SNP and testing association....

Reading 4270000-th SNP and testing association....

Reading 4280000-th SNP and testing association....

Reading 4290000-th SNP and testing association....

Reading 4300000-th SNP and testing association....

Reading 4310000-th SNP and testing association....

Reading 4320000-th SNP and testing association....

Reading 4330000-th SNP and testing association....

Reading 4340000-th SNP and testing association....

Reading 4350000-th SNP and testing association....

Reading 4360000-th SNP and testing association....

Reading 4370000-th SNP and testing association....

Reading 4380000-th SNP and testing association....

Reading 4390000-th SNP and testing association....

Reading 4400000-th SNP and testing association....

Reading 4410000-th SNP and testing association....

Reading 4420000-th SNP and testing association....

Reading 4430000-th SNP and testing association....

Reading 4440000-th SNP and testing association....

Reading 4450000-th SNP and testing association....

Reading 4460000-th SNP and testing association....

Reading 4470000-th SNP and testing association....

Reading 4480000-th SNP and testing association....

Reading 4490000-th SNP and testing association....

Reading 4500000-th SNP and testing association....

Reading 4510000-th SNP and testing association....

Reading 4520000-th SNP and testing association....

Reading 4530000-th SNP and testing association....

Reading 4540000-th SNP and testing association....

Reading 4550000-th SNP and testing association....

Reading 4560000-th SNP and testing association....

Reading 4570000-th SNP and testing association....

Reading 4580000-th SNP and testing association....

Reading 4590000-th SNP and testing association....

Reading 4600000-th SNP and testing association....

Reading 4610000-th SNP and testing association....

Reading 4620000-th SNP and testing association....

Reading 4630000-th SNP and testing association....

Reading 4640000-th SNP and testing association....

Reading 4650000-th SNP and testing association....

Reading 4660000-th SNP and testing association....

Reading 4670000-th SNP and testing association....

Reading 4680000-th SNP and testing association....

Reading 4690000-th SNP and testing association....

Reading 4700000-th SNP and testing association....

Reading 4710000-th SNP and testing association....

Reading 4720000-th SNP and testing association....

Reading 4730000-th SNP and testing association....

Reading 4740000-th SNP and testing association....

Reading 4750000-th SNP and testing association....

Reading 4760000-th SNP and testing association....

Reading 4770000-th SNP and testing association....

Reading 4780000-th SNP and testing association....

Reading 4790000-th SNP and testing association....

Reading 4800000-th SNP and testing association....

Reading 4810000-th SNP and testing association....

Reading 4820000-th SNP and testing association....

Reading 4830000-th SNP and testing association....

Reading 4840000-th SNP and testing association....

Reading 4850000-th SNP and testing association....

Reading 4860000-th SNP and testing association....

Reading 4870000-th SNP and testing association....

Reading 4880000-th SNP and testing association....

Reading 4890000-th SNP and testing association....

Reading 4900000-th SNP and testing association....

Reading 4910000-th SNP and testing association....

Reading 4920000-th SNP and testing association....

Reading 4930000-th SNP and testing association....

Reading 4940000-th SNP and testing association....

Reading 4950000-th SNP and testing association....

Reading 4960000-th SNP and testing association....

Reading 4970000-th SNP and testing association....

Reading 4980000-th SNP and testing association....

Reading 4990000-th SNP and testing association....

Reading 5000000-th SNP and testing association....

Reading 5010000-th SNP and testing association....

Reading 5020000-th SNP and testing association....

Reading 5030000-th SNP and testing association....

Reading 5040000-th SNP and testing association....

Reading 5050000-th SNP and testing association....

Reading 5060000-th SNP and testing association....

Reading 5070000-th SNP and testing association....

Reading 5080000-th SNP and testing association....

Reading 5090000-th SNP and testing association....

Reading 5100000-th SNP and testing association....

Reading 5110000-th SNP and testing association....

Reading 5120000-th SNP and testing association....

Reading 5130000-th SNP and testing association....

Reading 5140000-th SNP and testing association....

Reading 5150000-th SNP and testing association....

Reading 5160000-th SNP and testing association....

Reading 5170000-th SNP and testing association....

Reading 5180000-th SNP and testing association....

Reading 5190000-th SNP and testing association....

Reading 5200000-th SNP and testing association....

Reading 5210000-th SNP and testing association....

Reading 5220000-th SNP and testing association....

Reading 5230000-th SNP and testing association....

Reading 5240000-th SNP and testing association....

Reading 5250000-th SNP and testing association....

Reading 5260000-th SNP and testing association....

Reading 5270000-th SNP and testing association....

Reading 5280000-th SNP and testing association....

Reading 5290000-th SNP and testing association....

Reading 5300000-th SNP and testing association....

Reading 5310000-th SNP and testing association....

Reading 5320000-th SNP and testing association....

Reading 5330000-th SNP and testing association....

Reading 5340000-th SNP and testing association....

Reading 5350000-th SNP and testing association....

Reading 5360000-th SNP and testing association....

Reading 5370000-th SNP and testing association....

Reading 5380000-th SNP and testing association....

Reading 5390000-th SNP and testing association....

Reading 5400000-th SNP and testing association....

Reading 5410000-th SNP and testing association....

Reading 5420000-th SNP and testing association....

Reading 5430000-th SNP and testing association....

Reading 5440000-th SNP and testing association....

Reading 5450000-th SNP and testing association....

Reading 5460000-th SNP and testing association....

Reading 5470000-th SNP and testing association....

Reading 5480000-th SNP and testing association....

Reading 5490000-th SNP and testing association....

Reading 5500000-th SNP and testing association....

Reading 5510000-th SNP and testing association....

Reading 5520000-th SNP and testing association....

Reading 5530000-th SNP and testing association....

Reading 5540000-th SNP and testing association....

Reading 5550000-th SNP and testing association....

Reading 5560000-th SNP and testing association....

Reading 5570000-th SNP and testing association....

Reading 5580000-th SNP and testing association....

Reading 5590000-th SNP and testing association....

Reading 5600000-th SNP and testing association....

Reading 5610000-th SNP and testing association....

Reading 5620000-th SNP and testing association....

Reading 5630000-th SNP and testing association....

Reading 5640000-th SNP and testing association....

Reading 5650000-th SNP and testing association....

Reading 5660000-th SNP and testing association....

Reading 5670000-th SNP and testing association....

Reading 5680000-th SNP and testing association....

Reading 5690000-th SNP and testing association....

Reading 5700000-th SNP and testing association....

Reading 5710000-th SNP and testing association....

Reading 5720000-th SNP and testing association....

Reading 5730000-th SNP and testing association....

Reading 5740000-th SNP and testing association....

Reading 5750000-th SNP and testing association....

Reading 5760000-th SNP and testing association....

Reading 5770000-th SNP and testing association....

Reading 5780000-th SNP and testing association....

Reading 5790000-th SNP and testing association....

Reading 5800000-th SNP and testing association....

Reading 5810000-th SNP and testing association....

Reading 5820000-th SNP and testing association....

Reading 5830000-th SNP and testing association....

Reading 5840000-th SNP and testing association....

Reading 5850000-th SNP and testing association....

Reading 5860000-th SNP and testing association....

Reading 5870000-th SNP and testing association....

Reading 5880000-th SNP and testing association....

Reading 5890000-th SNP and testing association....

Reading 5900000-th SNP and testing association....

Reading 5910000-th SNP and testing association....

Reading 5920000-th SNP and testing association....

Reading 5930000-th SNP and testing association....

Reading 5940000-th SNP and testing association....

Reading 5950000-th SNP and testing association....

Reading 5960000-th SNP and testing association....

Reading 5970000-th SNP and testing association....

Reading 5980000-th SNP and testing association....

Reading 5990000-th SNP and testing association....

Reading 6000000-th SNP and testing association....

Reading 6010000-th SNP and testing association....

Reading 6020000-th SNP and testing association....

Reading 6030000-th SNP and testing association....

Reading 6040000-th SNP and testing association....

Reading 6050000-th SNP and testing association....

Reading 6060000-th SNP and testing association....

Reading 6070000-th SNP and testing association....

Reading 6080000-th SNP and testing association....

Reading 6090000-th SNP and testing association....

Reading 6100000-th SNP and testing association....

Reading 6110000-th SNP and testing association....

Reading 6120000-th SNP and testing association....

Reading 6130000-th SNP and testing association....

Reading 6140000-th SNP and testing association....

Reading 6150000-th SNP and testing association....

Reading 6160000-th SNP and testing association....

Reading 6170000-th SNP and testing association....

Reading 6180000-th SNP and testing association....

Reading 6190000-th SNP and testing association....

Reading 6200000-th SNP and testing association....

Reading 6210000-th SNP and testing association....

Reading 6220000-th SNP and testing association....

Reading 6230000-th SNP and testing association....

Reading 6240000-th SNP and testing association....

Reading 6250000-th SNP and testing association....

Reading 6260000-th SNP and testing association....

Reading 6270000-th SNP and testing association....

Reading 6280000-th SNP and testing association....

Reading 6290000-th SNP and testing association....

Reading 6300000-th SNP and testing association....

Reading 6310000-th SNP and testing association....

Reading 6320000-th SNP and testing association....

Reading 6330000-th SNP and testing association....

Reading 6340000-th SNP and testing association....

Reading 6350000-th SNP and testing association....

Reading 6360000-th SNP and testing association....

Reading 6370000-th SNP and testing association....

Reading 6380000-th SNP and testing association....

Reading 6390000-th SNP and testing association....

Reading 6400000-th SNP and testing association....

Reading 6410000-th SNP and testing association....

Reading 6420000-th SNP and testing association....

Reading 6430000-th SNP and testing association....

Reading 6440000-th SNP and testing association....

Reading 6450000-th SNP and testing association....

Reading 6460000-th SNP and testing association....

Reading 6470000-th SNP and testing association....

Reading 6480000-th SNP and testing association....

Reading 6490000-th SNP and testing association....

Reading 6500000-th SNP and testing association....

Reading 6510000-th SNP and testing association....

Reading 6520000-th SNP and testing association....

Reading 6530000-th SNP and testing association....

Reading 6540000-th SNP and testing association....

Reading 6550000-th SNP and testing association....

Reading 6560000-th SNP and testing association....

Reading 6570000-th SNP and testing association....

Reading 6580000-th SNP and testing association....

Reading 6590000-th SNP and testing association....

Reading 6600000-th SNP and testing association....

Reading 6610000-th SNP and testing association....

Reading 6620000-th SNP and testing association....

Reading 6630000-th SNP and testing association....

Reading 6640000-th SNP and testing association....

Reading 6650000-th SNP and testing association....

Reading 6660000-th SNP and testing association....

Reading 6670000-th SNP and testing association....

Reading 6680000-th SNP and testing association....

Reading 6690000-th SNP and testing association....

Reading 6700000-th SNP and testing association....

Reading 6710000-th SNP and testing association....

Reading 6720000-th SNP and testing association....

Reading 6730000-th SNP and testing association....

Reading 6740000-th SNP and testing association....

Reading 6750000-th SNP and testing association....

Reading 6760000-th SNP and testing association....

Reading 6770000-th SNP and testing association....

Reading 6780000-th SNP and testing association....

Reading 6790000-th SNP and testing association....

Reading 6800000-th SNP and testing association....

Reading 6810000-th SNP and testing association....

Reading 6820000-th SNP and testing association....

Reading 6830000-th SNP and testing association....

Reading 6840000-th SNP and testing association....

Reading 6850000-th SNP and testing association....

Reading 6860000-th SNP and testing association....

Reading 6870000-th SNP and testing association....

Reading 6880000-th SNP and testing association....

Reading 6890000-th SNP and testing association....

Reading 6900000-th SNP and testing association....

Reading 6910000-th SNP and testing association....

Reading 6920000-th SNP and testing association....

Reading 6930000-th SNP and testing association....

Reading 6940000-th SNP and testing association....

Reading 6950000-th SNP and testing association....

Reading 6960000-th SNP and testing association....

Reading 6970000-th SNP and testing association....

Reading 6980000-th SNP and testing association....

Reading 6990000-th SNP and testing association....

Reading 7000000-th SNP and testing association....

Reading 7010000-th SNP and testing association....

Reading 7020000-th SNP and testing association....

Reading 7030000-th SNP and testing association....

Reading 7040000-th SNP and testing association....

Reading 7050000-th SNP and testing association....

Reading 7060000-th SNP and testing association....

Reading 7070000-th SNP and testing association....

Reading 7080000-th SNP and testing association....

Reading 7090000-th SNP and testing association....

Reading 7100000-th SNP and testing association....

Reading 7110000-th SNP and testing association....

GLS association - elapsed CPU time is 1298.340185

Breakdown for input file parsing : 652.111177

              matrix computation : 311.346404

             p-value computation : 114.603825

